e: file:///eval/src/generated/kotlin/com/android/tools/lint/checks/KotlincFE10Detector.kt:11:44 Unresolved reference: UElementHandler
e: file:///eval/src/generated/kotlin/com/android/tools/lint/checks/KotlincFE10Detector.kt:47:57 Unresolved reference: UElementHandler
e: file:///eval/src/generated/kotlin/com/android/tools/lint/checks/KotlincFE10Detector.kt:48:21 Unresolved reference: UElementHandler
e: file:///eval/src/generated/kotlin/com/android/tools/lint/checks/KotlincFE10Detector.kt:49:7 'visitClassLiteralExpression' overrides nothing
e: file:///eval/src/generated/kotlin/com/android/tools/lint/checks/KotlincFE10Detector.kt:50:35 Unresolved reference: classType
e: file:///eval/src/generated/kotlin/com/android/tools/lint/checks/KotlincFE10Detector.kt:53:7 'visitCallableReferenceExpression' overrides nothing
e: file:///eval/src/generated/kotlin/com/android/tools/lint/checks/KotlincFE10Detector.kt:59:7 'visitParameter' overrides nothing
e: file:///eval/src/generated/kotlin/com/android/tools/lint/checks/KotlincFE10Detector.kt:63:7 'visitTypeReferenceExpression' overrides nothing
e: file:///eval/src/generated/kotlin/com/android/tools/lint/checks/KotlincFE10Detector.kt:67:7 'visitSimpleNameReferenceExpression' overrides nothing
e: file:///eval/src/generated/kotlin/com/android/tools/lint/checks/KotlincFE10Detector.kt:73:7 'visitCallExpression' overrides nothing

FAILURE: Build failed with an exception.

* What went wrong:
Execution failed for task ':compileKotlin'.
> A failure occurred while executing org.jetbrains.kotlin.compilerRunner.GradleCompilerRunnerWithWorkers$GradleKotlinCompilerWorkAction
   > Compilation error. See log for more details

* Try:
> Run with --stacktrace option to get the stack trace.
> Run with --info or --debug option to get more log output.
> Run with --scan to get full insights.
> Get more help at https://help.gradle.org.

BUILD FAILED in 6s
