/eval/src/generated/java/com/android/tools/lint/checks/AndroidAutoDetector.java:38: error: cannot find symbol
                            AndroidAutoDetector.class, Scope.MANIFEST_AND_JAVA_FILES))
                                                            ^
  symbol:   variable MANIFEST_AND_JAVA_FILES
  location: class Scope
/eval/src/generated/java/com/android/tools/lint/checks/AndroidAutoDetector.java:43: error: method does not override or implement a method from a supertype
    @Override
    ^
/eval/src/generated/java/com/android/tools/lint/checks/AndroidAutoDetector.java:92: error: method does not override or implement a method from a supertype
    @Override
    ^
3 errors

FAILURE: Build failed with an exception.

* What went wrong:
Execution failed for task ':compileJava'.
> Compilation failed; see the compiler error output for details.

* Try:
> Run with --info option to get more log output.
> Run with --scan to get full insights.

BUILD FAILED in 7s
