e: file:///eval/src/generated/kotlin/com/android/tools/lint/checks/PictureInPictureDetector.kt:31:49 Unresolved reference: Builder
e: file:///eval/src/generated/kotlin/com/android/tools/lint/checks/PictureInPictureDetector.kt:96:37 Unresolved reference. None of the following candidates is applicable because of receiver type mismatch: 
public inline fun <K, V> ConcurrentMap<TypeVariable(K), TypeVariable(V)>.getOrPut(key: TypeVariable(K), defaultValue: () -> TypeVariable(V)): TypeVariable(V) defined in kotlin.collections
e: file:///eval/src/generated/kotlin/com/android/tools/lint/checks/PictureInPictureDetector.kt:96:67 None of the following functions can be called with the arguments supplied: 
public constructor PartialResult(issue: Issue, data: MutableMap<Project, LintMap>) defined in com.android.tools.lint.detector.api.PartialResult
private constructor PartialResult(issue: Issue, data: MutableMap<Project, LintMap>, requestedProject: Project?) defined in com.android.tools.lint.detector.api.PartialResult
e: file:///eval/src/generated/kotlin/com/android/tools/lint/checks/PictureInPictureDetector.kt:125:36 Destructuring declaration initializer of type String must have a 'component1()' function
e: file:///eval/src/generated/kotlin/com/android/tools/lint/checks/PictureInPictureDetector.kt:125:36 Destructuring declaration initializer of type String must have a 'component2()' function
e: file:///eval/src/generated/kotlin/com/android/tools/lint/checks/PictureInPictureDetector.kt:126:75 Not enough information to infer type variable T
e: file:///eval/src/generated/kotlin/com/android/tools/lint/checks/PictureInPictureDetector.kt:161:26 None of the following functions can be called with the arguments supplied: 
public final fun create(file: File, start: Position, end: Position?): Location defined in com.android.tools.lint.detector.api.Location.Companion
public final fun create(file: File, contents: String, line: Int): Location defined in com.android.tools.lint.detector.api.Location.Companion

FAILURE: Build failed with an exception.

* What went wrong:
Execution failed for task ':compileKotlin'.
> A failure occurred while executing org.jetbrains.kotlin.compilerRunner.GradleCompilerRunnerWithWorkers$GradleKotlinCompilerWorkAction
   > Compilation error. See log for more details

* Try:
> Run with --stacktrace option to get the stack trace.
> Run with --info or --debug option to get more log output.
> Run with --scan to get full insights.
> Get more help at https://help.gradle.org.

BUILD FAILED in 6s
