/eval/src/generated/java/com/android/tools/lint/checks/IconDetector.java:10: error: cannot find symbol
import com.android.tools.lint.detector.api.ResourceFolderType;
                                          ^
  symbol:   class ResourceFolderType
  location: package com.android.tools.lint.detector.api
/eval/src/generated/java/com/android/tools/lint/checks/IconDetector.java:14: error: cannot find symbol
import com.android.tools.lint.detector.api.UElementHandler;
                                          ^
  symbol:   class UElementHandler
  location: package com.android.tools.lint.detector.api
/eval/src/generated/java/com/android/tools/lint/checks/IconDetector.java:82: error: cannot find symbol
    public boolean appliesTo(ResourceFolderType folderType) {
                             ^
  symbol:   class ResourceFolderType
  location: class IconDetector
/eval/src/generated/java/com/android/tools/lint/checks/IconDetector.java:106: error: cannot find symbol
    public UElementHandler createUastHandler(JavaContext context) {
           ^
  symbol:   class UElementHandler
  location: class IconDetector
/eval/src/generated/java/com/android/tools/lint/checks/IconDetector.java:70: error: method does not override or implement a method from a supertype
    @Override
    ^
/eval/src/generated/java/com/android/tools/lint/checks/IconDetector.java:83: error: cannot find symbol
        return folderType == ResourceFolderType.DRAWABLE
                             ^
  symbol:   variable ResourceFolderType
  location: class IconDetector
/eval/src/generated/java/com/android/tools/lint/checks/IconDetector.java:84: error: cannot find symbol
                || folderType == ResourceFolderType.MIPMAP;
                                 ^
  symbol:   variable ResourceFolderType
  location: class IconDetector
/eval/src/generated/java/com/android/tools/lint/checks/IconDetector.java:107: error: cannot find symbol
        return new UElementHandler() {
                   ^
  symbol:   class UElementHandler
  location: class IconDetector
/eval/src/generated/java/com/android/tools/lint/checks/IconDetector.java:108: error: method does not override or implement a method from a supertype
            @Override
            ^
/eval/src/generated/java/com/android/tools/lint/checks/IconDetector.java:111: error: method does not override or implement a method from a supertype
            @Override
            ^
/eval/src/generated/java/com/android/tools/lint/checks/IconDetector.java:114: error: method does not override or implement a method from a supertype
            @Override
            ^
/eval/src/generated/java/com/android/tools/lint/checks/IconDetector.java:117: error: method does not override or implement a method from a supertype
            @Override
            ^
12 errors

FAILURE: Build failed with an exception.

* What went wrong:
Execution failed for task ':compileJava'.
> Compilation failed; see the compiler error output for details.

* Try:
> Run with --info option to get more log output.
> Run with --scan to get full insights.

BUILD FAILED in 5s
