/eval/src/generated/java/com/android/tools/lint/checks/HandlerDetector.java:12: error: cannot find symbol
import com.intellij.psi.JvmModifier;
                       ^
  symbol:   class JvmModifier
  location: package com.intellij.psi
/eval/src/generated/java/com/android/tools/lint/checks/HandlerDetector.java:48: error: cannot find symbol
        UClass outerClass = declaration.getContainingUClass();
                                       ^
  symbol:   method getContainingUClass()
  location: variable declaration of type UClass
/eval/src/generated/java/com/android/tools/lint/checks/HandlerDetector.java:49: error: cannot find symbol
        if (outerClass != null && !declaration.isAnonymous() && !declaration.hasModifier(JvmModifier.STATIC)) {
                                              ^
  symbol:   method isAnonymous()
  location: variable declaration of type UClass
/eval/src/generated/java/com/android/tools/lint/checks/HandlerDetector.java:49: error: cannot find symbol
        if (outerClass != null && !declaration.isAnonymous() && !declaration.hasModifier(JvmModifier.STATIC)) {
                                                                                         ^
  symbol:   variable JvmModifier
  location: class HandlerDetector
4 errors

FAILURE: Build failed with an exception.

* What went wrong:
Execution failed for task ':compileJava'.
> Compilation failed; see the compiler error output for details.

* Try:
> Run with --info option to get more log output.
> Run with --scan to get full insights.

BUILD FAILED in 4s
