/eval/src/generated/java/com/android/tools/lint/checks/ResourcePrefixDetector.java:23: error: cannot find symbol
public class ResourcePrefixDetector extends Detector implements XmlScanner, BinaryResourceScanner {
                                                                            ^
  symbol: class BinaryResourceScanner
/eval/src/generated/java/com/android/tools/lint/checks/ResourcePrefixDetector.java:47: error: incompatible types: inference variable T has incompatible bounds
        return Collections.singletonList(XmlScanner.ALL);
                                        ^
    equality constraints: String
    lower bounds: List<String>
  where T is a type-variable:
    T extends Object declared in method <T>singletonList(T)
/eval/src/generated/java/com/android/tools/lint/checks/ResourcePrefixDetector.java:52: error: cannot find symbol
        activePrefix = context.getProject().getResourcePrefix();
                                           ^
  symbol:   method getResourcePrefix()
  location: class Project
/eval/src/generated/java/com/android/tools/lint/checks/ResourcePrefixDetector.java:60: error: method does not override or implement a method from a supertype
    @Override
    ^
4 errors

FAILURE: Build failed with an exception.

* What went wrong:
Execution failed for task ':compileJava'.
> Compilation failed; see the compiler error output for details.

* Try:
> Run with --info option to get more log output.
> Run with --scan to get full insights.

BUILD FAILED in 7s
