/eval/src/generated/java/com/android/tools/lint/checks/ResourcePrefixDetector.java:44: error: cannot find symbol
        String prefix = context.getProject().getResourcePrefix();
                                            ^
  symbol:   method getResourcePrefix()
  location: class Project
/eval/src/generated/java/com/android/tools/lint/checks/ResourcePrefixDetector.java:50: error: cannot find symbol
        if (context.getFile().getName().equals("public.xml")) {
                   ^
  symbol:   method getFile()
  location: variable context of type XmlContext
/eval/src/generated/java/com/android/tools/lint/checks/ResourcePrefixDetector.java:61: error: method does not override or implement a method from a supertype
    @Override
    ^
/eval/src/generated/java/com/android/tools/lint/checks/ResourcePrefixDetector.java:63: error: cannot find symbol
        String prefix = context.getProject().getResourcePrefix();
                                            ^
  symbol:   method getResourcePrefix()
  location: class Project
/eval/src/generated/java/com/android/tools/lint/checks/ResourcePrefixDetector.java:68: error: cannot find symbol
        ResourceFolderType folderType = context.getResourceFolderType();
                                               ^
  symbol:   method getResourceFolderType()
  location: variable context of type Context
5 errors

FAILURE: Build failed with an exception.

* What went wrong:
Execution failed for task ':compileJava'.
> Compilation failed; see the compiler error output for details.

* Try:
> Run with --info option to get more log output.
> Run with --scan to get full insights.

BUILD FAILED in 4s
