e: file:///eval/src/generated/kotlin/com/android/tools/lint/checks/ChromeOsSourceDetector.kt:11:27 Unresolved reference: AbstractUastVisitor
e: file:///eval/src/generated/kotlin/com/android/tools/lint/checks/ChromeOsSourceDetector.kt:63:59 Unresolved reference: UElementHandler
e: file:///eval/src/generated/kotlin/com/android/tools/lint/checks/ChromeOsSourceDetector.kt:64:25 Unresolved reference: UElementHandler
e: file:///eval/src/generated/kotlin/com/android/tools/lint/checks/ChromeOsSourceDetector.kt:65:13 'visitMethod' overrides nothing
e: file:///eval/src/generated/kotlin/com/android/tools/lint/checks/ChromeOsSourceDetector.kt:68:22 None of the following functions can be called with the arguments supplied: 
public open fun <T : Any!> accept(p0: JvmElementVisitor<TypeVariable(T)!>): TypeVariable(T)! defined in org.jetbrains.uast.UMethod
public abstract fun accept(p0: PsiElementVisitor): Unit defined in org.jetbrains.uast.UMethod
public open fun accept(visitor: UastVisitor): Unit defined in org.jetbrains.uast.UMethod
e: file:///eval/src/generated/kotlin/com/android/tools/lint/checks/ChromeOsSourceDetector.kt:68:38 Unresolved reference: AbstractUastVisitor
e: file:///eval/src/generated/kotlin/com/android/tools/lint/checks/ChromeOsSourceDetector.kt:69:21 'visitCallExpression' overrides nothing
e: file:///eval/src/generated/kotlin/com/android/tools/lint/checks/ChromeOsSourceDetector.kt:71:78 Unresolved reference: visitCallExpression
e: file:///eval/src/generated/kotlin/com/android/tools/lint/checks/ChromeOsSourceDetector.kt:79:38 Unresolved reference: visitCallExpression

FAILURE: Build failed with an exception.

* What went wrong:
Execution failed for task ':compileKotlin'.
> A failure occurred while executing org.jetbrains.kotlin.compilerRunner.GradleCompilerRunnerWithWorkers$GradleKotlinCompilerWorkAction
   > Compilation error. See log for more details

* Try:
> Run with --stacktrace option to get the stack trace.
> Run with --info or --debug option to get more log output.
> Run with --scan to get full insights.
> Get more help at https://help.gradle.org.

BUILD FAILED in 8s
