/eval/src/generated/java/com/android/tools/lint/checks/VectorDetector.java:71: error: cannot find symbol
            incident.setMap(map);
                    ^
  symbol:   method setMap(LintMap)
  location: variable incident of type Incident
/eval/src/generated/java/com/android/tools/lint/checks/VectorDetector.java:79: error: cannot find symbol
            incident.setMap(map);
                    ^
  symbol:   method setMap(LintMap)
  location: variable incident of type Incident
/eval/src/generated/java/com/android/tools/lint/checks/VectorDetector.java:89: error: cannot find symbol
                incident.setMap(map);
                        ^
  symbol:   method setMap(LintMap)
  location: variable incident of type Incident
/eval/src/generated/java/com/android/tools/lint/checks/VectorDetector.java:100: error: cannot find symbol
                incident.setMap(map);
                        ^
  symbol:   method setMap(LintMap)
  location: variable incident of type Incident
/eval/src/generated/java/com/android/tools/lint/checks/VectorDetector.java:121: error: cannot find symbol
        Boolean useSupportLibrary = context.getProject().getVectorDrawablesUseSupportLibrary();
                                                        ^
  symbol:   method getVectorDrawablesUseSupportLibrary()
  location: class Project
5 errors

FAILURE: Build failed with an exception.

* What went wrong:
Execution failed for task ':compileJava'.
> Compilation failed; see the compiler error output for details.

* Try:
> Run with --info option to get more log output.
> Run with --scan to get full insights.

BUILD FAILED in 5s
