/eval/src/generated/java/com/android/tools/lint/checks/IconDetector.java:41: error: cannot find symbol
                    new Implementation(IconDetector.class, Scope.JAVA_AND_RESOURCE_FILES_SET));
                                                                ^
  symbol:   variable JAVA_AND_RESOURCE_FILES_SET
  location: class Scope
/eval/src/generated/java/com/android/tools/lint/checks/IconDetector.java:53: error: method does not override or implement a method from a supertype
    @Override
    ^
/eval/src/generated/java/com/android/tools/lint/checks/IconDetector.java:55: error: method filterIncident in class Detector cannot be applied to given types;
        super.filterIncident(incident);
             ^
  required: Context,Incident,LintMap
  found:    Incident
  reason: actual and formal argument lists differ in length
/eval/src/generated/java/com/android/tools/lint/checks/IconDetector.java:59: error: appliesTo(Context,File) in IconDetector cannot override appliesTo(Context,File) in Detector
    public boolean appliesTo(Context context, File file) {
                   ^
  overridden method is final
4 errors

FAILURE: Build failed with an exception.

* What went wrong:
Execution failed for task ':compileJava'.
> Compilation failed; see the compiler error output for details.

* Try:
> Run with --info option to get more log output.
> Run with --scan to get full insights.

BUILD FAILED in 6s
