/eval/src/generated/java/com/android/tools/lint/checks/DuplicateIdDetector.java:47: error: no suitable constructor found for Implementation(Class<DuplicateIdDetector>,Scope)
                    new Implementation(DuplicateIdDetector.class, Scope.ALL_RESOURCE_FILES));
                    ^
    constructor Implementation.Implementation(Class<? extends Detector>,EnumSet<Scope>) is not applicable
      (argument mismatch; Scope cannot be converted to EnumSet<Scope>)
    constructor Implementation.Implementation(Class<? extends Detector>,EnumSet<Scope>,EnumSet<Scope>...) is not applicable
      (argument mismatch; Scope cannot be converted to EnumSet<Scope>)
/eval/src/generated/java/com/android/tools/lint/checks/DuplicateIdDetector.java:75: error: cannot find symbol
        String name = getBaseName(context.getFile().getName());
                                         ^
  symbol:   method getFile()
  location: variable context of type Context
/eval/src/generated/java/com/android/tools/lint/checks/DuplicateIdDetector.java:91: error: cannot find symbol
        if (url != null && url.type == ResourceType.LAYOUT && !url.framework) {
                                                                  ^
  symbol:   variable framework
  location: variable url of type ResourceUrl
/eval/src/generated/java/com/android/tools/lint/checks/DuplicateIdDetector.java:109: error: cannot find symbol
        if (url != null && url.type == ResourceType.ID && !url.framework) {
                                                              ^
  symbol:   variable framework
  location: variable url of type ResourceUrl
/eval/src/generated/java/com/android/tools/lint/checks/DuplicateIdDetector.java:199: error: method does not override or implement a method from a supertype
    @Override
    ^
/eval/src/generated/java/com/android/tools/lint/checks/DuplicateIdDetector.java:201: error: cannot find symbol
        int delta = other.getPriority() - getPriority();
                         ^
  symbol:   method getPriority()
  location: variable other of type Detector
/eval/src/generated/java/com/android/tools/lint/checks/DuplicateIdDetector.java:201: error: cannot find symbol
        int delta = other.getPriority() - getPriority();
                                          ^
  symbol:   method getPriority()
  location: class DuplicateIdDetector
7 errors

FAILURE: Build failed with an exception.

* What went wrong:
Execution failed for task ':compileJava'.
> Compilation failed; see the compiler error output for details.

* Try:
> Run with --info option to get more log output.
> Run with --scan to get full insights.

BUILD FAILED in 3s
