/eval/src/generated/java/com/android/tools/lint/checks/DuplicateIdDetector.java:21: error: cannot find symbol
import com.android.tools.lint.detector.api.PositionXmlParser;
                                          ^
  symbol:   class PositionXmlParser
  location: package com.android.tools.lint.detector.api
/eval/src/generated/java/com/android/tools/lint/checks/DuplicateIdDetector.java:9: error: cannot find symbol
import static com.android.SdkConstants.TAG_MERGE;
^
  symbol:   static TAG_MERGE
  location: class SdkConstants
/eval/src/generated/java/com/android/tools/lint/checks/DuplicateIdDetector.java:55: error: no suitable constructor found for Implementation(Class<DuplicateIdDetector>,Scope)
            new Implementation(DuplicateIdDetector.class, Scope.RESOURCE_FILE)
            ^
    constructor Implementation.Implementation(Class<? extends Detector>,EnumSet<Scope>) is not applicable
      (argument mismatch; Scope cannot be converted to EnumSet<Scope>)
    constructor Implementation.Implementation(Class<? extends Detector>,EnumSet<Scope>,EnumSet<Scope>...) is not applicable
      (argument mismatch; Scope cannot be converted to EnumSet<Scope>)
/eval/src/generated/java/com/android/tools/lint/checks/DuplicateIdDetector.java:69: error: method does not override or implement a method from a supertype
    @Override
    ^
/eval/src/generated/java/com/android/tools/lint/checks/DuplicateIdDetector.java:147: error: cannot find symbol
        if (id != null && !TAG_MERGE.equals(element.getTagName())) {
                           ^
  symbol:   variable TAG_MERGE
  location: class DuplicateIdDetector
/eval/src/generated/java/com/android/tools/lint/checks/DuplicateIdDetector.java:169: error: cannot find symbol
            Document document = PositionXmlParser.parse(file);
                                ^
  symbol:   variable PositionXmlParser
  location: class DuplicateIdDetector
/eval/src/generated/java/com/android/tools/lint/checks/DuplicateIdDetector.java:188: error: method findResource in class LintClient cannot be applied to given types;
        File file = client.findResource(project, LAYOUT.getName(), layoutName);
                          ^
  required: String
  found:    Project,String,String
  reason: actual and formal argument lists differ in length
7 errors

FAILURE: Build failed with an exception.

* What went wrong:
Execution failed for task ':compileJava'.
> Compilation failed; see the compiler error output for details.

* Try:
> Run with --info option to get more log output.
> Run with --scan to get full insights.

BUILD FAILED in 7s
