/eval/src/generated/java/com/android/tools/lint/checks/RegistrationDetector.java:21: error: cannot find symbol
import org.jetbrains.annotations.NonNull;
                                ^
  symbol:   class NonNull
  location: package org.jetbrains.annotations
/eval/src/generated/java/com/android/tools/lint/checks/RegistrationDetector.java:48: error: cannot find symbol
    public void beforeCheckProject(@NonNull Context context) {
                                    ^
  symbol:   class NonNull
  location: class RegistrationDetector
/eval/src/generated/java/com/android/tools/lint/checks/RegistrationDetector.java:61: error: cannot find symbol
    public void visitElement(@NonNull XmlContext context, @NonNull Element element) {
                              ^
  symbol:   class NonNull
  location: class RegistrationDetector
/eval/src/generated/java/com/android/tools/lint/checks/RegistrationDetector.java:61: error: cannot find symbol
    public void visitElement(@NonNull XmlContext context, @NonNull Element element) {
                                                           ^
  symbol:   class NonNull
  location: class RegistrationDetector
/eval/src/generated/java/com/android/tools/lint/checks/RegistrationDetector.java:128: error: cannot find symbol
    public void visitClass(@NonNull JavaContext context, @NonNull UClass declaration) {
                            ^
  symbol:   class NonNull
  location: class RegistrationDetector
/eval/src/generated/java/com/android/tools/lint/checks/RegistrationDetector.java:128: error: cannot find symbol
    public void visitClass(@NonNull JavaContext context, @NonNull UClass declaration) {
                                                          ^
  symbol:   class NonNull
  location: class RegistrationDetector
/eval/src/generated/java/com/android/tools/lint/checks/RegistrationDetector.java:41: error: cannot find symbol
            EnumSet.of(Scope.MANIFEST, Scope.JAVA_FILE_LEVEL)
                                            ^
  symbol:   variable JAVA_FILE_LEVEL
  location: class Scope
Note: /eval/src/generated/java/com/android/tools/lint/checks/RegistrationDetector.java uses or overrides a deprecated API.
Note: Recompile with -Xlint:deprecation for details.
7 errors

FAILURE: Build failed with an exception.

* What went wrong:
Execution failed for task ':compileJava'.
> Compilation failed; see the compiler error output for details.

* Try:
> Run with --info option to get more log output.
> Run with --scan to get full insights.

BUILD FAILED in 4s
