/eval/src/generated/java/com/android/tools/lint/checks/AndroidAutoDetector.java:12: error: cannot find symbol
import com.android.tools.lint.detector.api.SdkConstants;
                                          ^
  symbol:   class SdkConstants
  location: package com.android.tools.lint.detector.api
/eval/src/generated/java/com/android/tools/lint/checks/AndroidAutoDetector.java:62: error: cannot find symbol
        return Collections.singletonList(SdkConstants.TAG_SERVICE);
                                         ^
  symbol:   variable SdkConstants
  location: class AndroidAutoDetector
/eval/src/generated/java/com/android/tools/lint/checks/AndroidAutoDetector.java:67: error: cannot find symbol
        NodeList filters = element.getElementsByTagName(SdkConstants.TAG_INTENT_FILTER);
                                                        ^
  symbol:   variable SdkConstants
  location: class AndroidAutoDetector
/eval/src/generated/java/com/android/tools/lint/checks/AndroidAutoDetector.java:70: error: cannot find symbol
            NodeList actions = filter.getElementsByTagName(SdkConstants.TAG_ACTION);
                                                           ^
  symbol:   variable SdkConstants
  location: class AndroidAutoDetector
/eval/src/generated/java/com/android/tools/lint/checks/AndroidAutoDetector.java:99: error: reference to getLocation is ambiguous
                Location location = context.getLocation(node);
                                           ^
  both method getLocation(PsiElement) in JavaContext and method getLocation(UElement) in JavaContext match
/eval/src/generated/java/com/android/tools/lint/checks/AndroidAutoDetector.java:124: error: cannot find symbol
        String name = element.getAttributeNS(SdkConstants.NS_RESOURCES,
                                             ^
  symbol:   variable SdkConstants
  location: class AndroidAutoDetector
/eval/src/generated/java/com/android/tools/lint/checks/AndroidAutoDetector.java:125: error: cannot find symbol
                SdkConstants.ATTR_NAME);
                ^
  symbol:   variable SdkConstants
  location: class AndroidAutoDetector
/eval/src/generated/java/com/android/tools/lint/checks/AndroidAutoDetector.java:127: error: cannot find symbol
            name = element.getAttribute(SdkConstants.ATTR_NAME);
                                        ^
  symbol:   variable SdkConstants
  location: class AndroidAutoDetector
Note: /eval/src/generated/java/com/android/tools/lint/checks/AndroidAutoDetector.java uses or overrides a deprecated API.
Note: Recompile with -Xlint:deprecation for details.
8 errors

FAILURE: Build failed with an exception.

* What went wrong:
Execution failed for task ':compileJava'.
> Compilation failed; see the compiler error output for details.

* Try:
> Run with --info option to get more log output.
> Run with --scan to get full insights.

BUILD FAILED in 4s
