/eval/src/generated/java/com/android/tools/lint/checks/JobSchedulerDetector.java:20: error: cannot find symbol
import org.jetbrains.uast.UElementHandler;
                         ^
  symbol:   class UElementHandler
  location: package org.jetbrains.uast
/eval/src/generated/java/com/android/tools/lint/checks/JobSchedulerDetector.java:31: error: cannot find symbol
public class JobSchedulerDetector extends Detector implements Detector.SourceCodeScanner, Detector.XmlScanner {
                                                                      ^
  symbol:   class SourceCodeScanner
  location: class Detector
/eval/src/generated/java/com/android/tools/lint/checks/JobSchedulerDetector.java:87: error: cannot find symbol
    public UElementHandler createUastHandler(@NotNull JavaContext context) {
           ^
  symbol:   class UElementHandler
  location: class JobSchedulerDetector
/eval/src/generated/java/com/android/tools/lint/checks/JobSchedulerDetector.java:88: error: cannot find symbol
        return new UElementHandler() {
                   ^
  symbol:   class UElementHandler
  location: class JobSchedulerDetector
/eval/src/generated/java/com/android/tools/lint/checks/JobSchedulerDetector.java:89: error: method does not override or implement a method from a supertype
            @Override
            ^
/eval/src/generated/java/com/android/tools/lint/checks/JobSchedulerDetector.java:106: error: reference to getLocation is ambiguous
                        context.getLocation(node),
                               ^
  both method getLocation(PsiElement) in JavaContext and method getLocation(UElement) in JavaContext match
Note: /eval/src/generated/java/com/android/tools/lint/checks/JobSchedulerDetector.java uses or overrides a deprecated API.
Note: Recompile with -Xlint:deprecation for details.
6 errors

FAILURE: Build failed with an exception.

* What went wrong:
Execution failed for task ':compileJava'.
> Compilation failed; see the compiler error output for details.

* Try:
> Run with --info option to get more log output.
> Run with --scan to get full insights.

BUILD FAILED in 4s
