e: file:///eval/src/generated/kotlin/com/android/tools/lint/checks/DeprecatedSinceApiDetector.kt:41:87 Unresolved reference: REFERENCE
e: file:///eval/src/generated/kotlin/com/android/tools/lint/checks/DeprecatedSinceApiDetector.kt:44:5 'visitAnnotationUsage' overrides nothing
e: file:///eval/src/generated/kotlin/com/android/tools/lint/checks/DeprecatedSinceApiDetector.kt:50:42 Unresolved reference: getIntValue
e: file:///eval/src/generated/kotlin/com/android/tools/lint/checks/DeprecatedSinceApiDetector.kt:52:20 Overload resolution ambiguity: 
public final operator fun compareTo(other: Byte): Int defined in kotlin.Int
public final operator fun compareTo(other: Double): Int defined in kotlin.Int
public final operator fun compareTo(other: Float): Int defined in kotlin.Int
public open fun compareTo(other: Int): Int defined in kotlin.Int
public final operator fun compareTo(other: Long): Int defined in kotlin.Int
public final operator fun compareTo(other: Short): Int defined in kotlin.Int
e: file:///eval/src/generated/kotlin/com/android/tools/lint/checks/DeprecatedSinceApiDetector.kt:54:49 Unresolved reference: getStringValue

FAILURE: Build failed with an exception.

* What went wrong:
Execution failed for task ':compileKotlin'.
> A failure occurred while executing org.jetbrains.kotlin.compilerRunner.GradleCompilerRunnerWithWorkers$GradleKotlinCompilerWorkAction
   > Compilation error. See log for more details

* Try:
> Run with --stacktrace option to get the stack trace.
> Run with --info or --debug option to get more log output.
> Run with --scan to get full insights.
> Get more help at https://help.gradle.org.

BUILD FAILED in 6s
