/eval/src/generated/java/com/android/tools/lint/checks/IconDetector.java:9: error: cannot find symbol
import com.android.tools.lint.detector.api.IncidentFilter;
                                          ^
  symbol:   class IncidentFilter
  location: package com.android.tools.lint.detector.api
/eval/src/generated/java/com/android/tools/lint/checks/IconDetector.java:93: error: cannot find symbol
    public void filterIncident(Context context, Incident incident, IncidentFilter map) {
                                                                   ^
  symbol:   class IncidentFilter
  location: class IconDetector
/eval/src/generated/java/com/android/tools/lint/checks/IconDetector.java:93: error: filterIncident(Context,Incident,IncidentFilter) in IconDetector cannot override filterIncident(Context,Incident,LintMap) in Detector
    public void filterIncident(Context context, Incident incident, IncidentFilter map) {
                ^
  return type void is not compatible with boolean
/eval/src/generated/java/com/android/tools/lint/checks/IconDetector.java:92: error: method does not override or implement a method from a supertype
    @Override
    ^
/eval/src/generated/java/com/android/tools/lint/checks/IconDetector.java:115: error: method does not override or implement a method from a supertype
    @Override
    ^
/eval/src/generated/java/com/android/tools/lint/checks/IconDetector.java:119: error: method does not override or implement a method from a supertype
    @Override
    ^
/eval/src/generated/java/com/android/tools/lint/checks/IconDetector.java:127: error: method does not override or implement a method from a supertype
    @Override
    ^
7 errors

FAILURE: Build failed with an exception.

* What went wrong:
Execution failed for task ':compileJava'.
> Compilation failed; see the compiler error output for details.

* Try:
> Run with --info option to get more log output.
> Run with --scan to get full insights.

BUILD FAILED in 8s
