/eval/src/generated/java/com/android/tools/lint/checks/ExifInterfaceDetector.java:10: error: cannot find symbol
import com.android.tools.lint.detector.api.UElementHandler;
                                          ^
  symbol:   class UElementHandler
  location: package com.android.tools.lint.detector.api
/eval/src/generated/java/com/android/tools/lint/checks/ExifInterfaceDetector.java:11: error: cannot find symbol
import com.android.tools.lint.detector.api.UastScanner;
                                          ^
  symbol:   class UastScanner
  location: package com.android.tools.lint.detector.api
/eval/src/generated/java/com/android/tools/lint/checks/ExifInterfaceDetector.java:14: error: cannot find symbol
import org.jetbrains.annotations.NonNull;
                                ^
  symbol:   class NonNull
  location: package org.jetbrains.annotations
/eval/src/generated/java/com/android/tools/lint/checks/ExifInterfaceDetector.java:21: error: cannot find symbol
public class ExifInterfaceDetector extends Detector implements UastScanner {
                                                               ^
  symbol: class UastScanner
/eval/src/generated/java/com/android/tools/lint/checks/ExifInterfaceDetector.java:39: error: cannot find symbol
    public UElementHandler createUastHandler(@NonNull JavaContext context) {
           ^
  symbol:   class UElementHandler
  location: class ExifInterfaceDetector
/eval/src/generated/java/com/android/tools/lint/checks/ExifInterfaceDetector.java:39: error: cannot find symbol
    public UElementHandler createUastHandler(@NonNull JavaContext context) {
                                              ^
  symbol:   class NonNull
  location: class ExifInterfaceDetector
/eval/src/generated/java/com/android/tools/lint/checks/ExifInterfaceDetector.java:40: error: cannot find symbol
        return new UElementHandler() {
                   ^
  symbol:   class UElementHandler
  location: class ExifInterfaceDetector
/eval/src/generated/java/com/android/tools/lint/checks/ExifInterfaceDetector.java:42: error: cannot find symbol
            public void visitReferenceExpression(@NonNull UReferenceExpression node) {
                                                  ^
  symbol: class NonNull
/eval/src/generated/java/com/android/tools/lint/checks/ExifInterfaceDetector.java:41: error: method does not override or implement a method from a supertype
            @Override
            ^
/eval/src/generated/java/com/android/tools/lint/checks/ExifInterfaceDetector.java:43: error: cannot find symbol
                if (!"ExifInterface".equals(node.getReferenceName())) {
                                                ^
  symbol:   method getReferenceName()
  location: variable node of type UReferenceExpression
10 errors

FAILURE: Build failed with an exception.

* What went wrong:
Execution failed for task ':compileJava'.
> Compilation failed; see the compiler error output for details.

* Try:
> Run with --info option to get more log output.
> Run with --scan to get full insights.

BUILD FAILED in 5s
