/eval/src/generated/java/com/android/tools/lint/checks/TooManyViewsDetector.java:29: error: cannot find symbol
                            TooManyViewsDetector.class, Scope.LAYOUT_SCOPE));
                                                             ^
  symbol:   variable LAYOUT_SCOPE
  location: class Scope
/eval/src/generated/java/com/android/tools/lint/checks/TooManyViewsDetector.java:35: error: method does not override or implement a method from a supertype
    @Override
    ^
/eval/src/generated/java/com/android/tools/lint/checks/TooManyViewsDetector.java:53: error: incompatible types: inference variable T has incompatible bounds
        return Collections.singletonList(ALL);
                                        ^
    equality constraints: String
    lower bounds: List<String>
  where T is a type-variable:
    T extends Object declared in method <T>singletonList(T)
3 errors

FAILURE: Build failed with an exception.

* What went wrong:
Execution failed for task ':compileJava'.
> Compilation failed; see the compiler error output for details.

* Try:
> Run with --info option to get more log output.
> Run with --scan to get full insights.

BUILD FAILED in 15s
