/eval/src/generated/java/com/android/tools/lint/checks/ManifestResourceDetector.java:8: error: cannot find symbol
import com.android.resources.ResourceNamespace;
                            ^
  symbol:   class ResourceNamespace
  location: package com.android.resources
/eval/src/generated/java/com/android/tools/lint/checks/ManifestResourceDetector.java:48: error: incompatible types: inference variable T has incompatible bounds
        return Collections.singleton(ALL);
                                    ^
    equality constraints: String
    lower bounds: List<String>
  where T is a type-variable:
    T extends Object declared in method <T>singleton(T)
/eval/src/generated/java/com/android/tools/lint/checks/ManifestResourceDetector.java:79: error: cannot find symbol
        ResourceRepository repository = context.getClient().getResources(context.getProject(), ResourceRepositoryScope.LOCAL);
                                                                                                                      ^
  symbol:   variable LOCAL
  location: class ResourceRepositoryScope
/eval/src/generated/java/com/android/tools/lint/checks/ManifestResourceDetector.java:84: error: cannot find symbol
        String namespaceStr = context.getProject().getNamespace();
                                                  ^
  symbol:   method getNamespace()
  location: class Project
/eval/src/generated/java/com/android/tools/lint/checks/ManifestResourceDetector.java:85: error: cannot find symbol
        ResourceNamespace namespace = namespaceStr != null ? ResourceNamespace.fromPackageName(namespaceStr) : ResourceNamespace.RES_AUTO;
        ^
  symbol:   class ResourceNamespace
  location: class ManifestResourceDetector
/eval/src/generated/java/com/android/tools/lint/checks/ManifestResourceDetector.java:85: error: cannot find symbol
        ResourceNamespace namespace = namespaceStr != null ? ResourceNamespace.fromPackageName(namespaceStr) : ResourceNamespace.RES_AUTO;
                                                             ^
  symbol:   variable ResourceNamespace
  location: class ManifestResourceDetector
/eval/src/generated/java/com/android/tools/lint/checks/ManifestResourceDetector.java:85: error: cannot find symbol
        ResourceNamespace namespace = namespaceStr != null ? ResourceNamespace.fromPackageName(namespaceStr) : ResourceNamespace.RES_AUTO;
                                                                                                               ^
  symbol:   variable ResourceNamespace
  location: class ManifestResourceDetector
7 errors

FAILURE: Build failed with an exception.

* What went wrong:
Execution failed for task ':compileJava'.
> Compilation failed; see the compiler error output for details.

* Try:
> Run with --info option to get more log output.
> Run with --scan to get full insights.

BUILD FAILED in 5s
