/eval/src/generated/java/com/android/tools/lint/checks/AllowAllHostnameVerifierDetector.java:17: error: cannot find symbol
import org.jetbrains.uast.UElementHandler;
                         ^
  symbol:   class UElementHandler
  location: package org.jetbrains.uast
/eval/src/generated/java/com/android/tools/lint/checks/AllowAllHostnameVerifierDetector.java:18: error: cannot find symbol
import org.jetbrains.uast.UEmptyExpression;
                         ^
  symbol:   class UEmptyExpression
  location: package org.jetbrains.uast
/eval/src/generated/java/com/android/tools/lint/checks/AllowAllHostnameVerifierDetector.java:56: error: cannot find symbol
    public UElementHandler createUastHandler(@NotNull JavaContext context) {
           ^
  symbol:   class UElementHandler
  location: class AllowAllHostnameVerifierDetector
/eval/src/generated/java/com/android/tools/lint/checks/AllowAllHostnameVerifierDetector.java:57: error: cannot find symbol
        return new UElementHandler() {
                   ^
  symbol:   class UElementHandler
  location: class AllowAllHostnameVerifierDetector
/eval/src/generated/java/com/android/tools/lint/checks/AllowAllHostnameVerifierDetector.java:58: error: method does not override or implement a method from a supertype
            @Override
            ^
/eval/src/generated/java/com/android/tools/lint/checks/AllowAllHostnameVerifierDetector.java:67: error: cannot find symbol
                UClass containingClass = method.getContainingUClass();
                                               ^
  symbol:   method getContainingUClass()
  location: variable method of type @org.jetbrains.annotations.NotNull UMethod
/eval/src/generated/java/com/android/tools/lint/checks/AllowAllHostnameVerifierDetector.java:97: error: cannot find symbol
                if (!(stmt instanceof UComment) && !(stmt instanceof UEmptyExpression)) {
                                                                     ^
  symbol:   class UEmptyExpression
  location: class AllowAllHostnameVerifierDetector
7 errors

FAILURE: Build failed with an exception.

* What went wrong:
Execution failed for task ':compileJava'.
> Compilation failed; see the compiler error output for details.

* Try:
> Run with --info option to get more log output.
> Run with --scan to get full insights.

BUILD FAILED in 5s
