e: file:///eval/src/generated/kotlin/com/android/tools/lint/checks/ViewTypeDetector.kt:7:58 Unresolved reference: SourceCodeScanner
e: file:///eval/src/generated/kotlin/com/android/tools/lint/checks/ViewTypeDetector.kt:39:38 None of the following functions can be called with the arguments supplied: 
public fun File.resolve(relative: File): File defined in kotlin.io
public fun File.resolve(relative: String): File defined in kotlin.io
e: file:///eval/src/generated/kotlin/com/android/tools/lint/checks/ViewTypeDetector.kt:41:37 Unresolved reference: canonicalText
e: file:///eval/src/generated/kotlin/com/android/tools/lint/checks/ViewTypeDetector.kt:52:58 Unresolved reference: canonicalText
e: file:///eval/src/generated/kotlin/com/android/tools/lint/checks/ViewTypeDetector.kt:139:55 Unresolved reference: PsiClassReferenceType
e: file:///eval/src/generated/kotlin/com/android/tools/lint/checks/ViewTypeDetector.kt:140:24 Unresolved reference: UastUtils
e: file:///eval/src/generated/kotlin/com/android/tools/lint/checks/ViewTypeDetector.kt:142:53 Unresolved reference: PsiClassReferenceType
e: file:///eval/src/generated/kotlin/com/android/tools/lint/checks/ViewTypeDetector.kt:144:22 Unresolved reference: UastUtils
e: file:///eval/src/generated/kotlin/com/android/tools/lint/checks/ViewTypeDetector.kt:146:63 Unresolved reference: PsiClassReferenceType

FAILURE: Build failed with an exception.

* What went wrong:
Execution failed for task ':compileKotlin'.
> A failure occurred while executing org.jetbrains.kotlin.compilerRunner.GradleCompilerRunnerWithWorkers$GradleKotlinCompilerWorkAction
   > Compilation error. See log for more details

* Try:
> Run with --stacktrace option to get the stack trace.
> Run with --info or --debug option to get more log output.
> Run with --scan to get full insights.
> Get more help at https://help.gradle.org.

BUILD FAILED in 7s
