/eval/src/generated/java/com/android/tools/lint/checks/RequiredAttributeDetector.java:10: error: cannot find symbol
import static com.android.SdkConstants.TAG_MERGE;
^
  symbol:   static TAG_MERGE
  location: class SdkConstants
/eval/src/generated/java/com/android/tools/lint/checks/RequiredAttributeDetector.java:11: error: cannot find symbol
import static com.android.SdkConstants.TAG_REQUEST_FOCUS;
^
  symbol:   static TAG_REQUEST_FOCUS
  location: class SdkConstants
/eval/src/generated/java/com/android/tools/lint/checks/RequiredAttributeDetector.java:59: error: cannot find symbol
        if (tag.equals(TAG_MERGE)
                       ^
  symbol:   variable TAG_MERGE
  location: class RequiredAttributeDetector
/eval/src/generated/java/com/android/tools/lint/checks/RequiredAttributeDetector.java:61: error: cannot find symbol
                || tag.equals(TAG_REQUEST_FOCUS)) {
                              ^
  symbol:   variable TAG_REQUEST_FOCUS
  location: class RequiredAttributeDetector
4 errors

FAILURE: Build failed with an exception.

* What went wrong:
Execution failed for task ':compileJava'.
> Compilation failed; see the compiler error output for details.

* Try:
> Run with --info option to get more log output.
> Run with --scan to get full insights.

BUILD FAILED in 5s
