/eval/src/generated/java/com/android/tools/lint/checks/AndroidTvDetector.java:11: error: cannot find symbol
import com.android.tools.lint.detector.api.SdkConstants;
                                          ^
  symbol:   class SdkConstants
  location: package com.android.tools.lint.detector.api
/eval/src/generated/java/com/android/tools/lint/checks/AndroidTvDetector.java:47: error: cannot find symbol
                SdkConstants.TAG_MANIFEST,
                ^
  symbol:   variable SdkConstants
  location: class AndroidTvDetector
/eval/src/generated/java/com/android/tools/lint/checks/AndroidTvDetector.java:48: error: cannot find symbol
                SdkConstants.TAG_APPLICATION,
                ^
  symbol:   variable SdkConstants
  location: class AndroidTvDetector
/eval/src/generated/java/com/android/tools/lint/checks/AndroidTvDetector.java:49: error: cannot find symbol
                SdkConstants.TAG_USES_FEATURE,
                ^
  symbol:   variable SdkConstants
  location: class AndroidTvDetector
/eval/src/generated/java/com/android/tools/lint/checks/AndroidTvDetector.java:50: error: cannot find symbol
                SdkConstants.TAG_CATEGORY);
                ^
  symbol:   variable SdkConstants
  location: class AndroidTvDetector
/eval/src/generated/java/com/android/tools/lint/checks/AndroidTvDetector.java:66: error: package SdkConstants does not exist
        if (SdkConstants.TAG_MANIFEST.equals(tag)) {
                        ^
/eval/src/generated/java/com/android/tools/lint/checks/AndroidTvDetector.java:68: error: package SdkConstants does not exist
        } else if (SdkConstants.TAG_USES_FEATURE.equals(tag)) {
                               ^
/eval/src/generated/java/com/android/tools/lint/checks/AndroidTvDetector.java:70: error: cannot find symbol
                    element.getAttributeNS(SdkConstants.ANDROID_URI, SdkConstants.ATTR_NAME);
                                           ^
  symbol:   variable SdkConstants
  location: class AndroidTvDetector
/eval/src/generated/java/com/android/tools/lint/checks/AndroidTvDetector.java:70: error: cannot find symbol
                    element.getAttributeNS(SdkConstants.ANDROID_URI, SdkConstants.ATTR_NAME);
                                                                     ^
  symbol:   variable SdkConstants
  location: class AndroidTvDetector
/eval/src/generated/java/com/android/tools/lint/checks/AndroidTvDetector.java:74: error: cannot find symbol
                                SdkConstants.ANDROID_URI, SdkConstants.ATTR_REQUIRED);
                                ^
  symbol:   variable SdkConstants
  location: class AndroidTvDetector
/eval/src/generated/java/com/android/tools/lint/checks/AndroidTvDetector.java:74: error: cannot find symbol
                                SdkConstants.ANDROID_URI, SdkConstants.ATTR_REQUIRED);
                                                          ^
  symbol:   variable SdkConstants
  location: class AndroidTvDetector
/eval/src/generated/java/com/android/tools/lint/checks/AndroidTvDetector.java:81: error: package SdkConstants does not exist
        } else if (SdkConstants.TAG_APPLICATION.equals(tag)) {
                               ^
/eval/src/generated/java/com/android/tools/lint/checks/AndroidTvDetector.java:82: error: cannot find symbol
            if (element.hasAttributeNS(SdkConstants.ANDROID_URI, SdkConstants.ATTR_BANNER)) {
                                       ^
  symbol:   variable SdkConstants
  location: class AndroidTvDetector
/eval/src/generated/java/com/android/tools/lint/checks/AndroidTvDetector.java:82: error: cannot find symbol
            if (element.hasAttributeNS(SdkConstants.ANDROID_URI, SdkConstants.ATTR_BANNER)) {
                                                                 ^
  symbol:   variable SdkConstants
  location: class AndroidTvDetector
/eval/src/generated/java/com/android/tools/lint/checks/AndroidTvDetector.java:85: error: package SdkConstants does not exist
        } else if (SdkConstants.TAG_CATEGORY.equals(tag)) {
                               ^
/eval/src/generated/java/com/android/tools/lint/checks/AndroidTvDetector.java:87: error: cannot find symbol
                    element.getAttributeNS(SdkConstants.ANDROID_URI, SdkConstants.ATTR_NAME);
                                           ^
  symbol:   variable SdkConstants
  location: class AndroidTvDetector
/eval/src/generated/java/com/android/tools/lint/checks/AndroidTvDetector.java:87: error: cannot find symbol
                    element.getAttributeNS(SdkConstants.ANDROID_URI, SdkConstants.ATTR_NAME);
                                                                     ^
  symbol:   variable SdkConstants
  location: class AndroidTvDetector
Note: /eval/src/generated/java/com/android/tools/lint/checks/AndroidTvDetector.java uses or overrides a deprecated API.
Note: Recompile with -Xlint:deprecation for details.
17 errors

FAILURE: Build failed with an exception.

* What went wrong:
Execution failed for task ':compileJava'.
> Compilation failed; see the compiler error output for details.

* Try:
> Run with --info option to get more log output.
> Run with --scan to get full insights.

BUILD FAILED in 5s
