/eval/src/generated/java/com/android/tools/lint/checks/DuplicateIdDetector.java:41: error: cannot find symbol
                    new Implementation(DuplicateIdDetector.class, Scope.ALL_RESOURCE_FILES_SCOPE));
                                                                       ^
  symbol:   variable ALL_RESOURCE_FILES_SCOPE
  location: class Scope
/eval/src/generated/java/com/android/tools/lint/checks/DuplicateIdDetector.java:49: error: appliesTo(Context,File) in DuplicateIdDetector cannot override appliesTo(Context,File) in Detector
    public boolean appliesTo(Context context, File file) {
                   ^
  overridden method is final
/eval/src/generated/java/com/android/tools/lint/checks/DuplicateIdDetector.java:74: error: cannot find symbol
        mCurrentFile = new FileInfo(getLayoutName(context.getFile()));
                                                         ^
  symbol:   method getFile()
  location: variable context of type Context
/eval/src/generated/java/com/android/tools/lint/checks/DuplicateIdDetector.java:158: error: method does not override or implement a method from a supertype
    @Override
    ^
4 errors

FAILURE: Build failed with an exception.

* What went wrong:
Execution failed for task ':compileJava'.
> Compilation failed; see the compiler error output for details.

* Try:
> Run with --info option to get more log output.
> Run with --scan to get full insights.

BUILD FAILED in 4s
