/eval/src/generated/java/com/android/tools/lint/checks/RegistrationDetector.java:72: error: cannot find symbol
        for (com.android.tools.lint.detector.api.Project project : partialResults.getProjects()) {
                                                                                 ^
  symbol:   method getProjects()
  location: variable partialResults of type PartialResult
/eval/src/generated/java/com/android/tools/lint/checks/RegistrationDetector.java:73: error: method map in class PartialResult cannot be applied to given types;
            LintMap map = partialResults.map(project);
                                        ^
  required: no arguments
  found:    Project
  reason: actual and formal argument lists differ in length
/eval/src/generated/java/com/android/tools/lint/checks/RegistrationDetector.java:74: error: for-each not applicable to expression type
            for (String qualifiedName : map.keys()) {
                                                ^
  required: array or java.lang.Iterable
  found:    Sequence<String>
3 errors

FAILURE: Build failed with an exception.

* What went wrong:
Execution failed for task ':compileJava'.
> Compilation failed; see the compiler error output for details.

* Try:
> Run with --info option to get more log output.
> Run with --scan to get full insights.

BUILD FAILED in 6s
