/eval/src/generated/java/com/android/tools/lint/checks/JobSchedulerDetector.java:80: error: incompatible types: UCallExpression cannot be converted to Location
                    node,
                    ^
/eval/src/generated/java/com/android/tools/lint/checks/JobSchedulerDetector.java:92: error: cannot find symbol
                (List<Location>) partialResult.getMap().get(serviceClass);
                                              ^
  symbol:   method getMap()
  location: variable partialResult of type PartialResult
/eval/src/generated/java/com/android/tools/lint/checks/JobSchedulerDetector.java:95: error: cannot find symbol
            partialResult.getMap().put(serviceClass, locations);
                         ^
  symbol:   method getMap()
  location: variable partialResult of type PartialResult
/eval/src/generated/java/com/android/tools/lint/checks/JobSchedulerDetector.java:109: error: cannot find symbol
        for (Map.Entry<String, Object> entry : partialResults.getMap().entrySet()) {
                                                             ^
  symbol:   method getMap()
  location: variable partialResults of type PartialResult
Note: Some messages have been simplified; recompile with -Xdiags:verbose to get full output
4 errors

FAILURE: Build failed with an exception.

* What went wrong:
Execution failed for task ':compileJava'.
> Compilation failed; see the compiler error output for details.

* Try:
> Run with --info option to get more log output.
> Run with --scan to get full insights.

BUILD FAILED in 4s
