/eval/src/generated/java/com/android/tools/lint/checks/DuplicateIdDetector.java:59: error: cannot find symbol
    public Collection<String> getApplicableAttributes() {
           ^
  symbol:   class Collection
  location: class DuplicateIdDetector
/eval/src/generated/java/com/android/tools/lint/checks/DuplicateIdDetector.java:64: error: cannot find symbol
    public Collection<String> getApplicableElements() {
           ^
  symbol:   class Collection
  location: class DuplicateIdDetector
/eval/src/generated/java/com/android/tools/lint/checks/DuplicateIdDetector.java:73: error: method does not override or implement a method from a supertype
    @Override
    ^
/eval/src/generated/java/com/android/tools/lint/checks/DuplicateIdDetector.java:112: error: incompatible types: Element cannot be converted to SourcePosition
                                    Location.create(context.file, element),
                                                                  ^
/eval/src/generated/java/com/android/tools/lint/checks/DuplicateIdDetector.java:168: error: incompatible types: Element cannot be converted to SourcePosition
                seen.put(id.name, Location.create(id.file, id.element));
                                                             ^
Note: Some messages have been simplified; recompile with -Xdiags:verbose to get full output
5 errors

FAILURE: Build failed with an exception.

* What went wrong:
Execution failed for task ':compileJava'.
> Compilation failed; see the compiler error output for details.

* Try:
> Run with --info option to get more log output.
> Run with --scan to get full insights.

BUILD FAILED in 4s
