/eval/src/generated/java/com/android/tools/lint/checks/AndroidAutoDetector.java:23: error: cannot find symbol
import org.jetbrains.uast.UElementHandler;
                         ^
  symbol:   class UElementHandler
  location: package org.jetbrains.uast
/eval/src/generated/java/com/android/tools/lint/checks/AndroidAutoDetector.java:129: error: cannot find symbol
    public UElementHandler createUastHandler(@NonNull final JavaContext context) {
           ^
  symbol:   class UElementHandler
  location: class AndroidAutoDetector
/eval/src/generated/java/com/android/tools/lint/checks/AndroidAutoDetector.java:117: error: incompatible types: Element cannot be converted to SourcePosition
                    Location.create(context.file, element));
                                                  ^
/eval/src/generated/java/com/android/tools/lint/checks/AndroidAutoDetector.java:121: error: method does not override or implement a method from a supertype
    @Override
    ^
/eval/src/generated/java/com/android/tools/lint/checks/AndroidAutoDetector.java:130: error: cannot find symbol
        return new UElementHandler() {
                   ^
  symbol:   class UElementHandler
  location: class AndroidAutoDetector
/eval/src/generated/java/com/android/tools/lint/checks/AndroidAutoDetector.java:131: error: method does not override or implement a method from a supertype
            @Override
            ^
Note: /eval/src/generated/java/com/android/tools/lint/checks/AndroidAutoDetector.java uses or overrides a deprecated API.
Note: Recompile with -Xlint:deprecation for details.
Note: Some messages have been simplified; recompile with -Xdiags:verbose to get full output
6 errors

FAILURE: Build failed with an exception.

* What went wrong:
Execution failed for task ':compileJava'.
> Compilation failed; see the compiler error output for details.

* Try:
> Run with --info option to get more log output.
> Run with --scan to get full insights.

BUILD FAILED in 4s
