/eval/src/generated/java/com/android/tools/lint/checks/ViewConstructorDetector.java:67: error: incompatible types: PsiIdentifier cannot be converted to UIdentifier
        UIdentifier nameIdentifier = classNode.getNameIdentifier();
                                                                ^
/eval/src/generated/java/com/android/tools/lint/checks/ViewConstructorDetector.java:70: error: reference to getLocation is ambiguous
                : context.getLocation(classNode);
                         ^
  both method getLocation(PsiElement) in JavaContext and method getLocation(UElement) in JavaContext match
/eval/src/generated/java/com/android/tools/lint/checks/ViewConstructorDetector.java:75: error: incompatible types: PsiMethod cannot be converted to UMethod
        for (UMethod constructor : cls.getConstructors()) {
                                                      ^
Note: /eval/src/generated/java/com/android/tools/lint/checks/ViewConstructorDetector.java uses or overrides a deprecated API.
Note: Recompile with -Xlint:deprecation for details.
3 errors

FAILURE: Build failed with an exception.

* What went wrong:
Execution failed for task ':compileJava'.
> Compilation failed; see the compiler error output for details.

* Try:
> Run with --info option to get more log output.
> Run with --scan to get full insights.

BUILD FAILED in 4s
