/eval/src/generated/java/com/android/tools/lint/checks/IconDetector.java:19: error: no suitable constructor found for Implementation(Class<IconDetector>,Scope)
        new Implementation(IconDetector.class, Scope.RESOURCE_FILE)
        ^
    constructor Implementation.Implementation(Class<? extends Detector>,EnumSet<Scope>) is not applicable
      (argument mismatch; Scope cannot be converted to EnumSet<Scope>)
    constructor Implementation.Implementation(Class<? extends Detector>,EnumSet<Scope>,EnumSet<Scope>...) is not applicable
      (argument mismatch; Scope cannot be converted to EnumSet<Scope>)
/eval/src/generated/java/com/android/tools/lint/checks/IconDetector.java:27: error: method does not override or implement a method from a supertype
    @Override
    ^
/eval/src/generated/java/com/android/tools/lint/checks/IconDetector.java:29: error: cannot find symbol
        File file = context.getFile();
                           ^
  symbol:   method getFile()
  location: variable context of type @org.jetbrains.annotations.NotNull Context
/eval/src/generated/java/com/android/tools/lint/checks/IconDetector.java:38: error: cannot find symbol
        if (context.getConfiguration().getDensityQualifier() == null) {
                                      ^
  symbol:   method getDensityQualifier()
  location: class Configuration
4 errors

FAILURE: Build failed with an exception.

* What went wrong:
Execution failed for task ':compileJava'.
> Compilation failed; see the compiler error output for details.

* Try:
> Run with --info option to get more log output.
> Run with --scan to get full insights.

BUILD FAILED in 4s
