e: file:///eval/src/generated/kotlin/com/android/tools/lint/checks/KotlincFE10Detector.kt:90:60 Unresolved reference. None of the following candidates is applicable because of receiver type mismatch: 
public fun File.resolve(relative: File): File defined in kotlin.io
public fun File.resolve(relative: String): File defined in kotlin.io
e: file:///eval/src/generated/kotlin/com/android/tools/lint/checks/KotlincFE10Detector.kt:92:75 Unresolved reference: containingClass
e: file:///eval/src/generated/kotlin/com/android/tools/lint/checks/KotlincFE10Detector.kt:93:62 Unresolved reference. None of the following candidates is applicable because of receiver type mismatch: 
public fun File.resolve(relative: File): File defined in kotlin.io
public fun File.resolve(relative: String): File defined in kotlin.io
e: file:///eval/src/generated/kotlin/com/android/tools/lint/checks/KotlincFE10Detector.kt:107:13 'visitClassLiteralExpression' overrides nothing
e: file:///eval/src/generated/kotlin/com/android/tools/lint/checks/KotlincFE10Detector.kt:109:13 'visitCallableReferenceExpression' overrides nothing
e: file:///eval/src/generated/kotlin/com/android/tools/lint/checks/KotlincFE10Detector.kt:111:13 'visitParameter' overrides nothing
e: file:///eval/src/generated/kotlin/com/android/tools/lint/checks/KotlincFE10Detector.kt:113:13 'visitTypeReferenceExpression' overrides nothing

FAILURE: Build failed with an exception.

* What went wrong:
Execution failed for task ':compileKotlin'.
> A failure occurred while executing org.jetbrains.kotlin.compilerRunner.GradleCompilerRunnerWithWorkers$GradleKotlinCompilerWorkAction
   > Compilation error. See log for more details

* Try:
> Run with --stacktrace option to get the stack trace.
> Run with --info or --debug option to get more log output.
> Run with --scan to get full insights.
> Get more help at https://help.gradle.org.

BUILD FAILED in 7s
