e: file:///eval/src/generated/kotlin/com/android/tools/lint/checks/ScrollViewChildDetector.kt:10:26 Unresolved reference: SdkConstants
e: file:///eval/src/generated/kotlin/com/android/tools/lint/checks/ScrollViewChildDetector.kt:32:5 'getIssues' overrides nothing
e: file:///eval/src/generated/kotlin/com/android/tools/lint/checks/ScrollViewChildDetector.kt:36:13 Unresolved reference: SdkConstants
e: file:///eval/src/generated/kotlin/com/android/tools/lint/checks/ScrollViewChildDetector.kt:37:13 Unresolved reference: SdkConstants
e: file:///eval/src/generated/kotlin/com/android/tools/lint/checks/ScrollViewChildDetector.kt:42:47 Unresolved reference: SdkConstants
e: file:///eval/src/generated/kotlin/com/android/tools/lint/checks/ScrollViewChildDetector.kt:43:42 Unresolved reference: SdkConstants
e: file:///eval/src/generated/kotlin/com/android/tools/lint/checks/ScrollViewChildDetector.kt:43:78 Unresolved reference: SdkConstants
e: file:///eval/src/generated/kotlin/com/android/tools/lint/checks/ScrollViewChildDetector.kt:50:60 Unresolved reference: SdkConstants
e: file:///eval/src/generated/kotlin/com/android/tools/lint/checks/ScrollViewChildDetector.kt:53:34 Unresolved reference: SdkConstants
e: file:///eval/src/generated/kotlin/com/android/tools/lint/checks/ScrollViewChildDetector.kt:53:78 Unresolved reference: SdkConstants

FAILURE: Build failed with an exception.

* What went wrong:
Execution failed for task ':compileKotlin'.
> A failure occurred while executing org.jetbrains.kotlin.compilerRunner.GradleCompilerRunnerWithWorkers$GradleKotlinCompilerWorkAction
   > Compilation error. See log for more details

* Try:
> Run with --stacktrace option to get the stack trace.
> Run with --info or --debug option to get more log output.
> Run with --scan to get full insights.
> Get more help at https://help.gradle.org.

BUILD FAILED in 7s
