/eval/src/generated/java/com/android/tools/lint/checks/DuplicateIdDetector.java:42: error: appliesTo(Context,File) in DuplicateIdDetector cannot override appliesTo(Context,File) in Detector
    public boolean appliesTo(Context context, java.io.File file) {
                   ^
  overridden method is final
/eval/src/generated/java/com/android/tools/lint/checks/DuplicateIdDetector.java:144: error: cannot find symbol
        return getName();
               ^
  symbol:   method getName()
  location: class DuplicateIdDetector
/eval/src/generated/java/com/android/tools/lint/checks/DuplicateIdDetector.java:147: error: method does not override or implement a method from a supertype
    @Override
    ^
/eval/src/generated/java/com/android/tools/lint/checks/DuplicateIdDetector.java:149: error: cannot find symbol
        return getName().compareTo(other.getName());
               ^
  symbol:   method getName()
  location: class DuplicateIdDetector
/eval/src/generated/java/com/android/tools/lint/checks/DuplicateIdDetector.java:149: error: cannot find symbol
        return getName().compareTo(other.getName());
                                        ^
  symbol:   method getName()
  location: variable other of type Detector
5 errors

FAILURE: Build failed with an exception.

* What went wrong:
Execution failed for task ':compileJava'.
> Compilation failed; see the compiler error output for details.

* Try:
> Run with --info option to get more log output.
> Run with --scan to get full insights.

BUILD FAILED in 4s
