/eval/src/generated/java/com/android/tools/lint/checks/JobSchedulerDetector.java:99: error: type PartialResult does not take parameters
            PartialResult<List<String>> result =
                         ^
/eval/src/generated/java/com/android/tools/lint/checks/JobSchedulerDetector.java:100: error: method getPartialResults in class Context cannot be applied to given types;
                    context.getPartialResults().getOrCreate(PARTIAL_RESULT_KEY, ArrayList::new);
                           ^
  required: Issue
  found:    no arguments
  reason: actual and formal argument lists differ in length
/eval/src/generated/java/com/android/tools/lint/checks/JobSchedulerDetector.java:108: error: cannot find symbol
        List<String> services = partialResults.getData();
                                              ^
  symbol:   method getData()
  location: variable partialResults of type PartialResult
/eval/src/generated/java/com/android/tools/lint/checks/JobSchedulerDetector.java:143: error: cannot find symbol
        Location manifestLocation = Location.create(context.getMainProject().getManifest());
                                                                            ^
  symbol:   method getManifest()
  location: class Project
4 errors

FAILURE: Build failed with an exception.

* What went wrong:
Execution failed for task ':compileJava'.
> Compilation failed; see the compiler error output for details.

* Try:
> Run with --info option to get more log output.
> Run with --scan to get full insights.

BUILD FAILED in 5s
