/eval/src/generated/java/com/android/tools/lint/checks/ManifestResourceDetector.java:10: error: cannot find symbol
import org.jetbrains.annotations.NonNull;
                                ^
  symbol:   class NonNull
  location: package org.jetbrains.annotations
/eval/src/generated/java/com/android/tools/lint/checks/ManifestResourceDetector.java:47: error: cannot find symbol
    public void visitAttribute(@NonNull XmlContext context, @NonNull Attr attribute) {
                                ^
  symbol:   class NonNull
  location: class ManifestResourceDetector
/eval/src/generated/java/com/android/tools/lint/checks/ManifestResourceDetector.java:47: error: cannot find symbol
    public void visitAttribute(@NonNull XmlContext context, @NonNull Attr attribute) {
                                                             ^
  symbol:   class NonNull
  location: class ManifestResourceDetector
/eval/src/generated/java/com/android/tools/lint/checks/ManifestResourceDetector.java:43: error: cannot find symbol
        return ALL_ATTRIBUTES;
               ^
  symbol:   variable ALL_ATTRIBUTES
  location: class ManifestResourceDetector
4 errors

FAILURE: Build failed with an exception.

* What went wrong:
Execution failed for task ':compileJava'.
> Compilation failed; see the compiler error output for details.

* Try:
> Run with --info option to get more log output.
> Run with --scan to get full insights.

BUILD FAILED in 5s
