/eval/src/generated/java/com/android/tools/lint/checks/AllowAllHostnameVerifierDetector.java:7: error: cannot find symbol
import org.jetbrains.uast.visitor.UElementHandler;
                                 ^
  symbol:   class UElementHandler
  location: package org.jetbrains.uast.visitor
/eval/src/generated/java/com/android/tools/lint/checks/AllowAllHostnameVerifierDetector.java:35: error: cannot find symbol
    public UElementHandler createUastHandler(@NotNull JavaContext context) {
           ^
  symbol:   class UElementHandler
  location: class AllowAllHostnameVerifierDetector
/eval/src/generated/java/com/android/tools/lint/checks/AllowAllHostnameVerifierDetector.java:36: error: cannot find symbol
        return new UElementHandler() {
                   ^
  symbol:   class UElementHandler
  location: class AllowAllHostnameVerifierDetector
/eval/src/generated/java/com/android/tools/lint/checks/AllowAllHostnameVerifierDetector.java:37: error: method does not override or implement a method from a supertype
            @Override
            ^
/eval/src/generated/java/com/android/tools/lint/checks/AllowAllHostnameVerifierDetector.java:43: error: cannot find symbol
                JavaEvaluator evaluator = context.getEvaluator();
                ^
  symbol: class JavaEvaluator
5 errors

FAILURE: Build failed with an exception.

* What went wrong:
Execution failed for task ':compileJava'.
> Compilation failed; see the compiler error output for details.

* Try:
> Run with --info option to get more log output.
> Run with --scan to get full insights.

BUILD FAILED in 5s
