/eval/src/generated/java/com/android/tools/lint/checks/ViewConstructorDetector.java:6: error: package androidx.annotation does not exist
import androidx.annotation.NonNull;
                          ^
/eval/src/generated/java/com/android/tools/lint/checks/ViewConstructorDetector.java:19: error: cannot find symbol
public class ViewConstructorDetector extends Detector implements Detector.SourceCodeScanner {
                                                                         ^
  symbol:   class SourceCodeScanner
  location: class Detector
/eval/src/generated/java/com/android/tools/lint/checks/ViewConstructorDetector.java:47: error: cannot find symbol
    @NonNull
     ^
  symbol:   class NonNull
  location: class ViewConstructorDetector
/eval/src/generated/java/com/android/tools/lint/checks/ViewConstructorDetector.java:53: error: cannot find symbol
    public void visitClass(@NonNull JavaContext context, @NonNull UClass declaration) {
                            ^
  symbol:   class NonNull
  location: class ViewConstructorDetector
/eval/src/generated/java/com/android/tools/lint/checks/ViewConstructorDetector.java:53: error: cannot find symbol
    public void visitClass(@NonNull JavaContext context, @NonNull UClass declaration) {
                                                          ^
  symbol:   class NonNull
  location: class ViewConstructorDetector
/eval/src/generated/java/com/android/tools/lint/checks/ViewConstructorDetector.java:89: error: cannot find symbol
            @NonNull UClass cls,
             ^
  symbol:   class NonNull
  location: class ViewConstructorDetector
/eval/src/generated/java/com/android/tools/lint/checks/ViewConstructorDetector.java:90: error: cannot find symbol
            @NonNull String... expectedParameterTypes) {
             ^
  symbol:   class NonNull
  location: class ViewConstructorDetector
/eval/src/generated/java/com/android/tools/lint/checks/ViewConstructorDetector.java:79: error: reference to getLocation is ambiguous
                    context.getLocation(declaration),
                           ^
  both method getLocation(PsiElement) in JavaContext and method getLocation(UElement) in JavaContext match
8 errors

FAILURE: Build failed with an exception.

* What went wrong:
Execution failed for task ':compileJava'.
> Compilation failed; see the compiler error output for details.

* Try:
> Run with --info option to get more log output.
> Run with --scan to get full insights.

BUILD FAILED in 4s
