/eval/src/generated/java/com/android/tools/lint/checks/IconDetector.java:4: error: cannot find symbol
import com.android.resources.DensityQualifier;
                            ^
  symbol:   class DensityQualifier
  location: package com.android.resources
/eval/src/generated/java/com/android/tools/lint/checks/IconDetector.java:5: error: cannot find symbol
import com.android.resources.FolderConfiguration;
                            ^
  symbol:   class FolderConfiguration
  location: package com.android.resources
/eval/src/generated/java/com/android/tools/lint/checks/IconDetector.java:36: error: no suitable constructor found for Implementation(Class<IconDetector>,Scope)
            new Implementation(IconDetector.class, Scope.RESOURCE_FILE)
            ^
    constructor Implementation.Implementation(Class<? extends Detector>,EnumSet<Scope>) is not applicable
      (argument mismatch; Scope cannot be converted to EnumSet<Scope>)
    constructor Implementation.Implementation(Class<? extends Detector>,EnumSet<Scope>,EnumSet<Scope>...) is not applicable
      (argument mismatch; Scope cannot be converted to EnumSet<Scope>)
/eval/src/generated/java/com/android/tools/lint/checks/IconDetector.java:40: error: method does not override or implement a method from a supertype
    @Override
    ^
/eval/src/generated/java/com/android/tools/lint/checks/IconDetector.java:45: error: method does not override or implement a method from a supertype
    @Override
    ^
/eval/src/generated/java/com/android/tools/lint/checks/IconDetector.java:58: error: cannot find symbol
        FolderConfiguration config = FolderConfiguration.getConfigForFolder(parent.getName());
        ^
  symbol:   class FolderConfiguration
  location: class IconDetector
/eval/src/generated/java/com/android/tools/lint/checks/IconDetector.java:58: error: cannot find symbol
        FolderConfiguration config = FolderConfiguration.getConfigForFolder(parent.getName());
                                     ^
  symbol:   variable FolderConfiguration
  location: class IconDetector
/eval/src/generated/java/com/android/tools/lint/checks/IconDetector.java:63: error: cannot find symbol
        DensityQualifier densityQualifier = config.getDensityQualifier();
        ^
  symbol:   class DensityQualifier
  location: class IconDetector
/eval/src/generated/java/com/android/tools/lint/checks/IconDetector.java:95: error: patterns in switch statements are a preview feature and are disabled by default.
        switch (density) {
               ^
  (use --enable-preview to enable patterns in switch statements)
/eval/src/generated/java/com/android/tools/lint/checks/IconDetector.java:96: error: cannot find symbol
            case LDPI: return 36;
                 ^
  symbol:   variable LDPI
  location: class IconDetector
/eval/src/generated/java/com/android/tools/lint/checks/IconDetector.java:97: error: cannot find symbol
            case MDPI: return 48;
                 ^
  symbol:   variable MDPI
  location: class IconDetector
/eval/src/generated/java/com/android/tools/lint/checks/IconDetector.java:98: error: cannot find symbol
            case HDPI: return 72;
                 ^
  symbol:   variable HDPI
  location: class IconDetector
/eval/src/generated/java/com/android/tools/lint/checks/IconDetector.java:99: error: cannot find symbol
            case XHDPI: return 96;
                 ^
  symbol:   variable XHDPI
  location: class IconDetector
/eval/src/generated/java/com/android/tools/lint/checks/IconDetector.java:100: error: cannot find symbol
            case XXHDPI: return 144;
                 ^
  symbol:   variable XXHDPI
  location: class IconDetector
/eval/src/generated/java/com/android/tools/lint/checks/IconDetector.java:101: error: cannot find symbol
            case XXXHDPI: return 192;
                 ^
  symbol:   variable XXXHDPI
  location: class IconDetector
15 errors

FAILURE: Build failed with an exception.

* What went wrong:
Execution failed for task ':compileJava'.
> Compilation failed; see the compiler error output for details.

* Try:
> Run with --info option to get more log output.
> Run with --scan to get full insights.

BUILD FAILED in 4s
