/eval/src/generated/java/com/android/tools/lint/checks/EllipsizeMaxLinesDetector.java:4: error: cannot find symbol
import static com.android.SdkConstants.ATTR_ELLIPSIZE;
^
  symbol:   static ATTR_ELLIPSIZE
  location: class SdkConstants
/eval/src/generated/java/com/android/tools/lint/checks/EllipsizeMaxLinesDetector.java:5: error: cannot find symbol
import static com.android.SdkConstants.ATTR_MAX_LINES;
^
  symbol:   static ATTR_MAX_LINES
  location: class SdkConstants
/eval/src/generated/java/com/android/tools/lint/checks/EllipsizeMaxLinesDetector.java:34: error: cannot find symbol
                            EllipsizeMaxLinesDetector.class, Scope.LAYOUT_RESOURCE_SCOPE));
                                                                  ^
  symbol:   variable LAYOUT_RESOURCE_SCOPE
  location: class Scope
/eval/src/generated/java/com/android/tools/lint/checks/EllipsizeMaxLinesDetector.java:43: error: cannot find symbol
        return Collections.singletonList(ATTR_ELLIPSIZE);
                                         ^
  symbol:   variable ATTR_ELLIPSIZE
  location: class EllipsizeMaxLinesDetector
/eval/src/generated/java/com/android/tools/lint/checks/EllipsizeMaxLinesDetector.java:48: error: cannot find symbol
        if (!ATTR_ELLIPSIZE.equals(attribute.getLocalName())) {
             ^
  symbol:   variable ATTR_ELLIPSIZE
  location: class EllipsizeMaxLinesDetector
/eval/src/generated/java/com/android/tools/lint/checks/EllipsizeMaxLinesDetector.java:52: error: cannot find symbol
        if (element.hasAttributeNS(ANDROID_URI, ATTR_MAX_LINES)) {
                                                ^
  symbol:   variable ATTR_MAX_LINES
  location: class EllipsizeMaxLinesDetector
/eval/src/generated/java/com/android/tools/lint/checks/EllipsizeMaxLinesDetector.java:53: error: cannot find symbol
            String maxLines = element.getAttributeNS(ANDROID_URI, ATTR_MAX_LINES);
                                                                  ^
  symbol:   variable ATTR_MAX_LINES
  location: class EllipsizeMaxLinesDetector
7 errors

FAILURE: Build failed with an exception.

* What went wrong:
Execution failed for task ':compileJava'.
> Compilation failed; see the compiler error output for details.

* Try:
> Run with --info option to get more log output.
> Run with --scan to get full insights.

BUILD FAILED in 15s
