/eval/src/generated/java/com/android/tools/lint/checks/JobSchedulerDetector.java:5: error: cannot find symbol
import com.android.tools.lint.client.api.ConstantEvaluator;
                                        ^
  symbol:   class ConstantEvaluator
  location: package com.android.tools.lint.client.api
/eval/src/generated/java/com/android/tools/lint/checks/JobSchedulerDetector.java:13: error: cannot find symbol
import com.android.tools.lint.detector.api.JavaEvaluator;
                                          ^
  symbol:   class JavaEvaluator
  location: package com.android.tools.lint.detector.api
/eval/src/generated/java/com/android/tools/lint/checks/JobSchedulerDetector.java:85: error: method getPartialResults in class Context cannot be applied to given types;
                context.getPartialResults().getProject(context.getProject());
                       ^
  required: Issue
  found:    no arguments
  reason: actual and formal argument lists differ in length
/eval/src/generated/java/com/android/tools/lint/checks/JobSchedulerDetector.java:107: error: cannot find symbol
        Map<String, Object> projectMap = partialResults.getProject(context.getProject());
                                                       ^
  symbol:   method getProject(Project)
  location: variable partialResults of type PartialResult
/eval/src/generated/java/com/android/tools/lint/checks/JobSchedulerDetector.java:121: error: cannot find symbol
        JavaEvaluator evaluator = context.getEvaluator();
        ^
  symbol:   class JavaEvaluator
  location: class JobSchedulerDetector
/eval/src/generated/java/com/android/tools/lint/checks/JobSchedulerDetector.java:121: error: cannot find symbol
        JavaEvaluator evaluator = context.getEvaluator();
                                         ^
  symbol:   method getEvaluator()
  location: variable context of type Context
/eval/src/generated/java/com/android/tools/lint/checks/JobSchedulerDetector.java:125: error: cannot find symbol
                    JavaPsiFacade.getInstance(context.getProject().getPsiProject())
                                                                  ^
  symbol:   method getPsiProject()
  location: class Project
/eval/src/generated/java/com/android/tools/lint/checks/JobSchedulerDetector.java:126: error: cannot find symbol
                            .findClass(className, context.getProject().getScope());
                                                                      ^
  symbol:   method getScope()
  location: class Project
/eval/src/generated/java/com/android/tools/lint/checks/JobSchedulerDetector.java:189: error: cannot find symbol
                    Object pkg = ConstantEvaluator.evaluate(context, first);
                                 ^
  symbol:   variable ConstantEvaluator
  location: class JobSchedulerDetector
/eval/src/generated/java/com/android/tools/lint/checks/JobSchedulerDetector.java:190: error: cannot find symbol
                    Object cls = ConstantEvaluator.evaluate(context, second);
                                 ^
  symbol:   variable ConstantEvaluator
  location: class JobSchedulerDetector
/eval/src/generated/java/com/android/tools/lint/checks/JobSchedulerDetector.java:198: error: cannot find symbol
        Object value = ConstantEvaluator.evaluate(context, expression);
                       ^
  symbol:   variable ConstantEvaluator
  location: class JobSchedulerDetector
/eval/src/generated/java/com/android/tools/lint/checks/JobSchedulerDetector.java:226: error: cannot find symbol
        String packageName = context.getProject().getManifestPackage();
                                                 ^
  symbol:   method getManifestPackage()
  location: class Project
12 errors

FAILURE: Build failed with an exception.

* What went wrong:
Execution failed for task ':compileJava'.
> Compilation failed; see the compiler error output for details.

* Try:
> Run with --info option to get more log output.
> Run with --scan to get full insights.

BUILD FAILED in 4s
