/eval/src/generated/java/com/android/tools/lint/checks/ManifestResourceDetector.java:7: error: cannot find symbol
import com.android.resources.FolderConfiguration;
                            ^
  symbol:   class FolderConfiguration
  location: package com.android.resources
/eval/src/generated/java/com/android/tools/lint/checks/ManifestResourceDetector.java:54: error: cannot find symbol
        if (url == null || url.theme || url.framework) {
                              ^
  symbol:   variable theme
  location: variable url of type ResourceUrl
/eval/src/generated/java/com/android/tools/lint/checks/ManifestResourceDetector.java:54: error: cannot find symbol
        if (url == null || url.theme || url.framework) {
                                           ^
  symbol:   variable framework
  location: variable url of type ResourceUrl
/eval/src/generated/java/com/android/tools/lint/checks/ManifestResourceDetector.java:62: error: cannot find symbol
        ResourceRepository repository = context.getProject().getResourceRepository();
                                                            ^
  symbol:   method getResourceRepository()
  location: class Project
/eval/src/generated/java/com/android/tools/lint/checks/ManifestResourceDetector.java:67: error: cannot find symbol
        ResourceItem item = repository.getResource(url.type, url.name);
                                      ^
  symbol:   method getResource(ResourceType,String)
  location: variable repository of type ResourceRepository
/eval/src/generated/java/com/android/tools/lint/checks/ManifestResourceDetector.java:94: error: cannot find symbol
        for (ResourceItem alternative : item.getAlternatives()) {
                                            ^
  symbol:   method getAlternatives()
  location: variable item of type ResourceItem
/eval/src/generated/java/com/android/tools/lint/checks/ManifestResourceDetector.java:103: error: incompatible types: PathString cannot be converted to ResourceFile
        ResourceFile source = item.getSource();
                                            ^
/eval/src/generated/java/com/android/tools/lint/checks/ManifestResourceDetector.java:115: error: cannot find symbol
        FolderConfiguration config = FolderConfiguration.getConfigForFolder(parent.getName());
        ^
  symbol:   class FolderConfiguration
  location: class ManifestResourceDetector
/eval/src/generated/java/com/android/tools/lint/checks/ManifestResourceDetector.java:115: error: cannot find symbol
        FolderConfiguration config = FolderConfiguration.getConfigForFolder(parent.getName());
                                     ^
  symbol:   variable FolderConfiguration
  location: class ManifestResourceDetector
9 errors

FAILURE: Build failed with an exception.

* What went wrong:
Execution failed for task ':compileJava'.
> Compilation failed; see the compiler error output for details.

* Try:
> Run with --info option to get more log output.
> Run with --scan to get full insights.

BUILD FAILED in 4s
