/eval/src/generated/java/com/android/tools/lint/checks/RtlDetector.java:23: error: cannot find symbol
import org.jetbrains.uast.UElementHandler;
                         ^
  symbol:   class UElementHandler
  location: package org.jetbrains.uast
/eval/src/generated/java/com/android/tools/lint/checks/RtlDetector.java:91: error: cannot find symbol
    public UElementHandler createUastHandler(JavaContext context) {
           ^
  symbol:   class UElementHandler
  location: class RtlDetector
/eval/src/generated/java/com/android/tools/lint/checks/RtlDetector.java:103: error: cannot find symbol
    private static class RtlHandler extends UElementHandler {
                                            ^
  symbol:   class UElementHandler
  location: class RtlDetector
/eval/src/generated/java/com/android/tools/lint/checks/RtlDetector.java:95: error: method does not override or implement a method from a supertype
    @Override
    ^
/eval/src/generated/java/com/android/tools/lint/checks/RtlDetector.java:110: error: method does not override or implement a method from a supertype
        @Override
        ^
5 errors

FAILURE: Build failed with an exception.

* What went wrong:
Execution failed for task ':compileJava'.
> Compilation failed; see the compiler error output for details.

* Try:
> Run with --info option to get more log output.
> Run with --scan to get full insights.

BUILD FAILED in 5s
