/eval/src/generated/java/com/android/tools/lint/checks/VectorDetector.java:4: error: cannot find symbol
import static com.android.SdkConstants.ATTR_AUTO_MIRRORED;
^
  symbol:   static ATTR_AUTO_MIRRORED
  location: class SdkConstants
/eval/src/generated/java/com/android/tools/lint/checks/VectorDetector.java:5: error: cannot find symbol
import static com.android.SdkConstants.ATTR_FILL_TYPE;
^
  symbol:   static ATTR_FILL_TYPE
  location: class SdkConstants
/eval/src/generated/java/com/android/tools/lint/checks/VectorDetector.java:59: error: cannot find symbol
        Boolean useSupportLibrary = context.getProject().getVectorDrawablesUseSupportLibrary();
                                                        ^
  symbol:   method getVectorDrawablesUseSupportLibrary()
  location: class Project
/eval/src/generated/java/com/android/tools/lint/checks/VectorDetector.java:89: error: cannot find symbol
            Attr autoMirrored = element.getAttributeNodeNS(ANDROID_URI, ATTR_AUTO_MIRRORED);
                                                                        ^
  symbol:   variable ATTR_AUTO_MIRRORED
  location: class VectorDetector
/eval/src/generated/java/com/android/tools/lint/checks/VectorDetector.java:95: error: cannot find symbol
            Attr fillType = element.getAttributeNodeNS(ANDROID_URI, ATTR_FILL_TYPE);
                                                                    ^
  symbol:   variable ATTR_FILL_TYPE
  location: class VectorDetector
5 errors

FAILURE: Build failed with an exception.

* What went wrong:
Execution failed for task ':compileJava'.
> Compilation failed; see the compiler error output for details.

* Try:
> Run with --info option to get more log output.
> Run with --scan to get full insights.

BUILD FAILED in 7s
