/eval/src/generated/java/com/android/tools/lint/checks/IconDetector.java:48: error: method does not override or implement a method from a supertype
    @Override
    ^
/eval/src/generated/java/com/android/tools/lint/checks/IconDetector.java:53: error: incompatible types: Incident cannot be converted to Context
        super.filterIncident(incident, context, map);
                             ^
/eval/src/generated/java/com/android/tools/lint/checks/IconDetector.java:100: error: method does not override or implement a method from a supertype
    @Override
    ^
/eval/src/generated/java/com/android/tools/lint/checks/IconDetector.java:107: error: method does not override or implement a method from a supertype
    @Override
    ^
/eval/src/generated/java/com/android/tools/lint/checks/IconDetector.java:121: error: method does not override or implement a method from a supertype
    @Override
    ^
Note: Some messages have been simplified; recompile with -Xdiags:verbose to get full output
5 errors

FAILURE: Build failed with an exception.

* What went wrong:
Execution failed for task ':compileJava'.
> Compilation failed; see the compiler error output for details.

* Try:
> Run with --info option to get more log output.
> Run with --scan to get full insights.

BUILD FAILED in 6s
