/eval/src/generated/java/com/android/tools/lint/checks/RequiredAttributeDetector.java:11: error: cannot find symbol
import org.jetbrains.annotations.NonNull;
                                ^
  symbol:   class NonNull
  location: package org.jetbrains.annotations
/eval/src/generated/java/com/android/tools/lint/checks/RequiredAttributeDetector.java:37: error: cannot find symbol
    public void visitElement(@NonNull XmlContext context, @NonNull Element element) {
                              ^
  symbol:   class NonNull
  location: class RequiredAttributeDetector
/eval/src/generated/java/com/android/tools/lint/checks/RequiredAttributeDetector.java:37: error: cannot find symbol
    public void visitElement(@NonNull XmlContext context, @NonNull Element element) {
                                                           ^
  symbol:   class NonNull
  location: class RequiredAttributeDetector
/eval/src/generated/java/com/android/tools/lint/checks/RequiredAttributeDetector.java:41: error: cannot find symbol
        if (tag.equals(SdkConstants.TAG_MERGE) || tag.equals(SdkConstants.TAG_INCLUDE) ||
                                   ^
  symbol:   variable TAG_MERGE
  location: class SdkConstants
/eval/src/generated/java/com/android/tools/lint/checks/RequiredAttributeDetector.java:42: error: cannot find symbol
            tag.equals(SdkConstants.TAG_FRAGMENT) || tag.equals(SdkConstants.TAG_REQUEST_FOCUS) ||
                                                                            ^
  symbol:   variable TAG_REQUEST_FOCUS
  location: class SdkConstants
/eval/src/generated/java/com/android/tools/lint/checks/RequiredAttributeDetector.java:43: error: cannot find symbol
            tag.equals(SdkConstants.TAG_TAG)) {
                                   ^
  symbol:   variable TAG_TAG
  location: class SdkConstants
6 errors

FAILURE: Build failed with an exception.

* What went wrong:
Execution failed for task ':compileJava'.
> Compilation failed; see the compiler error output for details.

* Try:
> Run with --info option to get more log output.
> Run with --scan to get full insights.

BUILD FAILED in 5s
