/eval/src/generated/java/com/android/tools/lint/checks/AndroidAutoDetector.java:28: error: cannot find symbol
public class AndroidAutoDetector extends Detector implements Detector.SourceCodeScanner, Detector.XmlScanner {
                                                                     ^
  symbol:   class SourceCodeScanner
  location: class Detector
/eval/src/generated/java/com/android/tools/lint/checks/AndroidAutoDetector.java:58: error: cannot find symbol
        return folderType == ResourceFolderType.MANIFEST;
                                               ^
  symbol:   variable MANIFEST
  location: class ResourceFolderType
/eval/src/generated/java/com/android/tools/lint/checks/AndroidAutoDetector.java:78: error: cannot find symbol
        String packageName = context.getProject().getPackageName();
                                                 ^
  symbol:   method getPackageName()
  location: class Project
/eval/src/generated/java/com/android/tools/lint/checks/AndroidAutoDetector.java:121: error: cannot find symbol
        if (!declaration.isInterface() && !declaration.isAbstract()) {
                                                      ^
  symbol:   method isAbstract()
  location: variable declaration of type UClass
/eval/src/generated/java/com/android/tools/lint/checks/AndroidAutoDetector.java:129: error: method does not override or implement a method from a supertype
    @Override
    ^
5 errors

FAILURE: Build failed with an exception.

* What went wrong:
Execution failed for task ':compileJava'.
> Compilation failed; see the compiler error output for details.

* Try:
> Run with --info option to get more log output.
> Run with --scan to get full insights.

BUILD FAILED in 5s
