/eval/src/generated/java/com/android/tools/lint/checks/AndroidAutoDetector.java:8: error: cannot find symbol
import com.android.tools.lint.detector.api.JavaEvaluator;
                                          ^
  symbol:   class JavaEvaluator
  location: package com.android.tools.lint.detector.api
/eval/src/generated/java/com/android/tools/lint/checks/AndroidAutoDetector.java:14: error: cannot find symbol
import org.jetbrains.annotations.NonNull;
                                ^
  symbol:   class NonNull
  location: package org.jetbrains.annotations
/eval/src/generated/java/com/android/tools/lint/checks/AndroidAutoDetector.java:17: error: cannot find symbol
import org.jetbrains.uast.UElementHandler;
                         ^
  symbol:   class UElementHandler
  location: package org.jetbrains.uast
/eval/src/generated/java/com/android/tools/lint/checks/AndroidAutoDetector.java:44: error: cannot find symbol
    public UElementHandler createUastHandler(@NonNull JavaContext context) {
           ^
  symbol:   class UElementHandler
  location: class AndroidAutoDetector
/eval/src/generated/java/com/android/tools/lint/checks/AndroidAutoDetector.java:44: error: cannot find symbol
    public UElementHandler createUastHandler(@NonNull JavaContext context) {
                                              ^
  symbol:   class NonNull
  location: class AndroidAutoDetector
/eval/src/generated/java/com/android/tools/lint/checks/AndroidAutoDetector.java:45: error: cannot find symbol
        return new UElementHandler() {
                   ^
  symbol:   class UElementHandler
  location: class AndroidAutoDetector
/eval/src/generated/java/com/android/tools/lint/checks/AndroidAutoDetector.java:47: error: cannot find symbol
            public void visitClass(@NonNull UClass node) {
                                    ^
  symbol: class NonNull
/eval/src/generated/java/com/android/tools/lint/checks/AndroidAutoDetector.java:46: error: method does not override or implement a method from a supertype
            @Override
            ^
/eval/src/generated/java/com/android/tools/lint/checks/AndroidAutoDetector.java:48: error: cannot find symbol
                JavaEvaluator evaluator = context.getEvaluator();
                ^
  symbol: class JavaEvaluator
9 errors

FAILURE: Build failed with an exception.

* What went wrong:
Execution failed for task ':compileJava'.
> Compilation failed; see the compiler error output for details.

* Try:
> Run with --info option to get more log output.
> Run with --scan to get full insights.

BUILD FAILED in 5s
