/eval/src/generated/java/com/android/tools/lint/checks/ResourcePrefixDetector.java:20: error: cannot find symbol
public class ResourcePrefixDetector extends Detector implements XmlScanner, BinaryResourceScanner {
                                                                ^
  symbol: class XmlScanner
/eval/src/generated/java/com/android/tools/lint/checks/ResourcePrefixDetector.java:20: error: cannot find symbol
public class ResourcePrefixDetector extends Detector implements XmlScanner, BinaryResourceScanner {
                                                                            ^
  symbol: class BinaryResourceScanner
/eval/src/generated/java/com/android/tools/lint/checks/ResourcePrefixDetector.java:44: error: cannot find symbol
        prefix = context.getProject().getResourcePrefix();
                                     ^
  symbol:   method getResourcePrefix()
  location: class Project
3 errors

FAILURE: Build failed with an exception.

* What went wrong:
Execution failed for task ':compileJava'.
> Compilation failed; see the compiler error output for details.

* Try:
> Run with --info option to get more log output.
> Run with --scan to get full insights.

BUILD FAILED in 5s
