/eval/src/generated/java/com/android/tools/lint/checks/AccessibilityDetector.java:25: error: cannot find symbol
            Category.ACCESSIBILITY,
                    ^
  symbol:   variable ACCESSIBILITY
  location: class Category
/eval/src/generated/java/com/android/tools/lint/checks/AccessibilityDetector.java:34: error: cannot find symbol
                SdkConstants.TAG_IMAGE_VIEW,
                            ^
  symbol:   variable TAG_IMAGE_VIEW
  location: class SdkConstants
/eval/src/generated/java/com/android/tools/lint/checks/AccessibilityDetector.java:35: error: cannot find symbol
                SdkConstants.TAG_IMAGE_BUTTON
                            ^
  symbol:   variable TAG_IMAGE_BUTTON
  location: class SdkConstants
3 errors

FAILURE: Build failed with an exception.

* What went wrong:
Execution failed for task ':compileJava'.
> Compilation failed; see the compiler error output for details.

* Try:
> Run with --info option to get more log output.
> Run with --scan to get full insights.

BUILD FAILED in 5s
