e: file:///eval/src/generated/kotlin/com/android/tools/lint/checks/CredentialManagerDigitalAssetLinkDetector.kt:29:51 Unresolved reference: KOTLIN_FILE
e: file:///eval/src/generated/kotlin/com/android/tools/lint/checks/CredentialManagerDigitalAssetLinkDetector.kt:38:5 'visitUastNode' overrides nothing
e: file:///eval/src/generated/kotlin/com/android/tools/lint/checks/CredentialManagerDigitalAssetLinkDetector.kt:40:21 Unresolved reference: getUserData
e: file:///eval/src/generated/kotlin/com/android/tools/lint/checks/CredentialManagerDigitalAssetLinkDetector.kt:49:40 None of the following functions can be called with the arguments supplied: 
public open fun getQualifiedName(psiClass: PsiClass): String? defined in com.android.tools.lint.client.api.JavaEvaluator
public open fun getQualifiedName(psiClassType: PsiClassType): String? defined in com.android.tools.lint.client.api.JavaEvaluator
e: file:///eval/src/generated/kotlin/com/android/tools/lint/checks/CredentialManagerDigitalAssetLinkDetector.kt:54:25 Unresolved reference: putUserData
e: file:///eval/src/generated/kotlin/com/android/tools/lint/checks/CredentialManagerDigitalAssetLinkDetector.kt:65:17 Unresolved reference: putUserData
e: file:///eval/src/generated/kotlin/com/android/tools/lint/checks/CredentialManagerDigitalAssetLinkDetector.kt:79:17 Unresolved reference: putUserData
e: file:///eval/src/generated/kotlin/com/android/tools/lint/checks/CredentialManagerDigitalAssetLinkDetector.kt:84:35 Unresolved reference: getUserData
e: file:///eval/src/generated/kotlin/com/android/tools/lint/checks/CredentialManagerDigitalAssetLinkDetector.kt:85:30 Unresolved reference: getUserData
e: file:///eval/src/generated/kotlin/com/android/tools/lint/checks/CredentialManagerDigitalAssetLinkDetector.kt:86:35 Unresolved reference: getUserData

FAILURE: Build failed with an exception.

* What went wrong:
Execution failed for task ':compileKotlin'.
> A failure occurred while executing org.jetbrains.kotlin.compilerRunner.GradleCompilerRunnerWithWorkers$GradleKotlinCompilerWorkAction
   > Compilation error. See log for more details

* Try:
> Run with --stacktrace option to get the stack trace.
> Run with --info or --debug option to get more log output.
> Run with --scan to get full insights.
> Get more help at https://help.gradle.org.

BUILD FAILED in 7s
