e: file:///eval/src/generated/kotlin/com/android/tools/lint/checks/TranslucentViewDetector.kt:20:45 Unresolved reference: SourceCodeScanner
e: file:///eval/src/generated/kotlin/com/android/tools/lint/checks/TranslucentViewDetector.kt:20:64 Unresolved reference: XmlScanner
e: file:///eval/src/generated/kotlin/com/android/tools/lint/checks/TranslucentViewDetector.kt:38:38 Unresolved reference: Implementation
e: file:///eval/src/generated/kotlin/com/android/tools/lint/checks/TranslucentViewDetector.kt:40:24 Type mismatch: inferred type is EnumSet<Scope>! but Enum<TypeVariable(E)!>! was expected
e: file:///eval/src/generated/kotlin/com/android/tools/lint/checks/TranslucentViewDetector.kt:40:46 Type mismatch: inferred type is EnumSet<Scope>! but Scope! was expected
e: file:///eval/src/generated/kotlin/com/android/tools/lint/checks/TranslucentViewDetector.kt:40:46 Type mismatch: inferred type is EnumSet<Scope>! but Enum<Scope!>! was expected
e: file:///eval/src/generated/kotlin/com/android/tools/lint/checks/TranslucentViewDetector.kt:74:42 Unresolved reference: MANIFEST
e: file:///eval/src/generated/kotlin/com/android/tools/lint/checks/TranslucentViewDetector.kt:100:33 Unresolved reference: getMainProject
e: file:///eval/src/generated/kotlin/com/android/tools/lint/checks/TranslucentViewDetector.kt:165:27 Unresolved reference: Builder

FAILURE: Build failed with an exception.

* What went wrong:
Execution failed for task ':compileKotlin'.
> A failure occurred while executing org.jetbrains.kotlin.compilerRunner.GradleCompilerRunnerWithWorkers$GradleKotlinCompilerWorkAction
   > Compilation error. See log for more details

* Try:
> Run with --stacktrace option to get the stack trace.
> Run with --info or --debug option to get more log output.
> Run with --scan to get full insights.
> Get more help at https://help.gradle.org.

BUILD FAILED in 7s
