/eval/src/generated/java/com/android/tools/lint/checks/BadHostnameVerifierDetector.java:5: error: cannot find symbol
import org.jetbrains.annotations.NonNull;
                                ^
  symbol:   class NonNull
  location: package org.jetbrains.annotations
/eval/src/generated/java/com/android/tools/lint/checks/BadHostnameVerifierDetector.java:12: error: cannot find symbol
public class BadHostnameVerifierDetector extends Detector implements UastScanner {
                                                                     ^
  symbol: class UastScanner
/eval/src/generated/java/com/android/tools/lint/checks/BadHostnameVerifierDetector.java:33: error: cannot find symbol
    public void visitMethod(@NonNull JavaContext context, @NonNull UMethod method) {
                             ^
  symbol:   class NonNull
  location: class BadHostnameVerifierDetector
/eval/src/generated/java/com/android/tools/lint/checks/BadHostnameVerifierDetector.java:33: error: cannot find symbol
    public void visitMethod(@NonNull JavaContext context, @NonNull UMethod method) {
                                                           ^
  symbol:   class NonNull
  location: class BadHostnameVerifierDetector
/eval/src/generated/java/com/android/tools/lint/checks/BadHostnameVerifierDetector.java:83: error: cannot find symbol
    private boolean alwaysReturnsTrue(@NonNull UExpression body) {
                                       ^
  symbol:   class NonNull
  location: class BadHostnameVerifierDetector
/eval/src/generated/java/com/android/tools/lint/checks/BadHostnameVerifierDetector.java:32: error: method does not override or implement a method from a supertype
    @Override
    ^
Note: /eval/src/generated/java/com/android/tools/lint/checks/BadHostnameVerifierDetector.java uses or overrides a deprecated API.
Note: Recompile with -Xlint:deprecation for details.
6 errors

FAILURE: Build failed with an exception.

* What went wrong:
Execution failed for task ':compileJava'.
> Compilation failed; see the compiler error output for details.

* Try:
> Run with --info option to get more log output.
> Run with --scan to get full insights.

BUILD FAILED in 5s
