/eval/src/generated/java/com/android/tools/lint/checks/BadHostnameVerifierDetector.java:33: error: cannot find symbol
import org.jetbrains.uast.UWhenExpression;
                         ^
  symbol:   class UWhenExpression
  location: package org.jetbrains.uast
/eval/src/generated/java/com/android/tools/lint/checks/BadHostnameVerifierDetector.java:74: error: method does not override or implement a method from a supertype
    @Override
    ^
/eval/src/generated/java/com/android/tools/lint/checks/BadHostnameVerifierDetector.java:99: error: method does not override or implement a method from a supertype
    @Override
    ^
/eval/src/generated/java/com/android/tools/lint/checks/BadHostnameVerifierDetector.java:105: error: method does not override or implement a method from a supertype
    @Override
    ^
/eval/src/generated/java/com/android/tools/lint/checks/BadHostnameVerifierDetector.java:140: error: cannot find symbol
                    || current instanceof UWhenExpression
                                          ^
  symbol:   class UWhenExpression
  location: class BadHostnameVerifierDetector
5 errors

FAILURE: Build failed with an exception.

* What went wrong:
Execution failed for task ':compileJava'.
> Compilation failed; see the compiler error output for details.

* Try:
> Run with --info option to get more log output.
> Run with --scan to get full insights.

BUILD FAILED in 3s
