/eval/src/generated/java/com/android/tools/lint/checks/UnsafeNativeCodeDetector.java:12: error: cannot find symbol
import org.jetbrains.annotations.NonNull;
                                ^
  symbol:   class NonNull
  location: package org.jetbrains.annotations
/eval/src/generated/java/com/android/tools/lint/checks/UnsafeNativeCodeDetector.java:45: error: cannot find symbol
    public void visitFile(@NonNull Context context, @NonNull File file) {
                           ^
  symbol:   class NonNull
  location: class UnsafeNativeCodeDetector
/eval/src/generated/java/com/android/tools/lint/checks/UnsafeNativeCodeDetector.java:45: error: cannot find symbol
    public void visitFile(@NonNull Context context, @NonNull File file) {
                                                     ^
  symbol:   class NonNull
  location: class UnsafeNativeCodeDetector
/eval/src/generated/java/com/android/tools/lint/checks/UnsafeNativeCodeDetector.java:35: error: cannot find symbol
                    EnumSet.of(Scope.RESOURCE_FILE_SCOPE, Scope.ASSET_SCOPE)
                                                               ^
  symbol:   variable ASSET_SCOPE
  location: class Scope
/eval/src/generated/java/com/android/tools/lint/checks/UnsafeNativeCodeDetector.java:41: error: cannot find symbol
        return EnumSet.of(Scope.RESOURCE_FILE_SCOPE, Scope.ASSET_SCOPE);
                                                          ^
  symbol:   variable ASSET_SCOPE
  location: class Scope
/eval/src/generated/java/com/android/tools/lint/checks/UnsafeNativeCodeDetector.java:44: error: method does not override or implement a method from a supertype
    @Override
    ^
6 errors

FAILURE: Build failed with an exception.

* What went wrong:
Execution failed for task ':compileJava'.
> Compilation failed; see the compiler error output for details.

* Try:
> Run with --info option to get more log output.
> Run with --scan to get full insights.

BUILD FAILED in 7s
