/eval/src/generated/java/com/android/tools/lint/checks/RegistrationDetector.java:14: error: cannot find symbol
public class RegistrationDetector extends Detector implements UastScanner {
                                                              ^
  symbol: class UastScanner
/eval/src/generated/java/com/android/tools/lint/checks/RegistrationDetector.java:48: error: incompatible types: String cannot be converted to JvmModifier
        if (declaration.hasModifier(PsiModifier.ABSTRACT)) {
                                               ^
/eval/src/generated/java/com/android/tools/lint/checks/RegistrationDetector.java:70: error: cannot find symbol
        File manifest = context.getProject().getManifest();
                                            ^
  symbol:   method getManifest()
  location: class Project
Note: /eval/src/generated/java/com/android/tools/lint/checks/RegistrationDetector.java uses or overrides a deprecated API.
Note: Recompile with -Xlint:deprecation for details.
Note: Some messages have been simplified; recompile with -Xdiags:verbose to get full output
3 errors

FAILURE: Build failed with an exception.

* What went wrong:
Execution failed for task ':compileJava'.
> Compilation failed; see the compiler error output for details.

* Try:
> Run with --info option to get more log output.
> Run with --scan to get full insights.

BUILD FAILED in 4s
