/eval/src/generated/java/com/android/tools/lint/checks/RegistrationDetector.java:7: error: cannot find symbol
import org.jetbrains.uast.UastModifier;
                         ^
  symbol:   class UastModifier
  location: package org.jetbrains.uast
/eval/src/generated/java/com/android/tools/lint/checks/RegistrationDetector.java:15: error: cannot find symbol
public class RegistrationDetector extends Detector implements UastScanner {
                                                              ^
  symbol: class UastScanner
/eval/src/generated/java/com/android/tools/lint/checks/RegistrationDetector.java:40: error: cannot find symbol
        if (node.getModifiers().contains(UastModifier.ABSTRACT)) {
                                         ^
  symbol:   variable UastModifier
  location: class RegistrationDetector
/eval/src/generated/java/com/android/tools/lint/checks/RegistrationDetector.java:40: error: cannot find symbol
        if (node.getModifiers().contains(UastModifier.ABSTRACT)) {
                ^
  symbol:   method getModifiers()
  location: variable node of type UClass
/eval/src/generated/java/com/android/tools/lint/checks/RegistrationDetector.java:49: error: cannot find symbol
        JavaEvaluator evaluator = context.getEvaluator();
        ^
  symbol:   class JavaEvaluator
  location: class RegistrationDetector
/eval/src/generated/java/com/android/tools/lint/checks/RegistrationDetector.java:55: error: reference to getLocation is ambiguous
            candidates.add(new Candidate(qualifiedName, context.getLocation(node)));
                                                               ^
  both method getLocation(PsiElement) in JavaContext and method getLocation(UElement) in JavaContext match
/eval/src/generated/java/com/android/tools/lint/checks/RegistrationDetector.java:65: error: cannot find symbol
        File manifest = context.getProject().getManifest();
                                            ^
  symbol:   method getManifest()
  location: class Project
/eval/src/generated/java/com/android/tools/lint/checks/RegistrationDetector.java:72: error: cannot find symbol
            Document document = XmlUtils.parseDocument(manifest, true);
                                ^
  symbol:   variable XmlUtils
  location: class RegistrationDetector
Note: /eval/src/generated/java/com/android/tools/lint/checks/RegistrationDetector.java uses or overrides a deprecated API.
Note: Recompile with -Xlint:deprecation for details.
8 errors

FAILURE: Build failed with an exception.

* What went wrong:
Execution failed for task ':compileJava'.
> Compilation failed; see the compiler error output for details.

* Try:
> Run with --info option to get more log output.
> Run with --scan to get full insights.

BUILD FAILED in 4s
