/eval/src/generated/java/com/android/tools/lint/checks/IconDetector.java:157: error: cannot find symbol
    public org.jetbrains.uast.visitor.UElementHandler createUastHandler(JavaContext context) {
                                     ^
  symbol:   class UElementHandler
  location: package org.jetbrains.uast.visitor
/eval/src/generated/java/com/android/tools/lint/checks/IconDetector.java:97: error: method does not override or implement a method from a supertype
    @Override
    ^
/eval/src/generated/java/com/android/tools/lint/checks/IconDetector.java:103: error: appliesTo(Context,File) in IconDetector cannot override appliesTo(Context,File) in Detector
    public boolean appliesTo(Context context, File file) {
                   ^
  overridden method is final
/eval/src/generated/java/com/android/tools/lint/checks/IconDetector.java:158: error: cannot find symbol
        return new org.jetbrains.uast.visitor.UElementHandler() {
                                             ^
  symbol:   class UElementHandler
  location: package org.jetbrains.uast.visitor
/eval/src/generated/java/com/android/tools/lint/checks/IconDetector.java:159: error: method does not override or implement a method from a supertype
            @Override
            ^
/eval/src/generated/java/com/android/tools/lint/checks/IconDetector.java:163: error: method does not override or implement a method from a supertype
            @Override
            ^
/eval/src/generated/java/com/android/tools/lint/checks/IconDetector.java:167: error: method does not override or implement a method from a supertype
            @Override
            ^
/eval/src/generated/java/com/android/tools/lint/checks/IconDetector.java:171: error: method does not override or implement a method from a supertype
            @Override
            ^
8 errors

FAILURE: Build failed with an exception.

* What went wrong:
Execution failed for task ':compileJava'.
> Compilation failed; see the compiler error output for details.

* Try:
> Run with --info option to get more log output.
> Run with --scan to get full insights.

BUILD FAILED in 4s
