/eval/src/generated/java/com/android/tools/lint/checks/IconDetector.java:86: error: method noneOf in class EnumSet<E#2> cannot be applied to given types;
            Set<Density> missing = EnumSet.noneOf(Density.class);
                                          ^
  required: Class<E#1>
  found:    Class<Density>
  reason: inference variable E#1 has incompatible bounds
    equality constraints: Density
    lower bounds: Enum<E#1>
  where E#1,E#2 are type-variables:
    E#1 extends Enum<E#1> declared in method <E#1>noneOf(Class<E#1>)
    E#2 extends Enum<E#2> declared in class EnumSet
/eval/src/generated/java/com/android/tools/lint/checks/IconDetector.java:93: error: cannot find symbol
                        file != null ? Location.create(file) : Location.create(context.getFile());
                                                                                      ^
  symbol:   method getFile()
  location: variable context of type Context
/eval/src/generated/java/com/android/tools/lint/checks/IconDetector.java:123: error: cannot find symbol
        if (element != context.getDocument().getDocumentElement()) {
                              ^
  symbol:   method getDocument()
  location: variable context of type XmlContext
/eval/src/generated/java/com/android/tools/lint/checks/IconDetector.java:127: error: cannot find symbol
        File file = context.getFile();
                           ^
  symbol:   method getFile()
  location: variable context of type XmlContext
/eval/src/generated/java/com/android/tools/lint/checks/IconDetector.java:141: error: cannot find symbol
        if (density == Density.TV || density == Density.NONE) {
                                                       ^
  symbol:   variable NONE
  location: class Density
/eval/src/generated/java/com/android/tools/lint/checks/IconDetector.java:161: error: cannot find symbol
        if (density == Density.ANY) {
                              ^
  symbol:   variable ANY
  location: class Density
/eval/src/generated/java/com/android/tools/lint/checks/IconDetector.java:205: error: method noneOf in class EnumSet<E#2> cannot be applied to given types;
        final Set<Density> densities = EnumSet.noneOf(Density.class);
                                              ^
  required: Class<E#1>
  found:    Class<Density>
  reason: inference variable E#1 has incompatible bounds
    equality constraints: Density
    lower bounds: Enum<E#1>
  where E#1,E#2 are type-variables:
    E#1 extends Enum<E#1> declared in method <E#1>noneOf(Class<E#1>)
    E#2 extends Enum<E#2> declared in class EnumSet
/eval/src/generated/java/com/android/tools/lint/checks/IconDetector.java:216: error: type argument Density is not within bounds of type-variable E
        EnumSet<Density> densities =
                ^
  where E is a type-variable:
    E extends Enum<E> declared in class EnumSet
/eval/src/generated/java/com/android/tools/lint/checks/IconDetector.java:217: error: no suitable method found for of(Density,Density,Density,Density)
                EnumSet.of(Density.MEDIUM, Density.HIGH, Density.XHIGH, Density.XXHIGH);
                       ^
    method EnumSet.<E#1>of(E#1) is not applicable
      (cannot infer type-variable(s) E#1
        (actual and formal argument lists differ in length))
    method EnumSet.<E#2>of(E#2,E#2) is not applicable
      (cannot infer type-variable(s) E#2
        (actual and formal argument lists differ in length))
    method EnumSet.<E#3>of(E#3,E#3,E#3) is not applicable
      (cannot infer type-variable(s) E#3
        (actual and formal argument lists differ in length))
    method EnumSet.<E#4>of(E#4,E#4,E#4,E#4) is not applicable
      (inference variable E#4 has incompatible bounds
        lower bounds: Enum<E#4>
        lower bounds: Density)
    method EnumSet.<E#5>of(E#5,E#5,E#5,E#5,E#5) is not applicable
      (cannot infer type-variable(s) E#5
        (actual and formal argument lists differ in length))
    method EnumSet.<E#6>of(E#6,E#6...) is not applicable
      (inference variable E#6 has incompatible bounds
        lower bounds: Enum<E#6>
        lower bounds: Density)
  where E#1,E#2,E#3,E#4,E#5,E#6 are type-variables:
    E#1 extends Enum<E#1> declared in method <E#1>of(E#1)
    E#2 extends Enum<E#2> declared in method <E#2>of(E#2,E#2)
    E#3 extends Enum<E#3> declared in method <E#3>of(E#3,E#3,E#3)
    E#4 extends Enum<E#4> declared in method <E#4>of(E#4,E#4,E#4,E#4)
    E#5 extends Enum<E#5> declared in method <E#5>of(E#5,E#5,E#5,E#5,E#5)
    E#6 extends Enum<E#6> declared in method <E#6>of(E#6,E#6...)
/eval/src/generated/java/com/android/tools/lint/checks/IconDetector.java:238: error: cannot find symbol
            Density density = Density.getByString(part);
                                     ^
  symbol:   method getByString(String)
  location: class Density
/eval/src/generated/java/com/android/tools/lint/checks/IconDetector.java:257: error: patterns in switch statements are a preview feature and are disabled by default.
            switch (density) {
                   ^
  (use --enable-preview to enable patterns in switch statements)
/eval/src/generated/java/com/android/tools/lint/checks/IconDetector.java:258: error: cannot find symbol
                case LOW:
                     ^
  symbol:   variable LOW
  location: class IconDetector
/eval/src/generated/java/com/android/tools/lint/checks/IconDetector.java:261: error: cannot find symbol
                case MEDIUM:
                     ^
  symbol:   variable MEDIUM
  location: class IconDetector
/eval/src/generated/java/com/android/tools/lint/checks/IconDetector.java:264: error: cannot find symbol
                case HIGH:
                     ^
  symbol:   variable HIGH
  location: class IconDetector
/eval/src/generated/java/com/android/tools/lint/checks/IconDetector.java:267: error: cannot find symbol
                case XHIGH:
                     ^
  symbol:   variable XHIGH
  location: class IconDetector
/eval/src/generated/java/com/android/tools/lint/checks/IconDetector.java:270: error: cannot find symbol
                case XXHIGH:
                     ^
  symbol:   variable XXHIGH
  location: class IconDetector
/eval/src/generated/java/com/android/tools/lint/checks/IconDetector.java:273: error: cannot find symbol
                case XXXHIGH:
                     ^
  symbol:   variable XXXHIGH
  location: class IconDetector
/eval/src/generated/java/com/android/tools/lint/checks/IconDetector.java:276: error: cannot find symbol
                case TV:
                     ^
  symbol:   variable TV
  location: class IconDetector
/eval/src/generated/java/com/android/tools/lint/checks/IconDetector.java:280: error: cannot find symbol
                    names.add(density.name().toLowerCase(Locale.US));
                                     ^
  symbol:   method name()
  location: variable density of type Density
19 errors

FAILURE: Build failed with an exception.

* What went wrong:
Execution failed for task ':compileJava'.
> Compilation failed; see the compiler error output for details.

* Try:
> Run with --info option to get more log output.
> Run with --scan to get full insights.

BUILD FAILED in 4s
