/eval/src/generated/java/com/android/tools/lint/checks/StateListDetector.java:7: error: cannot find symbol
import com.android.tools.lint.detector.api.ResourceFolderType;
                                          ^
  symbol:   class ResourceFolderType
  location: package com.android.tools.lint.detector.api
/eval/src/generated/java/com/android/tools/lint/checks/StateListDetector.java:35: error: cannot find symbol
    public boolean appliesTo(@NonNull ResourceFolderType folderType, @NonNull String fileName) {
                                      ^
  symbol:   class ResourceFolderType
  location: class StateListDetector
/eval/src/generated/java/com/android/tools/lint/checks/StateListDetector.java:34: error: method does not override or implement a method from a supertype
    @Override
    ^
/eval/src/generated/java/com/android/tools/lint/checks/StateListDetector.java:36: error: cannot find symbol
        return folderType == ResourceFolderType.DRAWABLE && fileName.endsWith(".xml");
                             ^
  symbol:   variable ResourceFolderType
  location: class StateListDetector
4 errors

FAILURE: Build failed with an exception.

* What went wrong:
Execution failed for task ':compileJava'.
> Compilation failed; see the compiler error output for details.

* Try:
> Run with --info option to get more log output.
> Run with --scan to get full insights.

BUILD FAILED in 4s
