/eval/src/generated/java/com/android/tools/lint/checks/IconDetector.java:73: error: cannot find symbol
    public void visitElement(@NonNull XmlContext context, @NonNull Element element) {
                                      ^
  symbol:   class XmlContext
  location: class IconDetector
/eval/src/generated/java/com/android/tools/lint/checks/IconDetector.java:113: error: method getLocation in class Context cannot be applied to given types;
            Location location = context.getLocation();
                                       ^
  required: Object,LocationType
  found:    no arguments
  reason: actual and formal argument lists differ in length
2 errors

FAILURE: Build failed with an exception.

* What went wrong:
Execution failed for task ':compileJava'.
> Compilation failed; see the compiler error output for details.

* Try:
> Run with --info option to get more log output.
> Run with --scan to get full insights.

BUILD FAILED in 4s
