e: file:///eval/src/generated/kotlin/com/android/tools/lint/checks/AccessibilityWindowStateChangedDetector.kt:16:27 Unresolved reference: operators
e: file:///eval/src/generated/kotlin/com/android/tools/lint/checks/AccessibilityWindowStateChangedDetector.kt:29:18 Return type of 'createUastHandler' is not a subtype of the return type of the overridden member 'public open fun createUastHandler(context: JavaContext): UElementHandler? defined in com.android.tools.lint.detector.api.Detector'
e: file:///eval/src/generated/kotlin/com/android/tools/lint/checks/AccessibilityWindowStateChangedDetector.kt:29:69 Unresolved reference: UElementHandler
e: file:///eval/src/generated/kotlin/com/android/tools/lint/checks/AccessibilityWindowStateChangedDetector.kt:31:9 'visitCallExpression' overrides nothing
e: file:///eval/src/generated/kotlin/com/android/tools/lint/checks/AccessibilityWindowStateChangedDetector.kt:40:69 Type mismatch: inferred type is UExpression but UReferenceExpression? was expected
e: file:///eval/src/generated/kotlin/com/android/tools/lint/checks/AccessibilityWindowStateChangedDetector.kt:48:69 Type mismatch: inferred type is UExpression but UReferenceExpression? was expected
e: file:///eval/src/generated/kotlin/com/android/tools/lint/checks/AccessibilityWindowStateChangedDetector.kt:56:69 Type mismatch: inferred type is UExpression but UReferenceExpression? was expected
e: file:///eval/src/generated/kotlin/com/android/tools/lint/checks/AccessibilityWindowStateChangedDetector.kt:64:9 'visitBinaryExpression' overrides nothing
e: file:///eval/src/generated/kotlin/com/android/tools/lint/checks/AccessibilityWindowStateChangedDetector.kt:65:35 Unresolved reference: UastBinaryOperator
e: file:///eval/src/generated/kotlin/com/android/tools/lint/checks/AccessibilityWindowStateChangedDetector.kt:82:42 Type mismatch: inferred type is UExpression but UReferenceExpression? was expected

FAILURE: Build failed with an exception.

* What went wrong:
Execution failed for task ':compileKotlin'.
> A failure occurred while executing org.jetbrains.kotlin.compilerRunner.GradleCompilerRunnerWithWorkers$GradleKotlinCompilerWorkAction
   > Compilation error. See log for more details

* Try:
> Run with --stacktrace option to get the stack trace.
> Run with --info or --debug option to get more log output.
> Run with --scan to get full insights.
> Get more help at https://help.gradle.org.

BUILD FAILED in 8s
