/eval/src/generated/java/com/android/tools/lint/checks/TooManyViewsDetector.java:46: error: method does not override or implement a method from a supertype
    @Override
    ^
/eval/src/generated/java/com/android/tools/lint/checks/TooManyViewsDetector.java:56: error: method does not override or implement a method from a supertype
    @Override
    ^
/eval/src/generated/java/com/android/tools/lint/checks/TooManyViewsDetector.java:62: error: cannot find symbol
                    : context.getFileLocation();
                             ^
  symbol:   method getFileLocation()
  location: variable context of type XmlContext
3 errors

FAILURE: Build failed with an exception.

* What went wrong:
Execution failed for task ':compileJava'.
> Compilation failed; see the compiler error output for details.

* Try:
> Run with --info option to get more log output.
> Run with --scan to get full insights.

BUILD FAILED in 4s
