/eval/src/generated/java/com/android/tools/lint/checks/DuplicateIdDetector.java:11: error: cannot find symbol
import com.android.tools.SdkConstants;
                        ^
  symbol:   class SdkConstants
  location: package com.android.tools
/eval/src/generated/java/com/android/tools/lint/checks/DuplicateIdDetector.java:30: error: cannot find symbol
                    Scope.LAYOUT_FILE_SCOPE
                         ^
  symbol:   variable LAYOUT_FILE_SCOPE
  location: class Scope
/eval/src/generated/java/com/android/tools/lint/checks/DuplicateIdDetector.java:43: error: cannot find symbol
        return Collections.singletonList(SdkConstants.ATTR_ID);
                                         ^
  symbol:   variable SdkConstants
  location: class DuplicateIdDetector
/eval/src/generated/java/com/android/tools/lint/checks/DuplicateIdDetector.java:48: error: package SdkConstants does not exist
        if (!SdkConstants.ANDROID_URI.equals(attribute.getNamespaceURI())) {
                         ^
/eval/src/generated/java/com/android/tools/lint/checks/DuplicateIdDetector.java:53: error: cannot find symbol
        if (value.startsWith(SdkConstants.NEW_ID_PREFIX)) {
                             ^
  symbol:   variable SdkConstants
  location: class DuplicateIdDetector
/eval/src/generated/java/com/android/tools/lint/checks/DuplicateIdDetector.java:54: error: package SdkConstants does not exist
            id = value.substring(SdkConstants.NEW_ID_PREFIX.length());
                                             ^
/eval/src/generated/java/com/android/tools/lint/checks/DuplicateIdDetector.java:55: error: cannot find symbol
        } else if (value.startsWith(SdkConstants.ID_PREFIX)) {
                                    ^
  symbol:   variable SdkConstants
  location: class DuplicateIdDetector
/eval/src/generated/java/com/android/tools/lint/checks/DuplicateIdDetector.java:56: error: package SdkConstants does not exist
            id = value.substring(SdkConstants.ID_PREFIX.length());
                                             ^
8 errors

FAILURE: Build failed with an exception.

* What went wrong:
Execution failed for task ':compileJava'.
> Compilation failed; see the compiler error output for details.

* Try:
> Run with --info option to get more log output.
> Run with --scan to get full insights.

BUILD FAILED in 6s
