/eval/src/generated/java/com/android/tools/lint/checks/ParcelDetector.java:14: error: cannot find symbol
import org.jetbrains.uast.JvmModifier;
                         ^
  symbol:   class JvmModifier
  location: package org.jetbrains.uast
/eval/src/generated/java/com/android/tools/lint/checks/ParcelDetector.java:42: error: cannot find symbol
        if (declaration.isInterface() || declaration.isAbstract()) {
                                                    ^
  symbol:   method isAbstract()
  location: variable declaration of type UClass
/eval/src/generated/java/com/android/tools/lint/checks/ParcelDetector.java:48: error: cannot find symbol
                if (field.hasModifier(JvmModifier.PUBLIC) &&
                                      ^
  symbol:   variable JvmModifier
  location: class ParcelDetector
/eval/src/generated/java/com/android/tools/lint/checks/ParcelDetector.java:49: error: cannot find symbol
                    field.hasModifier(JvmModifier.STATIC) &&
                                      ^
  symbol:   variable JvmModifier
  location: class ParcelDetector
/eval/src/generated/java/com/android/tools/lint/checks/ParcelDetector.java:50: error: cannot find symbol
                    field.hasModifier(JvmModifier.FINAL)) {
                                      ^
  symbol:   variable JvmModifier
  location: class ParcelDetector
5 errors

FAILURE: Build failed with an exception.

* What went wrong:
Execution failed for task ':compileJava'.
> Compilation failed; see the compiler error output for details.

* Try:
> Run with --info option to get more log output.
> Run with --scan to get full insights.

BUILD FAILED in 6s
