/eval/src/generated/java/com/android/tools/lint/checks/RegistrationDetector.java:61: error: cannot find symbol
        if (declaration.isAbstract() || !declaration.isPublic()) {
                       ^
  symbol:   method isAbstract()
  location: variable declaration of type UClass
/eval/src/generated/java/com/android/tools/lint/checks/RegistrationDetector.java:61: error: cannot find symbol
        if (declaration.isAbstract() || !declaration.isPublic()) {
                                                    ^
  symbol:   method isPublic()
  location: variable declaration of type UClass
/eval/src/generated/java/com/android/tools/lint/checks/RegistrationDetector.java:72: error: reference to getLocation is ambiguous
        pendingChecks.put(qualifiedName, context.getLocation(declaration));
                                                ^
  both method getLocation(PsiElement) in JavaContext and method getLocation(UElement) in JavaContext match
/eval/src/generated/java/com/android/tools/lint/checks/RegistrationDetector.java:82: error: cannot find symbol
        File manifest = context.getMainProject().getManifest();
                                                ^
  symbol:   method getManifest()
  location: class Project
/eval/src/generated/java/com/android/tools/lint/checks/RegistrationDetector.java:88: error: cannot find symbol
        String packageName = context.getMainProject().getPackageName();
                                                     ^
  symbol:   method getPackageName()
  location: class Project
5 errors

FAILURE: Build failed with an exception.

* What went wrong:
Execution failed for task ':compileJava'.
> Compilation failed; see the compiler error output for details.

* Try:
> Run with --info option to get more log output.
> Run with --scan to get full insights.

BUILD FAILED in 5s
