/eval/src/generated/java/com/android/tools/lint/checks/ExifInterfaceDetector.java:17: error: cannot find symbol
import org.jetbrains.uast.UCallKind;
                         ^
  symbol:   class UCallKind
  location: package org.jetbrains.uast
/eval/src/generated/java/com/android/tools/lint/checks/ExifInterfaceDetector.java:26: error: cannot find symbol
public class ExifInterfaceDetector extends Detector implements Detector.SourceCodeScanner {
                                                                       ^
  symbol:   class SourceCodeScanner
  location: class Detector
/eval/src/generated/java/com/android/tools/lint/checks/ExifInterfaceDetector.java:62: error: method does not override or implement a method from a supertype
            @Override
            ^
/eval/src/generated/java/com/android/tools/lint/checks/ExifInterfaceDetector.java:83: error: cannot find symbol
            qualifiedName = ((UImportStatement) node).getQualifiedName();
                                                     ^
  symbol:   method getQualifiedName()
  location: interface UImportStatement
/eval/src/generated/java/com/android/tools/lint/checks/ExifInterfaceDetector.java:96: error: cannot find symbol
            if (call.getKind() == UCallKind.CONSTRUCTOR_CALL) {
                                  ^
  symbol:   variable UCallKind
  location: class ExifInterfaceDetector
5 errors

FAILURE: Build failed with an exception.

* What went wrong:
Execution failed for task ':compileJava'.
> Compilation failed; see the compiler error output for details.

* Try:
> Run with --info option to get more log output.
> Run with --scan to get full insights.

BUILD FAILED in 4s
