/eval/src/generated/java/com/android/tools/lint/checks/AllowAllHostnameVerifierDetector.java:19: error: cannot find symbol
import org.jetbrains.annotations.NonNull;
                                ^
  symbol:   class NonNull
  location: package org.jetbrains.annotations
/eval/src/generated/java/com/android/tools/lint/checks/AllowAllHostnameVerifierDetector.java:54: error: cannot find symbol
    public void visitClass(@NonNull JavaContext context, @NonNull UClass declaration) {
                            ^
  symbol:   class NonNull
  location: class AllowAllHostnameVerifierDetector
/eval/src/generated/java/com/android/tools/lint/checks/AllowAllHostnameVerifierDetector.java:54: error: cannot find symbol
    public void visitClass(@NonNull JavaContext context, @NonNull UClass declaration) {
                                                          ^
  symbol:   class NonNull
  location: class AllowAllHostnameVerifierDetector
/eval/src/generated/java/com/android/tools/lint/checks/AllowAllHostnameVerifierDetector.java:126: error: cannot find symbol
    public void visitConstructor(@NonNull JavaContext context, @NonNull UCallExpression node, @NonNull PsiMethod constructor) {
                                  ^
  symbol:   class NonNull
  location: class AllowAllHostnameVerifierDetector
/eval/src/generated/java/com/android/tools/lint/checks/AllowAllHostnameVerifierDetector.java:126: error: cannot find symbol
    public void visitConstructor(@NonNull JavaContext context, @NonNull UCallExpression node, @NonNull PsiMethod constructor) {
                                                                ^
  symbol:   class NonNull
  location: class AllowAllHostnameVerifierDetector
/eval/src/generated/java/com/android/tools/lint/checks/AllowAllHostnameVerifierDetector.java:126: error: cannot find symbol
    public void visitConstructor(@NonNull JavaContext context, @NonNull UCallExpression node, @NonNull PsiMethod constructor) {
                                                                                               ^
  symbol:   class NonNull
  location: class AllowAllHostnameVerifierDetector
/eval/src/generated/java/com/android/tools/lint/checks/AllowAllHostnameVerifierDetector.java:141: error: cannot find symbol
    public void visitReference(@NonNull JavaContext context, @NonNull UReferenceExpression reference, @NonNull PsiElement referenced) {
                                ^
  symbol:   class NonNull
  location: class AllowAllHostnameVerifierDetector
/eval/src/generated/java/com/android/tools/lint/checks/AllowAllHostnameVerifierDetector.java:141: error: cannot find symbol
    public void visitReference(@NonNull JavaContext context, @NonNull UReferenceExpression reference, @NonNull PsiElement referenced) {
                                                              ^
  symbol:   class NonNull
  location: class AllowAllHostnameVerifierDetector
/eval/src/generated/java/com/android/tools/lint/checks/AllowAllHostnameVerifierDetector.java:141: error: cannot find symbol
    public void visitReference(@NonNull JavaContext context, @NonNull UReferenceExpression reference, @NonNull PsiElement referenced) {
                                                                                                       ^
  symbol:   class NonNull
  location: class AllowAllHostnameVerifierDetector
/eval/src/generated/java/com/android/tools/lint/checks/AllowAllHostnameVerifierDetector.java:81: error: cannot find symbol
            public boolean visitReturnExpression(@NonNull UReturnExpression node) {
                                                  ^
  symbol: class NonNull
10 errors

FAILURE: Build failed with an exception.

* What went wrong:
Execution failed for task ':compileJava'.
> Compilation failed; see the compiler error output for details.

* Try:
> Run with --info option to get more log output.
> Run with --scan to get full insights.

BUILD FAILED in 5s
