/eval/src/generated/java/com/android/tools/lint/checks/IconDetector.java:70: error: no suitable constructor found for Incident(Issue)
                                        Incident incident = new Incident(ISSUE);
                                                            ^
    constructor Incident.Incident(Issue,String,Location,Object,LintFix) is not applicable
      (actual and formal argument lists differ in length)
    constructor Incident.Incident(Issue,String,Location) is not applicable
      (actual and formal argument lists differ in length)
    constructor Incident.Incident(Issue,String,Location,LintFix) is not applicable
      (actual and formal argument lists differ in length)
    constructor Incident.Incident(Issue,Location,String) is not applicable
      (actual and formal argument lists differ in length)
    constructor Incident.Incident(Issue,Location,String,LintFix) is not applicable
      (actual and formal argument lists differ in length)
    constructor Incident.Incident(Issue,Object,Location,String) is not applicable
      (actual and formal argument lists differ in length)
    constructor Incident.Incident(Issue,Object,Location,String,LintFix) is not applicable
      (actual and formal argument lists differ in length)
    constructor Incident.Incident() is not applicable
      (actual and formal argument lists differ in length)
1 error

FAILURE: Build failed with an exception.

* What went wrong:
Execution failed for task ':compileJava'.
> Compilation failed; see the compiler error output for details.

* Try:
> Run with --info option to get more log output.
> Run with --scan to get full insights.

BUILD FAILED in 5s
