/eval/src/generated/java/com/android/tools/lint/checks/JobSchedulerDetector.java:31: error: cannot find symbol
import org.jetbrains.uast.UElementHandler;
                         ^
  symbol:   class UElementHandler
  location: package org.jetbrains.uast
/eval/src/generated/java/com/android/tools/lint/checks/JobSchedulerDetector.java:63: error: cannot find symbol
    public UElementHandler createUastHandler(@NotNull JavaContext context) {
           ^
  symbol:   class UElementHandler
  location: class JobSchedulerDetector
/eval/src/generated/java/com/android/tools/lint/checks/JobSchedulerDetector.java:40: error: method create in class Issue cannot be applied to given types;
    public static final Issue ISSUE = Issue.create(
                                           ^
  required: String,String,String,Category,int,Severity,Implementation
  found:    String,String,String,Category,int,Severity,Implementation,String
  reason: actual and formal argument lists differ in length
/eval/src/generated/java/com/android/tools/lint/checks/JobSchedulerDetector.java:64: error: cannot find symbol
        return new UElementHandler() {
                   ^
  symbol:   class UElementHandler
  location: class JobSchedulerDetector
/eval/src/generated/java/com/android/tools/lint/checks/JobSchedulerDetector.java:65: error: method does not override or implement a method from a supertype
            @Override
            ^
/eval/src/generated/java/com/android/tools/lint/checks/JobSchedulerDetector.java:74: error: reference to getLocation is ambiguous
                        mJobServices.add(new JobServiceInfo(fqcn, context.getLocation(node)));
                                                                         ^
  both method getLocation(PsiElement) in JavaContext and method getLocation(UElement) in JavaContext match
/eval/src/generated/java/com/android/tools/lint/checks/JobSchedulerDetector.java:138: error: cannot find symbol
                    PsiClass psiClass = context.getDriver().getJavaEvaluator().findClass(service.fqcn);
                                                           ^
  symbol:   method getJavaEvaluator()
  location: class LintDriver
/eval/src/generated/java/com/android/tools/lint/checks/JobSchedulerDetector.java:140: error: cannot find symbol
                            && !context.getDriver().getJavaEvaluator().extendsClass(psiClass, JOB_SERVICE_CLASS, false)) {
                                                   ^
  symbol:   method getJavaEvaluator()
  location: class LintDriver
8 errors

FAILURE: Build failed with an exception.

* What went wrong:
Execution failed for task ':compileJava'.
> Compilation failed; see the compiler error output for details.

* Try:
> Run with --info option to get more log output.
> Run with --scan to get full insights.

BUILD FAILED in 4s
