/eval/src/generated/java/com/android/tools/lint/checks/OverdrawDetector.java:18: error: cannot find symbol
import org.jetbrains.annotations.NonNull;
                                ^
  symbol:   class NonNull
  location: package org.jetbrains.annotations
/eval/src/generated/java/com/android/tools/lint/checks/OverdrawDetector.java:45: error: cannot find symbol
    public void visitDocument(@NonNull XmlContext context, @NonNull Document document) {
                               ^
  symbol:   class NonNull
  location: class OverdrawDetector
/eval/src/generated/java/com/android/tools/lint/checks/OverdrawDetector.java:45: error: cannot find symbol
    public void visitDocument(@NonNull XmlContext context, @NonNull Document document) {
                                                            ^
  symbol:   class NonNull
  location: class OverdrawDetector
/eval/src/generated/java/com/android/tools/lint/checks/OverdrawDetector.java:76: error: cannot find symbol
    private Element getFirstChildElement(@NonNull Element parent) {
                                          ^
  symbol:   class NonNull
  location: class OverdrawDetector
/eval/src/generated/java/com/android/tools/lint/checks/OverdrawDetector.java:88: error: cannot find symbol
    private Element getNextSiblingElement(@NonNull Element element) {
                                           ^
  symbol:   class NonNull
  location: class OverdrawDetector
/eval/src/generated/java/com/android/tools/lint/checks/OverdrawDetector.java:41: error: cannot find symbol
            new Implementation(OverdrawDetector.class, Scope.LAYOUT_RESOURCE_SCOPE)
                                                            ^
  symbol:   variable LAYOUT_RESOURCE_SCOPE
  location: class Scope
6 errors

FAILURE: Build failed with an exception.

* What went wrong:
Execution failed for task ':compileJava'.
> Compilation failed; see the compiler error output for details.

* Try:
> Run with --info option to get more log output.
> Run with --scan to get full insights.

BUILD FAILED in 4s
