/eval/src/generated/java/com/android/tools/lint/checks/OverdrawDetector.java:62: error: cannot find symbol
    private final Map<String, Location> rootBackgroundLocations = new HashMap<>();
                              ^
  symbol:   class Location
  location: class OverdrawDetector
/eval/src/generated/java/com/android/tools/lint/checks/OverdrawDetector.java:74: error: cannot find symbol
        for (Map.Entry<String, Location> entry : rootBackgroundLocations.entrySet()) {
                               ^
  symbol:   class Location
  location: class OverdrawDetector
/eval/src/generated/java/com/android/tools/lint/checks/OverdrawDetector.java:76: error: cannot find symbol
            Location location = entry.getValue();
            ^
  symbol:   class Location
  location: class OverdrawDetector
3 errors

FAILURE: Build failed with an exception.

* What went wrong:
Execution failed for task ':compileJava'.
> Compilation failed; see the compiler error output for details.

* Try:
> Run with --info option to get more log output.
> Run with --scan to get full insights.

BUILD FAILED in 5s
