/eval/src/generated/java/com/android/tools/lint/checks/ManifestResourceDetector.java:17: error: cannot find symbol
public class ManifestResourceDetector extends ResourceXmlDetector {
                                              ^
  symbol: class ResourceXmlDetector
/eval/src/generated/java/com/android/tools/lint/checks/ManifestResourceDetector.java:20: error: no suitable constructor found for Implementation(Class<ManifestResourceDetector>,EnumSet<Scope>)
            new Implementation(ManifestResourceDetector.class, Scope.MANIFEST_SCOPE);
            ^
    constructor Implementation.Implementation(Class<? extends Detector>,EnumSet<Scope>) is not applicable
      (argument mismatch; Class<ManifestResourceDetector> cannot be converted to Class<? extends Detector>)
    constructor Implementation.Implementation(Class<? extends Detector>,EnumSet<Scope>,EnumSet<Scope>...) is not applicable
      (argument mismatch; Class<ManifestResourceDetector> cannot be converted to Class<? extends Detector>)
/eval/src/generated/java/com/android/tools/lint/checks/ManifestResourceDetector.java:38: error: method does not override or implement a method from a supertype
    @Override
    ^
/eval/src/generated/java/com/android/tools/lint/checks/ManifestResourceDetector.java:43: error: method does not override or implement a method from a supertype
    @Override
    ^
4 errors

FAILURE: Build failed with an exception.

* What went wrong:
Execution failed for task ':compileJava'.
> Compilation failed; see the compiler error output for details.

* Try:
> Run with --info option to get more log output.
> Run with --scan to get full insights.

BUILD FAILED in 4s
