/eval/src/generated/java/com/android/tools/lint/checks/JobSchedulerDetector.java:57: error: cannot find symbol
        UExpression componentArg = node.getValueArgument(1);
                                       ^
  symbol:   method getValueArgument(int)
  location: variable node of type UCallExpression
/eval/src/generated/java/com/android/tools/lint/checks/JobSchedulerDetector.java:79: error: method map in class PartialResult cannot be applied to given types;
        LintMap map = context.getPartialResults(ISSUE).map(context.getProject());
                                                      ^
  required: no arguments
  found:    Project
  reason: actual and formal argument lists differ in length
/eval/src/generated/java/com/android/tools/lint/checks/JobSchedulerDetector.java:80: error: method getString in class LintMap cannot be applied to given types;
        String services = map.getString("services");
                             ^
  required: String,String
  found:    String
  reason: actual and formal argument lists differ in length
/eval/src/generated/java/com/android/tools/lint/checks/JobSchedulerDetector.java:99: error: cannot find symbol
                    UExpression initializer = context.getUastContext().getInitializerFor((PsiLocalVariable) resolved);
                                                     ^
  symbol:   method getUastContext()
  location: variable context of type JavaContext
/eval/src/generated/java/com/android/tools/lint/checks/JobSchedulerDetector.java:105: error: cannot find symbol
                    UExpression initializer = context.getUastContext().getInitializerFor((PsiField) resolved);
                                                     ^
  symbol:   method getUastContext()
  location: variable context of type JavaContext
/eval/src/generated/java/com/android/tools/lint/checks/JobSchedulerDetector.java:187: error: cannot find symbol
        for (Project project : partialResults.getProjects()) {
                                             ^
  symbol:   method getProjects()
  location: variable partialResults of type PartialResult
/eval/src/generated/java/com/android/tools/lint/checks/JobSchedulerDetector.java:188: error: method map in class PartialResult cannot be applied to given types;
            LintMap map = partialResults.map(project);
                                        ^
  required: no arguments
  found:    Project
  reason: actual and formal argument lists differ in length
/eval/src/generated/java/com/android/tools/lint/checks/JobSchedulerDetector.java:189: error: method getString in class LintMap cannot be applied to given types;
            String services = map.getString("services");
                                 ^
  required: String,String
  found:    String
  reason: actual and formal argument lists differ in length
/eval/src/generated/java/com/android/tools/lint/checks/JobSchedulerDetector.java:203: error: no suitable method found for create(File,int,int)
                    Location location = Location.create(file, start, end);
                                                ^
    method Location.create(File,Position,Position) is not applicable
      (argument mismatch; int cannot be converted to Position)
    method Location.create(File,String,int) is not applicable
      (argument mismatch; int cannot be converted to String)
Note: Some messages have been simplified; recompile with -Xdiags:verbose to get full output
9 errors

FAILURE: Build failed with an exception.

* What went wrong:
Execution failed for task ':compileJava'.
> Compilation failed; see the compiler error output for details.

* Try:
> Run with --info option to get more log output.
> Run with --scan to get full insights.

BUILD FAILED in 6s
