/eval/src/generated/java/com/android/tools/lint/checks/StateListDetector.java:6: error: cannot find symbol
import com.android.tools.lint.detector.api.ResourceFolderType;
                                          ^
  symbol:   class ResourceFolderType
  location: package com.android.tools.lint.detector.api
/eval/src/generated/java/com/android/tools/lint/checks/StateListDetector.java:27: error: cannot find symbol
    public boolean appliesTo(ResourceFolderType folderType) {
                             ^
  symbol:   class ResourceFolderType
  location: class StateListDetector
/eval/src/generated/java/com/android/tools/lint/checks/StateListDetector.java:28: error: cannot find symbol
        return folderType == ResourceFolderType.DRAWABLE;
                             ^
  symbol:   variable ResourceFolderType
  location: class StateListDetector
3 errors

FAILURE: Build failed with an exception.

* What went wrong:
Execution failed for task ':compileJava'.
> Compilation failed; see the compiler error output for details.

* Try:
> Run with --info option to get more log output.
> Run with --scan to get full insights.

BUILD FAILED in 5s
