/eval/src/generated/java/com/android/tools/lint/checks/IconDetector.java:56: error: method does not override or implement a method from a supertype
    @Override
    ^
/eval/src/generated/java/com/android/tools/lint/checks/IconDetector.java:58: error: method filterIncident in class Detector cannot be applied to given types;
        return super.filterIncident(incident, context);
                    ^
  required: Context,Incident,LintMap
  found:    Incident,Context
  reason: actual and formal argument lists differ in length
/eval/src/generated/java/com/android/tools/lint/checks/IconDetector.java:62: error: appliesTo(Context,File) in IconDetector cannot override appliesTo(Context,File) in Detector
    public boolean appliesTo(@NonNull Context context, @NonNull File file) {
                   ^
  overridden method is final
/eval/src/generated/java/com/android/tools/lint/checks/IconDetector.java:82: error: method does not override or implement a method from a supertype
    @Override
    ^
/eval/src/generated/java/com/android/tools/lint/checks/IconDetector.java:86: error: method does not override or implement a method from a supertype
    @Override
    ^
/eval/src/generated/java/com/android/tools/lint/checks/IconDetector.java:94: error: method does not override or implement a method from a supertype
    @Override
    ^
6 errors

FAILURE: Build failed with an exception.

* What went wrong:
Execution failed for task ':compileJava'.
> Compilation failed; see the compiler error output for details.

* Try:
> Run with --info option to get more log output.
> Run with --scan to get full insights.

BUILD FAILED in 7s
