/eval/src/generated/java/com/android/tools/lint/checks/ExifInterfaceDetector.java:3: error: package androidx.annotation does not exist
import androidx.annotation.NonNull;
                          ^
/eval/src/generated/java/com/android/tools/lint/checks/ExifInterfaceDetector.java:27: error: cannot find symbol
    public void visitReference(@NonNull JavaContext context, @NonNull UReferenceExpression node,
                                ^
  symbol:   class NonNull
  location: class ExifInterfaceDetector
/eval/src/generated/java/com/android/tools/lint/checks/ExifInterfaceDetector.java:27: error: cannot find symbol
    public void visitReference(@NonNull JavaContext context, @NonNull UReferenceExpression node,
                                                              ^
  symbol:   class NonNull
  location: class ExifInterfaceDetector
/eval/src/generated/java/com/android/tools/lint/checks/ExifInterfaceDetector.java:28: error: cannot find symbol
            @NonNull PsiElement resolved) {
             ^
  symbol:   class NonNull
  location: class ExifInterfaceDetector
4 errors

FAILURE: Build failed with an exception.

* What went wrong:
Execution failed for task ':compileJava'.
> Compilation failed; see the compiler error output for details.

* Try:
> Run with --info option to get more log output.
> Run with --scan to get full insights.

BUILD FAILED in 4s
