/eval/src/generated/java/com/android/tools/lint/checks/ObsoleteLayoutParamsDetector.java:11: error: cannot find symbol
import org.jetbrains.annotations.NonNull;
                                ^
  symbol:   class NonNull
  location: package org.jetbrains.annotations
/eval/src/generated/java/com/android/tools/lint/checks/ObsoleteLayoutParamsDetector.java:51: error: cannot find symbol
    public void visitElement(@NonNull XmlContext context, @NonNull Element element) {
                              ^
  symbol:   class NonNull
  location: class ObsoleteLayoutParamsDetector
/eval/src/generated/java/com/android/tools/lint/checks/ObsoleteLayoutParamsDetector.java:51: error: cannot find symbol
    public void visitElement(@NonNull XmlContext context, @NonNull Element element) {
                                                           ^
  symbol:   class NonNull
  location: class ObsoleteLayoutParamsDetector
/eval/src/generated/java/com/android/tools/lint/checks/ObsoleteLayoutParamsDetector.java:85: error: cannot find symbol
    private static boolean isValidParam(@NonNull String parentClass, @NonNull String attrName) {
                                         ^
  symbol:   class NonNull
  location: class ObsoleteLayoutParamsDetector
/eval/src/generated/java/com/android/tools/lint/checks/ObsoleteLayoutParamsDetector.java:85: error: cannot find symbol
    private static boolean isValidParam(@NonNull String parentClass, @NonNull String attrName) {
                                                                      ^
  symbol:   class NonNull
  location: class ObsoleteLayoutParamsDetector
/eval/src/generated/java/com/android/tools/lint/checks/ObsoleteLayoutParamsDetector.java:62: error: cannot find symbol
        if (parentTag.equals(SdkConstants.TAG_MERGE) || parentTag.equals(SdkConstants.TAG_INCLUDE)) {
                                         ^
  symbol:   variable TAG_MERGE
  location: class SdkConstants
6 errors

FAILURE: Build failed with an exception.

* What went wrong:
Execution failed for task ':compileJava'.
> Compilation failed; see the compiler error output for details.

* Try:
> Run with --info option to get more log output.
> Run with --scan to get full insights.

BUILD FAILED in 5s
