/eval/src/generated/java/com/android/tools/lint/checks/AndroidAutoDetector.java:12: error: cannot find symbol
import com.android.tools.lint.detector.api.UastParser;
                                          ^
  symbol:   class UastParser
  location: package com.android.tools.lint.detector.api
/eval/src/generated/java/com/android/tools/lint/checks/AndroidAutoDetector.java:162: error: package UastParser does not exist
    public UastParser.UElementHandler createUastHandler(@NotNull JavaContext context) {
                     ^
/eval/src/generated/java/com/android/tools/lint/checks/AndroidAutoDetector.java:41: error: method create in class Issue cannot be applied to given types;
    public static final Issue ISSUE = Issue.create(
                                           ^
  required: String,String,String,Category,int,Severity,Implementation
  found:    String,String,String,Category,int,Severity,Implementation,String
  reason: actual and formal argument lists differ in length
/eval/src/generated/java/com/android/tools/lint/checks/AndroidAutoDetector.java:163: error: package UastParser does not exist
        return new UastParser.UElementHandler() {
                             ^
/eval/src/generated/java/com/android/tools/lint/checks/AndroidAutoDetector.java:164: error: method does not override or implement a method from a supertype
            @Override
            ^
5 errors

FAILURE: Build failed with an exception.

* What went wrong:
Execution failed for task ':compileJava'.
> Compilation failed; see the compiler error output for details.

* Try:
> Run with --info option to get more log output.
> Run with --scan to get full insights.

BUILD FAILED in 4s
