/eval/src/generated/java/com/android/tools/lint/checks/EllipsizeMaxLinesDetector.java:36: error: incompatible types: inference variable T has incompatible bounds
        return Collections.singleton(ALL);
                                    ^
    equality constraints: String
    lower bounds: List<String>
  where T is a type-variable:
    T extends Object declared in method <T>singleton(T)
/eval/src/generated/java/com/android/tools/lint/checks/EllipsizeMaxLinesDetector.java:46: error: cannot find symbol
        Attr ellipsizeAttr = element.getAttributeNodeNS(SdkConstants.ANDROID_URI, SdkConstants.ATTR_ELLIPSIZE);
                                                                                              ^
  symbol:   variable ATTR_ELLIPSIZE
  location: class SdkConstants
/eval/src/generated/java/com/android/tools/lint/checks/EllipsizeMaxLinesDetector.java:47: error: cannot find symbol
        Attr maxLinesAttr = element.getAttributeNodeNS(SdkConstants.ANDROID_URI, SdkConstants.ATTR_MAX_LINES);
                                                                                             ^
  symbol:   variable ATTR_MAX_LINES
  location: class SdkConstants
3 errors

FAILURE: Build failed with an exception.

* What went wrong:
Execution failed for task ':compileJava'.
> Compilation failed; see the compiler error output for details.

* Try:
> Run with --info option to get more log output.
> Run with --scan to get full insights.

BUILD FAILED in 5s
