/eval/src/generated/java/com/android/tools/lint/checks/AndroidAutoDetector.java:4: error: cannot find symbol
import org.jetbrains.annotations.NonNull;
                                ^
  symbol:   class NonNull
  location: package org.jetbrains.annotations
/eval/src/generated/java/com/android/tools/lint/checks/AndroidAutoDetector.java:27: error: cannot find symbol
    public UElementHandler createUastHandler(@NonNull JavaContext context) {
           ^
  symbol:   class UElementHandler
  location: class AndroidAutoDetector
/eval/src/generated/java/com/android/tools/lint/checks/AndroidAutoDetector.java:27: error: cannot find symbol
    public UElementHandler createUastHandler(@NonNull JavaContext context) {
                                              ^
  symbol:   class NonNull
  location: class AndroidAutoDetector
/eval/src/generated/java/com/android/tools/lint/checks/AndroidAutoDetector.java:28: error: cannot find symbol
        return new UElementHandler() {
                   ^
  symbol:   class UElementHandler
  location: class AndroidAutoDetector
/eval/src/generated/java/com/android/tools/lint/checks/AndroidAutoDetector.java:30: error: cannot find symbol
            public void visitClass(@NonNull UClass node) {
                                    ^
  symbol: class NonNull
/eval/src/generated/java/com/android/tools/lint/checks/AndroidAutoDetector.java:29: error: method does not override or implement a method from a supertype
            @Override
            ^
/eval/src/generated/java/com/android/tools/lint/checks/AndroidAutoDetector.java:31: error: cannot find symbol
                JavaEvaluator evaluator = context.getEvaluator();
                ^
  symbol: class JavaEvaluator
/eval/src/generated/java/com/android/tools/lint/checks/AndroidAutoDetector.java:52: error: reference to getLocation is ambiguous
                    context.report(ISSUE, node, context.getLocation(node),
                                                       ^
  both method getLocation(PsiElement) in JavaContext and method getLocation(UElement) in JavaContext match
8 errors

FAILURE: Build failed with an exception.

* What went wrong:
Execution failed for task ':compileJava'.
> Compilation failed; see the compiler error output for details.

* Try:
> Run with --info option to get more log output.
> Run with --scan to get full insights.

BUILD FAILED in 4s
