/eval/src/generated/java/com/android/tools/lint/checks/BadHostnameVerifierDetector.java:59: error: method does not override or implement a method from a supertype
    @Override
    ^
/eval/src/generated/java/com/android/tools/lint/checks/BadHostnameVerifierDetector.java:66: error: cannot find symbol
        Object value = UastUtils.evaluate(returnValue);
                                ^
  symbol:   method evaluate(UExpression)
  location: class UastUtils
/eval/src/generated/java/com/android/tools/lint/checks/BadHostnameVerifierDetector.java:101: error: method does not override or implement a method from a supertype
    @Override
    ^
/eval/src/generated/java/com/android/tools/lint/checks/BadHostnameVerifierDetector.java:109: error: method does not override or implement a method from a supertype
    @Override
    ^
4 errors

FAILURE: Build failed with an exception.

* What went wrong:
Execution failed for task ':compileJava'.
> Compilation failed; see the compiler error output for details.

* Try:
> Run with --info option to get more log output.
> Run with --scan to get full insights.

BUILD FAILED in 4s
