/eval/src/generated/java/com/android/tools/lint/checks/ObsoleteLayoutParamsDetector.java:210: error: cannot find symbol
    public Collection<String> getApplicableElements() {
           ^
  symbol:   class Collection
  location: class ObsoleteLayoutParamsDetector
/eval/src/generated/java/com/android/tools/lint/checks/ObsoleteLayoutParamsDetector.java:215: error: cannot find symbol
    public Collection<String> getApplicableAttributes() {
           ^
  symbol:   class Collection
  location: class ObsoleteLayoutParamsDetector
/eval/src/generated/java/com/android/tools/lint/checks/ObsoleteLayoutParamsDetector.java:37: error: cannot find symbol
                    new Implementation(
                        ^
  symbol:   class Implementation
  location: class ObsoleteLayoutParamsDetector
3 errors

FAILURE: Build failed with an exception.

* What went wrong:
Execution failed for task ':compileJava'.
> Compilation failed; see the compiler error output for details.

* Try:
> Run with --info option to get more log output.
> Run with --scan to get full insights.

BUILD FAILED in 4s
