/eval/src/generated/java/com/android/tools/lint/checks/HandlerDetector.java:12: error: cannot find symbol
import org.jetbrains.uast.JvmModifier;
                         ^
  symbol:   class JvmModifier
  location: package org.jetbrains.uast
/eval/src/generated/java/com/android/tools/lint/checks/HandlerDetector.java:44: error: incompatible types: PsiClass cannot be converted to UClass
                UClass containingClass = node.getContainingClass();
                                                                ^
/eval/src/generated/java/com/android/tools/lint/checks/HandlerDetector.java:49: error: cannot find symbol
                if (node.hasModifier(JvmModifier.STATIC)) {
                                     ^
  symbol: variable JvmModifier
/eval/src/generated/java/com/android/tools/lint/checks/HandlerDetector.java:53: error: reference to getLocation is ambiguous
                context.report(ISSUE, node, context.getLocation(node),
                                                   ^
  both method getLocation(PsiElement) in JavaContext and method getLocation(UElement) in JavaContext match
4 errors

FAILURE: Build failed with an exception.

* What went wrong:
Execution failed for task ':compileJava'.
> Compilation failed; see the compiler error output for details.

* Try:
> Run with --info option to get more log output.
> Run with --scan to get full insights.

BUILD FAILED in 4s
