/eval/src/generated/java/com/android/tools/lint/checks/RegistrationDetector.java:34: error: cannot find symbol
public class RegistrationDetector extends LayoutDetector implements SourceCodeScanner, XmlScanner {
                                          ^
  symbol: class LayoutDetector
/eval/src/generated/java/com/android/tools/lint/checks/RegistrationDetector.java:34: error: RegistrationDetector is not abstract and does not override abstract method analyzeCallGraph(Context,CallGraphResult) in SourceCodeScanner
public class RegistrationDetector extends LayoutDetector implements SourceCodeScanner, XmlScanner {
       ^
/eval/src/generated/java/com/android/tools/lint/checks/RegistrationDetector.java:38: error: incompatible types: Class<RegistrationDetector> cannot be converted to Class<? extends Detector>
                    RegistrationDetector.class, Scope.MANIFEST_SCOPE, Scope.JAVA_FILE_SCOPE);
                                        ^
/eval/src/generated/java/com/android/tools/lint/checks/RegistrationDetector.java:74: error: cannot find symbol
        context.getPartialResult(ISSUE).map().put(className, context.getNameLocation(declaration));
               ^
  symbol:   method getPartialResult(Issue)
  location: variable context of type JavaContext
/eval/src/generated/java/com/android/tools/lint/checks/RegistrationDetector.java:86: error: cannot find symbol
            context.getPartialResult(ISSUE).map().put(fqcn, Boolean.TRUE);
                   ^
  symbol:   method getPartialResult(Issue)
  location: variable context of type XmlContext
/eval/src/generated/java/com/android/tools/lint/checks/RegistrationDetector.java:107: error: method does not override or implement a method from a supertype
    @Override
    ^
/eval/src/generated/java/com/android/tools/lint/checks/RegistrationDetector.java:110: error: method map in class PartialResult cannot be applied to given types;
        Map<String, Object> classes = partialResult.map(Scope.JAVA_FILE_SCOPE);
                                                   ^
  required: no arguments
  found:    EnumSet<Scope>
  reason: actual and formal argument lists differ in length
/eval/src/generated/java/com/android/tools/lint/checks/RegistrationDetector.java:114: error: method map in class PartialResult cannot be applied to given types;
        Map<String, Object> manifest = partialResult.map(Scope.MANIFEST_SCOPE);
                                                    ^
  required: no arguments
  found:    EnumSet<Scope>
  reason: actual and formal argument lists differ in length
Note: Some messages have been simplified; recompile with -Xdiags:verbose to get full output
8 errors

FAILURE: Build failed with an exception.

* What went wrong:
Execution failed for task ':compileJava'.
> Compilation failed; see the compiler error output for details.

* Try:
> Run with --info option to get more log output.
> Run with --scan to get full insights.

BUILD FAILED in 3s
