/eval/src/generated/java/com/android/tools/lint/checks/RegistrationDetector.java:65: error: cannot find symbol
        if (declaration.isAbstract()) {
                       ^
  symbol:   method isAbstract()
  location: variable declaration of type UClass
/eval/src/generated/java/com/android/tools/lint/checks/RegistrationDetector.java:83: error: cannot find symbol
        File manifest = context.getProject().getManifest();
                                            ^
  symbol:   method getManifest()
  location: class Project
/eval/src/generated/java/com/android/tools/lint/checks/RegistrationDetector.java:134: error: reference to getLocation is ambiguous
                ctx.report(ISSUE, ctx.getLocation(cls),
                                     ^
  both method getLocation(PsiElement) in JavaContext and method getLocation(UElement) in JavaContext match
3 errors

FAILURE: Build failed with an exception.

* What went wrong:
Execution failed for task ':compileJava'.
> Compilation failed; see the compiler error output for details.

* Try:
> Run with --info option to get more log output.
> Run with --scan to get full insights.

BUILD FAILED in 5s
