/eval/src/generated/java/com/android/tools/lint/checks/IconDetector.java:11: error: cannot find symbol
import org.jetbrains.annotations.NonNull;
                                ^
  symbol:   class NonNull
  location: package org.jetbrains.annotations
/eval/src/generated/java/com/android/tools/lint/checks/IconDetector.java:33: error: cannot find symbol
    public void visitFile(@NonNull Context context, @NonNull File file) {
                           ^
  symbol:   class NonNull
  location: class IconDetector
/eval/src/generated/java/com/android/tools/lint/checks/IconDetector.java:33: error: cannot find symbol
    public void visitFile(@NonNull Context context, @NonNull File file) {
                                                     ^
  symbol:   class NonNull
  location: class IconDetector
/eval/src/generated/java/com/android/tools/lint/checks/IconDetector.java:32: error: method does not override or implement a method from a supertype
    @Override
    ^
4 errors

FAILURE: Build failed with an exception.

* What went wrong:
Execution failed for task ':compileJava'.
> Compilation failed; see the compiler error output for details.

* Try:
> Run with --info option to get more log output.
> Run with --scan to get full insights.

BUILD FAILED in 4s
