/eval/src/generated/java/com/android/tools/lint/checks/RequiredAttributeDetector.java:145: error: cannot find symbol
        ResourceRepository resources = context.getMainProject().getResourceRepository();
                                                               ^
  symbol:   method getResourceRepository()
  location: class Project
/eval/src/generated/java/com/android/tools/lint/checks/RequiredAttributeDetector.java:179: error: cannot find symbol
        StyleResourceValue style = resources.getStyle(styleName);
                                            ^
  symbol:   method getStyle(String)
  location: variable resources of type ResourceRepository
/eval/src/generated/java/com/android/tools/lint/checks/RequiredAttributeDetector.java:189: error: incompatible types: String cannot be converted to ResourceReference
        ResourceValue item = style.getItem(attrName);
                                           ^
/eval/src/generated/java/com/android/tools/lint/checks/RequiredAttributeDetector.java:194: error: incompatible types: ResourceReference cannot be converted to String
        String parent = style.getParentStyle();
                                            ^
Note: Some messages have been simplified; recompile with -Xdiags:verbose to get full output
4 errors

FAILURE: Build failed with an exception.

* What went wrong:
Execution failed for task ':compileJava'.
> Compilation failed; see the compiler error output for details.

* Try:
> Run with --info option to get more log output.
> Run with --scan to get full insights.

BUILD FAILED in 3s
