/eval/src/generated/java/com/android/tools/lint/checks/OverdrawDetector.java:63: error: cannot find symbol
    private final Map<String, Location> mLayoutLocations = new HashMap<>();
                              ^
  symbol:   class Location
  location: class OverdrawDetector
/eval/src/generated/java/com/android/tools/lint/checks/OverdrawDetector.java:75: error: cannot find symbol
            Location location = mLayoutLocations.get(layoutName);
            ^
  symbol:   class Location
  location: class OverdrawDetector
/eval/src/generated/java/com/android/tools/lint/checks/OverdrawDetector.java:134: error: method does not override or implement a method from a supertype
    @Override
    ^
/eval/src/generated/java/com/android/tools/lint/checks/OverdrawDetector.java:144: error: method does not override or implement a method from a supertype
    @Override
    ^
4 errors

FAILURE: Build failed with an exception.

* What went wrong:
Execution failed for task ':compileJava'.
> Compilation failed; see the compiler error output for details.

* Try:
> Run with --info option to get more log output.
> Run with --scan to get full insights.

BUILD FAILED in 5s
