/eval/src/generated/java/com/android/tools/lint/checks/OverdrawDetector.java:15: error: cannot find symbol
import com.android.tools.lint.detector.api.UElementHandler;
                                          ^
  symbol:   class UElementHandler
  location: package com.android.tools.lint.detector.api
/eval/src/generated/java/com/android/tools/lint/checks/OverdrawDetector.java:194: error: cannot find symbol
    public UElementHandler createUastHandler(@NonNull final JavaContext context) {
           ^
  symbol:   class UElementHandler
  location: class OverdrawDetector
/eval/src/generated/java/com/android/tools/lint/checks/OverdrawDetector.java:121: error: incompatible types: String cannot be converted to File
        String layout = getBaseName(context.file.getName());
                                                        ^
/eval/src/generated/java/com/android/tools/lint/checks/OverdrawDetector.java:195: error: cannot find symbol
        return new UElementHandler() {
                   ^
  symbol:   class UElementHandler
  location: class OverdrawDetector
/eval/src/generated/java/com/android/tools/lint/checks/OverdrawDetector.java:196: error: method does not override or implement a method from a supertype
            @Override
            ^
/eval/src/generated/java/com/android/tools/lint/checks/OverdrawDetector.java:209: error: constructor AbstractUastVisitor in class AbstractUastVisitor cannot be applied to given types;
        declaration.accept(new AbstractUastVisitor(true) {
                           ^
  required: no arguments
  found:    boolean
  reason: actual and formal argument lists differ in length
/eval/src/generated/java/com/android/tools/lint/checks/OverdrawDetector.java:274: error: cannot find symbol
        String text = expression == null ? null : expression.getText();
                                                            ^
  symbol:   method getText()
  location: variable expression of type UExpression
Note: /eval/src/generated/java/com/android/tools/lint/checks/OverdrawDetector.java uses or overrides a deprecated API.
Note: Recompile with -Xlint:deprecation for details.
Note: Some messages have been simplified; recompile with -Xdiags:verbose to get full output
7 errors

FAILURE: Build failed with an exception.

* What went wrong:
Execution failed for task ':compileJava'.
> Compilation failed; see the compiler error output for details.

* Try:
> Run with --info option to get more log output.
> Run with --scan to get full insights.

BUILD FAILED in 5s
