/eval/src/generated/java/com/android/tools/lint/checks/ViewConstructorDetector.java:8: error: cannot find symbol
import com.android.tools.lint.detector.api.JavaEvaluator;
                                          ^
  symbol:   class JavaEvaluator
  location: package com.android.tools.lint.detector.api
/eval/src/generated/java/com/android/tools/lint/checks/ViewConstructorDetector.java:11: error: cannot find symbol
import com.android.tools.lint.detector.api.UastScanner;
                                          ^
  symbol:   class UastScanner
  location: package com.android.tools.lint.detector.api
/eval/src/generated/java/com/android/tools/lint/checks/ViewConstructorDetector.java:13: error: cannot find symbol
import org.jetbrains.annotations.NonNull;
                                ^
  symbol:   class NonNull
  location: package org.jetbrains.annotations
/eval/src/generated/java/com/android/tools/lint/checks/ViewConstructorDetector.java:17: error: cannot find symbol
import org.jetbrains.uast.UElementHandler;
                         ^
  symbol:   class UElementHandler
  location: package org.jetbrains.uast
/eval/src/generated/java/com/android/tools/lint/checks/ViewConstructorDetector.java:24: error: cannot find symbol
public class ViewConstructorDetector extends Detector implements UastScanner {
                                                                 ^
  symbol: class UastScanner
/eval/src/generated/java/com/android/tools/lint/checks/ViewConstructorDetector.java:50: error: cannot find symbol
    public UElementHandler createUastHandler(@NonNull JavaContext context) {
           ^
  symbol:   class UElementHandler
  location: class ViewConstructorDetector
/eval/src/generated/java/com/android/tools/lint/checks/ViewConstructorDetector.java:82: error: cannot find symbol
    private static boolean hasValidConstructorSignature(@NonNull JavaEvaluator evaluator, @NonNull UMethod constructor) {
                                                                 ^
  symbol:   class JavaEvaluator
  location: class ViewConstructorDetector
/eval/src/generated/java/com/android/tools/lint/checks/ViewConstructorDetector.java:104: error: cannot find symbol
    private static boolean isContext(@NonNull JavaEvaluator evaluator, @Nullable PsiType type) {
                                              ^
  symbol:   class JavaEvaluator
  location: class ViewConstructorDetector
/eval/src/generated/java/com/android/tools/lint/checks/ViewConstructorDetector.java:108: error: cannot find symbol
    private static boolean isAttributeSet(@NonNull JavaEvaluator evaluator, @Nullable PsiType type) {
                                                   ^
  symbol:   class JavaEvaluator
  location: class ViewConstructorDetector
/eval/src/generated/java/com/android/tools/lint/checks/ViewConstructorDetector.java:50: error: cannot find symbol
    public UElementHandler createUastHandler(@NonNull JavaContext context) {
                                              ^
  symbol:   class NonNull
  location: class ViewConstructorDetector
/eval/src/generated/java/com/android/tools/lint/checks/ViewConstructorDetector.java:82: error: cannot find symbol
    private static boolean hasValidConstructorSignature(@NonNull JavaEvaluator evaluator, @NonNull UMethod constructor) {
                                                         ^
  symbol:   class NonNull
  location: class ViewConstructorDetector
/eval/src/generated/java/com/android/tools/lint/checks/ViewConstructorDetector.java:82: error: cannot find symbol
    private static boolean hasValidConstructorSignature(@NonNull JavaEvaluator evaluator, @NonNull UMethod constructor) {
                                                                                           ^
  symbol:   class NonNull
  location: class ViewConstructorDetector
/eval/src/generated/java/com/android/tools/lint/checks/ViewConstructorDetector.java:104: error: cannot find symbol
    private static boolean isContext(@NonNull JavaEvaluator evaluator, @Nullable PsiType type) {
                                      ^
  symbol:   class NonNull
  location: class ViewConstructorDetector
/eval/src/generated/java/com/android/tools/lint/checks/ViewConstructorDetector.java:108: error: cannot find symbol
    private static boolean isAttributeSet(@NonNull JavaEvaluator evaluator, @Nullable PsiType type) {
                                           ^
  symbol:   class NonNull
  location: class ViewConstructorDetector
/eval/src/generated/java/com/android/tools/lint/checks/ViewConstructorDetector.java:51: error: cannot find symbol
        return new UElementHandler() {
                   ^
  symbol:   class UElementHandler
  location: class ViewConstructorDetector
/eval/src/generated/java/com/android/tools/lint/checks/ViewConstructorDetector.java:53: error: cannot find symbol
            public void visitClass(@NonNull UClass node) {
                                    ^
  symbol: class NonNull
/eval/src/generated/java/com/android/tools/lint/checks/ViewConstructorDetector.java:52: error: method does not override or implement a method from a supertype
            @Override
            ^
/eval/src/generated/java/com/android/tools/lint/checks/ViewConstructorDetector.java:54: error: cannot find symbol
                if (node.isInterface() || node.isAnnotationType() || node.isAbstract()) {
                                                                         ^
  symbol:   method isAbstract()
  location: variable node of type UClass
/eval/src/generated/java/com/android/tools/lint/checks/ViewConstructorDetector.java:58: error: cannot find symbol
                JavaEvaluator evaluator = context.getEvaluator();
                ^
  symbol: class JavaEvaluator
/eval/src/generated/java/com/android/tools/lint/checks/ViewConstructorDetector.java:63: error: incompatible types: PsiMethod[] cannot be converted to List<UMethod>
                List<UMethod> constructors = node.getConstructors();
                                                                 ^
/eval/src/generated/java/com/android/tools/lint/checks/ViewConstructorDetector.java:65: error: reference to getLocation is ambiguous
                    context.report(ISSUE, node, context.getLocation(node),
                                                       ^
  both method getLocation(PsiElement) in JavaContext and method getLocation(UElement) in JavaContext match
/eval/src/generated/java/com/android/tools/lint/checks/ViewConstructorDetector.java:76: error: reference to getLocation is ambiguous
                context.report(ISSUE, node, context.getLocation(node),
                                                   ^
  both method getLocation(PsiElement) in JavaContext and method getLocation(UElement) in JavaContext match
/eval/src/generated/java/com/android/tools/lint/checks/ViewConstructorDetector.java:83: error: incompatible types: PsiParameter[] cannot be converted to List<UParameter>
        List<UParameter> parameters = constructor.getParameterList().getParameters();
                                                                                  ^
Note: /eval/src/generated/java/com/android/tools/lint/checks/ViewConstructorDetector.java uses or overrides a deprecated API.
Note: Recompile with -Xlint:deprecation for details.
23 errors

FAILURE: Build failed with an exception.

* What went wrong:
Execution failed for task ':compileJava'.
> Compilation failed; see the compiler error output for details.

* Try:
> Run with --info option to get more log output.
> Run with --scan to get full insights.

BUILD FAILED in 4s
