e: file:///eval/src/generated/kotlin/com/android/tools/lint/checks/AccessibilityForceFocusDetector.kt:3:8 Unresolved reference: android
e: file:///eval/src/generated/kotlin/com/android/tools/lint/checks/AccessibilityForceFocusDetector.kt:4:8 Unresolved reference: android
e: file:///eval/src/generated/kotlin/com/android/tools/lint/checks/AccessibilityForceFocusDetector.kt:5:8 Unresolved reference: android
e: file:///eval/src/generated/kotlin/com/android/tools/lint/checks/AccessibilityForceFocusDetector.kt:36:31 Unresolved reference: isMemberInSubClass
e: file:///eval/src/generated/kotlin/com/android/tools/lint/checks/AccessibilityForceFocusDetector.kt:36:58 Unresolved reference: View
e: file:///eval/src/generated/kotlin/com/android/tools/lint/checks/AccessibilityForceFocusDetector.kt:41:32 Unresolved reference: isMemberInSubClass
e: file:///eval/src/generated/kotlin/com/android/tools/lint/checks/AccessibilityForceFocusDetector.kt:41:59 Unresolved reference: View
e: file:///eval/src/generated/kotlin/com/android/tools/lint/checks/AccessibilityForceFocusDetector.kt:45:29 Unresolved reference: AccessibilityEvent
e: file:///eval/src/generated/kotlin/com/android/tools/lint/checks/AccessibilityForceFocusDetector.kt:46:29 Unresolved reference: AccessibilityEvent
e: file:///eval/src/generated/kotlin/com/android/tools/lint/checks/AccessibilityForceFocusDetector.kt:52:32 Unresolved reference: isMemberInSubClass
e: file:///eval/src/generated/kotlin/com/android/tools/lint/checks/AccessibilityForceFocusDetector.kt:52:59 Unresolved reference: View
e: file:///eval/src/generated/kotlin/com/android/tools/lint/checks/AccessibilityForceFocusDetector.kt:55:38 Unresolved reference: AccessibilityNodeInfo
e: file:///eval/src/generated/kotlin/com/android/tools/lint/checks/AccessibilityForceFocusDetector.kt:60:56 Unresolved reference: AccessibilityNodeInfo
e: file:///eval/src/generated/kotlin/com/android/tools/lint/checks/AccessibilityForceFocusDetector.kt:63:38 Unresolved reference: AccessibilityNodeInfo

FAILURE: Build failed with an exception.

* What went wrong:
Execution failed for task ':compileKotlin'.
> A failure occurred while executing org.jetbrains.kotlin.compilerRunner.GradleCompilerRunnerWithWorkers$GradleKotlinCompilerWorkAction
   > Compilation error. See log for more details

* Try:
> Run with --stacktrace option to get the stack trace.
> Run with --info or --debug option to get more log output.
> Run with --scan to get full insights.
> Get more help at https://help.gradle.org.

BUILD FAILED in 6s
