/eval/src/generated/java/com/android/tools/lint/checks/RegistrationDetector.java:17: error: cannot find symbol
public class RegistrationDetector extends LayoutDetector implements SourceCodeScanner, XmlScanner {
                                          ^
  symbol: class LayoutDetector
/eval/src/generated/java/com/android/tools/lint/checks/RegistrationDetector.java:17: error: RegistrationDetector is not abstract and does not override abstract method analyzeCallGraph(Context,CallGraphResult) in SourceCodeScanner
public class RegistrationDetector extends LayoutDetector implements SourceCodeScanner, XmlScanner {
       ^
/eval/src/generated/java/com/android/tools/lint/checks/RegistrationDetector.java:22: error: no suitable method found for of(EnumSet<Scope>,EnumSet<Scope>)
                    java.util.EnumSet.of(Scope.JAVA_FILE_SCOPE, Scope.MANIFEST_SCOPE));
                                     ^
    method EnumSet.<E#1>of(E#1) is not applicable
      (cannot infer type-variable(s) E#1
        (actual and formal argument lists differ in length))
    method EnumSet.<E#2>of(E#2,E#2) is not applicable
      (inference variable E#2 has incompatible bounds
        lower bounds: Enum<E#2>
        lower bounds: EnumSet<Scope>)
    method EnumSet.<E#3>of(E#3,E#3,E#3) is not applicable
      (cannot infer type-variable(s) E#3
        (actual and formal argument lists differ in length))
    method EnumSet.<E#4>of(E#4,E#4,E#4,E#4) is not applicable
      (cannot infer type-variable(s) E#4
        (actual and formal argument lists differ in length))
    method EnumSet.<E#5>of(E#5,E#5,E#5,E#5,E#5) is not applicable
      (cannot infer type-variable(s) E#5
        (actual and formal argument lists differ in length))
    method EnumSet.<E#6>of(E#6,E#6...) is not applicable
      (inference variable E#6 has incompatible bounds
        lower bounds: Enum<E#6>
        lower bounds: EnumSet<Scope>)
  where E#1,E#2,E#3,E#4,E#5,E#6 are type-variables:
    E#1 extends Enum<E#1> declared in method <E#1>of(E#1)
    E#2 extends Enum<E#2> declared in method <E#2>of(E#2,E#2)
    E#3 extends Enum<E#3> declared in method <E#3>of(E#3,E#3,E#3)
    E#4 extends Enum<E#4> declared in method <E#4>of(E#4,E#4,E#4,E#4)
    E#5 extends Enum<E#5> declared in method <E#5>of(E#5,E#5,E#5,E#5,E#5)
    E#6 extends Enum<E#6> declared in method <E#6>of(E#6,E#6...)
/eval/src/generated/java/com/android/tools/lint/checks/RegistrationDetector.java:79: error: cannot find symbol
        if (declaration.isAbstract()) {
                       ^
  symbol:   method isAbstract()
  location: variable declaration of type UClass
/eval/src/generated/java/com/android/tools/lint/checks/RegistrationDetector.java:92: error: method does not override or implement a method from a supertype
    @Override
    ^
/eval/src/generated/java/com/android/tools/lint/checks/RegistrationDetector.java:105: error: cannot find symbol
        return (java.util.Map<String, Location>) (java.util.Map<?, ?>) result.getMap();
                                                                             ^
  symbol:   method getMap()
  location: variable result of type PartialResult
6 errors

FAILURE: Build failed with an exception.

* What went wrong:
Execution failed for task ':compileJava'.
> Compilation failed; see the compiler error output for details.

* Try:
> Run with --info option to get more log output.
> Run with --scan to get full insights.

BUILD FAILED in 3s
