e: file:///eval/src/generated/kotlin/com/android/tools/lint/checks/PublicKeyCredentialDetector.kt:6:46 Unresolved reference: GREATER
e: file:///eval/src/generated/kotlin/com/android/tools/lint/checks/PublicKeyCredentialDetector.kt:7:46 Unresolved reference: GREATER_OR_EQUAL
e: file:///eval/src/generated/kotlin/com/android/tools/lint/checks/PublicKeyCredentialDetector.kt:65:27 Unresolved reference: getContainingUastMethod
e: file:///eval/src/generated/kotlin/com/android/tools/lint/checks/PublicKeyCredentialDetector.kt:83:43 Unresolved reference: JavaEvaluator
e: file:///eval/src/generated/kotlin/com/android/tools/lint/checks/PublicKeyCredentialDetector.kt:87:32 Unresolved reference: findAttributeValue
e: file:///eval/src/generated/kotlin/com/android/tools/lint/checks/PublicKeyCredentialDetector.kt:87:74 Unresolved reference: findAttributeValue
e: file:///eval/src/generated/kotlin/com/android/tools/lint/checks/PublicKeyCredentialDetector.kt:99:13 Unresolved reference: GREATER_OR_EQUAL
e: file:///eval/src/generated/kotlin/com/android/tools/lint/checks/PublicKeyCredentialDetector.kt:103:13 Unresolved reference: GREATER
e: file:///eval/src/generated/kotlin/com/android/tools/lint/checks/PublicKeyCredentialDetector.kt:114:27 Unresolved reference: containingClass
e: file:///eval/src/generated/kotlin/com/android/tools/lint/checks/PublicKeyCredentialDetector.kt:114:100 Unresolved reference. None of the following candidates is applicable because of receiver type mismatch: 
internal val PsiType.name: String defined in org.jetbrains.uast

FAILURE: Build failed with an exception.

* What went wrong:
Execution failed for task ':compileKotlin'.
> A failure occurred while executing org.jetbrains.kotlin.compilerRunner.GradleCompilerRunnerWithWorkers$GradleKotlinCompilerWorkAction
   > Compilation error. See log for more details

* Try:
> Run with --stacktrace option to get the stack trace.
> Run with --info or --debug option to get more log output.
> Run with --scan to get full insights.
> Get more help at https://help.gradle.org.

BUILD FAILED in 7s
