/eval/src/generated/java/com/android/tools/lint/checks/DuplicateIdDetector.java:12: error: cannot find symbol
import com.android.utils.SdkConstants;
                        ^
  symbol:   class SdkConstants
  location: package com.android.utils
/eval/src/generated/java/com/android/tools/lint/checks/DuplicateIdDetector.java:43: error: cannot find symbol
        return Collections.singletonList(SdkConstants.ATTR_ID);
                                         ^
  symbol:   variable SdkConstants
  location: class DuplicateIdDetector
/eval/src/generated/java/com/android/tools/lint/checks/DuplicateIdDetector.java:60: error: cannot find symbol
        if (id.startsWith(SdkConstants.NEW_ID_PREFIX)) {
                          ^
  symbol:   variable SdkConstants
  location: class DuplicateIdDetector
/eval/src/generated/java/com/android/tools/lint/checks/DuplicateIdDetector.java:61: error: package SdkConstants does not exist
            id = id.substring(SdkConstants.NEW_ID_PREFIX.length());
                                          ^
/eval/src/generated/java/com/android/tools/lint/checks/DuplicateIdDetector.java:62: error: cannot find symbol
        } else if (id.startsWith(SdkConstants.ID_PREFIX)) {
                                 ^
  symbol:   variable SdkConstants
  location: class DuplicateIdDetector
/eval/src/generated/java/com/android/tools/lint/checks/DuplicateIdDetector.java:63: error: package SdkConstants does not exist
            id = id.substring(SdkConstants.ID_PREFIX.length());
                                          ^
6 errors

FAILURE: Build failed with an exception.

* What went wrong:
Execution failed for task ':compileJava'.
> Compilation failed; see the compiler error output for details.

* Try:
> Run with --info option to get more log output.
> Run with --scan to get full insights.

BUILD FAILED in 5s
