/eval/src/generated/java/com/android/tools/lint/checks/JobSchedulerDetector.java:55: error: cannot find symbol
            @org.jetbrains.annotations.NonNull JavaContext context,
                                      ^
  symbol:   class NonNull
  location: package org.jetbrains.annotations
/eval/src/generated/java/com/android/tools/lint/checks/JobSchedulerDetector.java:56: error: cannot find symbol
            @org.jetbrains.annotations.NonNull UCallExpression node,
                                      ^
  symbol:   class NonNull
  location: package org.jetbrains.annotations
/eval/src/generated/java/com/android/tools/lint/checks/JobSchedulerDetector.java:57: error: cannot find symbol
            @org.jetbrains.annotations.NonNull PsiMethod constructor) {
                                      ^
  symbol:   class NonNull
  location: package org.jetbrains.annotations
/eval/src/generated/java/com/android/tools/lint/checks/JobSchedulerDetector.java:88: error: cannot find symbol
            @org.jetbrains.annotations.NonNull JavaContext context,
                                      ^
  symbol:   class NonNull
  location: package org.jetbrains.annotations
/eval/src/generated/java/com/android/tools/lint/checks/JobSchedulerDetector.java:89: error: cannot find symbol
            @org.jetbrains.annotations.NonNull UExpression expression) {
                                      ^
  symbol:   class NonNull
  location: package org.jetbrains.annotations
/eval/src/generated/java/com/android/tools/lint/checks/JobSchedulerDetector.java:134: error: cannot find symbol
            @org.jetbrains.annotations.NonNull Context context,
                                      ^
  symbol:   class NonNull
  location: package org.jetbrains.annotations
/eval/src/generated/java/com/android/tools/lint/checks/JobSchedulerDetector.java:135: error: cannot find symbol
            @org.jetbrains.annotations.NonNull PartialResult partialResults) {
                                      ^
  symbol:   class NonNull
  location: package org.jetbrains.annotations
/eval/src/generated/java/com/android/tools/lint/checks/JobSchedulerDetector.java:170: error: cannot find symbol
            @org.jetbrains.annotations.NonNull org.w3c.dom.Document manifest,
                                      ^
  symbol:   class NonNull
  location: package org.jetbrains.annotations
/eval/src/generated/java/com/android/tools/lint/checks/JobSchedulerDetector.java:171: error: cannot find symbol
            @org.jetbrains.annotations.NonNull String serviceClassName) {
                                      ^
  symbol:   class NonNull
  location: package org.jetbrains.annotations
/eval/src/generated/java/com/android/tools/lint/checks/JobSchedulerDetector.java:187: error: cannot find symbol
            @org.jetbrains.annotations.NonNull String manifestName,
                                      ^
  symbol:   class NonNull
  location: package org.jetbrains.annotations
/eval/src/generated/java/com/android/tools/lint/checks/JobSchedulerDetector.java:188: error: cannot find symbol
            @org.jetbrains.annotations.NonNull String serviceClassName,
                                      ^
  symbol:   class NonNull
  location: package org.jetbrains.annotations
/eval/src/generated/java/com/android/tools/lint/checks/JobSchedulerDetector.java:189: error: cannot find symbol
            @org.jetbrains.annotations.NonNull org.w3c.dom.Document manifest) {
                                      ^
  symbol:   class NonNull
  location: package org.jetbrains.annotations
/eval/src/generated/java/com/android/tools/lint/checks/JobSchedulerDetector.java:94: error: cannot find symbol
                UElement uResolved = context.getUastContext().getUElement(resolved);
                                            ^
  symbol:   method getUastContext()
  location: variable context of type JavaContext
/eval/src/generated/java/com/android/tools/lint/checks/JobSchedulerDetector.java:142: error: for-each not applicable to expression type
        for (String serviceClassName : map.keys()) {
                                               ^
  required: array or java.lang.Iterable
  found:    Sequence<String>
14 errors

FAILURE: Build failed with an exception.

* What went wrong:
Execution failed for task ':compileJava'.
> Compilation failed; see the compiler error output for details.

* Try:
> Run with --info option to get more log output.
> Run with --scan to get full insights.

BUILD FAILED in 8s
