/eval/src/generated/java/com/android/tools/lint/checks/ManifestResourceDetector.java:5: error: package com.android.sdklib.resources does not exist
import com.android.sdklib.resources.ResourceUrl;
                                   ^
/eval/src/generated/java/com/android/tools/lint/checks/ManifestResourceDetector.java:61: error: cannot find symbol
        ResourceUrl url = ResourceUrl.parse(value);
        ^
  symbol:   class ResourceUrl
  location: class ManifestResourceDetector
/eval/src/generated/java/com/android/tools/lint/checks/ManifestResourceDetector.java:61: error: cannot find symbol
        ResourceUrl url = ResourceUrl.parse(value);
                          ^
  symbol:   variable ResourceUrl
  location: class ManifestResourceDetector
/eval/src/generated/java/com/android/tools/lint/checks/ManifestResourceDetector.java:67: error: cannot find symbol
            List<?> items = context.getResourceResolver().getResources(url.type, url.name);
                                   ^
  symbol:   method getResourceResolver()
  location: variable context of type XmlContext
4 errors

FAILURE: Build failed with an exception.

* What went wrong:
Execution failed for task ':compileJava'.
> Compilation failed; see the compiler error output for details.

* Try:
> Run with --info option to get more log output.
> Run with --scan to get full insights.

BUILD FAILED in 4s
