/eval/src/generated/java/com/android/tools/lint/checks/AndroidAutoDetector.java:8: error: cannot find symbol
import com.android.tools.lint.detector.api.JavaEvaluator;
                                          ^
  symbol:   class JavaEvaluator
  location: package com.android.tools.lint.detector.api
/eval/src/generated/java/com/android/tools/lint/checks/AndroidAutoDetector.java:38: error: no suitable constructor found for Implementation(Class<AndroidAutoDetector>,Scope)
            new Implementation(AndroidAutoDetector.class, Scope.MANIFEST)
            ^
    constructor Implementation.Implementation(Class<? extends Detector>,EnumSet<Scope>) is not applicable
      (argument mismatch; Scope cannot be converted to EnumSet<Scope>)
    constructor Implementation.Implementation(Class<? extends Detector>,EnumSet<Scope>,EnumSet<Scope>...) is not applicable
      (argument mismatch; Scope cannot be converted to EnumSet<Scope>)
/eval/src/generated/java/com/android/tools/lint/checks/AndroidAutoDetector.java:62: error: cannot find symbol
        String pkg = context.getPackageName();
                            ^
  symbol:   method getPackageName()
  location: variable context of type XmlContext
/eval/src/generated/java/com/android/tools/lint/checks/AndroidAutoDetector.java:71: error: cannot find symbol
        JavaEvaluator evaluator = context.getEvaluator();
        ^
  symbol:   class JavaEvaluator
  location: class AndroidAutoDetector
/eval/src/generated/java/com/android/tools/lint/checks/AndroidAutoDetector.java:71: error: cannot find symbol
        JavaEvaluator evaluator = context.getEvaluator();
                                         ^
  symbol:   method getEvaluator()
  location: variable context of type XmlContext
5 errors

FAILURE: Build failed with an exception.

* What went wrong:
Execution failed for task ':compileJava'.
> Compilation failed; see the compiler error output for details.

* Try:
> Run with --info option to get more log output.
> Run with --scan to get full insights.

BUILD FAILED in 5s
