/eval/src/generated/java/com/android/tools/lint/checks/InefficientWeightDetector.java:7: error: cannot find symbol
import static com.android.SdkConstants.NODE_LINEAR_LAYOUT;
^
  symbol:   static NODE_LINEAR_LAYOUT
  location: class SdkConstants
/eval/src/generated/java/com/android/tools/lint/checks/InefficientWeightDetector.java:37: error: cannot find symbol
                            InefficientWeightDetector.class, Scope.LAYOUT_SCOPE));
                                                                  ^
  symbol:   variable LAYOUT_SCOPE
  location: class Scope
/eval/src/generated/java/com/android/tools/lint/checks/InefficientWeightDetector.java:41: error: cannot find symbol
        return Collections.singletonList(NODE_LINEAR_LAYOUT);
                                         ^
  symbol:   variable NODE_LINEAR_LAYOUT
  location: class InefficientWeightDetector
3 errors

FAILURE: Build failed with an exception.

* What went wrong:
Execution failed for task ':compileJava'.
> Compilation failed; see the compiler error output for details.

* Try:
> Run with --info option to get more log output.
> Run with --scan to get full insights.

BUILD FAILED in 31s
