/eval/src/generated/java/com/android/tools/lint/checks/DuplicateResourceDetector.java:56: error: cannot find symbol
        ResourceType aliasType = ResourceType.getEnum(tag);
                                             ^
  symbol:   method getEnum(String)
  location: class ResourceType
/eval/src/generated/java/com/android/tools/lint/checks/DuplicateResourceDetector.java:100: error: cannot find symbol
            aliasType = ResourceType.getEnum(typeAttr);
                                    ^
  symbol:   method getEnum(String)
  location: class ResourceType
/eval/src/generated/java/com/android/tools/lint/checks/DuplicateResourceDetector.java:102: error: cannot find symbol
            aliasType = ResourceType.getEnum(tag);
                                    ^
  symbol:   method getEnum(String)
  location: class ResourceType
3 errors

FAILURE: Build failed with an exception.

* What went wrong:
Execution failed for task ':compileJava'.
> Compilation failed; see the compiler error output for details.

* Try:
> Run with --info option to get more log output.
> Run with --scan to get full insights.

BUILD FAILED in 5s
