/eval/src/generated/java/com/android/tools/lint/checks/IconDetector.java:11: error: cannot find symbol
import com.android.tools.lint.detector.api.ResourceValue;
                                          ^
  symbol:   class ResourceValue
  location: package com.android.tools.lint.detector.api
/eval/src/generated/java/com/android/tools/lint/checks/IconDetector.java:70: error: appliesTo(Context,File) in IconDetector cannot override appliesTo(Context,File) in Detector
    public boolean appliesTo(Context context, File file) {
                   ^
  overridden method is final
/eval/src/generated/java/com/android/tools/lint/checks/IconDetector.java:97: error: incompatible types: String cannot be converted to LintFix
                            name);
                            ^
/eval/src/generated/java/com/android/tools/lint/checks/IconDetector.java:125: error: method does not override or implement a method from a supertype
    @Override
    ^
/eval/src/generated/java/com/android/tools/lint/checks/IconDetector.java:206: error: cannot find symbol
                ResourceValue resource = mContext.getEvaluator().getResourceFieldValue(arg);
                ^
  symbol:   class ResourceValue
  location: class IconDetector.IconUastHandler
/eval/src/generated/java/com/android/tools/lint/checks/IconDetector.java:206: error: cannot find symbol
                ResourceValue resource = mContext.getEvaluator().getResourceFieldValue(arg);
                                                                ^
  symbol:   method getResourceFieldValue(UExpression)
  location: class JavaEvaluator
/eval/src/generated/java/com/android/tools/lint/checks/IconDetector.java:235: error: no suitable method found for report(Issue,USimpleNameReferenceExpression,Location,String,String)
            mContext.report(
                    ^
    method JavaContext.report(Issue,PsiElement,Location,String,LintFix) is not applicable
      (argument mismatch; USimpleNameReferenceExpression cannot be converted to PsiElement)
    method JavaContext.report(Issue,UElement,Location,String,LintFix) is not applicable
      (argument mismatch; String cannot be converted to LintFix)
    method JavaContext.report(Issue,UClass,Location,String,LintFix) is not applicable
      (argument mismatch; USimpleNameReferenceExpression cannot be converted to UClass)
    method JavaContext.report(Issue,UMethod,Location,String,LintFix) is not applicable
      (argument mismatch; USimpleNameReferenceExpression cannot be converted to UMethod)
    method JavaContext.report(Issue,UField,Location,String,LintFix) is not applicable
      (argument mismatch; USimpleNameReferenceExpression cannot be converted to UField)
Note: Some messages have been simplified; recompile with -Xdiags:verbose to get full output
7 errors

FAILURE: Build failed with an exception.

* What went wrong:
Execution failed for task ':compileJava'.
> Compilation failed; see the compiler error output for details.

* Try:
> Run with --info option to get more log output.
> Run with --scan to get full insights.

BUILD FAILED in 4s
