/eval/src/generated/java/com/android/tools/lint/checks/IconDetector.java:22: error: cannot find symbol
import org.jetbrains.uast.UElementHandler;
                         ^
  symbol:   class UElementHandler
  location: package org.jetbrains.uast
/eval/src/generated/java/com/android/tools/lint/checks/IconDetector.java:82: error: cannot find symbol
    public UElementHandler createUastHandler() {
           ^
  symbol:   class UElementHandler
  location: class IconDetector
/eval/src/generated/java/com/android/tools/lint/checks/IconDetector.java:58: error: method does not override or implement a method from a supertype
    @Override
    ^
/eval/src/generated/java/com/android/tools/lint/checks/IconDetector.java:63: error: method does not override or implement a method from a supertype
    @Override
    ^
/eval/src/generated/java/com/android/tools/lint/checks/IconDetector.java:81: error: method does not override or implement a method from a supertype
    @Override
    ^
/eval/src/generated/java/com/android/tools/lint/checks/IconDetector.java:83: error: cannot find symbol
        return new UElementHandler() {
                   ^
  symbol:   class UElementHandler
  location: class IconDetector
/eval/src/generated/java/com/android/tools/lint/checks/IconDetector.java:84: error: method does not override or implement a method from a supertype
            @Override
            ^
/eval/src/generated/java/com/android/tools/lint/checks/IconDetector.java:89: error: method does not override or implement a method from a supertype
            @Override
            ^
/eval/src/generated/java/com/android/tools/lint/checks/IconDetector.java:94: error: method does not override or implement a method from a supertype
            @Override
            ^
/eval/src/generated/java/com/android/tools/lint/checks/IconDetector.java:99: error: method does not override or implement a method from a supertype
            @Override
            ^
/eval/src/generated/java/com/android/tools/lint/checks/IconDetector.java:111: error: method does not override or implement a method from a supertype
    @Override
    ^
/eval/src/generated/java/com/android/tools/lint/checks/IconDetector.java:121: error: method does not override or implement a method from a supertype
    @Override
    ^
Note: /eval/src/generated/java/com/android/tools/lint/checks/IconDetector.java uses or overrides a deprecated API.
Note: Recompile with -Xlint:deprecation for details.
12 errors

FAILURE: Build failed with an exception.

* What went wrong:
Execution failed for task ':compileJava'.
> Compilation failed; see the compiler error output for details.

* Try:
> Run with --info option to get more log output.
> Run with --scan to get full insights.

BUILD FAILED in 4s
