/eval/src/generated/java/com/android/tools/lint/checks/InefficientWeightDetector.java:79: error: method getValueLocation in class XmlContext cannot be applied to given types;
                            context.getValueLocation(child, "layout_height"),
                                   ^
  required: Attr
  found:    Element,String
  reason: actual and formal argument lists differ in length
/eval/src/generated/java/com/android/tools/lint/checks/InefficientWeightDetector.java:89: error: method getValueLocation in class XmlContext cannot be applied to given types;
                            context.getValueLocation(child, "layout_width"),
                                   ^
  required: Attr
  found:    Element,String
  reason: actual and formal argument lists differ in length
2 errors

FAILURE: Build failed with an exception.

* What went wrong:
Execution failed for task ':compileJava'.
> Compilation failed; see the compiler error output for details.

* Try:
> Run with --info option to get more log output.
> Run with --scan to get full insights.

BUILD FAILED in 4s
