e: file:///eval/src/generated/kotlin/com/android/tools/lint/checks/KotlincFE10Detector.kt:17:27 Unresolved reference: UElementHandler
e: file:///eval/src/generated/kotlin/com/android/tools/lint/checks/KotlincFE10Detector.kt:63:57 Unresolved reference: UElementHandler
e: file:///eval/src/generated/kotlin/com/android/tools/lint/checks/KotlincFE10Detector.kt:64:21 Unresolved reference: UElementHandler
e: file:///eval/src/generated/kotlin/com/android/tools/lint/checks/KotlincFE10Detector.kt:65:7 'visitClassLiteralExpression' overrides nothing
e: file:///eval/src/generated/kotlin/com/android/tools/lint/checks/KotlincFE10Detector.kt:69:7 'visitCallableReferenceExpression' overrides nothing
e: file:///eval/src/generated/kotlin/com/android/tools/lint/checks/KotlincFE10Detector.kt:71:45 Unresolved reference: qualifiedName
e: file:///eval/src/generated/kotlin/com/android/tools/lint/checks/KotlincFE10Detector.kt:71:72 Unresolved reference: qualifiedName
e: file:///eval/src/generated/kotlin/com/android/tools/lint/checks/KotlincFE10Detector.kt:75:7 'visitParameter' overrides nothing
e: file:///eval/src/generated/kotlin/com/android/tools/lint/checks/KotlincFE10Detector.kt:79:7 'visitTypeReferenceExpression' overrides nothing
e: file:///eval/src/generated/kotlin/com/android/tools/lint/checks/KotlincFE10Detector.kt:83:7 'visitSimpleNameReferenceExpression' overrides nothing
e: file:///eval/src/generated/kotlin/com/android/tools/lint/checks/KotlincFE10Detector.kt:85:45 Unresolved reference: qualifiedName
e: file:///eval/src/generated/kotlin/com/android/tools/lint/checks/KotlincFE10Detector.kt:85:72 Unresolved reference: qualifiedName
e: file:///eval/src/generated/kotlin/com/android/tools/lint/checks/KotlincFE10Detector.kt:89:7 'visitCallExpression' overrides nothing
e: file:///eval/src/generated/kotlin/com/android/tools/lint/checks/KotlincFE10Detector.kt:91:45 Unresolved reference: qualifiedName
e: file:///eval/src/generated/kotlin/com/android/tools/lint/checks/KotlincFE10Detector.kt:91:72 Unresolved reference: qualifiedName

FAILURE: Build failed with an exception.

* What went wrong:
Execution failed for task ':compileKotlin'.
> A failure occurred while executing org.jetbrains.kotlin.compilerRunner.GradleCompilerRunnerWithWorkers$GradleKotlinCompilerWorkAction
   > Compilation error. See log for more details

* Try:
> Run with --stacktrace option to get the stack trace.
> Run with --info or --debug option to get more log output.
> Run with --scan to get full insights.
> Get more help at https://help.gradle.org.

BUILD FAILED in 6s
