/eval/src/generated/java/com/android/tools/lint/checks/IconDetector.java:77: error: method does not override or implement a method from a supertype
    @Override
    ^
/eval/src/generated/java/com/android/tools/lint/checks/IconDetector.java:79: error: method filterIncident in class Detector cannot be applied to given types;
        super.filterIncident(incident);
             ^
  required: Context,Incident,LintMap
  found:    Incident
  reason: actual and formal argument lists differ in length
/eval/src/generated/java/com/android/tools/lint/checks/IconDetector.java:83: error: appliesTo(Context,File) in IconDetector cannot override appliesTo(Context,File) in Detector
    public boolean appliesTo(@com.android.annotations.NonNull Context context, @com.android.annotations.NonNull java.io.File file) {
                   ^
  overridden method is final
Note: /eval/src/generated/java/com/android/tools/lint/checks/IconDetector.java uses or overrides a deprecated API.
Note: Recompile with -Xlint:deprecation for details.
3 errors

FAILURE: Build failed with an exception.

* What went wrong:
Execution failed for task ':compileJava'.
> Compilation failed; see the compiler error output for details.

* Try:
> Run with --info option to get more log output.
> Run with --scan to get full insights.

BUILD FAILED in 6s
