/eval/src/generated/java/com/android/tools/lint/checks/ManifestResourceDetector.java:3: error: cannot find symbol
import com.android.resources.FolderConfiguration;
                            ^
  symbol:   class FolderConfiguration
  location: package com.android.resources
/eval/src/generated/java/com/android/tools/lint/checks/ManifestResourceDetector.java:5: error: cannot find symbol
import com.android.resources.ResourceItem;
                            ^
  symbol:   class ResourceItem
  location: package com.android.resources
/eval/src/generated/java/com/android/tools/lint/checks/ManifestResourceDetector.java:6: error: cannot find symbol
import com.android.resources.ResourceNamespace;
                            ^
  symbol:   class ResourceNamespace
  location: package com.android.resources
/eval/src/generated/java/com/android/tools/lint/checks/ManifestResourceDetector.java:7: error: cannot find symbol
import com.android.resources.ResourceQualifier;
                            ^
  symbol:   class ResourceQualifier
  location: package com.android.resources
/eval/src/generated/java/com/android/tools/lint/checks/ManifestResourceDetector.java:8: error: cannot find symbol
import com.android.resources.ResourceRepository;
                            ^
  symbol:   class ResourceRepository
  location: package com.android.resources
/eval/src/generated/java/com/android/tools/lint/checks/ManifestResourceDetector.java:11: error: cannot find symbol
import com.android.resources.VersionQualifier;
                            ^
  symbol:   class VersionQualifier
  location: package com.android.resources
/eval/src/generated/java/com/android/tools/lint/checks/ManifestResourceDetector.java:18: error: cannot find symbol
import com.android.tools.lint.detector.api.XmlDetector;
                                          ^
  symbol:   class XmlDetector
  location: package com.android.tools.lint.detector.api
/eval/src/generated/java/com/android/tools/lint/checks/ManifestResourceDetector.java:30: error: cannot find symbol
public class ManifestResourceDetector extends XmlDetector {
                                              ^
  symbol: class XmlDetector
/eval/src/generated/java/com/android/tools/lint/checks/ManifestResourceDetector.java:40: error: no suitable constructor found for Implementation(Class<ManifestResourceDetector>,EnumSet<Scope>)
            new Implementation(ManifestResourceDetector.class, Scope.MANIFEST_SCOPE));
            ^
    constructor Implementation.Implementation(Class<? extends Detector>,EnumSet<Scope>) is not applicable
      (argument mismatch; Class<ManifestResourceDetector> cannot be converted to Class<? extends Detector>)
    constructor Implementation.Implementation(Class<? extends Detector>,EnumSet<Scope>,EnumSet<Scope>...) is not applicable
      (argument mismatch; Class<ManifestResourceDetector> cannot be converted to Class<? extends Detector>)
/eval/src/generated/java/com/android/tools/lint/checks/ManifestResourceDetector.java:46: error: method does not override or implement a method from a supertype
    @Override
    ^
/eval/src/generated/java/com/android/tools/lint/checks/ManifestResourceDetector.java:48: error: cannot find symbol
        return folderType == ResourceFolderType.MANIFEST;
                                               ^
  symbol:   variable MANIFEST
  location: class ResourceFolderType
/eval/src/generated/java/com/android/tools/lint/checks/ManifestResourceDetector.java:51: error: method does not override or implement a method from a supertype
    @Override
    ^
/eval/src/generated/java/com/android/tools/lint/checks/ManifestResourceDetector.java:53: error: cannot find symbol
        return ALL;
               ^
  symbol:   variable ALL
  location: class ManifestResourceDetector
/eval/src/generated/java/com/android/tools/lint/checks/ManifestResourceDetector.java:56: error: method does not override or implement a method from a supertype
    @Override
    ^
/eval/src/generated/java/com/android/tools/lint/checks/ManifestResourceDetector.java:64: error: cannot find symbol
                if (url != null && url.isValid() && !url.isFramework()) {
                                      ^
  symbol:   method isValid()
  location: variable url of type ResourceUrl
/eval/src/generated/java/com/android/tools/lint/checks/ManifestResourceDetector.java:81: error: cannot find symbol
            ResourceRepository repo = context.getClient().getResourceRepository(context.getProject(), false);
            ^
  symbol:   class ResourceRepository
  location: class ManifestResourceDetector
/eval/src/generated/java/com/android/tools/lint/checks/ManifestResourceDetector.java:81: error: method getResourceRepository in class LintClient cannot be applied to given types;
            ResourceRepository repo = context.getClient().getResourceRepository(context.getProject(), false);
                                                         ^
  required: Project,boolean,boolean
  found:    Project,boolean
  reason: actual and formal argument lists differ in length
/eval/src/generated/java/com/android/tools/lint/checks/ManifestResourceDetector.java:85: error: cannot find symbol
            List<ResourceItem> items = repo.getResources(ResourceNamespace.RES_AUTO, url.type, url.name);
                 ^
  symbol:   class ResourceItem
  location: class ManifestResourceDetector
/eval/src/generated/java/com/android/tools/lint/checks/ManifestResourceDetector.java:85: error: cannot find symbol
            List<ResourceItem> items = repo.getResources(ResourceNamespace.RES_AUTO, url.type, url.name);
                                                         ^
  symbol:   variable ResourceNamespace
  location: class ManifestResourceDetector
/eval/src/generated/java/com/android/tools/lint/checks/ManifestResourceDetector.java:89: error: cannot find symbol
            for (ResourceItem item : items) {
                 ^
  symbol:   class ResourceItem
  location: class ManifestResourceDetector
/eval/src/generated/java/com/android/tools/lint/checks/ManifestResourceDetector.java:91: error: cannot find symbol
                FolderConfiguration config = FolderConfiguration.getConfigForFolder(folderName);
                ^
  symbol:   class FolderConfiguration
  location: class ManifestResourceDetector
/eval/src/generated/java/com/android/tools/lint/checks/ManifestResourceDetector.java:91: error: cannot find symbol
                FolderConfiguration config = FolderConfiguration.getConfigForFolder(folderName);
                                             ^
  symbol:   variable FolderConfiguration
  location: class ManifestResourceDetector
/eval/src/generated/java/com/android/tools/lint/checks/ManifestResourceDetector.java:93: error: cannot find symbol
                    for (ResourceQualifier q : config.getQualifiers()) {
                         ^
  symbol:   class ResourceQualifier
  location: class ManifestResourceDetector
/eval/src/generated/java/com/android/tools/lint/checks/ManifestResourceDetector.java:94: error: cannot find symbol
                        if (q != null && !(q instanceof VersionQualifier)) {
                                                        ^
  symbol:   class VersionQualifier
  location: class ManifestResourceDetector
24 errors

FAILURE: Build failed with an exception.

* What went wrong:
Execution failed for task ':compileJava'.
> Compilation failed; see the compiler error output for details.

* Try:
> Run with --info option to get more log output.
> Run with --scan to get full insights.

BUILD FAILED in 4s
