/eval/src/generated/java/com/android/tools/lint/checks/DuplicateResourceDetector.java:71: error: cannot find symbol
        mFolderType = context.getResourceFolderType();
                             ^
  symbol:   method getResourceFolderType()
  location: variable context of type Context
/eval/src/generated/java/com/android/tools/lint/checks/DuplicateResourceDetector.java:110: error: cannot find symbol
            aliasType = ResourceType.getEnum(typeAttr);
                                    ^
  symbol:   method getEnum(String)
  location: class ResourceType
/eval/src/generated/java/com/android/tools/lint/checks/DuplicateResourceDetector.java:112: error: cannot find symbol
            aliasType = ResourceType.getEnum(tag);
                                    ^
  symbol:   method getEnum(String)
  location: class ResourceType
/eval/src/generated/java/com/android/tools/lint/checks/DuplicateResourceDetector.java:190: error: cannot find symbol
        return ResourceType.getEnum(typeName);
                           ^
  symbol:   method getEnum(String)
  location: class ResourceType
4 errors

FAILURE: Build failed with an exception.

* What went wrong:
Execution failed for task ':compileJava'.
> Compilation failed; see the compiler error output for details.

* Try:
> Run with --info option to get more log output.
> Run with --scan to get full insights.

BUILD FAILED in 5s
