/eval/src/generated/java/com/android/tools/lint/checks/RegistrationDetector.java:29: error: cannot find symbol
public class RegistrationDetector extends LayoutDetector {
                                          ^
  symbol: class LayoutDetector
/eval/src/generated/java/com/android/tools/lint/checks/RegistrationDetector.java:36: error: no suitable constructor found for Implementation(Class<RegistrationDetector>,EnumSet<Scope>)
            new Implementation(RegistrationDetector.class, EnumSet.of(Scope.JAVA_FILE, Scope.RESOURCE_FILE));
            ^
    constructor Implementation.Implementation(Class<? extends Detector>,EnumSet<Scope>) is not applicable
      (argument mismatch; Class<RegistrationDetector> cannot be converted to Class<? extends Detector>)
    constructor Implementation.Implementation(Class<? extends Detector>,EnumSet<Scope>,EnumSet<Scope>...) is not applicable
      (argument mismatch; Class<RegistrationDetector> cannot be converted to Class<? extends Detector>)
/eval/src/generated/java/com/android/tools/lint/checks/RegistrationDetector.java:48: error: method does not override or implement a method from a supertype
    @Override
    ^
/eval/src/generated/java/com/android/tools/lint/checks/RegistrationDetector.java:56: error: method does not override or implement a method from a supertype
    @Override
    ^
/eval/src/generated/java/com/android/tools/lint/checks/RegistrationDetector.java:58: error: cannot find symbol
        if (declaration.isAbstract()) {
                       ^
  symbol:   method isAbstract()
  location: variable declaration of type UClass
/eval/src/generated/java/com/android/tools/lint/checks/RegistrationDetector.java:67: error: cannot find symbol
        Map<String, Object> map = context.getPartialResult(ISSUE).getMap();
                                         ^
  symbol:   method getPartialResult(Issue)
  location: variable context of type JavaContext
/eval/src/generated/java/com/android/tools/lint/checks/RegistrationDetector.java:68: error: cannot find symbol
        map.put(className, context.createLocationHandle(declaration));
                                  ^
  symbol:   method createLocationHandle(UClass)
  location: variable context of type JavaContext
/eval/src/generated/java/com/android/tools/lint/checks/RegistrationDetector.java:71: error: method does not override or implement a method from a supertype
    @Override
    ^
/eval/src/generated/java/com/android/tools/lint/checks/RegistrationDetector.java:73: error: cannot find symbol
        Map<String, Object> map = partialResult.getMap();
                                               ^
  symbol:   method getMap()
  location: variable partialResult of type PartialResult
/eval/src/generated/java/com/android/tools/lint/checks/RegistrationDetector.java:97: error: incompatible types: Handle cannot be converted to Location
                context.report(ISSUE, handle, message);
                                      ^
Note: Some messages have been simplified; recompile with -Xdiags:verbose to get full output
10 errors

FAILURE: Build failed with an exception.

* What went wrong:
Execution failed for task ':compileJava'.
> Compilation failed; see the compiler error output for details.

* Try:
> Run with --info option to get more log output.
> Run with --scan to get full insights.

BUILD FAILED in 4s
