/eval/src/generated/java/com/android/tools/lint/checks/AndroidAutoDetector.java:28: error: cannot find symbol
            new Implementation(AndroidAutoDetector.class, Scope.JAVA_AND_MANIFEST_SCOPE);
                                                               ^
  symbol:   variable JAVA_AND_MANIFEST_SCOPE
  location: class Scope
/eval/src/generated/java/com/android/tools/lint/checks/AndroidAutoDetector.java:54: error: appliesTo(Context,File) in AndroidAutoDetector cannot override appliesTo(Context,File) in Detector
    public boolean appliesTo(@NonNull Context context, @NonNull java.io.File file) {
                   ^
  overridden method is final
Note: /eval/src/generated/java/com/android/tools/lint/checks/AndroidAutoDetector.java uses or overrides a deprecated API.
Note: Recompile with -Xlint:deprecation for details.
2 errors

FAILURE: Build failed with an exception.

* What went wrong:
Execution failed for task ':compileJava'.
> Compilation failed; see the compiler error output for details.

* Try:
> Run with --info option to get more log output.
> Run with --scan to get full insights.

BUILD FAILED in 7s
