/eval/src/generated/java/com/android/tools/lint/checks/IconDetector.java:19: error: cannot find symbol
import org.jetbrains.uast.UElementHandler;
                         ^
  symbol:   class UElementHandler
  location: package org.jetbrains.uast
/eval/src/generated/java/com/android/tools/lint/checks/IconDetector.java:88: error: cannot find symbol
    public UElementHandler createUastHandler() {
           ^
  symbol:   class UElementHandler
  location: class IconDetector
/eval/src/generated/java/com/android/tools/lint/checks/IconDetector.java:54: error: method does not override or implement a method from a supertype
    @Override
    ^
/eval/src/generated/java/com/android/tools/lint/checks/IconDetector.java:60: error: appliesTo(Context,File) in IconDetector cannot override appliesTo(Context,File) in Detector
    public boolean appliesTo(@NonNull Context context, @NonNull File file) {
                   ^
  overridden method is final
/eval/src/generated/java/com/android/tools/lint/checks/IconDetector.java:87: error: method does not override or implement a method from a supertype
    @Override
    ^
/eval/src/generated/java/com/android/tools/lint/checks/IconDetector.java:97: error: method does not override or implement a method from a supertype
    @Override
    ^
/eval/src/generated/java/com/android/tools/lint/checks/IconDetector.java:101: error: method does not override or implement a method from a supertype
    @Override
    ^
/eval/src/generated/java/com/android/tools/lint/checks/IconDetector.java:114: error: method does not override or implement a method from a supertype
    @Override
    ^
8 errors

FAILURE: Build failed with an exception.

* What went wrong:
Execution failed for task ':compileJava'.
> Compilation failed; see the compiler error output for details.

* Try:
> Run with --info option to get more log output.
> Run with --scan to get full insights.

BUILD FAILED in 5s
