/eval/src/generated/java/com/android/tools/lint/checks/IconDetector.java:23: error: cannot find symbol
import org.jetbrains.uast.visitor.UElementHandler;
                                 ^
  symbol:   class UElementHandler
  location: package org.jetbrains.uast.visitor
/eval/src/generated/java/com/android/tools/lint/checks/IconDetector.java:79: error: cannot find symbol
    public UElementHandler createUastHandler() {
           ^
  symbol:   class UElementHandler
  location: class IconDetector
/eval/src/generated/java/com/android/tools/lint/checks/IconDetector.java:51: error: method does not override or implement a method from a supertype
    @Override
    ^
/eval/src/generated/java/com/android/tools/lint/checks/IconDetector.java:78: error: method does not override or implement a method from a supertype
    @Override
    ^
/eval/src/generated/java/com/android/tools/lint/checks/IconDetector.java:83: error: method does not override or implement a method from a supertype
    @Override
    ^
/eval/src/generated/java/com/android/tools/lint/checks/IconDetector.java:85: error: no suitable method found for visitMethod(JavaContext,UMethod)
        super.visitMethod(context, node);
             ^
    method Detector.visitMethod(JavaContext,JavaElementVisitor,PsiMethodCallExpression,PsiMethod) is not applicable
      (actual and formal argument lists differ in length)
    method Detector.visitMethod(JavaContext,UCallExpression,PsiMethod) is not applicable
      (actual and formal argument lists differ in length)
/eval/src/generated/java/com/android/tools/lint/checks/IconDetector.java:88: error: method does not override or implement a method from a supertype
    @Override
    ^
/eval/src/generated/java/com/android/tools/lint/checks/IconDetector.java:90: error: cannot find symbol
        super.visitCallExpression(context, node);
             ^
  symbol: method visitCallExpression(JavaContext,UCallExpression)
/eval/src/generated/java/com/android/tools/lint/checks/IconDetector.java:98: error: method does not override or implement a method from a supertype
    @Override
    ^
/eval/src/generated/java/com/android/tools/lint/checks/IconDetector.java:100: error: cannot find symbol
        super.visitSimpleNameReferenceExpression(context, node);
             ^
  symbol: method visitSimpleNameReferenceExpression(JavaContext,USimpleNameReferenceExpression)
10 errors

FAILURE: Build failed with an exception.

* What went wrong:
Execution failed for task ':compileJava'.
> Compilation failed; see the compiler error output for details.

* Try:
> Run with --info option to get more log output.
> Run with --scan to get full insights.

BUILD FAILED in 5s
