/eval/src/generated/java/com/android/tools/lint/checks/ExifInterfaceDetector.java:100: error: cannot find symbol
                String importString = node.getImportString();
                                          ^
  symbol:   method getImportString()
  location: variable node of type UImportStatement
/eval/src/generated/java/com/android/tools/lint/checks/ExifInterfaceDetector.java:118: error: reference to getLocation is ambiguous
                        Location location = typeReference != null ? context.getLocation(typeReference) : context.getLocation(node);
                                                                                                                ^
  both method getLocation(PsiElement) in JavaContext and method getLocation(UElement) in JavaContext match
/eval/src/generated/java/com/android/tools/lint/checks/ExifInterfaceDetector.java:119: error: reference to report is ambiguous
                        context.report(
                               ^
  both method report(Issue,PsiElement,Location,String) in JavaContext and method report(Issue,UElement,Location,String) in JavaContext match
3 errors

FAILURE: Build failed with an exception.

* What went wrong:
Execution failed for task ':compileJava'.
> Compilation failed; see the compiler error output for details.

* Try:
> Run with --info option to get more log output.
> Run with --scan to get full insights.

BUILD FAILED in 12s
