/eval/src/generated/java/com/android/tools/lint/checks/AndroidTvDetector.java:6: error: cannot find symbol
import static com.android.SdkConstants.NODE_CATEGORY;
^
  symbol:   static NODE_CATEGORY
  location: class SdkConstants
/eval/src/generated/java/com/android/tools/lint/checks/AndroidTvDetector.java:7: error: cannot find symbol
import static com.android.SdkConstants.NODE_USES_FEATURE;
^
  symbol:   static NODE_USES_FEATURE
  location: class SdkConstants
/eval/src/generated/java/com/android/tools/lint/checks/AndroidTvDetector.java:72: error: cannot find symbol
        return Arrays.asList(NODE_USES_FEATURE, NODE_CATEGORY);
                             ^
  symbol:   variable NODE_USES_FEATURE
  location: class AndroidTvDetector
/eval/src/generated/java/com/android/tools/lint/checks/AndroidTvDetector.java:72: error: cannot find symbol
        return Arrays.asList(NODE_USES_FEATURE, NODE_CATEGORY);
                                                ^
  symbol:   variable NODE_CATEGORY
  location: class AndroidTvDetector
/eval/src/generated/java/com/android/tools/lint/checks/AndroidTvDetector.java:75: error: method does not override or implement a method from a supertype
    @Override
    ^
/eval/src/generated/java/com/android/tools/lint/checks/AndroidTvDetector.java:84: error: cannot find symbol
        if (NODE_USES_FEATURE.equals(tagName)) {
            ^
  symbol:   variable NODE_USES_FEATURE
  location: class AndroidTvDetector
/eval/src/generated/java/com/android/tools/lint/checks/AndroidTvDetector.java:97: error: cannot find symbol
        } else if (NODE_CATEGORY.equals(tagName)) {
                   ^
  symbol:   variable NODE_CATEGORY
  location: class AndroidTvDetector
/eval/src/generated/java/com/android/tools/lint/checks/AndroidTvDetector.java:105: error: method does not override or implement a method from a supertype
    @Override
    ^
8 errors

FAILURE: Build failed with an exception.

* What went wrong:
Execution failed for task ':compileJava'.
> Compilation failed; see the compiler error output for details.

* Try:
> Run with --info option to get more log output.
> Run with --scan to get full insights.

BUILD FAILED in 8s
