e: file:///eval/src/generated/kotlin/com/android/tools/lint/checks/AppBundleLocaleChangesDetector.kt:77:42 Unresolved reference: accept
e: file:///eval/src/generated/kotlin/com/android/tools/lint/checks/AppBundleLocaleChangesDetector.kt:98:42 Unresolved reference: accept
e: file:///eval/src/generated/kotlin/com/android/tools/lint/checks/AppBundleLocaleChangesDetector.kt:110:41 Unresolved reference: keys
e: file:///eval/src/generated/kotlin/com/android/tools/lint/checks/AppBundleLocaleChangesDetector.kt:110:60 Unresolved reference: startsWith
e: file:///eval/src/generated/kotlin/com/android/tools/lint/checks/AppBundleLocaleChangesDetector.kt:115:45 Unresolved reference: keys
e: file:///eval/src/generated/kotlin/com/android/tools/lint/checks/AppBundleLocaleChangesDetector.kt:116:16 Unresolved reference: startsWith
e: file:///eval/src/generated/kotlin/com/android/tools/lint/checks/AppBundleLocaleChangesDetector.kt:116:68 Unresolved reference. None of the following candidates is applicable because of receiver type mismatch: 
public operator fun MatchGroupCollection.get(name: String): MatchGroup? defined in kotlin.text
e: file:///eval/src/generated/kotlin/com/android/tools/lint/checks/AppBundleLocaleChangesDetector.kt:116:72 Expression expected, but a package name found
e: file:///eval/src/generated/kotlin/com/android/tools/lint/checks/AppBundleLocaleChangesDetector.kt:128:43 Unresolved reference: getLocation

FAILURE: Build failed with an exception.

* What went wrong:
Execution failed for task ':compileKotlin'.
> A failure occurred while executing org.jetbrains.kotlin.compilerRunner.GradleCompilerRunnerWithWorkers$GradleKotlinCompilerWorkAction
   > Compilation error. See log for more details

* Try:
> Run with --stacktrace option to get the stack trace.
> Run with --info or --debug option to get more log output.
> Run with --scan to get full insights.
> Get more help at https://help.gradle.org.

BUILD FAILED in 6s
