/eval/src/generated/java/com/android/tools/lint/checks/ExifInterfaceDetector.java:18: error: cannot find symbol
import org.jetbrains.uast.UElementHandler;
                         ^
  symbol:   class UElementHandler
  location: package org.jetbrains.uast
/eval/src/generated/java/com/android/tools/lint/checks/ExifInterfaceDetector.java:54: error: cannot find symbol
    public UElementHandler createUastHandler(@NonNull JavaContext context) {
           ^
  symbol:   class UElementHandler
  location: class ExifInterfaceDetector
/eval/src/generated/java/com/android/tools/lint/checks/ExifInterfaceDetector.java:55: error: cannot find symbol
        return new UElementHandler() {
                   ^
  symbol:   class UElementHandler
  location: class ExifInterfaceDetector
/eval/src/generated/java/com/android/tools/lint/checks/ExifInterfaceDetector.java:56: error: method does not override or implement a method from a supertype
            @Override
            ^
/eval/src/generated/java/com/android/tools/lint/checks/ExifInterfaceDetector.java:58: error: cannot find symbol
                String qualifiedName = node.getQualifiedName();
                                           ^
  symbol:   method getQualifiedName()
  location: variable node of type UImportStatement
/eval/src/generated/java/com/android/tools/lint/checks/ExifInterfaceDetector.java:64: error: method does not override or implement a method from a supertype
            @Override
            ^
/eval/src/generated/java/com/android/tools/lint/checks/ExifInterfaceDetector.java:72: error: method does not override or implement a method from a supertype
            @Override
            ^
/eval/src/generated/java/com/android/tools/lint/checks/ExifInterfaceDetector.java:74: error: cannot find symbol
                PsiType type = context.getEvaluator().getType(node.getQualifier());
                                                                  ^
  symbol:   method getQualifier()
  location: variable node of type UQualifiedReferenceExpression
/eval/src/generated/java/com/android/tools/lint/checks/ExifInterfaceDetector.java:80: error: method does not override or implement a method from a supertype
            @Override
            ^
/eval/src/generated/java/com/android/tools/lint/checks/ExifInterfaceDetector.java:82: error: cannot find symbol
                if (node.isConstructorCall()) {
                        ^
  symbol:   method isConstructorCall()
  location: variable node of type UCallExpression
/eval/src/generated/java/com/android/tools/lint/checks/ExifInterfaceDetector.java:83: error: cannot find symbol
                    UTypeReferenceExpression typeRef = node.getTypeReference();
                                                           ^
  symbol:   method getTypeReference()
  location: variable node of type UCallExpression
11 errors

FAILURE: Build failed with an exception.

* What went wrong:
Execution failed for task ':compileJava'.
> Compilation failed; see the compiler error output for details.

* Try:
> Run with --info option to get more log output.
> Run with --scan to get full insights.

BUILD FAILED in 3s
