/eval/src/generated/java/com/android/tools/lint/checks/IconDetector.java:55: error: method does not override or implement a method from a supertype
    @Override
    ^
/eval/src/generated/java/com/android/tools/lint/checks/IconDetector.java:66: error: appliesTo(Context,File) in IconDetector cannot override appliesTo(Context,File) in Detector
    public boolean appliesTo(Context context, File file) {
                   ^
  overridden method is final
/eval/src/generated/java/com/android/tools/lint/checks/IconDetector.java:154: error: method getLocation in class Context cannot be applied to given types;
            Incident incident = new Incident(ISSUE, "WebP requires API 15 (current min is " + minSdk + ")", context.getLocation(file));
                                                                                                                   ^
  required: Object,LocationType
  found:    File
  reason: actual and formal argument lists differ in length
/eval/src/generated/java/com/android/tools/lint/checks/IconDetector.java:168: error: method getLocation in class Context cannot be applied to given types;
                            Incident incident = new Incident(ISSUE, "Lossless WebP requires API 18 (current min is " + minSdk + ")", context.getLocation(file));
                                                                                                                                            ^
  required: Object,LocationType
  found:    File
  reason: actual and formal argument lists differ in length
/eval/src/generated/java/com/android/tools/lint/checks/IconDetector.java:176: error: method getLocation in class Context cannot be applied to given types;
                                Incident incident = new Incident(ISSUE, feature + " WebP requires API 18 (current min is " + minSdk + ")", context.getLocation(file));
                                                                                                                                                  ^
  required: Object,LocationType
  found:    File
  reason: actual and formal argument lists differ in length
5 errors

FAILURE: Build failed with an exception.

* What went wrong:
Execution failed for task ':compileJava'.
> Compilation failed; see the compiler error output for details.

* Try:
> Run with --info option to get more log output.
> Run with --scan to get full insights.

BUILD FAILED in 6s
