/eval/src/generated/java/com/android/tools/lint/checks/OnClickDetector.java:7: error: cannot find symbol
import com.android.tools.lint.detector.api.JavaEvaluator;
                                          ^
  symbol:   class JavaEvaluator
  location: package com.android.tools.lint.detector.api
/eval/src/generated/java/com/android/tools/lint/checks/OnClickDetector.java:81: error: cannot find symbol
        JavaEvaluator evaluator =
        ^
  symbol:   class JavaEvaluator
  location: class OnClickDetector
/eval/src/generated/java/com/android/tools/lint/checks/OnClickDetector.java:82: error: cannot find symbol
                context.getClient().getJavaEvaluator(context.getMainProject());
                                   ^
  symbol:   method getJavaEvaluator(Project)
  location: class LintClient
Note: /eval/src/generated/java/com/android/tools/lint/checks/OnClickDetector.java uses or overrides a deprecated API.
Note: Recompile with -Xlint:deprecation for details.
3 errors

FAILURE: Build failed with an exception.

* What went wrong:
Execution failed for task ':compileJava'.
> Compilation failed; see the compiler error output for details.

* Try:
> Run with --info option to get more log output.
> Run with --scan to get full insights.

BUILD FAILED in 4s
