/eval/src/generated/java/com/android/tools/lint/checks/TextFieldDetector.java:14: error: cannot find symbol
public class TextFieldDetector extends LayoutDetector {
                                       ^
  symbol: class LayoutDetector
/eval/src/generated/java/com/android/tools/lint/checks/TextFieldDetector.java:17: error: no suitable constructor found for Implementation(Class<TextFieldDetector>,EnumSet<Scope>)
            new Implementation(TextFieldDetector.class, Scope.RESOURCE_FILE_SCOPE);
            ^
    constructor Implementation.Implementation(Class<? extends Detector>,EnumSet<Scope>) is not applicable
      (argument mismatch; Class<TextFieldDetector> cannot be converted to Class<? extends Detector>)
    constructor Implementation.Implementation(Class<? extends Detector>,EnumSet<Scope>,EnumSet<Scope>...) is not applicable
      (argument mismatch; Class<TextFieldDetector> cannot be converted to Class<? extends Detector>)
/eval/src/generated/java/com/android/tools/lint/checks/TextFieldDetector.java:52: error: method does not override or implement a method from a supertype
    @Override
    ^
/eval/src/generated/java/com/android/tools/lint/checks/TextFieldDetector.java:61: error: method does not override or implement a method from a supertype
    @Override
    ^
4 errors

FAILURE: Build failed with an exception.

* What went wrong:
Execution failed for task ':compileJava'.
> Compilation failed; see the compiler error output for details.

* Try:
> Run with --info option to get more log output.
> Run with --scan to get full insights.

BUILD FAILED in 6s
