/eval/src/generated/java/com/android/tools/lint/checks/ParcelDetector.java:8: error: cannot find symbol
import com.android.tools.lint.detector.api.JavaEvaluator;
                                          ^
  symbol:   class JavaEvaluator
  location: package com.android.tools.lint.detector.api
/eval/src/generated/java/com/android/tools/lint/checks/ParcelDetector.java:11: error: cannot find symbol
import com.android.tools.lint.detector.api.UastScanner;
                                          ^
  symbol:   class UastScanner
  location: package com.android.tools.lint.detector.api
/eval/src/generated/java/com/android/tools/lint/checks/ParcelDetector.java:15: error: cannot find symbol
import org.jetbrains.uast.UElementHandler;
                         ^
  symbol:   class UElementHandler
  location: package org.jetbrains.uast
/eval/src/generated/java/com/android/tools/lint/checks/ParcelDetector.java:21: error: cannot find symbol
public class ParcelDetector extends Detector implements UastScanner {
                                                        ^
  symbol: class UastScanner
/eval/src/generated/java/com/android/tools/lint/checks/ParcelDetector.java:41: error: cannot find symbol
    public UElementHandler createUastHandler(Context context) {
           ^
  symbol:   class UElementHandler
  location: class ParcelDetector
/eval/src/generated/java/com/android/tools/lint/checks/ParcelDetector.java:40: error: method does not override or implement a method from a supertype
    @Override
    ^
/eval/src/generated/java/com/android/tools/lint/checks/ParcelDetector.java:42: error: cannot find symbol
        return new UElementHandler() {
                   ^
  symbol:   class UElementHandler
  location: class ParcelDetector
/eval/src/generated/java/com/android/tools/lint/checks/ParcelDetector.java:43: error: method does not override or implement a method from a supertype
            @Override
            ^
/eval/src/generated/java/com/android/tools/lint/checks/ParcelDetector.java:52: error: cannot find symbol
                JavaEvaluator evaluator = context.getEvaluator();
                ^
  symbol: class JavaEvaluator
/eval/src/generated/java/com/android/tools/lint/checks/ParcelDetector.java:52: error: cannot find symbol
                JavaEvaluator evaluator = context.getEvaluator();
                                                 ^
  symbol:   method getEvaluator()
  location: variable context of type Context
/eval/src/generated/java/com/android/tools/lint/checks/ParcelDetector.java:66: error: cannot find symbol
                context.report(ISSUE, context.getNameLocation(node),
                                             ^
  symbol:   method getNameLocation(UClass)
  location: variable context of type Context
11 errors

FAILURE: Build failed with an exception.

* What went wrong:
Execution failed for task ':compileJava'.
> Compilation failed; see the compiler error output for details.

* Try:
> Run with --info option to get more log output.
> Run with --scan to get full insights.

BUILD FAILED in 5s
