/eval/src/generated/java/com/android/tools/lint/checks/LayoutConsistencyDetector.java:11: error: cannot find symbol
import com.android.tools.lint.detector.api.ResourceFolderType;
                                          ^
  symbol:   class ResourceFolderType
  location: package com.android.tools.lint.detector.api
/eval/src/generated/java/com/android/tools/lint/checks/LayoutConsistencyDetector.java:48: error: cannot find symbol
    public boolean appliesTo(@NonNull ResourceFolderType folderType) {
                                      ^
  symbol:   class ResourceFolderType
  location: class LayoutConsistencyDetector
/eval/src/generated/java/com/android/tools/lint/checks/LayoutConsistencyDetector.java:53: error: cannot find symbol
    public Collection<String> getApplicableAttributes() {
           ^
  symbol:   class Collection
  location: class LayoutConsistencyDetector
/eval/src/generated/java/com/android/tools/lint/checks/LayoutConsistencyDetector.java:49: error: cannot find symbol
        return folderType == ResourceFolderType.LAYOUT;
                             ^
  symbol:   variable ResourceFolderType
  location: class LayoutConsistencyDetector
Note: /eval/src/generated/java/com/android/tools/lint/checks/LayoutConsistencyDetector.java uses or overrides a deprecated API.
Note: Recompile with -Xlint:deprecation for details.
4 errors

FAILURE: Build failed with an exception.

* What went wrong:
Execution failed for task ':compileJava'.
> Compilation failed; see the compiler error output for details.

* Try:
> Run with --info option to get more log output.
> Run with --scan to get full insights.

BUILD FAILED in 4s
