/eval/src/generated/java/com/android/tools/lint/checks/IconDetector.java:27: error: cannot find symbol
public class IconDetector extends Detector implements SourceCodeScanner, XmlScanner {
                                                      ^
  symbol: class SourceCodeScanner
/eval/src/generated/java/com/android/tools/lint/checks/IconDetector.java:27: error: cannot find symbol
public class IconDetector extends Detector implements SourceCodeScanner, XmlScanner {
                                                                         ^
  symbol: class XmlScanner
/eval/src/generated/java/com/android/tools/lint/checks/IconDetector.java:52: error: cannot find symbol
        for (java.io.File resDir : context.getProject().getResourceDirectories()) {
                                                       ^
  symbol:   method getResourceDirectories()
  location: class Project
/eval/src/generated/java/com/android/tools/lint/checks/IconDetector.java:89: error: cannot find symbol
                metadata.putInt(MIN_SDK_KEY, WEBP_MIN_SDK);
                        ^
  symbol:   method putInt(String,int)
  location: variable metadata of type LintMap
/eval/src/generated/java/com/android/tools/lint/checks/IconDetector.java:93: error: method getLocation in class Context cannot be applied to given types;
                                context.getLocation(file),
                                       ^
  required: Object,LocationType
  found:    File
  reason: actual and formal argument lists differ in length
5 errors

FAILURE: Build failed with an exception.

* What went wrong:
Execution failed for task ':compileJava'.
> Compilation failed; see the compiler error output for details.

* Try:
> Run with --info option to get more log output.
> Run with --scan to get full insights.

BUILD FAILED in 4s
