/eval/src/generated/java/com/android/tools/lint/checks/IconDetector.java:37: error: cannot find symbol
import org.jetbrains.uast.UElementHandler;
                         ^
  symbol:   class UElementHandler
  location: package org.jetbrains.uast
/eval/src/generated/java/com/android/tools/lint/checks/IconDetector.java:182: error: cannot find symbol
    public UElementHandler createUastHandler(@NonNull JavaContext context) {
           ^
  symbol:   class UElementHandler
  location: class IconDetector
/eval/src/generated/java/com/android/tools/lint/checks/IconDetector.java:161: error: method getAttribute in interface Element cannot be applied to given types;
        String icon = element.getAttribute(ANDROID_URI, ATTR_ICON);
                             ^
  required: String
  found:    String,String
  reason: actual and formal argument lists differ in length
/eval/src/generated/java/com/android/tools/lint/checks/IconDetector.java:165: error: method getAttribute in interface Element cannot be applied to given types;
        String roundIcon = element.getAttribute(ANDROID_URI, ATTR_ROUND_ICON);
                                  ^
  required: String
  found:    String,String
  reason: actual and formal argument lists differ in length
/eval/src/generated/java/com/android/tools/lint/checks/IconDetector.java:183: error: cannot find symbol
        return new UElementHandler() {
                   ^
  symbol:   class UElementHandler
  location: class IconDetector
/eval/src/generated/java/com/android/tools/lint/checks/IconDetector.java:184: error: method does not override or implement a method from a supertype
            @Override
            ^
/eval/src/generated/java/com/android/tools/lint/checks/IconDetector.java:189: error: method does not override or implement a method from a supertype
            @Override
            ^
/eval/src/generated/java/com/android/tools/lint/checks/IconDetector.java:210: error: method does not override or implement a method from a supertype
            @Override
            ^
8 errors

FAILURE: Build failed with an exception.

* What went wrong:
Execution failed for task ':compileJava'.
> Compilation failed; see the compiler error output for details.

* Try:
> Run with --info option to get more log output.
> Run with --scan to get full insights.

BUILD FAILED in 4s
