/eval/src/generated/java/com/android/tools/lint/checks/UnsafeNativeCodeDetector.java:9: error: cannot find symbol
import com.android.tools.lint.detector.api.ResourceFolderDetector;
                                          ^
  symbol:   class ResourceFolderDetector
  location: package com.android.tools.lint.detector.api
/eval/src/generated/java/com/android/tools/lint/checks/UnsafeNativeCodeDetector.java:10: error: cannot find symbol
import com.android.tools.lint.detector.api.ResourceFolderType;
                                          ^
  symbol:   class ResourceFolderType
  location: package com.android.tools.lint.detector.api
/eval/src/generated/java/com/android/tools/lint/checks/UnsafeNativeCodeDetector.java:20: error: cannot find symbol
public class UnsafeNativeCodeDetector extends Detector implements ResourceFolderDetector {
                                                                  ^
  symbol: class ResourceFolderDetector
/eval/src/generated/java/com/android/tools/lint/checks/UnsafeNativeCodeDetector.java:38: error: cannot find symbol
    public boolean appliesTo(ResourceFolderType... folderTypes) {
                             ^
  symbol:   class ResourceFolderType
  location: class UnsafeNativeCodeDetector
/eval/src/generated/java/com/android/tools/lint/checks/UnsafeNativeCodeDetector.java:37: error: method does not override or implement a method from a supertype
    @Override
    ^
/eval/src/generated/java/com/android/tools/lint/checks/UnsafeNativeCodeDetector.java:42: error: method does not override or implement a method from a supertype
    @Override
    ^
6 errors

FAILURE: Build failed with an exception.

* What went wrong:
Execution failed for task ':compileJava'.
> Compilation failed; see the compiler error output for details.

* Try:
> Run with --info option to get more log output.
> Run with --scan to get full insights.

BUILD FAILED in 4s
