/eval/src/generated/java/com/android/tools/lint/checks/DuplicateResourceDetector.java:73: error: no suitable method found for fromXmlTag(String)
            return ResourceType.fromXmlTag(typeAttr);
                               ^
    method ResourceType.<T>fromXmlTag(T,Function<T,String>,BiFunction<? super T,? super String,String>) is not applicable
      (cannot infer type-variable(s) T
        (actual and formal argument lists differ in length))
    method ResourceType.fromXmlTag(Node) is not applicable
      (argument mismatch; String cannot be converted to Node)
  where T is a type-variable:
    T extends Object declared in method <T>fromXmlTag(T,Function<T,String>,BiFunction<? super T,? super String,String>)
/eval/src/generated/java/com/android/tools/lint/checks/DuplicateResourceDetector.java:76: error: no suitable method found for fromXmlTag(String)
        ResourceType type = ResourceType.fromXmlTag(tag);
                                        ^
    method ResourceType.<T>fromXmlTag(T,Function<T,String>,BiFunction<? super T,? super String,String>) is not applicable
      (cannot infer type-variable(s) T
        (actual and formal argument lists differ in length))
    method ResourceType.fromXmlTag(Node) is not applicable
      (argument mismatch; String cannot be converted to Node)
  where T is a type-variable:
    T extends Object declared in method <T>fromXmlTag(T,Function<T,String>,BiFunction<? super T,? super String,String>)
2 errors

FAILURE: Build failed with an exception.

* What went wrong:
Execution failed for task ':compileJava'.
> Compilation failed; see the compiler error output for details.

* Try:
> Run with --info option to get more log output.
> Run with --scan to get full insights.

BUILD FAILED in 4s
