/eval/src/generated/java/com/android/tools/lint/checks/OnClickDetector.java:3: error: package com.android.tools.lint.detector does not exist
import com.android.tools.lint.detector.LayoutDetector;
                                      ^
/eval/src/generated/java/com/android/tools/lint/checks/OnClickDetector.java:29: error: cannot find symbol
public class OnClickDetector extends LayoutDetector {
                                     ^
  symbol: class LayoutDetector
/eval/src/generated/java/com/android/tools/lint/checks/OnClickDetector.java:32: error: no suitable constructor found for Implementation(Class<OnClickDetector>,EnumSet<Scope>)
            new Implementation(
            ^
    constructor Implementation.Implementation(Class<? extends Detector>,EnumSet<Scope>) is not applicable
      (argument mismatch; Class<OnClickDetector> cannot be converted to Class<? extends Detector>)
    constructor Implementation.Implementation(Class<? extends Detector>,EnumSet<Scope>,EnumSet<Scope>...) is not applicable
      (argument mismatch; Class<OnClickDetector> cannot be converted to Class<? extends Detector>)
/eval/src/generated/java/com/android/tools/lint/checks/OnClickDetector.java:49: error: method does not override or implement a method from a supertype
    @Override
    ^
/eval/src/generated/java/com/android/tools/lint/checks/OnClickDetector.java:67: error: method does not override or implement a method from a supertype
    @Override
    ^
/eval/src/generated/java/com/android/tools/lint/checks/OnClickDetector.java:72: error: method does not override or implement a method from a supertype
    @Override
    ^
/eval/src/generated/java/com/android/tools/lint/checks/OnClickDetector.java:87: error: method does not override or implement a method from a supertype
    @Override
    ^
/eval/src/generated/java/com/android/tools/lint/checks/OnClickDetector.java:92: error: method does not override or implement a method from a supertype
    @Override
    ^
8 errors

FAILURE: Build failed with an exception.

* What went wrong:
Execution failed for task ':compileJava'.
> Compilation failed; see the compiler error output for details.

* Try:
> Run with --info option to get more log output.
> Run with --scan to get full insights.

BUILD FAILED in 4s
