/eval/src/generated/java/com/android/tools/lint/checks/IconDetector.java:17: error: cannot find symbol
import com.android.tools.lint.detector.api.SdkConstants;
                                          ^
  symbol:   class SdkConstants
  location: package com.android.tools.lint.detector.api
/eval/src/generated/java/com/android/tools/lint/checks/IconDetector.java:34: error: cannot find symbol
public class IconDetector extends Detector implements SourceCodeScanner, XmlScanner {
                                                      ^
  symbol: class SourceCodeScanner
/eval/src/generated/java/com/android/tools/lint/checks/IconDetector.java:34: error: cannot find symbol
public class IconDetector extends Detector implements SourceCodeScanner, XmlScanner {
                                                                         ^
  symbol: class XmlScanner
/eval/src/generated/java/com/android/tools/lint/checks/IconDetector.java:134: error: incompatible types: UCallExpression cannot be converted to PsiElement
        PsiMethod method = evaluator.resolve(node);
                                             ^
/eval/src/generated/java/com/android/tools/lint/checks/IconDetector.java:167: error: cannot find symbol
        String src = element.getAttributeNS(SdkConstants.ANDROID_URI, "src");
                                            ^
  symbol:   variable SdkConstants
  location: class IconDetector
/eval/src/generated/java/com/android/tools/lint/checks/IconDetector.java:176: error: cannot find symbol
        String icon = element.getAttributeNS(SdkConstants.ANDROID_URI, "icon");
                                             ^
  symbol:   variable SdkConstants
  location: class IconDetector
Note: Some messages have been simplified; recompile with -Xdiags:verbose to get full output
6 errors

FAILURE: Build failed with an exception.

* What went wrong:
Execution failed for task ':compileJava'.
> Compilation failed; see the compiler error output for details.

* Try:
> Run with --info option to get more log output.
> Run with --scan to get full insights.

BUILD FAILED in 3s
