/eval/src/generated/java/com/android/tools/lint/checks/OnClickDetector.java:54: error: cannot find symbol
    public void afterCheckRootProject(@NonNull Context context) {
                                       ^
  symbol:   class NonNull
  location: class OnClickDetector
/eval/src/generated/java/com/android/tools/lint/checks/OnClickDetector.java:78: error: cannot find symbol
    public void visitAttribute(@NonNull XmlContext context, @NonNull Attr attribute) {
                                ^
  symbol:   class NonNull
  location: class OnClickDetector
/eval/src/generated/java/com/android/tools/lint/checks/OnClickDetector.java:78: error: cannot find symbol
    public void visitAttribute(@NonNull XmlContext context, @NonNull Attr attribute) {
                                                             ^
  symbol:   class NonNull
  location: class OnClickDetector
/eval/src/generated/java/com/android/tools/lint/checks/OnClickDetector.java:100: error: cannot find symbol
    public void visitClass(@NonNull JavaContext context, @NonNull UClass declaration) {
                            ^
  symbol:   class NonNull
  location: class OnClickDetector
/eval/src/generated/java/com/android/tools/lint/checks/OnClickDetector.java:100: error: cannot find symbol
    public void visitClass(@NonNull JavaContext context, @NonNull UClass declaration) {
                                                          ^
  symbol:   class NonNull
  location: class OnClickDetector
5 errors

FAILURE: Build failed with an exception.

* What went wrong:
Execution failed for task ':compileJava'.
> Compilation failed; see the compiler error output for details.

* Try:
> Run with --info option to get more log output.
> Run with --scan to get full insights.

BUILD FAILED in 7s
