/eval/src/generated/java/com/android/tools/lint/checks/IconDetector.java:6: error: cannot find symbol
import com.android.tools.lint.detector.api.BinaryResourceContext;
                                          ^
  symbol:   class BinaryResourceContext
  location: package com.android.tools.lint.detector.api
/eval/src/generated/java/com/android/tools/lint/checks/IconDetector.java:137: error: cannot find symbol
    public void checkBinaryResource(@NonNull BinaryResourceContext context) {
                                             ^
  symbol:   class BinaryResourceContext
  location: class IconDetector
/eval/src/generated/java/com/android/tools/lint/checks/IconDetector.java:101: error: method get in class LintMap cannot be applied to given types;
        int requiredApi = map.get("requiresApi", API_WEBP);
                             ^
  required: String
  found:    String,int
  reason: actual and formal argument lists differ in length
/eval/src/generated/java/com/android/tools/lint/checks/IconDetector.java:131: error: method does not override or implement a method from a supertype
    @Override
    ^
/eval/src/generated/java/com/android/tools/lint/checks/IconDetector.java:220: error: cannot find symbol
        LintMap.Builder builder = new LintMap.Builder();
               ^
  symbol:   class Builder
  location: class LintMap
/eval/src/generated/java/com/android/tools/lint/checks/IconDetector.java:220: error: cannot find symbol
        LintMap.Builder builder = new LintMap.Builder();
                                             ^
  symbol:   class Builder
  location: class LintMap
6 errors

FAILURE: Build failed with an exception.

* What went wrong:
Execution failed for task ':compileJava'.
> Compilation failed; see the compiler error output for details.

* Try:
> Run with --info option to get more log output.
> Run with --scan to get full insights.

BUILD FAILED in 5s
