/eval/src/generated/java/com/android/tools/lint/checks/ObsoleteLayoutParamsDetector.java:40: error: cannot find symbol
                            ObsoleteLayoutParamsDetector.class, Scope.LAYOUT_SCOPE));
                                                                     ^
  symbol:   variable LAYOUT_SCOPE
  location: class Scope
/eval/src/generated/java/com/android/tools/lint/checks/ObsoleteLayoutParamsDetector.java:58: error: incompatible types: inference variable T has incompatible bounds
        return Collections.singletonList(XmlScanner.ALL);
                                        ^
    equality constraints: String
    lower bounds: List<String>
  where T is a type-variable:
    T extends Object declared in method <T>singletonList(T)
/eval/src/generated/java/com/android/tools/lint/checks/ObsoleteLayoutParamsDetector.java:172: error: method does not override or implement a method from a supertype
    @Override
    ^
3 errors

FAILURE: Build failed with an exception.

* What went wrong:
Execution failed for task ':compileJava'.
> Compilation failed; see the compiler error output for details.

* Try:
> Run with --info option to get more log output.
> Run with --scan to get full insights.

BUILD FAILED in 9s
