/eval/src/generated/java/com/android/tools/lint/checks/ExifInterfaceDetector.java:13: error: cannot find symbol
import org.jetbrains.annotations.NonNull;
                                ^
  symbol:   class NonNull
  location: package org.jetbrains.annotations
/eval/src/generated/java/com/android/tools/lint/checks/ExifInterfaceDetector.java:41: error: cannot find symbol
    public void visitReference(@NonNull JavaContext context, @NonNull UReferenceExpression node, @NonNull PsiElement referenced) {
                                ^
  symbol:   class NonNull
  location: class ExifInterfaceDetector
/eval/src/generated/java/com/android/tools/lint/checks/ExifInterfaceDetector.java:41: error: cannot find symbol
    public void visitReference(@NonNull JavaContext context, @NonNull UReferenceExpression node, @NonNull PsiElement referenced) {
                                                              ^
  symbol:   class NonNull
  location: class ExifInterfaceDetector
/eval/src/generated/java/com/android/tools/lint/checks/ExifInterfaceDetector.java:41: error: cannot find symbol
    public void visitReference(@NonNull JavaContext context, @NonNull UReferenceExpression node, @NonNull PsiElement referenced) {
                                                                                                  ^
  symbol:   class NonNull
  location: class ExifInterfaceDetector
4 errors

FAILURE: Build failed with an exception.

* What went wrong:
Execution failed for task ':compileJava'.
> Compilation failed; see the compiler error output for details.

* Try:
> Run with --info option to get more log output.
> Run with --scan to get full insights.

BUILD FAILED in 7s
