/eval/src/generated/java/com/android/tools/lint/checks/AndroidTvDetector.java:86: error: cannot find symbol
            String banner = getAttributeValue(element, SdkConstants.ATTR_BANNER);
                                                                   ^
  symbol:   variable ATTR_BANNER
  location: class SdkConstants
/eval/src/generated/java/com/android/tools/lint/checks/AndroidTvDetector.java:106: error: cannot find symbol
                        && SdkConstants.ACTION_MAIN.equals(name)) {
                                       ^
  symbol:   variable ACTION_MAIN
  location: class SdkConstants
/eval/src/generated/java/com/android/tools/lint/checks/AndroidTvDetector.java:109: error: cannot find symbol
                        && SdkConstants.CATEGORY_LEANBACK_LAUNCHER.equals(name)) {
                                       ^
  symbol:   variable CATEGORY_LEANBACK_LAUNCHER
  location: class SdkConstants
3 errors

FAILURE: Build failed with an exception.

* What went wrong:
Execution failed for task ':compileJava'.
> Compilation failed; see the compiler error output for details.

* Try:
> Run with --info option to get more log output.
> Run with --scan to get full insights.

BUILD FAILED in 5s
