/eval/src/generated/java/com/android/tools/lint/checks/HandlerDetector.java:101: error: incompatible types: UCallExpression cannot be converted to PsiElement
            PsiMethod target = context.getEvaluator().resolve(invocation);
                                                              ^
/eval/src/generated/java/com/android/tools/lint/checks/HandlerDetector.java:139: error: incompatible types: UCallExpression cannot be converted to PsiElement
                PsiMethod method = context.getEvaluator().resolve(call);
                                                                  ^
/eval/src/generated/java/com/android/tools/lint/checks/HandlerDetector.java:157: error: cannot find symbol
        for (UElement child : expression.getChildren()) {
                                        ^
  symbol:   method getChildren()
  location: variable expression of type UExpression
/eval/src/generated/java/com/android/tools/lint/checks/HandlerDetector.java:188: error: incompatible types: UCallExpression cannot be converted to PsiElement
                PsiMethod method = context.getEvaluator().resolve(call);
                                                                  ^
/eval/src/generated/java/com/android/tools/lint/checks/HandlerDetector.java:203: error: reference to getLocation is ambiguous
        context.report(ISSUE, declaration, context.getLocation(declaration), message);
                                                  ^
  both method getLocation(PsiElement) in JavaContext and method getLocation(UElement) in JavaContext match
Note: Some messages have been simplified; recompile with -Xdiags:verbose to get full output
5 errors

FAILURE: Build failed with an exception.

* What went wrong:
Execution failed for task ':compileJava'.
> Compilation failed; see the compiler error output for details.

* Try:
> Run with --info option to get more log output.
> Run with --scan to get full insights.

BUILD FAILED in 4s
