e: file:///eval/src/generated/kotlin/com/android/tools/lint/checks/ResourceCycleDetector.kt:10:44 Unresolved reference: ResourceUrl
e: file:///eval/src/generated/kotlin/com/android/tools/lint/checks/ResourceCycleDetector.kt:28:3 'appliesTo' overrides nothing
e: file:///eval/src/generated/kotlin/com/android/tools/lint/checks/ResourceCycleDetector.kt:30:74 Unresolved reference: ALL
e: file:///eval/src/generated/kotlin/com/android/tools/lint/checks/ResourceCycleDetector.kt:32:76 Unresolved reference: ALL
e: file:///eval/src/generated/kotlin/com/android/tools/lint/checks/ResourceCycleDetector.kt:70:80 Unresolved reference: ALL_RESOURCES
e: file:///eval/src/generated/kotlin/com/android/tools/lint/checks/ResourceCycleDetector.kt:90:42 Unresolved reference: getResourceType
e: file:///eval/src/generated/kotlin/com/android/tools/lint/checks/ResourceCycleDetector.kt:125:15 Unresolved reference: ResourceUrl
e: file:///eval/src/generated/kotlin/com/android/tools/lint/checks/ResourceCycleDetector.kt:126:13 Unresolved reference: isFramework
e: file:///eval/src/generated/kotlin/com/android/tools/lint/checks/ResourceCycleDetector.kt:127:13 Unresolved reference: type
e: file:///eval/src/generated/kotlin/com/android/tools/lint/checks/ResourceCycleDetector.kt:128:13 Unresolved reference: name
e: file:///eval/src/generated/kotlin/com/android/tools/lint/checks/ResourceCycleDetector.kt:129:34 Unresolved reference: type
e: file:///eval/src/generated/kotlin/com/android/tools/lint/checks/ResourceCycleDetector.kt:129:44 Unresolved reference: name
e: file:///eval/src/generated/kotlin/com/android/tools/lint/checks/ResourceCycleDetector.kt:145:17 Unresolved reference: ResourceUrl

FAILURE: Build failed with an exception.

* What went wrong:
Execution failed for task ':compileKotlin'.
> A failure occurred while executing org.jetbrains.kotlin.compilerRunner.GradleCompilerRunnerWithWorkers$GradleKotlinCompilerWorkAction
   > Compilation error. See log for more details

* Try:
> Run with --stacktrace option to get the stack trace.
> Run with --info or --debug option to get more log output.
> Run with --scan to get full insights.
> Get more help at https://help.gradle.org.

BUILD FAILED in 6s
