/eval/src/generated/java/com/android/tools/lint/checks/IconDetector.java:62: error: cannot find symbol
            EnumSet.of(Density.MDPI, Density.HDPI, Density.XHDPI);
                              ^
  symbol:   variable MDPI
  location: class Density
/eval/src/generated/java/com/android/tools/lint/checks/IconDetector.java:62: error: cannot find symbol
            EnumSet.of(Density.MDPI, Density.HDPI, Density.XHDPI);
                                            ^
  symbol:   variable HDPI
  location: class Density
/eval/src/generated/java/com/android/tools/lint/checks/IconDetector.java:62: error: cannot find symbol
            EnumSet.of(Density.MDPI, Density.HDPI, Density.XHDPI);
                                                          ^
  symbol:   variable XHDPI
  location: class Density
/eval/src/generated/java/com/android/tools/lint/checks/IconDetector.java:122: error: method noneOf in class EnumSet<E#2> cannot be applied to given types;
        mDensities.computeIfAbsent(baseName, k -> EnumSet.noneOf(Density.class)).add(density);
                                                         ^
  required: Class<E#1>
  found:    Class<Density>
  reason: inference variable E#1 has incompatible bounds
    equality constraints: Density
    lower bounds: Enum<E#1>
  where E#1,E#2 are type-variables:
    E#1 extends Enum<E#1> declared in method <E#1>noneOf(Class<E#1>)
    E#2 extends Enum<E#2> declared in class EnumSet
/eval/src/generated/java/com/android/tools/lint/checks/IconDetector.java:158: error: cannot find symbol
                return Density.LDPI;
                              ^
  symbol:   variable LDPI
  location: class Density
/eval/src/generated/java/com/android/tools/lint/checks/IconDetector.java:160: error: cannot find symbol
                return Density.MDPI;
                              ^
  symbol:   variable MDPI
  location: class Density
/eval/src/generated/java/com/android/tools/lint/checks/IconDetector.java:162: error: cannot find symbol
                return Density.TVDPI;
                              ^
  symbol:   variable TVDPI
  location: class Density
/eval/src/generated/java/com/android/tools/lint/checks/IconDetector.java:164: error: cannot find symbol
                return Density.HDPI;
                              ^
  symbol:   variable HDPI
  location: class Density
/eval/src/generated/java/com/android/tools/lint/checks/IconDetector.java:166: error: cannot find symbol
                return Density.XHDPI;
                              ^
  symbol:   variable XHDPI
  location: class Density
/eval/src/generated/java/com/android/tools/lint/checks/IconDetector.java:168: error: cannot find symbol
                return Density.XXHDPI;
                              ^
  symbol:   variable XXHDPI
  location: class Density
/eval/src/generated/java/com/android/tools/lint/checks/IconDetector.java:170: error: cannot find symbol
                return Density.XXXHDPI;
                              ^
  symbol:   variable XXXHDPI
  location: class Density
/eval/src/generated/java/com/android/tools/lint/checks/IconDetector.java:180: error: type argument Density is not within bounds of type-variable E
        EnumSet<Density> required = EnumSet.copyOf(REQUIRED_DENSITIES);
                ^
  where E is a type-variable:
    E extends Enum<E> declared in class EnumSet
/eval/src/generated/java/com/android/tools/lint/checks/IconDetector.java:180: error: no suitable method found for copyOf(Set<Density>)
        EnumSet<Density> required = EnumSet.copyOf(REQUIRED_DENSITIES);
                                           ^
    method EnumSet.<E#1>copyOf(EnumSet<E#1>) is not applicable
      (cannot infer type-variable(s) E#1
        (argument mismatch; Set<Density> cannot be converted to EnumSet<E#1>))
    method EnumSet.<E#2>copyOf(Collection<E#2>) is not applicable
      (inference variable E#2 has incompatible bounds
        equality constraints: Density
        lower bounds: Enum<E#2>)
  where E#1,E#2 are type-variables:
    E#1 extends Enum<E#1> declared in method <E#1>copyOf(EnumSet<E#1>)
    E#2 extends Enum<E#2> declared in method <E#2>copyOf(Collection<E#2>)
/eval/src/generated/java/com/android/tools/lint/checks/IconDetector.java:182: error: cannot find symbol
            required.add(Density.LDPI);
                                ^
  symbol:   variable LDPI
  location: class Density
/eval/src/generated/java/com/android/tools/lint/checks/IconDetector.java:187: error: type argument Density is not within bounds of type-variable E
            EnumSet<Density> missing = EnumSet.copyOf(required);
                    ^
  where E is a type-variable:
    E extends Enum<E> declared in class EnumSet
/eval/src/generated/java/com/android/tools/lint/checks/IconDetector.java:187: error: no suitable method found for copyOf(EnumSet<Density>)
            EnumSet<Density> missing = EnumSet.copyOf(required);
                                              ^
    method EnumSet.<E#1>copyOf(EnumSet<E#1>) is not applicable
      (inference variable E#1 has incompatible bounds
        equality constraints: Density
        lower bounds: Enum<E#1>)
    method EnumSet.<E#2>copyOf(Collection<E#2>) is not applicable
      (inference variable E#2 has incompatible bounds
        equality constraints: Density
        lower bounds: Enum<E#2>)
  where E#1,E#2 are type-variables:
    E#1 extends Enum<E#1> declared in method <E#1>copyOf(EnumSet<E#1>)
    E#2 extends Enum<E#2> declared in method <E#2>copyOf(Collection<E#2>)
/eval/src/generated/java/com/android/tools/lint/checks/IconDetector.java:215: error: cannot find symbol
            sb.append(density.getName());
                             ^
  symbol:   method getName()
  location: variable density of type Density
17 errors

FAILURE: Build failed with an exception.

* What went wrong:
Execution failed for task ':compileJava'.
> Compilation failed; see the compiler error output for details.

* Try:
> Run with --info option to get more log output.
> Run with --scan to get full insights.

BUILD FAILED in 4s
