e: file:///eval/src/generated/kotlin/com/android/tools/lint/checks/DeprecatedSinceApiDetector.kt:8:48 Unresolved reference: UastScanner
e: file:///eval/src/generated/kotlin/com/android/tools/lint/checks/DeprecatedSinceApiDetector.kt:14:23 The integer literal does not conform to the expected type AndroidVersion!
e: file:///eval/src/generated/kotlin/com/android/tools/lint/checks/DeprecatedSinceApiDetector.kt:23:34 Unresolved reference: getIntValue
e: file:///eval/src/generated/kotlin/com/android/tools/lint/checks/DeprecatedSinceApiDetector.kt:28:60 Unresolved reference: getStringValue
e: file:///eval/src/generated/kotlin/com/android/tools/lint/checks/DeprecatedSinceApiDetector.kt:30:40 Unresolved reference. None of the following candidates is applicable because of receiver type mismatch: 
public inline fun Array<*>?.isNullOrEmpty(): Boolean defined in kotlin.collections
public inline fun CharSequence?.isNullOrEmpty(): Boolean defined in kotlin.text
public inline fun <T> Collection<TypeVariable(T)>?.isNullOrEmpty(): Boolean defined in kotlin.collections
public inline fun <K, V> Map<out TypeVariable(K), TypeVariable(V)>?.isNullOrEmpty(): Boolean defined in kotlin.collections

FAILURE: Build failed with an exception.

* What went wrong:
Execution failed for task ':compileKotlin'.
> A failure occurred while executing org.jetbrains.kotlin.compilerRunner.GradleCompilerRunnerWithWorkers$GradleKotlinCompilerWorkAction
   > Compilation error. See log for more details

* Try:
> Run with --stacktrace option to get the stack trace.
> Run with --info or --debug option to get more log output.
> Run with --scan to get full insights.
> Get more help at https://help.gradle.org.

BUILD FAILED in 6s
