/eval/src/generated/java/com/android/tools/lint/checks/NetworkSecurityConfigDetector.java:30: error: method create in class Issue cannot be applied to given types;
            Issue.create(
                 ^
  required: String,String,String,Category,int,Severity,Implementation
  found:    String,String,String,String,Category,int,Severity,Implementation
  reason: actual and formal argument lists differ in length
/eval/src/generated/java/com/android/tools/lint/checks/NetworkSecurityConfigDetector.java:54: error: cannot find symbol
        Element root = context.getDocument().getDocumentElement();
                              ^
  symbol:   method getDocument()
  location: variable context of type @org.jetbrains.annotations.NotNull XmlContext
2 errors

FAILURE: Build failed with an exception.

* What went wrong:
Execution failed for task ':compileJava'.
> Compilation failed; see the compiler error output for details.

* Try:
> Run with --info option to get more log output.
> Run with --scan to get full insights.

BUILD FAILED in 4s
