e: file:///eval/src/generated/kotlin/com/android/tools/lint/checks/UseCompoundDrawableDetector.kt:10:44 Unresolved reference: SdkConstants
e: file:///eval/src/generated/kotlin/com/android/tools/lint/checks/UseCompoundDrawableDetector.kt:19:16 Unresolved reference: SdkConstants
e: file:///eval/src/generated/kotlin/com/android/tools/lint/checks/UseCompoundDrawableDetector.kt:22:13 Unresolved reference: SdkConstants
e: file:///eval/src/generated/kotlin/com/android/tools/lint/checks/UseCompoundDrawableDetector.kt:37:21 Unresolved reference: SdkConstants
e: file:///eval/src/generated/kotlin/com/android/tools/lint/checks/UseCompoundDrawableDetector.kt:38:21 Unresolved reference: SdkConstants
e: file:///eval/src/generated/kotlin/com/android/tools/lint/checks/UseCompoundDrawableDetector.kt:48:70 Expression expected, but a package name found
e: file:///eval/src/generated/kotlin/com/android/tools/lint/checks/UseCompoundDrawableDetector.kt:58:66 Unresolved reference: SdkConstants
e: file:///eval/src/generated/kotlin/com/android/tools/lint/checks/UseCompoundDrawableDetector.kt:59:52 Unresolved reference: SdkConstants
e: file:///eval/src/generated/kotlin/com/android/tools/lint/checks/UseCompoundDrawableDetector.kt:60:68 Unresolved reference: SdkConstants
e: file:///eval/src/generated/kotlin/com/android/tools/lint/checks/UseCompoundDrawableDetector.kt:61:21 Unresolved reference: SdkConstants
e: file:///eval/src/generated/kotlin/com/android/tools/lint/checks/UseCompoundDrawableDetector.kt:98:42 Unresolved reference: SdkConstants
e: file:///eval/src/generated/kotlin/com/android/tools/lint/checks/UseCompoundDrawableDetector.kt:100:39 Unresolved reference: SdkConstants
e: file:///eval/src/generated/kotlin/com/android/tools/lint/checks/UseCompoundDrawableDetector.kt:100:65 Unresolved reference: SdkConstants
e: file:///eval/src/generated/kotlin/com/android/tools/lint/checks/UseCompoundDrawableDetector.kt:103:29 Unresolved reference: SdkConstants
e: file:///eval/src/generated/kotlin/com/android/tools/lint/checks/UseCompoundDrawableDetector.kt:110:47 Unresolved reference: name
e: file:///eval/src/generated/kotlin/com/android/tools/lint/checks/UseCompoundDrawableDetector.kt:111:33 Unresolved reference: SdkConstants
e: file:///eval/src/generated/kotlin/com/android/tools/lint/checks/UseCompoundDrawableDetector.kt:122:13 Unresolved reference: SdkConstants
e: file:///eval/src/generated/kotlin/com/android/tools/lint/checks/UseCompoundDrawableDetector.kt:123:13 Unresolved reference: SdkConstants
e: file:///eval/src/generated/kotlin/com/android/tools/lint/checks/UseCompoundDrawableDetector.kt:124:13 Unresolved reference: SdkConstants
e: file:///eval/src/generated/kotlin/com/android/tools/lint/checks/UseCompoundDrawableDetector.kt:125:13 Unresolved reference: SdkConstants
e: file:///eval/src/generated/kotlin/com/android/tools/lint/checks/UseCompoundDrawableDetector.kt:126:13 Unresolved reference: SdkConstants
e: file:///eval/src/generated/kotlin/com/android/tools/lint/checks/UseCompoundDrawableDetector.kt:127:13 Unresolved reference: SdkConstants
e: file:///eval/src/generated/kotlin/com/android/tools/lint/checks/UseCompoundDrawableDetector.kt:148:17 Type mismatch: inferred type is EnumSet<Scope>! but Scope! was expected
e: file:///eval/src/generated/kotlin/com/android/tools/lint/checks/UseCompoundDrawableDetector.kt:148:17 Type mismatch: inferred type is EnumSet<Scope>! but Enum<Scope!>! was expected
e: file:///eval/src/generated/kotlin/com/android/tools/lint/checks/UseCompoundDrawableDetector.kt:148:28 Type mismatch: inferred type is EnumSet<Scope>! but Enum<TypeVariable(E)!>! was expected

FAILURE: Build failed with an exception.

* What went wrong:
Execution failed for task ':compileKotlin'.
> A failure occurred while executing org.jetbrains.kotlin.compilerRunner.GradleCompilerRunnerWithWorkers$GradleKotlinCompilerWorkAction
   > Compilation error. See log for more details

* Try:
> Run with --stacktrace option to get the stack trace.
> Run with --info or --debug option to get more log output.
> Run with --scan to get full insights.
> Get more help at https://help.gradle.org.

BUILD FAILED in 5s
