/eval/src/generated/java/com/android/tools/lint/checks/RtlDetector.java:17: error: cannot find symbol
import org.jetbrains.annotations.NonNull;
                                ^
  symbol:   class NonNull
  location: package org.jetbrains.annotations
/eval/src/generated/java/com/android/tools/lint/checks/RtlDetector.java:20: error: cannot find symbol
import org.jetbrains.uast.UElementHandler;
                         ^
  symbol:   class UElementHandler
  location: package org.jetbrains.uast
/eval/src/generated/java/com/android/tools/lint/checks/RtlDetector.java:72: error: cannot find symbol
    public UElementHandler createUastHandler() {
           ^
  symbol:   class UElementHandler
  location: class RtlDetector
/eval/src/generated/java/com/android/tools/lint/checks/RtlDetector.java:44: error: cannot find symbol
    public boolean filterIncident(@NonNull Context context, @NonNull Incident incident) {
                                   ^
  symbol:   class NonNull
  location: class RtlDetector
/eval/src/generated/java/com/android/tools/lint/checks/RtlDetector.java:44: error: cannot find symbol
    public boolean filterIncident(@NonNull Context context, @NonNull Incident incident) {
                                                             ^
  symbol:   class NonNull
  location: class RtlDetector
/eval/src/generated/java/com/android/tools/lint/checks/RtlDetector.java:49: error: cannot find symbol
    public void afterCheckRootProject(@NonNull Context context) {
                                       ^
  symbol:   class NonNull
  location: class RtlDetector
/eval/src/generated/java/com/android/tools/lint/checks/RtlDetector.java:58: error: cannot find symbol
    public void visitAttribute(@NonNull XmlContext context, @NonNull Attr attribute) {
                                ^
  symbol:   class NonNull
  location: class RtlDetector
/eval/src/generated/java/com/android/tools/lint/checks/RtlDetector.java:58: error: cannot find symbol
    public void visitAttribute(@NonNull XmlContext context, @NonNull Attr attribute) {
                                                             ^
  symbol:   class NonNull
  location: class RtlDetector
/eval/src/generated/java/com/android/tools/lint/checks/RtlDetector.java:82: error: cannot find symbol
    public void visitSimpleNameReferenceExpression(@NonNull JavaContext context, @NonNull UReferenceExpression node, @Nullable PsiElement target) {
                                                    ^
  symbol:   class NonNull
  location: class RtlDetector
/eval/src/generated/java/com/android/tools/lint/checks/RtlDetector.java:82: error: cannot find symbol
    public void visitSimpleNameReferenceExpression(@NonNull JavaContext context, @NonNull UReferenceExpression node, @Nullable PsiElement target) {
                                                                                  ^
  symbol:   class NonNull
  location: class RtlDetector
/eval/src/generated/java/com/android/tools/lint/checks/RtlDetector.java:43: error: method does not override or implement a method from a supertype
    @Override
    ^
/eval/src/generated/java/com/android/tools/lint/checks/RtlDetector.java:71: error: method does not override or implement a method from a supertype
    @Override
    ^
/eval/src/generated/java/com/android/tools/lint/checks/RtlDetector.java:73: error: cannot find symbol
        return new UElementHandler() {
                   ^
  symbol:   class UElementHandler
  location: class RtlDetector
/eval/src/generated/java/com/android/tools/lint/checks/RtlDetector.java:75: error: cannot find symbol
            public void visitSimpleNameReferenceExpression(@NonNull USimpleNameReferenceExpression node) {
                                                            ^
  symbol: class NonNull
/eval/src/generated/java/com/android/tools/lint/checks/RtlDetector.java:74: error: method does not override or implement a method from a supertype
            @Override
            ^
/eval/src/generated/java/com/android/tools/lint/checks/RtlDetector.java:81: error: method does not override or implement a method from a supertype
    @Override
    ^
16 errors

FAILURE: Build failed with an exception.

* What went wrong:
Execution failed for task ':compileJava'.
> Compilation failed; see the compiler error output for details.

* Try:
> Run with --info option to get more log output.
> Run with --scan to get full insights.

BUILD FAILED in 4s
