e: file:///eval/src/generated/kotlin/com/android/tools/lint/checks/DeprecatedSinceApiDetector.kt:15:27 Unresolved reference: UastAnnotationUsageType
e: file:///eval/src/generated/kotlin/com/android/tools/lint/checks/DeprecatedSinceApiDetector.kt:41:50 Unresolved reference: UastAnnotationUsageType
e: file:///eval/src/generated/kotlin/com/android/tools/lint/checks/DeprecatedSinceApiDetector.kt:42:13 Unresolved reference: UastAnnotationUsageType
e: file:///eval/src/generated/kotlin/com/android/tools/lint/checks/DeprecatedSinceApiDetector.kt:42:60 Unresolved reference: UastAnnotationUsageType
e: file:///eval/src/generated/kotlin/com/android/tools/lint/checks/DeprecatedSinceApiDetector.kt:44:3 'visitAnnotationUsage' overrides nothing
e: file:///eval/src/generated/kotlin/com/android/tools/lint/checks/DeprecatedSinceApiDetector.kt:47:11 Unresolved reference: UastAnnotationUsageType
e: file:///eval/src/generated/kotlin/com/android/tools/lint/checks/DeprecatedSinceApiDetector.kt:52:38 Unresolved reference: getIntValue
e: file:///eval/src/generated/kotlin/com/android/tools/lint/checks/DeprecatedSinceApiDetector.kt:54:29 Unresolved reference: minSdkFeatureLevel
e: file:///eval/src/generated/kotlin/com/android/tools/lint/checks/DeprecatedSinceApiDetector.kt:57:41 Unresolved reference: getStringValue

FAILURE: Build failed with an exception.

* What went wrong:
Execution failed for task ':compileKotlin'.
> A failure occurred while executing org.jetbrains.kotlin.compilerRunner.GradleCompilerRunnerWithWorkers$GradleKotlinCompilerWorkAction
   > Compilation error. See log for more details

* Try:
> Run with --stacktrace option to get the stack trace.
> Run with --info or --debug option to get more log output.
> Run with --scan to get full insights.
> Get more help at https://help.gradle.org.

BUILD FAILED in 5s
