/eval/src/generated/java/com/android/tools/lint/checks/Utf8Detector.java:3: error: package androidx.annotation does not exist
import androidx.annotation.NonNull;
                          ^
/eval/src/generated/java/com/android/tools/lint/checks/Utf8Detector.java:4: error: package androidx.annotation does not exist
import androidx.annotation.Nullable;
                          ^
/eval/src/generated/java/com/android/tools/lint/checks/Utf8Detector.java:9: error: cannot find symbol
import com.android.tools.lint.detector.api.ResourceFolderType;
                                          ^
  symbol:   class ResourceFolderType
  location: package com.android.tools.lint.detector.api
/eval/src/generated/java/com/android/tools/lint/checks/Utf8Detector.java:13: error: cannot find symbol
import com.android.tools.lint.detector.api.XmlAttribute;
                                          ^
  symbol:   class XmlAttribute
  location: package com.android.tools.lint.detector.api
/eval/src/generated/java/com/android/tools/lint/checks/Utf8Detector.java:15: error: cannot find symbol
import com.android.tools.lint.detector.api.XmlDocument;
                                          ^
  symbol:   class XmlDocument
  location: package com.android.tools.lint.detector.api
/eval/src/generated/java/com/android/tools/lint/checks/Utf8Detector.java:16: error: cannot find symbol
import com.android.tools.lint.detector.api.XmlTag;
                                          ^
  symbol:   class XmlTag
  location: package com.android.tools.lint.detector.api
/eval/src/generated/java/com/android/tools/lint/checks/Utf8Detector.java:41: error: cannot find symbol
    public boolean appliesTo(@NonNull ResourceFolderType folderType) {
                                      ^
  symbol:   class ResourceFolderType
  location: class Utf8Detector
/eval/src/generated/java/com/android/tools/lint/checks/Utf8Detector.java:46: error: cannot find symbol
    public void visitDocument(@NonNull XmlContext context, @NonNull XmlDocument document) {
                                                                    ^
  symbol:   class XmlDocument
  location: class Utf8Detector
/eval/src/generated/java/com/android/tools/lint/checks/Utf8Detector.java:41: error: cannot find symbol
    public boolean appliesTo(@NonNull ResourceFolderType folderType) {
                              ^
  symbol:   class NonNull
  location: class Utf8Detector
/eval/src/generated/java/com/android/tools/lint/checks/Utf8Detector.java:46: error: cannot find symbol
    public void visitDocument(@NonNull XmlContext context, @NonNull XmlDocument document) {
                               ^
  symbol:   class NonNull
  location: class Utf8Detector
/eval/src/generated/java/com/android/tools/lint/checks/Utf8Detector.java:46: error: cannot find symbol
    public void visitDocument(@NonNull XmlContext context, @NonNull XmlDocument document) {
                                                            ^
  symbol:   class NonNull
  location: class Utf8Detector
/eval/src/generated/java/com/android/tools/lint/checks/Utf8Detector.java:47: error: cannot find symbol
        XmlTag prolog = document.getProlog();
        ^
  symbol:   class XmlTag
  location: class Utf8Detector
/eval/src/generated/java/com/android/tools/lint/checks/Utf8Detector.java:52: error: cannot find symbol
        XmlAttribute encoding = prolog.getAttribute("encoding", null);
        ^
  symbol:   class XmlAttribute
  location: class Utf8Detector
13 errors

FAILURE: Build failed with an exception.

* What went wrong:
Execution failed for task ':compileJava'.
> Compilation failed; see the compiler error output for details.

* Try:
> Run with --info option to get more log output.
> Run with --scan to get full insights.

BUILD FAILED in 4s
