/eval/src/generated/java/com/android/tools/lint/checks/AndroidAutoDetector.java:58: error: appliesTo(Context,File) in AndroidAutoDetector cannot override appliesTo(Context,File) in Detector
    public boolean appliesTo(Context context, File file) {
                   ^
  overridden method is final
/eval/src/generated/java/com/android/tools/lint/checks/AndroidAutoDetector.java:80: error: method does not override or implement a method from a supertype
    @Override
    ^
/eval/src/generated/java/com/android/tools/lint/checks/AndroidAutoDetector.java:97: error: cannot find symbol
        String packageName = context.getPackageName();
                                    ^
  symbol:   method getPackageName()
  location: variable context of type XmlContext
3 errors

FAILURE: Build failed with an exception.

* What went wrong:
Execution failed for task ':compileJava'.
> Compilation failed; see the compiler error output for details.

* Try:
> Run with --info option to get more log output.
> Run with --scan to get full insights.

BUILD FAILED in 4s
