/eval/src/generated/java/com/android/tools/lint/checks/ManifestResourceDetector.java:9: error: cannot find symbol
import com.android.ide.common.resources.ResourceNamespace;
                                       ^
  symbol:   class ResourceNamespace
  location: package com.android.ide.common.resources
/eval/src/generated/java/com/android/tools/lint/checks/ManifestResourceDetector.java:11: error: cannot find symbol
import com.android.ide.common.resources.ResourceUrl;
                                       ^
  symbol:   class ResourceUrl
  location: package com.android.ide.common.resources
/eval/src/generated/java/com/android/tools/lint/checks/ManifestResourceDetector.java:52: error: cannot find symbol
        ResourceUrl url = ResourceUrl.parse(value);
        ^
  symbol:   class ResourceUrl
  location: class ManifestResourceDetector
/eval/src/generated/java/com/android/tools/lint/checks/ManifestResourceDetector.java:52: error: cannot find symbol
        ResourceUrl url = ResourceUrl.parse(value);
                          ^
  symbol:   variable ResourceUrl
  location: class ManifestResourceDetector
/eval/src/generated/java/com/android/tools/lint/checks/ManifestResourceDetector.java:61: error: cannot find symbol
        ResourceRepository repository = context.getProject().getResourceRepository();
                                                            ^
  symbol:   method getResourceRepository()
  location: class Project
/eval/src/generated/java/com/android/tools/lint/checks/ManifestResourceDetector.java:67: error: cannot find symbol
                ResourceNamespace.RES_AUTO, url.type, url.name);
                ^
  symbol:   variable ResourceNamespace
  location: class ManifestResourceDetector
6 errors

FAILURE: Build failed with an exception.

* What went wrong:
Execution failed for task ':compileJava'.
> Compilation failed; see the compiler error output for details.

* Try:
> Run with --info option to get more log output.
> Run with --scan to get full insights.

BUILD FAILED in 4s
