e: file:///eval/src/generated/kotlin/com/android/tools/lint/checks/DateFormatDetector.kt:20:23 Conflicting declarations: private const final val DATE_FORMAT: String, public final val DATE_FORMAT: Issue
e: file:///eval/src/generated/kotlin/com/android/tools/lint/checks/DateFormatDetector.kt:41:23 Conflicting declarations: private const final val DATE_FORMAT: String, public final val DATE_FORMAT: Issue
e: file:///eval/src/generated/kotlin/com/android/tools/lint/checks/DateFormatDetector.kt:66:52 Overload resolution ambiguity: 
public final val DATE_FORMAT: Issue defined in com.android.tools.lint.checks.DateFormatDetector.Companion
private const final val DATE_FORMAT: String defined in com.android.tools.lint.checks.DateFormatDetector.Companion
e: file:///eval/src/generated/kotlin/com/android/tools/lint/checks/DateFormatDetector.kt:71:72 Type mismatch: inferred type is PsiClassType but PsiClass? was expected
e: file:///eval/src/generated/kotlin/com/android/tools/lint/checks/DateFormatDetector.kt:73:17 Overload resolution ambiguity: 
public final val DATE_FORMAT: Issue defined in com.android.tools.lint.checks.DateFormatDetector.Companion
private const final val DATE_FORMAT: String defined in com.android.tools.lint.checks.DateFormatDetector.Companion

FAILURE: Build failed with an exception.

* What went wrong:
Execution failed for task ':compileKotlin'.
> A failure occurred while executing org.jetbrains.kotlin.compilerRunner.GradleCompilerRunnerWithWorkers$GradleKotlinCompilerWorkAction
   > Compilation error. See log for more details

* Try:
> Run with --stacktrace option to get the stack trace.
> Run with --info or --debug option to get more log output.
> Run with --scan to get full insights.
> Get more help at https://help.gradle.org.

BUILD FAILED in 4s
