/eval/src/generated/java/com/android/tools/lint/checks/IconDetector.java:6: error: cannot find symbol
import com.android.tools.lint.client.api.IncidentFilter;
                                        ^
  symbol:   class IncidentFilter
  location: package com.android.tools.lint.client.api
/eval/src/generated/java/com/android/tools/lint/checks/IconDetector.java:20: error: cannot find symbol
import com.android.tools.lint.detector.api.UElementHandler;
                                          ^
  symbol:   class UElementHandler
  location: package com.android.tools.lint.detector.api
/eval/src/generated/java/com/android/tools/lint/checks/IconDetector.java:118: error: cannot find symbol
            @Nullable IncidentFilter filter) {
                      ^
  symbol:   class IncidentFilter
  location: class IconDetector
/eval/src/generated/java/com/android/tools/lint/checks/IconDetector.java:160: error: cannot find symbol
    public UElementHandler createUastHandler(@NonNull JavaContext context) {
           ^
  symbol:   class UElementHandler
  location: class IconDetector
/eval/src/generated/java/com/android/tools/lint/checks/IconDetector.java:112: error: method does not override or implement a method from a supertype
    @Override
    ^
/eval/src/generated/java/com/android/tools/lint/checks/IconDetector.java:128: error: method does not override or implement a method from a supertype
    @Override
    ^
/eval/src/generated/java/com/android/tools/lint/checks/IconDetector.java:161: error: cannot find symbol
        return new UElementHandler() {
                   ^
  symbol:   class UElementHandler
  location: class IconDetector
/eval/src/generated/java/com/android/tools/lint/checks/IconDetector.java:162: error: method does not override or implement a method from a supertype
            @Override
            ^
/eval/src/generated/java/com/android/tools/lint/checks/IconDetector.java:165: error: method does not override or implement a method from a supertype
            @Override
            ^
/eval/src/generated/java/com/android/tools/lint/checks/IconDetector.java:168: error: method does not override or implement a method from a supertype
            @Override
            ^
/eval/src/generated/java/com/android/tools/lint/checks/IconDetector.java:171: error: method does not override or implement a method from a supertype
            @Override
            ^
11 errors

FAILURE: Build failed with an exception.

* What went wrong:
Execution failed for task ':compileJava'.
> Compilation failed; see the compiler error output for details.

* Try:
> Run with --info option to get more log output.
> Run with --scan to get full insights.

BUILD FAILED in 6s
