/eval/src/generated/java/com/android/tools/lint/checks/ResourcePrefixDetector.java:46: error: cannot find symbol
        mPrefix = context.getProject().getResourcePrefix();
                                      ^
  symbol:   method getResourcePrefix()
  location: class Project
/eval/src/generated/java/com/android/tools/lint/checks/ResourcePrefixDetector.java:59: error: cannot find symbol
        File file = context.getFile();
                           ^
  symbol:   method getFile()
  location: variable context of type Context
/eval/src/generated/java/com/android/tools/lint/checks/ResourcePrefixDetector.java:91: error: cannot find symbol
        File file = context.getFile();
                           ^
  symbol:   method getFile()
  location: variable context of type XmlContext
/eval/src/generated/java/com/android/tools/lint/checks/ResourcePrefixDetector.java:125: error: cannot find symbol
        String name = context.getResourceName();
                             ^
  symbol:   method getResourceName()
  location: variable context of type ResourceContext
/eval/src/generated/java/com/android/tools/lint/checks/ResourcePrefixDetector.java:135: error: method getLocation in class Context cannot be applied to given types;
            context.report(ISSUE, context.getLocation(), message);
                                         ^
  required: Object,LocationType
  found:    no arguments
  reason: actual and formal argument lists differ in length
5 errors

FAILURE: Build failed with an exception.

* What went wrong:
Execution failed for task ':compileJava'.
> Compilation failed; see the compiler error output for details.

* Try:
> Run with --info option to get more log output.
> Run with --scan to get full insights.

BUILD FAILED in 4s
