e: file:///eval/src/generated/kotlin/com/android/tools/lint/checks/SelectedPhotoAccessDetector.kt:58:35 None of the following functions can be called with the arguments supplied: 
public open fun evaluateString(context: JavaContext?, node: PsiElement, allowUnknown: Boolean): String? defined in com.android.tools.lint.detector.api.ConstantEvaluator
public open fun evaluateString(context: JavaContext?, element: UElement, allowUnknown: Boolean): String? defined in com.android.tools.lint.detector.api.ConstantEvaluator
e: file:///eval/src/generated/kotlin/com/android/tools/lint/checks/SelectedPhotoAccessDetector.kt:65:46 Unresolved reference: NEW_ARRAY
e: file:///eval/src/generated/kotlin/com/android/tools/lint/checks/SelectedPhotoAccessDetector.kt:68:47 None of the following functions can be called with the arguments supplied: 
public open fun evaluateString(context: JavaContext?, node: PsiElement, allowUnknown: Boolean): String? defined in com.android.tools.lint.detector.api.ConstantEvaluator
public open fun evaluateString(context: JavaContext?, element: UElement, allowUnknown: Boolean): String? defined in com.android.tools.lint.detector.api.ConstantEvaluator
e: file:///eval/src/generated/kotlin/com/android/tools/lint/checks/SelectedPhotoAccessDetector.kt:73:53 None of the following functions can be called with the arguments supplied: 
public open fun evaluate(context: JavaContext?, node: PsiElement): Any? defined in com.android.tools.lint.detector.api.ConstantEvaluator
public open fun evaluate(context: JavaContext?, element: UElement): Any? defined in com.android.tools.lint.detector.api.ConstantEvaluator
e: file:///eval/src/generated/kotlin/com/android/tools/lint/checks/SelectedPhotoAccessDetector.kt:75:75 Expression expected, but a package name found
e: file:///eval/src/generated/kotlin/com/android/tools/lint/checks/SelectedPhotoAccessDetector.kt:76:74 Expression expected, but a package name found
e: file:///eval/src/generated/kotlin/com/android/tools/lint/checks/SelectedPhotoAccessDetector.kt:77:47 None of the following functions can be called with the arguments supplied: 
public open fun evaluateString(context: JavaContext?, node: PsiElement, allowUnknown: Boolean): String? defined in com.android.tools.lint.detector.api.ConstantEvaluator
public open fun evaluateString(context: JavaContext?, element: UElement, allowUnknown: Boolean): String? defined in com.android.tools.lint.detector.api.ConstantEvaluator

FAILURE: Build failed with an exception.

* What went wrong:
Execution failed for task ':compileKotlin'.
> A failure occurred while executing org.jetbrains.kotlin.compilerRunner.GradleCompilerRunnerWithWorkers$GradleKotlinCompilerWorkAction
   > Compilation error. See log for more details

* Try:
> Run with --stacktrace option to get the stack trace.
> Run with --info or --debug option to get more log output.
> Run with --scan to get full insights.
> Get more help at https://help.gradle.org.

BUILD FAILED in 5s
