/eval/src/generated/java/com/android/tools/lint/checks/AndroidTvDetector.java:11: error: cannot find symbol
import org.jetbrains.annotations.NonNull;
                                ^
  symbol:   class NonNull
  location: package org.jetbrains.annotations
/eval/src/generated/java/com/android/tools/lint/checks/AndroidTvDetector.java:39: error: cannot find symbol
    public void beforeCheckFile(@NonNull Context context) {
                                 ^
  symbol:   class NonNull
  location: class AndroidTvDetector
/eval/src/generated/java/com/android/tools/lint/checks/AndroidTvDetector.java:50: error: cannot find symbol
    public void visitElement(@NonNull XmlContext context, @NonNull Element element) {
                              ^
  symbol:   class NonNull
  location: class AndroidTvDetector
/eval/src/generated/java/com/android/tools/lint/checks/AndroidTvDetector.java:50: error: cannot find symbol
    public void visitElement(@NonNull XmlContext context, @NonNull Element element) {
                                                           ^
  symbol:   class NonNull
  location: class AndroidTvDetector
/eval/src/generated/java/com/android/tools/lint/checks/AndroidTvDetector.java:58: error: cannot find symbol
    public void afterCheckFile(@NonNull Context context) {
                                ^
  symbol:   class NonNull
  location: class AndroidTvDetector
/eval/src/generated/java/com/android/tools/lint/checks/AndroidTvDetector.java:33: error: no suitable constructor found for Implementation(Class<AndroidTvDetector>,Scope)
            new Implementation(AndroidTvDetector.class, Scope.MANIFEST)
            ^
    constructor Implementation.Implementation(Class<? extends Detector>,EnumSet<Scope>) is not applicable
      (argument mismatch; Scope cannot be converted to EnumSet<Scope>)
    constructor Implementation.Implementation(Class<? extends Detector>,EnumSet<Scope>,EnumSet<Scope>...) is not applicable
      (argument mismatch; Scope cannot be converted to EnumSet<Scope>)
/eval/src/generated/java/com/android/tools/lint/checks/AndroidTvDetector.java:61: error: cannot find symbol
            Element root = xmlContext.getDocument().getDocumentElement();
                                     ^
  symbol:   method getDocument()
  location: variable xmlContext of type XmlContext
7 errors

FAILURE: Build failed with an exception.

* What went wrong:
Execution failed for task ':compileJava'.
> Compilation failed; see the compiler error output for details.

* Try:
> Run with --info option to get more log output.
> Run with --scan to get full insights.

BUILD FAILED in 4s
