/eval/src/generated/java/com/android/tools/lint/checks/AndroidTvDetector.java:20: error: method create in class Issue cannot be applied to given types;
    public static final Issue ISSUE = Issue.create(
                                           ^
  required: String,String,String,Category,int,Severity,Implementation
  found:    String,String,String,Category,Severity,Implementation
  reason: actual and formal argument lists differ in length
/eval/src/generated/java/com/android/tools/lint/checks/AndroidTvDetector.java:74: error: cannot find symbol
        String permissionName = element.getAttributeNS(ANDROID_URI, "name");
                                                       ^
  symbol:   variable ANDROID_URI
  location: class AndroidTvDetector
/eval/src/generated/java/com/android/tools/lint/checks/AndroidTvDetector.java:97: error: cannot find symbol
        if (context.getDocument() == null) {
                   ^
  symbol:   method getDocument()
  location: variable context of type XmlContext
/eval/src/generated/java/com/android/tools/lint/checks/AndroidTvDetector.java:100: error: cannot find symbol
        NodeList features = context.getDocument().getElementsByTagName("uses-feature");
                                   ^
  symbol:   method getDocument()
  location: variable context of type XmlContext
/eval/src/generated/java/com/android/tools/lint/checks/AndroidTvDetector.java:103: error: cannot find symbol
            String name = featureElement.getAttributeNS(ANDROID_URI, "name");
                                                        ^
  symbol:   variable ANDROID_URI
  location: class AndroidTvDetector
/eval/src/generated/java/com/android/tools/lint/checks/AndroidTvDetector.java:105: error: cannot find symbol
                String required = featureElement.getAttributeNS(ANDROID_URI, "required");
                                                                ^
  symbol:   variable ANDROID_URI
  location: class AndroidTvDetector
6 errors

FAILURE: Build failed with an exception.

* What went wrong:
Execution failed for task ':compileJava'.
> Compilation failed; see the compiler error output for details.

* Try:
> Run with --info option to get more log output.
> Run with --scan to get full insights.

BUILD FAILED in 5s
