/eval/src/generated/java/com/android/tools/lint/checks/ViewConstructorDetector.java:8: error: cannot find symbol
import com.android.tools.lint.detector.api.JavaEvaluator;
                                          ^
  symbol:   class JavaEvaluator
  location: package com.android.tools.lint.detector.api
/eval/src/generated/java/com/android/tools/lint/checks/ViewConstructorDetector.java:11: error: cannot find symbol
import com.android.tools.lint.detector.api.UastScanner;
                                          ^
  symbol:   class UastScanner
  location: package com.android.tools.lint.detector.api
/eval/src/generated/java/com/android/tools/lint/checks/ViewConstructorDetector.java:14: error: cannot find symbol
import org.jetbrains.annotations.NonNull;
                                ^
  symbol:   class NonNull
  location: package org.jetbrains.annotations
/eval/src/generated/java/com/android/tools/lint/checks/ViewConstructorDetector.java:23: error: cannot find symbol
public class ViewConstructorDetector extends Detector implements UastScanner {
                                                                 ^
  symbol: class UastScanner
/eval/src/generated/java/com/android/tools/lint/checks/ViewConstructorDetector.java:50: error: cannot find symbol
    public void visitClass(@NonNull JavaContext context, @NonNull UClass node) {
                            ^
  symbol:   class NonNull
  location: class ViewConstructorDetector
/eval/src/generated/java/com/android/tools/lint/checks/ViewConstructorDetector.java:50: error: cannot find symbol
    public void visitClass(@NonNull JavaContext context, @NonNull UClass node) {
                                                          ^
  symbol:   class NonNull
  location: class ViewConstructorDetector
/eval/src/generated/java/com/android/tools/lint/checks/ViewConstructorDetector.java:79: error: cannot find symbol
    private boolean isValidViewConstructor(@NonNull JavaContext context, @NonNull UMethod constructor) {
                                            ^
  symbol:   class NonNull
  location: class ViewConstructorDetector
/eval/src/generated/java/com/android/tools/lint/checks/ViewConstructorDetector.java:79: error: cannot find symbol
    private boolean isValidViewConstructor(@NonNull JavaContext context, @NonNull UMethod constructor) {
                                                                          ^
  symbol:   class NonNull
  location: class ViewConstructorDetector
/eval/src/generated/java/com/android/tools/lint/checks/ViewConstructorDetector.java:57: error: incompatible types: String cannot be converted to PsiClass
        if (!node.isInheritor("android.view.View", true)) {
                              ^
/eval/src/generated/java/com/android/tools/lint/checks/ViewConstructorDetector.java:72: error: no suitable method found for report(Issue,UClass,Location,String,String)
            context.report(ISSUE, node, context.getNameLocation(node),
                   ^
    method JavaContext.report(Issue,PsiElement,Location,String,LintFix) is not applicable
      (argument mismatch; String cannot be converted to LintFix)
    method JavaContext.report(Issue,UElement,Location,String,LintFix) is not applicable
      (argument mismatch; String cannot be converted to LintFix)
    method JavaContext.report(Issue,UClass,Location,String,LintFix) is not applicable
      (argument mismatch; String cannot be converted to LintFix)
    method JavaContext.report(Issue,UMethod,Location,String,LintFix) is not applicable
      (argument mismatch; UClass cannot be converted to UMethod)
    method JavaContext.report(Issue,UField,Location,String,LintFix) is not applicable
      (argument mismatch; UClass cannot be converted to UField)
/eval/src/generated/java/com/android/tools/lint/checks/ViewConstructorDetector.java:80: error: incompatible types: List<UParameter> cannot be converted to UParameter[]
        UParameter[] parameters = constructor.getUastParameters();
                                                               ^
/eval/src/generated/java/com/android/tools/lint/checks/ViewConstructorDetector.java:82: error: cannot find symbol
        JavaEvaluator evaluator = context.getEvaluator();
        ^
  symbol:   class JavaEvaluator
  location: class ViewConstructorDetector
Note: /eval/src/generated/java/com/android/tools/lint/checks/ViewConstructorDetector.java uses or overrides a deprecated API.
Note: Recompile with -Xlint:deprecation for details.
Note: Some messages have been simplified; recompile with -Xdiags:verbose to get full output
12 errors

FAILURE: Build failed with an exception.

* What went wrong:
Execution failed for task ':compileJava'.
> Compilation failed; see the compiler error output for details.

* Try:
> Run with --info option to get more log output.
> Run with --scan to get full insights.

BUILD FAILED in 8s
