/eval/src/generated/java/com/android/tools/lint/checks/AndroidTvDetector.java:3: error: cannot find symbol
import static com.android.SdkConstants.ANDROID_NS_URI;
^
  symbol:   static ANDROID_NS_URI
  location: class SdkConstants
/eval/src/generated/java/com/android/tools/lint/checks/AndroidTvDetector.java:55: error: cannot find symbol
        String name = element.getAttributeNS(ANDROID_NS_URI, ATTR_NAME);
                                             ^
  symbol:   variable ANDROID_NS_URI
  location: class AndroidTvDetector
/eval/src/generated/java/com/android/tools/lint/checks/AndroidTvDetector.java:60: error: cannot find symbol
        String required = element.getAttributeNS(ANDROID_NS_URI, ATTR_REQUIRED);
                                                 ^
  symbol:   variable ANDROID_NS_URI
  location: class AndroidTvDetector
3 errors

FAILURE: Build failed with an exception.

* What went wrong:
Execution failed for task ':compileJava'.
> Compilation failed; see the compiler error output for details.

* Try:
> Run with --info option to get more log output.
> Run with --scan to get full insights.

BUILD FAILED in 4s
