/eval/src/generated/java/com/android/tools/lint/checks/AndroidTvDetector.java:37: error: cannot find symbol
        return Collections.singletonList(SdkConstants.NODE_CATEGORY);
                                                     ^
  symbol:   variable NODE_CATEGORY
  location: class SdkConstants
/eval/src/generated/java/com/android/tools/lint/checks/AndroidTvDetector.java:47: error: cannot find symbol
                if (SdkConstants.NODE_INTENT_FILTER.equals(intentFilter.getTagName())) {
                                ^
  symbol:   variable NODE_INTENT_FILTER
  location: class SdkConstants
/eval/src/generated/java/com/android/tools/lint/checks/AndroidTvDetector.java:52: error: cannot find symbol
                        if (SdkConstants.NODE_ACTIVITY.equals(tagName)
                                        ^
  symbol:   variable NODE_ACTIVITY
  location: class SdkConstants
/eval/src/generated/java/com/android/tools/lint/checks/AndroidTvDetector.java:53: error: cannot find symbol
                                || SdkConstants.NODE_ACTIVITY_ALIAS.equals(tagName)) {
                                               ^
  symbol:   variable NODE_ACTIVITY_ALIAS
  location: class SdkConstants
/eval/src/generated/java/com/android/tools/lint/checks/AndroidTvDetector.java:58: error: cannot find symbol
                                    if (SdkConstants.NODE_APPLICATION.equals(application.getTagName())) {
                                                    ^
  symbol:   variable NODE_APPLICATION
  location: class SdkConstants
5 errors

FAILURE: Build failed with an exception.

* What went wrong:
Execution failed for task ':compileJava'.
> Compilation failed; see the compiler error output for details.

* Try:
> Run with --info option to get more log output.
> Run with --scan to get full insights.

BUILD FAILED in 7s
