/eval/src/generated/java/com/android/tools/lint/checks/UnsafeNativeCodeDetector.java:8: error: cannot find symbol
import com.android.tools.lint.detector.api.JavaEvaluator;
                                          ^
  symbol:   class JavaEvaluator
  location: package com.android.tools.lint.detector.api
/eval/src/generated/java/com/android/tools/lint/checks/UnsafeNativeCodeDetector.java:11: error: cannot find symbol
import com.android.tools.lint.detector.api.UastScanner;
                                          ^
  symbol:   class UastScanner
  location: package com.android.tools.lint.detector.api
/eval/src/generated/java/com/android/tools/lint/checks/UnsafeNativeCodeDetector.java:20: error: cannot find symbol
public class UnsafeNativeCodeDetector extends Detector implements UastScanner {
                                                                  ^
  symbol: class UastScanner
/eval/src/generated/java/com/android/tools/lint/checks/UnsafeNativeCodeDetector.java:46: error: cannot find symbol
        JavaEvaluator evaluator = context.getEvaluator();
        ^
  symbol:   class JavaEvaluator
  location: class UnsafeNativeCodeDetector
4 errors

FAILURE: Build failed with an exception.

* What went wrong:
Execution failed for task ':compileJava'.
> Compilation failed; see the compiler error output for details.

* Try:
> Run with --info option to get more log output.
> Run with --scan to get full insights.

BUILD FAILED in 6s
