/eval/src/generated/java/com/android/tools/lint/checks/RegistrationDetector.java:49: error: cannot find symbol
                            Scope.MANIFEST_AND_JAVA_SCOPE
                                 ^
  symbol:   variable MANIFEST_AND_JAVA_SCOPE
  location: class Scope
/eval/src/generated/java/com/android/tools/lint/checks/RegistrationDetector.java:121: error: cannot find symbol
        for (Project project : partialResult.getProjects()) {
                                            ^
  symbol:   method getProjects()
  location: variable partialResult of type PartialResult
/eval/src/generated/java/com/android/tools/lint/checks/RegistrationDetector.java:122: error: cannot find symbol
            LintMap map = partialResult.getMap(project);
                                       ^
  symbol:   method getMap(Project)
  location: variable partialResult of type PartialResult
/eval/src/generated/java/com/android/tools/lint/checks/RegistrationDetector.java:126: error: method getString in class LintMap cannot be applied to given types;
                String name = map.getString("reg_name_" + i);
                                 ^
  required: String,String
  found:    String
  reason: actual and formal argument lists differ in length
/eval/src/generated/java/com/android/tools/lint/checks/RegistrationDetector.java:133: error: cannot find symbol
        for (Project project : partialResult.getProjects()) {
                                            ^
  symbol:   method getProjects()
  location: variable partialResult of type PartialResult
/eval/src/generated/java/com/android/tools/lint/checks/RegistrationDetector.java:134: error: cannot find symbol
            LintMap map = partialResult.getMap(project);
                                       ^
  symbol:   method getMap(Project)
  location: variable partialResult of type PartialResult
/eval/src/generated/java/com/android/tools/lint/checks/RegistrationDetector.java:138: error: method getString in class LintMap cannot be applied to given types;
                String className = map.getString("class_name_" + i);
                                      ^
  required: String,String
  found:    String
  reason: actual and formal argument lists differ in length
/eval/src/generated/java/com/android/tools/lint/checks/RegistrationDetector.java:139: error: method getString in class LintMap cannot be applied to given types;
                String filePath = map.getString("class_file_" + i);
                                     ^
  required: String,String
  found:    String
  reason: actual and formal argument lists differ in length
8 errors

FAILURE: Build failed with an exception.

* What went wrong:
Execution failed for task ':compileJava'.
> Compilation failed; see the compiler error output for details.

* Try:
> Run with --info option to get more log output.
> Run with --scan to get full insights.

BUILD FAILED in 6s
