/eval/src/generated/java/com/android/tools/lint/checks/BadHostnameVerifierDetector.java:56: error: method does not override or implement a method from a supertype
    @Override
    ^
/eval/src/generated/java/com/android/tools/lint/checks/BadHostnameVerifierDetector.java:58: error: cannot find symbol
        UMethod method = node.getContainingUMethod();
                             ^
  symbol:   method getContainingUMethod()
  location: variable node of type UReturnExpression
/eval/src/generated/java/com/android/tools/lint/checks/BadHostnameVerifierDetector.java:64: error: method implementsInterface in class JavaEvaluator cannot be applied to given types;
        if (cls == null || !context.getEvaluator().implementsInterface(cls, HOSTNAME_VERIFIER)) {
                                                  ^
  required: PsiClass,String,boolean
  found:    UClass,String
  reason: actual and formal argument lists differ in length
/eval/src/generated/java/com/android/tools/lint/checks/BadHostnameVerifierDetector.java:83: error: method does not override or implement a method from a supertype
    @Override
    ^
/eval/src/generated/java/com/android/tools/lint/checks/BadHostnameVerifierDetector.java:90: error: method does not override or implement a method from a supertype
    @Override
    ^
5 errors

FAILURE: Build failed with an exception.

* What went wrong:
Execution failed for task ':compileJava'.
> Compilation failed; see the compiler error output for details.

* Try:
> Run with --info option to get more log output.
> Run with --scan to get full insights.

BUILD FAILED in 4s
