/eval/src/generated/java/com/android/tools/lint/checks/RegistrationDetector.java:36: error: cannot find symbol
                            Scope.MANIFEST_AND_JAVA_SCOPE));
                                 ^
  symbol:   variable MANIFEST_AND_JAVA_SCOPE
  location: class Scope
/eval/src/generated/java/com/android/tools/lint/checks/RegistrationDetector.java:107: error: no suitable method found for put(String,List<String>)
        partialResult.map().put("declared", mDeclaredClasses);
                           ^
    method LintMap.put(String,String) is not applicable
      (argument mismatch; List<String> cannot be converted to String)
    method LintMap.put(String,int) is not applicable
      (argument mismatch; List<String> cannot be converted to int)
    method LintMap.put(String,boolean) is not applicable
      (argument mismatch; List<String> cannot be converted to boolean)
    method LintMap.put(String,Location) is not applicable
      (argument mismatch; List<String> cannot be converted to Location)
    method LintMap.put(String,LintMap) is not applicable
      (argument mismatch; List<String> cannot be converted to LintMap)
    method LintMap.put(String,Incident) is not applicable
      (argument mismatch; List<String> cannot be converted to Incident)
    method LintMap.put(String,Constraint) is not applicable
      (argument mismatch; List<String> cannot be converted to Constraint)
    method LintMap.put(String,Severity) is not applicable
      (argument mismatch; List<String> cannot be converted to Severity)
    method LintMap.put(String,ApiConstraint) is not applicable
      (argument mismatch; List<String> cannot be converted to ApiConstraint)
/eval/src/generated/java/com/android/tools/lint/checks/RegistrationDetector.java:108: error: no suitable method found for put(String,List<String>)
        partialResult.map().put("registered", mRegisteredClasses);
                           ^
    method LintMap.put(String,String) is not applicable
      (argument mismatch; List<String> cannot be converted to String)
    method LintMap.put(String,int) is not applicable
      (argument mismatch; List<String> cannot be converted to int)
    method LintMap.put(String,boolean) is not applicable
      (argument mismatch; List<String> cannot be converted to boolean)
    method LintMap.put(String,Location) is not applicable
      (argument mismatch; List<String> cannot be converted to Location)
    method LintMap.put(String,LintMap) is not applicable
      (argument mismatch; List<String> cannot be converted to LintMap)
    method LintMap.put(String,Incident) is not applicable
      (argument mismatch; List<String> cannot be converted to Incident)
    method LintMap.put(String,Constraint) is not applicable
      (argument mismatch; List<String> cannot be converted to Constraint)
    method LintMap.put(String,Severity) is not applicable
      (argument mismatch; List<String> cannot be converted to Severity)
    method LintMap.put(String,ApiConstraint) is not applicable
      (argument mismatch; List<String> cannot be converted to ApiConstraint)
/eval/src/generated/java/com/android/tools/lint/checks/RegistrationDetector.java:116: error: cannot find symbol
        for (com.android.tools.lint.detector.api.Project project : partialResults.getProjects()) {
                                                                                 ^
  symbol:   method getProjects()
  location: variable partialResults of type PartialResult
/eval/src/generated/java/com/android/tools/lint/checks/RegistrationDetector.java:117: error: cannot find symbol
            com.android.tools.lint.detector.api.MapData map = partialResults.map(project);
                                               ^
  symbol:   class MapData
  location: package com.android.tools.lint.detector.api
/eval/src/generated/java/com/android/tools/lint/checks/RegistrationDetector.java:117: error: method map in class PartialResult cannot be applied to given types;
            com.android.tools.lint.detector.api.MapData map = partialResults.map(project);
                                                                            ^
  required: no arguments
  found:    Project
  reason: actual and formal argument lists differ in length
Note: /eval/src/generated/java/com/android/tools/lint/checks/RegistrationDetector.java uses or overrides a deprecated API.
Note: Recompile with -Xlint:deprecation for details.
6 errors

FAILURE: Build failed with an exception.

* What went wrong:
Execution failed for task ':compileJava'.
> Compilation failed; see the compiler error output for details.

* Try:
> Run with --info option to get more log output.
> Run with --scan to get full insights.

BUILD FAILED in 8s
