/eval/src/generated/java/com/android/tools/lint/checks/JobSchedulerDetector.java:91: error: cannot find symbol
        context.getPartialResults(ISSUE).getMap().put(className, className);
                                        ^
  symbol:   method getMap()
  location: class PartialResult
/eval/src/generated/java/com/android/tools/lint/checks/JobSchedulerDetector.java:97: error: cannot find symbol
        Map<String, Object> map = partialResult.getMap();
                                               ^
  symbol:   method getMap()
  location: variable partialResult of type PartialResult
/eval/src/generated/java/com/android/tools/lint/checks/JobSchedulerDetector.java:166: error: cannot find symbol
        return UastLiteralUtils.getStringValue(argument);
                               ^
  symbol:   method getStringValue(UExpression)
  location: class UastLiteralUtils
/eval/src/generated/java/com/android/tools/lint/checks/JobSchedulerDetector.java:186: error: cannot find symbol
        return Location.create(context.getFile());
                                      ^
  symbol:   method getFile()
  location: variable context of type Context
4 errors

FAILURE: Build failed with an exception.

* What went wrong:
Execution failed for task ':compileJava'.
> Compilation failed; see the compiler error output for details.

* Try:
> Run with --info option to get more log output.
> Run with --scan to get full insights.

BUILD FAILED in 4s
