/eval/src/generated/java/com/android/tools/lint/checks/OnClickDetector.java:6: error: cannot find symbol
import com.android.tools.lint.client.api.JavaParser.ResolvedClass;
                                                   ^
  symbol:   class ResolvedClass
  location: class JavaParser
/eval/src/generated/java/com/android/tools/lint/checks/OnClickDetector.java:7: error: cannot find symbol
import com.android.tools.lint.client.api.JavaParser.ResolvedMethod;
                                                   ^
  symbol:   class ResolvedMethod
  location: class JavaParser
/eval/src/generated/java/com/android/tools/lint/checks/OnClickDetector.java:14: error: cannot find symbol
import com.android.tools.lint.detector.api.SdkConstants;
                                          ^
  symbol:   class SdkConstants
  location: package com.android.tools.lint.detector.api
/eval/src/generated/java/com/android/tools/lint/checks/OnClickDetector.java:94: error: cannot find symbol
            @NonNull ResolvedClass cls, @NonNull String methodName) {
                     ^
  symbol:   class ResolvedClass
  location: class OnClickDetector
/eval/src/generated/java/com/android/tools/lint/checks/OnClickDetector.java:43: error: cannot find symbol
        return Collections.singletonList(SdkConstants.ATTR_ON_CLICK);
                                         ^
  symbol:   variable SdkConstants
  location: class OnClickDetector
/eval/src/generated/java/com/android/tools/lint/checks/OnClickDetector.java:48: error: package SdkConstants does not exist
        if (!SdkConstants.ANDROID_URI.equals(attribute.getNamespaceURI())) {
                         ^
/eval/src/generated/java/com/android/tools/lint/checks/OnClickDetector.java:67: error: cannot find symbol
                SdkConstants.TOOLS_URI, SdkConstants.ATTR_CONTEXT);
                ^
  symbol:   variable SdkConstants
  location: class OnClickDetector
/eval/src/generated/java/com/android/tools/lint/checks/OnClickDetector.java:67: error: cannot find symbol
                SdkConstants.TOOLS_URI, SdkConstants.ATTR_CONTEXT);
                                        ^
  symbol:   variable SdkConstants
  location: class OnClickDetector
/eval/src/generated/java/com/android/tools/lint/checks/OnClickDetector.java:75: error: cannot find symbol
        JavaParser parser = context.getClient().getJavaParser();
                                               ^
  symbol:   method getJavaParser()
  location: class LintClient
/eval/src/generated/java/com/android/tools/lint/checks/OnClickDetector.java:80: error: cannot find symbol
        ResolvedClass resolved = parser.findClass(context.getProject(), fqcn);
        ^
  symbol:   class ResolvedClass
  location: class OnClickDetector
/eval/src/generated/java/com/android/tools/lint/checks/OnClickDetector.java:80: error: cannot find symbol
        ResolvedClass resolved = parser.findClass(context.getProject(), fqcn);
                                       ^
  symbol:   method findClass(Project,String)
  location: variable parser of type JavaParser
/eval/src/generated/java/com/android/tools/lint/checks/OnClickDetector.java:95: error: cannot find symbol
        for (ResolvedMethod method : cls.getMethods(true)) {
             ^
  symbol:   class ResolvedMethod
  location: class OnClickDetector
/eval/src/generated/java/com/android/tools/lint/checks/OnClickDetector.java:102: error: cannot find symbol
            ResolvedClass argType = method.getArgumentType(0);
            ^
  symbol:   class ResolvedClass
  location: class OnClickDetector
Note: /eval/src/generated/java/com/android/tools/lint/checks/OnClickDetector.java uses or overrides a deprecated API.
Note: Recompile with -Xlint:deprecation for details.
13 errors

FAILURE: Build failed with an exception.

* What went wrong:
Execution failed for task ':compileJava'.
> Compilation failed; see the compiler error output for details.

* Try:
> Run with --info option to get more log output.
> Run with --scan to get full insights.

BUILD FAILED in 4s
