/eval/src/generated/java/com/android/tools/lint/checks/IconDetector.java:27: error: cannot find symbol
    public void beforeCheckRootProject(@NonNull Context context) {
                                        ^
  symbol:   class NonNull
  location: class IconDetector
/eval/src/generated/java/com/android/tools/lint/checks/IconDetector.java:32: error: cannot find symbol
    public void afterCheckEachProject(@NonNull Context context) {
                                       ^
  symbol:   class NonNull
  location: class IconDetector
/eval/src/generated/java/com/android/tools/lint/checks/IconDetector.java:81: error: cannot find symbol
    public void filterIncident(@NonNull Incident incident) {
                                ^
  symbol:   class NonNull
  location: class IconDetector
/eval/src/generated/java/com/android/tools/lint/checks/IconDetector.java:86: error: cannot find symbol
    public boolean appliesTo(@NonNull Context context, @NonNull java.io.File file) {
                              ^
  symbol:   class NonNull
  location: class IconDetector
/eval/src/generated/java/com/android/tools/lint/checks/IconDetector.java:86: error: cannot find symbol
    public boolean appliesTo(@NonNull Context context, @NonNull java.io.File file) {
                                                        ^
  symbol:   class NonNull
  location: class IconDetector
/eval/src/generated/java/com/android/tools/lint/checks/IconDetector.java:90: error: cannot find symbol
    @Nullable
     ^
  symbol:   class Nullable
  location: class IconDetector
/eval/src/generated/java/com/android/tools/lint/checks/IconDetector.java:97: error: cannot find symbol
    public void visitElement(@NonNull XmlContext context, @NonNull org.w3c.dom.Element element) {
                              ^
  symbol:   class NonNull
  location: class IconDetector
/eval/src/generated/java/com/android/tools/lint/checks/IconDetector.java:97: error: cannot find symbol
    public void visitElement(@NonNull XmlContext context, @NonNull org.w3c.dom.Element element) {
                                                           ^
  symbol:   class NonNull
  location: class IconDetector
/eval/src/generated/java/com/android/tools/lint/checks/IconDetector.java:102: error: cannot find symbol
    public UElementHandler createUastHandler(@NonNull JavaContext context) {
                                              ^
  symbol:   class NonNull
  location: class IconDetector
/eval/src/generated/java/com/android/tools/lint/checks/IconDetector.java:100: error: cannot find symbol
    @Nullable
     ^
  symbol:   class Nullable
  location: class IconDetector
/eval/src/generated/java/com/android/tools/lint/checks/IconDetector.java:106: error: cannot find symbol
    public void visitMethod(@NonNull JavaContext context, @NonNull UMethod method) {
                             ^
  symbol:   class NonNull
  location: class IconDetector
/eval/src/generated/java/com/android/tools/lint/checks/IconDetector.java:106: error: cannot find symbol
    public void visitMethod(@NonNull JavaContext context, @NonNull UMethod method) {
                                                           ^
  symbol:   class NonNull
  location: class IconDetector
/eval/src/generated/java/com/android/tools/lint/checks/IconDetector.java:109: error: cannot find symbol
    public void visitCallExpression(@NonNull JavaContext context, @NonNull UCallExpression node) {
                                     ^
  symbol:   class NonNull
  location: class IconDetector
/eval/src/generated/java/com/android/tools/lint/checks/IconDetector.java:109: error: cannot find symbol
    public void visitCallExpression(@NonNull JavaContext context, @NonNull UCallExpression node) {
                                                                   ^
  symbol:   class NonNull
  location: class IconDetector
/eval/src/generated/java/com/android/tools/lint/checks/IconDetector.java:113: error: cannot find symbol
    public void visitClass(@NonNull JavaContext context, @NonNull UClass declaration) {
                            ^
  symbol:   class NonNull
  location: class IconDetector
/eval/src/generated/java/com/android/tools/lint/checks/IconDetector.java:113: error: cannot find symbol
    public void visitClass(@NonNull JavaContext context, @NonNull UClass declaration) {
                                                          ^
  symbol:   class NonNull
  location: class IconDetector
/eval/src/generated/java/com/android/tools/lint/checks/IconDetector.java:116: error: cannot find symbol
    public void visitSimpleNameReferenceExpression(@NonNull JavaContext context, @NonNull USimpleNameReferenceExpression node) {
                                                    ^
  symbol:   class NonNull
  location: class IconDetector
/eval/src/generated/java/com/android/tools/lint/checks/IconDetector.java:116: error: cannot find symbol
    public void visitSimpleNameReferenceExpression(@NonNull JavaContext context, @NonNull USimpleNameReferenceExpression node) {
                                                                                  ^
  symbol:   class NonNull
  location: class IconDetector
/eval/src/generated/java/com/android/tools/lint/checks/IconDetector.java:119: error: cannot find symbol
    @Nullable
     ^
  symbol:   class Nullable
  location: class IconDetector
/eval/src/generated/java/com/android/tools/lint/checks/IconDetector.java:80: error: method does not override or implement a method from a supertype
    @Override
    ^
/eval/src/generated/java/com/android/tools/lint/checks/IconDetector.java:82: error: method filterIncident in class Detector cannot be applied to given types;
        super.filterIncident(incident);
             ^
  required: Context,Incident,LintMap
  found:    Incident
  reason: actual and formal argument lists differ in length
/eval/src/generated/java/com/android/tools/lint/checks/IconDetector.java:86: error: appliesTo(Context,File) in IconDetector cannot override appliesTo(Context,File) in Detector
    public boolean appliesTo(@NonNull Context context, @NonNull java.io.File file) {
                   ^
  overridden method is final
22 errors

FAILURE: Build failed with an exception.

* What went wrong:
Execution failed for task ':compileJava'.
> Compilation failed; see the compiler error output for details.

* Try:
> Run with --info option to get more log output.
> Run with --scan to get full insights.

BUILD FAILED in 7s
