e: file:///eval/src/generated/kotlin/com/android/tools/lint/checks/UseCompoundDrawableDetector.kt:10:44 Unresolved reference: SdkConstants
e: file:///eval/src/generated/kotlin/com/android/tools/lint/checks/UseCompoundDrawableDetector.kt:44:16 Unresolved reference: SdkConstants
e: file:///eval/src/generated/kotlin/com/android/tools/lint/checks/UseCompoundDrawableDetector.kt:58:50 Unresolved reference: SdkConstants
e: file:///eval/src/generated/kotlin/com/android/tools/lint/checks/UseCompoundDrawableDetector.kt:58:76 Unresolved reference: SdkConstants
e: file:///eval/src/generated/kotlin/com/android/tools/lint/checks/UseCompoundDrawableDetector.kt:60:13 Unresolved reference: SdkConstants
e: file:///eval/src/generated/kotlin/com/android/tools/lint/checks/UseCompoundDrawableDetector.kt:87:29 Unresolved reference: SdkConstants
e: file:///eval/src/generated/kotlin/com/android/tools/lint/checks/UseCompoundDrawableDetector.kt:87:73 Unresolved reference: SdkConstants
e: file:///eval/src/generated/kotlin/com/android/tools/lint/checks/UseCompoundDrawableDetector.kt:88:26 Unresolved reference: SdkConstants
e: file:///eval/src/generated/kotlin/com/android/tools/lint/checks/UseCompoundDrawableDetector.kt:88:69 Unresolved reference: SdkConstants

FAILURE: Build failed with an exception.

* What went wrong:
Execution failed for task ':compileKotlin'.
> A failure occurred while executing org.jetbrains.kotlin.compilerRunner.GradleCompilerRunnerWithWorkers$GradleKotlinCompilerWorkAction
   > Compilation error. See log for more details

* Try:
> Run with --stacktrace option to get the stack trace.
> Run with --info or --debug option to get more log output.
> Run with --scan to get full insights.
> Get more help at https://help.gradle.org.

BUILD FAILED in 6s
