/eval/src/generated/java/com/android/tools/lint/checks/OverdrawDetector.java:27: error: cannot find symbol
public class OverdrawDetector extends Detector implements Detector.XmlScanner, Detector.SourceCodeScanner {
                                                                                       ^
  symbol:   class SourceCodeScanner
  location: class Detector
/eval/src/generated/java/com/android/tools/lint/checks/OverdrawDetector.java:59: error: getApplicableFiles() in OverdrawDetector cannot override getApplicableFiles() in Detector
    public Collection<Scope> getApplicableFiles() {
                             ^
  return type @org.jetbrains.annotations.NotNull Collection<Scope> is not compatible with EnumSet<Scope>
/eval/src/generated/java/com/android/tools/lint/checks/OverdrawDetector.java:58: error: method does not override or implement a method from a supertype
    @Override
    ^
/eval/src/generated/java/com/android/tools/lint/checks/OverdrawDetector.java:107: error: method does not override or implement a method from a supertype
    @Override
    ^
/eval/src/generated/java/com/android/tools/lint/checks/OverdrawDetector.java:119: error: cannot find symbol
        JavaEvaluator evaluator = context.getEvaluator();
        ^
  symbol:   class JavaEvaluator
  location: class OverdrawDetector
/eval/src/generated/java/com/android/tools/lint/checks/OverdrawDetector.java:188: error: cannot find symbol
        Document manifest = context.getMainProject().getMergingManifest();
                                                    ^
  symbol:   method getMergingManifest()
  location: class Project
/eval/src/generated/java/com/android/tools/lint/checks/OverdrawDetector.java:270: error: cannot find symbol
                    Document doc = XmlUtils.parseDocumentSilently(file, true);
                                   ^
  symbol:   variable XmlUtils
  location: class OverdrawDetector
Note: /eval/src/generated/java/com/android/tools/lint/checks/OverdrawDetector.java uses or overrides a deprecated API.
Note: Recompile with -Xlint:deprecation for details.
7 errors

FAILURE: Build failed with an exception.

* What went wrong:
Execution failed for task ':compileJava'.
> Compilation failed; see the compiler error output for details.

* Try:
> Run with --info option to get more log output.
> Run with --scan to get full insights.

BUILD FAILED in 6s
