/eval/src/generated/java/com/android/tools/lint/checks/ParcelDetector.java:36: error: method does not override or implement a method from a supertype
    @Override
    ^
/eval/src/generated/java/com/android/tools/lint/checks/ParcelDetector.java:41: error: method does not override or implement a method from a supertype
    @Override
    ^
/eval/src/generated/java/com/android/tools/lint/checks/ParcelDetector.java:59: error: no suitable method found for report(Issue,ClassNode,<null>,String)
        context.report(
               ^
    method ClassContext.report(Issue,Location,String,LintFix) is not applicable
      (argument mismatch; ClassNode cannot be converted to Location)
    method ClassContext.report(Issue,FieldNode,Location,String) is not applicable
      (argument mismatch; ClassNode cannot be converted to FieldNode)
Note: Some messages have been simplified; recompile with -Xdiags:verbose to get full output
3 errors

FAILURE: Build failed with an exception.

* What went wrong:
Execution failed for task ':compileJava'.
> Compilation failed; see the compiler error output for details.

* Try:
> Run with --info option to get more log output.
> Run with --scan to get full insights.

BUILD FAILED in 4s
