/eval/src/generated/java/com/android/tools/lint/checks/RequiredAttributeDetector.java:75: error: cannot find symbol
    public Collection<String> getApplicableElements() {
           ^
  symbol:   class Collection
  location: class RequiredAttributeDetector
/eval/src/generated/java/com/android/tools/lint/checks/RequiredAttributeDetector.java:147: error: no suitable method found for getResource(UExpression,boolean)
        String resource = ResourceEvaluator.getResource(first, true);
                                           ^
    method ResourceEvaluator.getResource(JavaEvaluator,PsiElement) is not applicable
      (argument mismatch; UExpression cannot be converted to JavaEvaluator)
    method ResourceEvaluator.getResource(JavaEvaluator,UElement) is not applicable
      (argument mismatch; UExpression cannot be converted to JavaEvaluator)
/eval/src/generated/java/com/android/tools/lint/checks/RequiredAttributeDetector.java:160: error: cannot find symbol
        if (UastExpressionUtils.isNull(second)) {
                               ^
  symbol:   method isNull(UExpression)
  location: class UastExpressionUtils
Note: Some messages have been simplified; recompile with -Xdiags:verbose to get full output
3 errors

FAILURE: Build failed with an exception.

* What went wrong:
Execution failed for task ':compileJava'.
> Compilation failed; see the compiler error output for details.

* Try:
> Run with --info option to get more log output.
> Run with --scan to get full insights.

BUILD FAILED in 3s
