/eval/src/generated/java/com/android/tools/lint/checks/AllowAllHostnameVerifierDetector.java:21: error: cannot find symbol
import org.jetbrains.uast.UElementHandler;
                         ^
  symbol:   class UElementHandler
  location: package org.jetbrains.uast
/eval/src/generated/java/com/android/tools/lint/checks/AllowAllHostnameVerifierDetector.java:30: error: cannot find symbol
        implements Detector.SourceCodeScanner {
                           ^
  symbol:   class SourceCodeScanner
  location: class Detector
/eval/src/generated/java/com/android/tools/lint/checks/AllowAllHostnameVerifierDetector.java:44: error: cannot find symbol
    public UElementHandler createUElementHandler(@NotNull JavaContext context) {
           ^
  symbol:   class UElementHandler
  location: class AllowAllHostnameVerifierDetector
/eval/src/generated/java/com/android/tools/lint/checks/AllowAllHostnameVerifierDetector.java:36: error: method does not override or implement a method from a supertype
    @Override
    ^
/eval/src/generated/java/com/android/tools/lint/checks/AllowAllHostnameVerifierDetector.java:42: error: method does not override or implement a method from a supertype
    @Override
    ^
/eval/src/generated/java/com/android/tools/lint/checks/AllowAllHostnameVerifierDetector.java:45: error: cannot find symbol
        return new UElementHandler() {
                   ^
  symbol:   class UElementHandler
  location: class AllowAllHostnameVerifierDetector
/eval/src/generated/java/com/android/tools/lint/checks/AllowAllHostnameVerifierDetector.java:46: error: method does not override or implement a method from a supertype
            @Override
            ^
/eval/src/generated/java/com/android/tools/lint/checks/AllowAllHostnameVerifierDetector.java:68: error: cannot find symbol
        if (!context.getEvaluator().typeHasName(parameters.get(0).getType(), "java.lang.String")) {
                                   ^
  symbol:   method typeHasName(PsiType,String)
  location: class JavaEvaluator
/eval/src/generated/java/com/android/tools/lint/checks/AllowAllHostnameVerifierDetector.java:71: error: cannot find symbol
        if (!context.getEvaluator().typeHasName(parameters.get(1).getType(), SSL_SESSION)) {
                                   ^
  symbol:   method typeHasName(PsiType,String)
  location: class JavaEvaluator
/eval/src/generated/java/com/android/tools/lint/checks/AllowAllHostnameVerifierDetector.java:136: error: method create in class Issue cannot be applied to given types;
            Issue.create(
                 ^
  required: String,String,String,Category,int,Severity,Implementation
  found:    String,String,String,Category,int,Severity,Implementation,String
  reason: actual and formal argument lists differ in length
10 errors

FAILURE: Build failed with an exception.

* What went wrong:
Execution failed for task ':compileJava'.
> Compilation failed; see the compiler error output for details.

* Try:
> Run with --info option to get more log output.
> Run with --scan to get full insights.

BUILD FAILED in 4s
