/eval/src/generated/java/com/android/tools/lint/checks/NetworkSecurityConfigDetector.java:39: error: method does not override or implement a method from a supertype
    @Override
    ^
/eval/src/generated/java/com/android/tools/lint/checks/NetworkSecurityConfigDetector.java:72: error: cannot find symbol
                new org.w3c.dom.NodeListIterator(element.getChildNodes()) {
                               ^
  symbol:   class NodeListIterator
  location: package org.w3c.dom
/eval/src/generated/java/com/android/tools/lint/checks/NetworkSecurityConfigDetector.java:73: error: method does not override or implement a method from a supertype
                    @Override
                    ^
/eval/src/generated/java/com/android/tools/lint/checks/NetworkSecurityConfigDetector.java:78: error: method does not override or implement a method from a supertype
                    @Override
                    ^
4 errors

FAILURE: Build failed with an exception.

* What went wrong:
Execution failed for task ':compileJava'.
> Compilation failed; see the compiler error output for details.

* Try:
> Run with --info option to get more log output.
> Run with --scan to get full insights.

BUILD FAILED in 4s
