/eval/src/generated/java/com/android/tools/lint/checks/LayoutConsistencyDetector.java:16: error: cannot find symbol
public class LayoutConsistencyDetector extends LayoutDetector implements Detector.UastScanner {
                                               ^
  symbol: class LayoutDetector
/eval/src/generated/java/com/android/tools/lint/checks/LayoutConsistencyDetector.java:16: error: LayoutConsistencyDetector is not abstract and does not override abstract method analyzeCallGraph(Context,CallGraphResult) in SourceCodeScanner
public class LayoutConsistencyDetector extends LayoutDetector implements Detector.UastScanner {
       ^
/eval/src/generated/java/com/android/tools/lint/checks/LayoutConsistencyDetector.java:19: error: no suitable constructor found for Implementation(Class<LayoutConsistencyDetector>,EnumSet<Scope>)
            new Implementation(LayoutConsistencyDetector.class, EnumSet.of(Scope.JAVA_FILE, Scope.RESOURCE_FILE));
            ^
    constructor Implementation.Implementation(Class<? extends Detector>,EnumSet<Scope>) is not applicable
      (argument mismatch; Class<LayoutConsistencyDetector> cannot be converted to Class<? extends Detector>)
    constructor Implementation.Implementation(Class<? extends Detector>,EnumSet<Scope>,EnumSet<Scope>...) is not applicable
      (argument mismatch; Class<LayoutConsistencyDetector> cannot be converted to Class<? extends Detector>)
/eval/src/generated/java/com/android/tools/lint/checks/LayoutConsistencyDetector.java:49: error: method does not override or implement a method from a supertype
    @Override
    ^
/eval/src/generated/java/com/android/tools/lint/checks/LayoutConsistencyDetector.java:54: error: method does not override or implement a method from a supertype
    @Override
    ^
/eval/src/generated/java/com/android/tools/lint/checks/LayoutConsistencyDetector.java:107: error: method does not override or implement a method from a supertype
    @Override
    ^
6 errors

FAILURE: Build failed with an exception.

* What went wrong:
Execution failed for task ':compileJava'.
> Compilation failed; see the compiler error output for details.

* Try:
> Run with --info option to get more log output.
> Run with --scan to get full insights.

BUILD FAILED in 7s
