/eval/src/generated/java/com/android/tools/lint/checks/IconDetector.java:28: error: cannot find symbol
public class IconDetector extends Detector implements Detector.SourceCodeScanner, Detector.XmlScanner, Detector.ResourceFolderScanner {
                                                              ^
  symbol:   class SourceCodeScanner
  location: class Detector
/eval/src/generated/java/com/android/tools/lint/checks/IconDetector.java:68: error: cannot find symbol
        java.io.File folder = context.getFolder();
                                     ^
  symbol:   method getFolder()
  location: variable context of type ResourceContext
/eval/src/generated/java/com/android/tools/lint/checks/IconDetector.java:96: error: cannot find symbol
                        Incident.create()
                                ^
  symbol:   method create()
  location: class Incident
/eval/src/generated/java/com/android/tools/lint/checks/IconDetector.java:98: error: method getLocation in class Context cannot be applied to given types;
                                .location(context.getLocation(pngFile))
                                                 ^
  required: Object,LocationType
  found:    File
  reason: actual and formal argument lists differ in length
4 errors

FAILURE: Build failed with an exception.

* What went wrong:
Execution failed for task ':compileJava'.
> Compilation failed; see the compiler error output for details.

* Try:
> Run with --info option to get more log output.
> Run with --scan to get full insights.

BUILD FAILED in 6s
