/eval/src/generated/java/com/android/tools/lint/checks/ArraySizeDetector.java:23: error: cannot find symbol
public class ArraySizeDetector extends ResourceXmlDetector {
                                       ^
  symbol: class ResourceXmlDetector
/eval/src/generated/java/com/android/tools/lint/checks/ArraySizeDetector.java:26: error: no suitable constructor found for Implementation(Class<ArraySizeDetector>,EnumSet<Scope>)
            new Implementation(ArraySizeDetector.class, Scope.RESOURCE_FILE_SCOPE);
            ^
    constructor Implementation.Implementation(Class<? extends Detector>,EnumSet<Scope>) is not applicable
      (argument mismatch; Class<ArraySizeDetector> cannot be converted to Class<? extends Detector>)
    constructor Implementation.Implementation(Class<? extends Detector>,EnumSet<Scope>,EnumSet<Scope>...) is not applicable
      (argument mismatch; Class<ArraySizeDetector> cannot be converted to Class<? extends Detector>)
/eval/src/generated/java/com/android/tools/lint/checks/ArraySizeDetector.java:65: error: method does not override or implement a method from a supertype
    @Override
    ^
/eval/src/generated/java/com/android/tools/lint/checks/ArraySizeDetector.java:70: error: method does not override or implement a method from a supertype
    @Override
    ^
/eval/src/generated/java/com/android/tools/lint/checks/ArraySizeDetector.java:75: error: method does not override or implement a method from a supertype
    @Override
    ^
/eval/src/generated/java/com/android/tools/lint/checks/ArraySizeDetector.java:80: error: method does not override or implement a method from a supertype
    @Override
    ^
/eval/src/generated/java/com/android/tools/lint/checks/ArraySizeDetector.java:111: error: method does not override or implement a method from a supertype
    @Override
    ^
7 errors

FAILURE: Build failed with an exception.

* What went wrong:
Execution failed for task ':compileJava'.
> Compilation failed; see the compiler error output for details.

* Try:
> Run with --info option to get more log output.
> Run with --scan to get full insights.

BUILD FAILED in 4s
