/eval/src/generated/java/com/android/tools/lint/checks/WebViewDetector.java:17: error: cannot find symbol
public class WebViewDetector extends LayoutDetector implements XmlScanner {
                                     ^
  symbol: class LayoutDetector
/eval/src/generated/java/com/android/tools/lint/checks/WebViewDetector.java:17: error: WebViewDetector is not abstract and does not override abstract method appliesTo(ResourceFolderType) in XmlScanner
public class WebViewDetector extends LayoutDetector implements XmlScanner {
       ^
/eval/src/generated/java/com/android/tools/lint/checks/WebViewDetector.java:29: error: no suitable constructor found for Implementation(Class<WebViewDetector>,EnumSet<Scope>)
                    new Implementation(WebViewDetector.class, Scope.RESOURCE_FILE_SCOPE));
                    ^
    constructor Implementation.Implementation(Class<? extends Detector>,EnumSet<Scope>) is not applicable
      (argument mismatch; Class<WebViewDetector> cannot be converted to Class<? extends Detector>)
    constructor Implementation.Implementation(Class<? extends Detector>,EnumSet<Scope>,EnumSet<Scope>...) is not applicable
      (argument mismatch; Class<WebViewDetector> cannot be converted to Class<? extends Detector>)
3 errors

FAILURE: Build failed with an exception.

* What went wrong:
Execution failed for task ':compileJava'.
> Compilation failed; see the compiler error output for details.

* Try:
> Run with --info option to get more log output.
> Run with --scan to get full insights.

BUILD FAILED in 1m 14s
