/eval/src/generated/java/com/android/tools/lint/checks/OverdrawDetector.java:11: error: cannot find symbol
import com.android.tools.lint.detector.api.JavaEvaluator;
                                          ^
  symbol:   class JavaEvaluator
  location: package com.android.tools.lint.detector.api
/eval/src/generated/java/com/android/tools/lint/checks/OverdrawDetector.java:270: error: package android.support.annotation does not exist
    @android.support.annotation.Nullable
                               ^
/eval/src/generated/java/com/android/tools/lint/checks/OverdrawDetector.java:279: error: package android.support.annotation does not exist
    @android.support.annotation.Nullable
                               ^
/eval/src/generated/java/com/android/tools/lint/checks/OverdrawDetector.java:153: error: cannot find symbol
        if (context.getResourceFolderType() == ResourceFolderType.LAYOUT) {
                   ^
  symbol:   method getResourceFolderType()
  location: variable context of type Context
/eval/src/generated/java/com/android/tools/lint/checks/OverdrawDetector.java:180: error: method does not override or implement a method from a supertype
    @Override
    ^
/eval/src/generated/java/com/android/tools/lint/checks/OverdrawDetector.java:189: error: method does not override or implement a method from a supertype
    @Override
    ^
/eval/src/generated/java/com/android/tools/lint/checks/OverdrawDetector.java:291: error: cannot find symbol
        JavaEvaluator evaluator = context.getEvaluator();
        ^
  symbol:   class JavaEvaluator
  location: class OverdrawDetector
7 errors

FAILURE: Build failed with an exception.

* What went wrong:
Execution failed for task ':compileJava'.
> Compilation failed; see the compiler error output for details.

* Try:
> Run with --info option to get more log output.
> Run with --scan to get full insights.

BUILD FAILED in 4s
