/eval/src/generated/java/com/android/tools/lint/checks/AlwaysShowActionDetector.java:14: error: cannot find symbol
import com.android.tools.lint.detector.api.JavaPsiScanner;
                                          ^
  symbol:   class JavaPsiScanner
  location: package com.android.tools.lint.detector.api
/eval/src/generated/java/com/android/tools/lint/checks/AlwaysShowActionDetector.java:32: error: cannot find symbol
public class AlwaysShowActionDetector extends Detector implements XmlScanner, JavaPsiScanner {
                                                                              ^
  symbol: class JavaPsiScanner
/eval/src/generated/java/com/android/tools/lint/checks/AlwaysShowActionDetector.java:106: error: method does not override or implement a method from a supertype
    @Override
    ^
Note: /eval/src/generated/java/com/android/tools/lint/checks/AlwaysShowActionDetector.java uses or overrides a deprecated API.
Note: Recompile with -Xlint:deprecation for details.
3 errors

FAILURE: Build failed with an exception.

* What went wrong:
Execution failed for task ':compileJava'.
> Compilation failed; see the compiler error output for details.

* Try:
> Run with --info option to get more log output.
> Run with --scan to get full insights.

BUILD FAILED in 5s
