/eval/src/generated/java/com/android/tools/lint/checks/OverdrawDetector.java:25: error: cannot find symbol
public class OverdrawDetector extends LayoutDetector implements SourceCodeScanner {
                                      ^
  symbol: class LayoutDetector
/eval/src/generated/java/com/android/tools/lint/checks/OverdrawDetector.java:25: error: OverdrawDetector is not abstract and does not override abstract method analyzeCallGraph(Context,CallGraphResult) in SourceCodeScanner
public class OverdrawDetector extends LayoutDetector implements SourceCodeScanner {
       ^
/eval/src/generated/java/com/android/tools/lint/checks/OverdrawDetector.java:28: error: no suitable constructor found for Implementation(Class<OverdrawDetector>,EnumSet<Scope>)
            new Implementation(OverdrawDetector.class, EnumSet.of(Scope.JAVA_FILE, Scope.RESOURCE_FILE));
            ^
    constructor Implementation.Implementation(Class<? extends Detector>,EnumSet<Scope>) is not applicable
      (argument mismatch; Class<OverdrawDetector> cannot be converted to Class<? extends Detector>)
    constructor Implementation.Implementation(Class<? extends Detector>,EnumSet<Scope>,EnumSet<Scope>...) is not applicable
      (argument mismatch; Class<OverdrawDetector> cannot be converted to Class<? extends Detector>)
/eval/src/generated/java/com/android/tools/lint/checks/OverdrawDetector.java:85: error: method does not override or implement a method from a supertype
    @Override
    ^
/eval/src/generated/java/com/android/tools/lint/checks/OverdrawDetector.java:98: error: method does not override or implement a method from a supertype
    @Override
    ^
/eval/src/generated/java/com/android/tools/lint/checks/OverdrawDetector.java:111: error: method does not override or implement a method from a supertype
    @Override
    ^
/eval/src/generated/java/com/android/tools/lint/checks/OverdrawDetector.java:140: error: method does not override or implement a method from a supertype
    @Override
    ^
/eval/src/generated/java/com/android/tools/lint/checks/OverdrawDetector.java:145: error: method does not override or implement a method from a supertype
    @Override
    ^
/eval/src/generated/java/com/android/tools/lint/checks/OverdrawDetector.java:228: error: method does not override or implement a method from a supertype
    @Override
    ^
9 errors

FAILURE: Build failed with an exception.

* What went wrong:
Execution failed for task ':compileJava'.
> Compilation failed; see the compiler error output for details.

* Try:
> Run with --info option to get more log output.
> Run with --scan to get full insights.

BUILD FAILED in 8s
