/eval/src/generated/java/com/android/tools/lint/checks/IconDetector.java:18: error: cannot find symbol
import org.jetbrains.uast.UElementHandler;
                         ^
  symbol:   class UElementHandler
  location: package org.jetbrains.uast
/eval/src/generated/java/com/android/tools/lint/checks/IconDetector.java:73: error: cannot find symbol
    public UElementHandler createUastHandler() {
           ^
  symbol:   class UElementHandler
  location: class IconDetector
/eval/src/generated/java/com/android/tools/lint/checks/IconDetector.java:42: error: method does not override or implement a method from a supertype
    @Override
    ^
/eval/src/generated/java/com/android/tools/lint/checks/IconDetector.java:44: error: issue has private access in Incident
        return incident.issue == ISSUE;
                       ^
/eval/src/generated/java/com/android/tools/lint/checks/IconDetector.java:47: error: method does not override or implement a method from a supertype
    @Override
    ^
/eval/src/generated/java/com/android/tools/lint/checks/IconDetector.java:49: error: incomparable types: Scope and EnumSet<Scope>
        return scope == Scope.JAVA_FILE_SCOPE || scope == Scope.RESOURCE_FILE_SCOPE;
                     ^
/eval/src/generated/java/com/android/tools/lint/checks/IconDetector.java:49: error: incomparable types: Scope and EnumSet<Scope>
        return scope == Scope.JAVA_FILE_SCOPE || scope == Scope.RESOURCE_FILE_SCOPE;
                                                       ^
/eval/src/generated/java/com/android/tools/lint/checks/IconDetector.java:72: error: method does not override or implement a method from a supertype
    @Override
    ^
/eval/src/generated/java/com/android/tools/lint/checks/IconDetector.java:77: error: method does not override or implement a method from a supertype
    @Override
    ^
/eval/src/generated/java/com/android/tools/lint/checks/IconDetector.java:81: error: method does not override or implement a method from a supertype
    @Override
    ^
/eval/src/generated/java/com/android/tools/lint/checks/IconDetector.java:96: error: method does not override or implement a method from a supertype
    @Override
    ^
11 errors

FAILURE: Build failed with an exception.

* What went wrong:
Execution failed for task ':compileJava'.
> Compilation failed; see the compiler error output for details.

* Try:
> Run with --info option to get more log output.
> Run with --scan to get full insights.

BUILD FAILED in 4s
