/eval/src/generated/java/com/android/tools/lint/checks/RegistrationDetector.java:24: error: cannot find symbol
import com.android.tools.lint.detector.api.UElementHandler;
                                          ^
  symbol:   class UElementHandler
  location: package com.android.tools.lint.detector.api
/eval/src/generated/java/com/android/tools/lint/checks/RegistrationDetector.java:87: error: cannot find symbol
    public UElementHandler createUElementHandler(@NotNull JavaContext context) {
           ^
  symbol:   class UElementHandler
  location: class RegistrationDetector
/eval/src/generated/java/com/android/tools/lint/checks/RegistrationDetector.java:73: error: cannot find symbol
                File manifest = project.getManifest();
                                       ^
  symbol:   method getManifest()
  location: variable project of type Project
/eval/src/generated/java/com/android/tools/lint/checks/RegistrationDetector.java:81: error: method does not override or implement a method from a supertype
    @Override
    ^
/eval/src/generated/java/com/android/tools/lint/checks/RegistrationDetector.java:86: error: method does not override or implement a method from a supertype
    @Override
    ^
/eval/src/generated/java/com/android/tools/lint/checks/RegistrationDetector.java:88: error: cannot find symbol
        return new UElementHandler() {
                   ^
  symbol:   class UElementHandler
  location: class RegistrationDetector
/eval/src/generated/java/com/android/tools/lint/checks/RegistrationDetector.java:89: error: method does not override or implement a method from a supertype
            @Override
            ^
/eval/src/generated/java/com/android/tools/lint/checks/RegistrationDetector.java:136: error: reference to getLocation is ambiguous
            context.report(ISSUE, node, context.getLocation(node), message);
                                               ^
  both method getLocation(PsiElement) in JavaContext and method getLocation(UElement) in JavaContext match
/eval/src/generated/java/com/android/tools/lint/checks/RegistrationDetector.java:159: error: incompatible types: @org.jetbrains.annotations.NotNull File cannot be converted to String
        Document document = XmlUtils.parseDocumentSilently(manifestFile, true);
                                                           ^
Note: /eval/src/generated/java/com/android/tools/lint/checks/RegistrationDetector.java uses or overrides a deprecated API.
Note: Recompile with -Xlint:deprecation for details.
Note: Some messages have been simplified; recompile with -Xdiags:verbose to get full output
9 errors

FAILURE: Build failed with an exception.

* What went wrong:
Execution failed for task ':compileJava'.
> Compilation failed; see the compiler error output for details.

* Try:
> Run with --info option to get more log output.
> Run with --scan to get full insights.

BUILD FAILED in 4s
