e: file:///eval/src/generated/kotlin/com/android/tools/lint/checks/PackageVisibilityDetector.kt:35:27 Unresolved reference: Builder
e: file:///eval/src/generated/kotlin/com/android/tools/lint/checks/PackageVisibilityDetector.kt:53:27 Unresolved reference: Builder
e: file:///eval/src/generated/kotlin/com/android/tools/lint/checks/PackageVisibilityDetector.kt:73:44 Unresolved reference: manifest
e: file:///eval/src/generated/kotlin/com/android/tools/lint/checks/PackageVisibilityDetector.kt:73:66 Unresolved reference: isFile
e: file:///eval/src/generated/kotlin/com/android/tools/lint/checks/PackageVisibilityDetector.kt:78:36 Overload resolution ambiguity: 
public open fun parse(p0: File!): Document! defined in javax.xml.parsers.DocumentBuilder
public open fun parse(p0: InputStream!): Document! defined in javax.xml.parsers.DocumentBuilder
public open fun parse(p0: String!): Document! defined in javax.xml.parsers.DocumentBuilder
public abstract fun parse(p0: InputSource!): Document! defined in javax.xml.parsers.DocumentBuilder

FAILURE: Build failed with an exception.

* What went wrong:
Execution failed for task ':compileKotlin'.
> A failure occurred while executing org.jetbrains.kotlin.compilerRunner.GradleCompilerRunnerWithWorkers$GradleKotlinCompilerWorkAction
   > Compilation error. See log for more details

* Try:
> Run with --stacktrace option to get the stack trace.
> Run with --info or --debug option to get more log output.
> Run with --scan to get full insights.
> Get more help at https://help.gradle.org.

BUILD FAILED in 7s
