e: file:///eval/src/generated/kotlin/com/android/tools/lint/checks/DiffUtilDetector.kt:10:44 Unresolved reference: UastScanner
e: file:///eval/src/generated/kotlin/com/android/tools/lint/checks/DiffUtilDetector.kt:13:27 Unresolved reference: AbstractUastVisitor
e: file:///eval/src/generated/kotlin/com/android/tools/lint/checks/DiffUtilDetector.kt:15:27 Unresolved reference: UBinaryExpressionKind
e: file:///eval/src/generated/kotlin/com/android/tools/lint/checks/DiffUtilDetector.kt:19:38 Unresolved reference: UastScanner
e: file:///eval/src/generated/kotlin/com/android/tools/lint/checks/DiffUtilDetector.kt:40:5 'visitMethod' overrides nothing
e: file:///eval/src/generated/kotlin/com/android/tools/lint/checks/DiffUtilDetector.kt:53:21 Type mismatch: inferred type is `<no name provided>` but UastVisitor was expected
e: file:///eval/src/generated/kotlin/com/android/tools/lint/checks/DiffUtilDetector.kt:53:30 Unresolved reference: AbstractUastVisitor
e: file:///eval/src/generated/kotlin/com/android/tools/lint/checks/DiffUtilDetector.kt:54:13 'visitBinaryExpression' overrides nothing
e: file:///eval/src/generated/kotlin/com/android/tools/lint/checks/DiffUtilDetector.kt:56:21 Unresolved reference: UBinaryExpressionKind
e: file:///eval/src/generated/kotlin/com/android/tools/lint/checks/DiffUtilDetector.kt:64:21 Unresolved reference: UBinaryExpressionKind
e: file:///eval/src/generated/kotlin/com/android/tools/lint/checks/DiffUtilDetector.kt:78:30 Unresolved reference: visitBinaryExpression
e: file:///eval/src/generated/kotlin/com/android/tools/lint/checks/DiffUtilDetector.kt:81:13 'visitCallExpression' overrides nothing
e: file:///eval/src/generated/kotlin/com/android/tools/lint/checks/DiffUtilDetector.kt:93:30 Unresolved reference: visitCallExpression

FAILURE: Build failed with an exception.

* What went wrong:
Execution failed for task ':compileKotlin'.
> A failure occurred while executing org.jetbrains.kotlin.compilerRunner.GradleCompilerRunnerWithWorkers$GradleKotlinCompilerWorkAction
   > Compilation error. See log for more details

* Try:
> Run with --stacktrace option to get the stack trace.
> Run with --info or --debug option to get more log output.
> Run with --scan to get full insights.
> Get more help at https://help.gradle.org.

BUILD FAILED in 10s
