e: file:///eval/src/generated/kotlin/com/android/tools/lint/checks/WearableConfigurationActionDetector.kt:20:44 Unresolved reference: XmlElement
e: file:///eval/src/generated/kotlin/com/android/tools/lint/checks/WearableConfigurationActionDetector.kt:25:55 Unresolved reference: XmlElement
e: file:///eval/src/generated/kotlin/com/android/tools/lint/checks/WearableConfigurationActionDetector.kt:29:22 Unresolved reference: XmlElement
e: file:///eval/src/generated/kotlin/com/android/tools/lint/checks/WearableConfigurationActionDetector.kt:59:61 Unresolved reference: XmlElement
e: file:///eval/src/generated/kotlin/com/android/tools/lint/checks/WearableConfigurationActionDetector.kt:62:68 Cannot infer a type for this parameter. Please specify it explicitly.
e: file:///eval/src/generated/kotlin/com/android/tools/lint/checks/WearableConfigurationActionDetector.kt:72:65 Unresolved reference: tagName
e: file:///eval/src/generated/kotlin/com/android/tools/lint/checks/WearableConfigurationActionDetector.kt:74:38 Unresolved reference: tagName
e: file:///eval/src/generated/kotlin/com/android/tools/lint/checks/WearableConfigurationActionDetector.kt:75:42 Unresolved reference: getAttribute
e: file:///eval/src/generated/kotlin/com/android/tools/lint/checks/WearableConfigurationActionDetector.kt:80:42 Unresolved reference: tagName
e: file:///eval/src/generated/kotlin/com/android/tools/lint/checks/WearableConfigurationActionDetector.kt:81:46 Unresolved reference: getAttribute
e: file:///eval/src/generated/kotlin/com/android/tools/lint/checks/WearableConfigurationActionDetector.kt:94:40 The integer literal does not conform to the expected type AndroidVersion!

FAILURE: Build failed with an exception.

* What went wrong:
Execution failed for task ':compileKotlin'.
> A failure occurred while executing org.jetbrains.kotlin.compilerRunner.GradleCompilerRunnerWithWorkers$GradleKotlinCompilerWorkAction
   > Compilation error. See log for more details

* Try:
> Run with --stacktrace option to get the stack trace.
> Run with --info or --debug option to get more log output.
> Run with --scan to get full insights.
> Get more help at https://help.gradle.org.

BUILD FAILED in 6s
