/eval/src/generated/java/com/android/tools/lint/checks/AndroidTvDetector.java:12: error: cannot find symbol
import org.jetbrains.annotations.NonNull;
                                ^
  symbol:   class NonNull
  location: package org.jetbrains.annotations
/eval/src/generated/java/com/android/tools/lint/checks/AndroidTvDetector.java:72: error: cannot find symbol
    public void beforeCheckFile(@NonNull Context context) {
                                 ^
  symbol:   class NonNull
  location: class AndroidTvDetector
/eval/src/generated/java/com/android/tools/lint/checks/AndroidTvDetector.java:83: error: cannot find symbol
    public void visitElement(@NonNull XmlContext context, @NonNull Element element) {
                              ^
  symbol:   class NonNull
  location: class AndroidTvDetector
/eval/src/generated/java/com/android/tools/lint/checks/AndroidTvDetector.java:83: error: cannot find symbol
    public void visitElement(@NonNull XmlContext context, @NonNull Element element) {
                                                           ^
  symbol:   class NonNull
  location: class AndroidTvDetector
/eval/src/generated/java/com/android/tools/lint/checks/AndroidTvDetector.java:102: error: cannot find symbol
    public void afterCheckFile(@NonNull Context context) {
                                ^
  symbol:   class NonNull
  location: class AndroidTvDetector
5 errors

FAILURE: Build failed with an exception.

* What went wrong:
Execution failed for task ':compileJava'.
> Compilation failed; see the compiler error output for details.

* Try:
> Run with --info option to get more log output.
> Run with --scan to get full insights.

BUILD FAILED in 6s
