/eval/src/generated/java/com/android/tools/lint/checks/OverdrawDetector.java:186: error: cannot find symbol
        File manifest = project.getManifestFile();
                               ^
  symbol:   method getManifestFile()
  location: variable project of type Project
/eval/src/generated/java/com/android/tools/lint/checks/OverdrawDetector.java:191: error: incompatible types: File cannot be converted to String
        Document manifestDoc = XmlUtils.parseDocumentSilently(manifest, true);
                                                              ^
/eval/src/generated/java/com/android/tools/lint/checks/OverdrawDetector.java:251: error: cannot find symbol
        for (File resDir : project.getResourceDirectories()) {
                                  ^
  symbol:   method getResourceDirectories()
  location: variable project of type Project
/eval/src/generated/java/com/android/tools/lint/checks/OverdrawDetector.java:266: error: incompatible types: File cannot be converted to String
                    Document doc = XmlUtils.parseDocumentSilently(file, true);
                                                                  ^
Note: Some messages have been simplified; recompile with -Xdiags:verbose to get full output
4 errors

FAILURE: Build failed with an exception.

* What went wrong:
Execution failed for task ':compileJava'.
> Compilation failed; see the compiler error output for details.

* Try:
> Run with --info option to get more log output.
> Run with --scan to get full insights.

BUILD FAILED in 6s
