/eval/src/generated/java/com/android/tools/lint/checks/IconDetector.java:21: error: cannot find symbol
import org.jetbrains.uast.UElementHandler;
                         ^
  symbol:   class UElementHandler
  location: package org.jetbrains.uast
/eval/src/generated/java/com/android/tools/lint/checks/IconDetector.java:86: error: cannot find symbol
    public UElementHandler createUastHandler() {
           ^
  symbol:   class UElementHandler
  location: class IconDetector
/eval/src/generated/java/com/android/tools/lint/checks/IconDetector.java:50: error: method does not override or implement a method from a supertype
    @Override
    ^
/eval/src/generated/java/com/android/tools/lint/checks/IconDetector.java:56: error: appliesTo(Context,File) in IconDetector cannot override appliesTo(Context,File) in Detector
    public boolean appliesTo(@NonNull Context context, @NonNull java.io.File file) {
                   ^
  overridden method is final
/eval/src/generated/java/com/android/tools/lint/checks/IconDetector.java:85: error: method does not override or implement a method from a supertype
    @Override
    ^
/eval/src/generated/java/com/android/tools/lint/checks/IconDetector.java:87: error: cannot find symbol
        return new UElementHandler() {
                   ^
  symbol:   class UElementHandler
  location: class IconDetector
/eval/src/generated/java/com/android/tools/lint/checks/IconDetector.java:88: error: method does not override or implement a method from a supertype
            @Override
            ^
/eval/src/generated/java/com/android/tools/lint/checks/IconDetector.java:93: error: method does not override or implement a method from a supertype
            @Override
            ^
/eval/src/generated/java/com/android/tools/lint/checks/IconDetector.java:98: error: method does not override or implement a method from a supertype
            @Override
            ^
/eval/src/generated/java/com/android/tools/lint/checks/IconDetector.java:110: error: method does not override or implement a method from a supertype
    @Override
    ^
/eval/src/generated/java/com/android/tools/lint/checks/IconDetector.java:120: error: method does not override or implement a method from a supertype
    @Override
    ^
Note: /eval/src/generated/java/com/android/tools/lint/checks/IconDetector.java uses or overrides a deprecated API.
Note: Recompile with -Xlint:deprecation for details.
11 errors

FAILURE: Build failed with an exception.

* What went wrong:
Execution failed for task ':compileJava'.
> Compilation failed; see the compiler error output for details.

* Try:
> Run with --info option to get more log output.
> Run with --scan to get full insights.

BUILD FAILED in 5s
