/eval/src/generated/java/com/android/tools/lint/checks/TextFieldDetector.java:8: error: cannot find symbol
import static com.android.SdkConstants.EXTRACT_EDIT_TEXT;
^
  symbol:   static EXTRACT_EDIT_TEXT
  location: class SdkConstants
/eval/src/generated/java/com/android/tools/lint/checks/TextFieldDetector.java:10: error: cannot find symbol
import static com.android.SdkConstants.SEARCH_AUTO_COMPLETE;
^
  symbol:   static SEARCH_AUTO_COMPLETE
  location: class SdkConstants
/eval/src/generated/java/com/android/tools/lint/checks/TextFieldDetector.java:60: error: cannot find symbol
                EXTRACT_EDIT_TEXT,
                ^
  symbol:   variable EXTRACT_EDIT_TEXT
  location: class TextFieldDetector
/eval/src/generated/java/com/android/tools/lint/checks/TextFieldDetector.java:61: error: cannot find symbol
                SEARCH_AUTO_COMPLETE,
                ^
  symbol:   variable SEARCH_AUTO_COMPLETE
  location: class TextFieldDetector
4 errors

FAILURE: Build failed with an exception.

* What went wrong:
Execution failed for task ':compileJava'.
> Compilation failed; see the compiler error output for details.

* Try:
> Run with --info option to get more log output.
> Run with --scan to get full insights.

BUILD FAILED in 5s
