/eval/src/generated/java/com/android/tools/lint/checks/InefficientWeightDetector.java:5: error: cannot find symbol
import static com.android.SdkConstants.TAG_LINEAR_LAYOUT;
^
  symbol:   static TAG_LINEAR_LAYOUT
  location: class SdkConstants
/eval/src/generated/java/com/android/tools/lint/checks/InefficientWeightDetector.java:47: error: cannot find symbol
        return Collections.singletonList(TAG_LINEAR_LAYOUT);
                                         ^
  symbol:   variable TAG_LINEAR_LAYOUT
  location: class InefficientWeightDetector
/eval/src/generated/java/com/android/tools/lint/checks/InefficientWeightDetector.java:78: error: cannot find symbol
            if (TAG_LINEAR_LAYOUT.equals(parentElement.getTagName())
                ^
  symbol:   variable TAG_LINEAR_LAYOUT
  location: class InefficientWeightDetector
3 errors

FAILURE: Build failed with an exception.

* What went wrong:
Execution failed for task ':compileJava'.
> Compilation failed; see the compiler error output for details.

* Try:
> Run with --info option to get more log output.
> Run with --scan to get full insights.

BUILD FAILED in 7s
