/eval/src/generated/java/com/android/tools/lint/checks/JobSchedulerDetector.java:11: error: cannot find symbol
import com.android.tools.lint.detector.api.PartialResults;
                                          ^
  symbol:   class PartialResults
  location: package com.android.tools.lint.detector.api
/eval/src/generated/java/com/android/tools/lint/checks/JobSchedulerDetector.java:85: error: cannot find symbol
            @org.jetbrains.annotations.NotNull PartialResults partialResults) {
                                               ^
  symbol:   class PartialResults
  location: class JobSchedulerDetector
/eval/src/generated/java/com/android/tools/lint/checks/JobSchedulerDetector.java:74: error: method getString in class LintMap cannot be applied to given types;
            String existing = map.getString(serviceClass);
                                 ^
  required: String,String
  found:    String
  reason: actual and formal argument lists differ in length
/eval/src/generated/java/com/android/tools/lint/checks/JobSchedulerDetector.java:87: error: for-each not applicable to expression type
        for (String serviceClass : map.keys()) {
                                           ^
  required: array or java.lang.Iterable
  found:    Sequence<String>
/eval/src/generated/java/com/android/tools/lint/checks/JobSchedulerDetector.java:89: error: cannot find symbol
            PsiClass psiClass = context.getEvaluator().findClass(serviceClass);
                                       ^
  symbol:   method getEvaluator()
  location: variable context of type @org.jetbrains.annotations.NotNull Context
/eval/src/generated/java/com/android/tools/lint/checks/JobSchedulerDetector.java:91: error: cannot find symbol
                extendsJobService = context.getEvaluator().extendsClass(psiClass, "android.app.job.JobService", false);
                                           ^
  symbol:   method getEvaluator()
  location: variable context of type @org.jetbrains.annotations.NotNull Context
/eval/src/generated/java/com/android/tools/lint/checks/JobSchedulerDetector.java:136: error: method getString in class LintMap cannot be applied to given types;
            String locationString = map.getString(serviceClass);
                                       ^
  required: String,String
  found:    String
  reason: actual and formal argument lists differ in length
/eval/src/generated/java/com/android/tools/lint/checks/JobSchedulerDetector.java:148: error: cannot find symbol
                            CharSequence contents = context.getClient().getCharSequence(file);
                                                                       ^
  symbol:   method getCharSequence(File)
  location: class LintClient
8 errors

FAILURE: Build failed with an exception.

* What went wrong:
Execution failed for task ':compileJava'.
> Compilation failed; see the compiler error output for details.

* Try:
> Run with --info option to get more log output.
> Run with --scan to get full insights.

BUILD FAILED in 7s
