/eval/src/generated/java/com/android/tools/lint/checks/ResourcePrefixDetector.java:35: error: no suitable constructor found for Implementation(Class<ResourcePrefixDetector>,Scope)
                    new Implementation(ResourcePrefixDetector.class, Scope.ALL_RESOURCE_FILES));
                    ^
    constructor Implementation.Implementation(Class<? extends Detector>,EnumSet<Scope>) is not applicable
      (argument mismatch; Scope cannot be converted to EnumSet<Scope>)
    constructor Implementation.Implementation(Class<? extends Detector>,EnumSet<Scope>,EnumSet<Scope>...) is not applicable
      (argument mismatch; Scope cannot be converted to EnumSet<Scope>)
/eval/src/generated/java/com/android/tools/lint/checks/ResourcePrefixDetector.java:43: error: cannot find symbol
        mResourcePrefix = context.getProject().getResourcePrefix();
                                              ^
  symbol:   method getResourcePrefix()
  location: class Project
/eval/src/generated/java/com/android/tools/lint/checks/ResourcePrefixDetector.java:81: error: method getLocation in class Context cannot be applied to given types;
        checkResourceName(resourceName, context, context.getLocation());
                                                        ^
  required: Object,LocationType
  found:    no arguments
  reason: actual and formal argument lists differ in length
/eval/src/generated/java/com/android/tools/lint/checks/ResourcePrefixDetector.java:91: error: method getLocation in class Context cannot be applied to given types;
        checkResourceName(resourceName, context, context.getLocation());
                                                        ^
  required: Object,LocationType
  found:    no arguments
  reason: actual and formal argument lists differ in length
4 errors

FAILURE: Build failed with an exception.

* What went wrong:
Execution failed for task ':compileJava'.
> Compilation failed; see the compiler error output for details.

* Try:
> Run with --info option to get more log output.
> Run with --scan to get full insights.

BUILD FAILED in 4s
