/eval/src/generated/java/com/android/tools/lint/checks/LayoutConsistencyDetector.java:120: error: cannot find symbol
            @NonNull JavaContext context,
                     ^
  symbol:   class JavaContext
  location: class LayoutConsistencyDetector
/eval/src/generated/java/com/android/tools/lint/checks/LayoutConsistencyDetector.java:77: error: method does not override or implement a method from a supertype
    @Override
    ^
/eval/src/generated/java/com/android/tools/lint/checks/LayoutConsistencyDetector.java:86: error: incompatible types: File cannot be converted to String
        String layoutName = LintUtils.getBaseName(context.file);
                                                         ^
/eval/src/generated/java/com/android/tools/lint/checks/LayoutConsistencyDetector.java:118: error: method does not override or implement a method from a supertype
    @Override
    ^
/eval/src/generated/java/com/android/tools/lint/checks/LayoutConsistencyDetector.java:155: error: method does not override or implement a method from a supertype
    @Override
    ^
Note: Some messages have been simplified; recompile with -Xdiags:verbose to get full output
5 errors

FAILURE: Build failed with an exception.

* What went wrong:
Execution failed for task ':compileJava'.
> Compilation failed; see the compiler error output for details.

* Try:
> Run with --info option to get more log output.
> Run with --scan to get full insights.

BUILD FAILED in 5s
