/eval/src/generated/java/com/android/tools/lint/checks/ViewConstructorDetector.java:17: error: cannot find symbol
import org.jetbrains.uast.UConstructor;
                         ^
  symbol:   class UConstructor
  location: package org.jetbrains.uast
/eval/src/generated/java/com/android/tools/lint/checks/ViewConstructorDetector.java:61: error: cannot find symbol
        if (declaration.isAbstract() || declaration.isInterface()) {
                       ^
  symbol:   method isAbstract()
  location: variable declaration of type UClass
/eval/src/generated/java/com/android/tools/lint/checks/ViewConstructorDetector.java:66: error: cannot find symbol
        for (UConstructor constructor : declaration.getConstructors()) {
             ^
  symbol:   class UConstructor
  location: class ViewConstructorDetector
3 errors

FAILURE: Build failed with an exception.

* What went wrong:
Execution failed for task ':compileJava'.
> Compilation failed; see the compiler error output for details.

* Try:
> Run with --info option to get more log output.
> Run with --scan to get full insights.

BUILD FAILED in 4s
