/eval/src/generated/java/com/android/tools/lint/checks/RtlDetector.java:80: error: cannot find symbol
    public UElementHandler createUastHandler(JavaContext context) {
           ^
  symbol:   class UElementHandler
  location: class RtlDetector
/eval/src/generated/java/com/android/tools/lint/checks/RtlDetector.java:81: error: cannot find symbol
        return new UElementHandler() {
                   ^
  symbol:   class UElementHandler
  location: class RtlDetector
/eval/src/generated/java/com/android/tools/lint/checks/RtlDetector.java:82: error: method does not override or implement a method from a supertype
            @Override
            ^
3 errors

FAILURE: Build failed with an exception.

* What went wrong:
Execution failed for task ':compileJava'.
> Compilation failed; see the compiler error output for details.

* Try:
> Run with --info option to get more log output.
> Run with --scan to get full insights.

BUILD FAILED in 4s
