/eval/src/generated/java/com/android/tools/lint/checks/RequiredAttributeDetector.java:31: error: wrong receiver parameter name
    public boolean appliesTo(com.android.annotations.NonNull com.android.resources.ResourceFolderType folderType) {
                                                                                                      ^
/eval/src/generated/java/com/android/tools/lint/checks/RequiredAttributeDetector.java:31: error: ',', ')', or '[' expected
    public boolean appliesTo(com.android.annotations.NonNull com.android.resources.ResourceFolderType folderType) {
                                                                                                     ^
/eval/src/generated/java/com/android/tools/lint/checks/RequiredAttributeDetector.java:36: error: ',', ')', or '[' expected
    public void afterCheckRootProject(com.android.annotations.NonNull Context context) {
                                                                             ^
/eval/src/generated/java/com/android/tools/lint/checks/RequiredAttributeDetector.java:47: error: ',', ')', or '[' expected
    public void visitElement(com.android.annotations.NonNull XmlContext context, com.android.annotations.NonNull org.w3c.dom.Element element) {
                                                                       ^
/eval/src/generated/java/com/android/tools/lint/checks/RequiredAttributeDetector.java:76: error: ',', ')', or '[' expected
    public void visitMethodCall(com.android.annotations.NonNull JavaContext context, com.android.annotations.NonNull UCallExpression call, com.android.annotations.NonNull PsiMethod method) {
                                                                           ^
5 errors

FAILURE: Build failed with an exception.

* What went wrong:
Execution failed for task ':compileJava'.
> Compilation failed; see the compiler error output for details.

* Try:
> Run with --info option to get more log output.
> Run with --scan to get full insights.

BUILD FAILED in 4s
