/eval/src/generated/java/com/android/tools/lint/checks/IconDetector.java:10: error: cannot find symbol
import com.android.tools.lint.detector.api.ResourceFile;
                                          ^
  symbol:   class ResourceFile
  location: package com.android.tools.lint.detector.api
/eval/src/generated/java/com/android/tools/lint/checks/IconDetector.java:14: error: cannot find symbol
import org.jetbrains.annotations.NonNull;
                                ^
  symbol:   class NonNull
  location: package org.jetbrains.annotations
/eval/src/generated/java/com/android/tools/lint/checks/IconDetector.java:42: error: cannot find symbol
    public void visitFolder(@NonNull Context context, @NonNull ResourceFolderType folderType, @NonNull List<ResourceFile> files) {
                                                                                                            ^
  symbol:   class ResourceFile
  location: class IconDetector
/eval/src/generated/java/com/android/tools/lint/checks/IconDetector.java:35: error: cannot find symbol
    @NonNull
     ^
  symbol:   class NonNull
  location: class IconDetector
/eval/src/generated/java/com/android/tools/lint/checks/IconDetector.java:42: error: cannot find symbol
    public void visitFolder(@NonNull Context context, @NonNull ResourceFolderType folderType, @NonNull List<ResourceFile> files) {
                             ^
  symbol:   class NonNull
  location: class IconDetector
/eval/src/generated/java/com/android/tools/lint/checks/IconDetector.java:42: error: cannot find symbol
    public void visitFolder(@NonNull Context context, @NonNull ResourceFolderType folderType, @NonNull List<ResourceFile> files) {
                                                       ^
  symbol:   class NonNull
  location: class IconDetector
/eval/src/generated/java/com/android/tools/lint/checks/IconDetector.java:42: error: cannot find symbol
    public void visitFolder(@NonNull Context context, @NonNull ResourceFolderType folderType, @NonNull List<ResourceFile> files) {
                                                                                               ^
  symbol:   class NonNull
  location: class IconDetector
/eval/src/generated/java/com/android/tools/lint/checks/IconDetector.java:36: error: method does not override or implement a method from a supertype
    @Override
    ^
/eval/src/generated/java/com/android/tools/lint/checks/IconDetector.java:41: error: method does not override or implement a method from a supertype
    @Override
    ^
/eval/src/generated/java/com/android/tools/lint/checks/IconDetector.java:46: error: cannot find symbol
        for (ResourceFile resourceFile : files) {
             ^
  symbol:   class ResourceFile
  location: class IconDetector
/eval/src/generated/java/com/android/tools/lint/checks/IconDetector.java:66: error: incompatible types: Location cannot be converted to SourcePosition
                Location location = Location.create(pngFile, Location.create(ninePatchFile));
                                                                            ^
Note: Some messages have been simplified; recompile with -Xdiags:verbose to get full output
11 errors

FAILURE: Build failed with an exception.

* What went wrong:
Execution failed for task ':compileJava'.
> Compilation failed; see the compiler error output for details.

* Try:
> Run with --info option to get more log output.
> Run with --scan to get full insights.

BUILD FAILED in 4s
