/eval/src/generated/java/com/android/tools/lint/checks/AllowAllHostnameVerifierDetector.java:27: error: cannot find symbol
        implements Detector.SourceCodeScanner {
                           ^
  symbol:   class SourceCodeScanner
  location: class Detector
/eval/src/generated/java/com/android/tools/lint/checks/AllowAllHostnameVerifierDetector.java:46: error: method does not override or implement a method from a supertype
    @Override
    ^
/eval/src/generated/java/com/android/tools/lint/checks/AllowAllHostnameVerifierDetector.java:96: error: cannot find symbol
        UExpression expr = UastUtils.skipParentheses(expression);
                                    ^
  symbol:   method skipParentheses(UExpression)
  location: class UastUtils
/eval/src/generated/java/com/android/tools/lint/checks/AllowAllHostnameVerifierDetector.java:123: error: cannot find symbol
        UExpression expr = UastUtils.skipParentheses(expression);
                                    ^
  symbol:   method skipParentheses(UExpression)
  location: class UastUtils
4 errors

FAILURE: Build failed with an exception.

* What went wrong:
Execution failed for task ':compileJava'.
> Compilation failed; see the compiler error output for details.

* Try:
> Run with --info option to get more log output.
> Run with --scan to get full insights.

BUILD FAILED in 4s
