/eval/src/generated/java/com/android/tools/lint/checks/OnClickDetector.java:29: error: cannot find symbol
public class OnClickDetector extends LayoutDetector implements SourceCodeScanner {
                                     ^
  symbol: class LayoutDetector
/eval/src/generated/java/com/android/tools/lint/checks/OnClickDetector.java:29: error: OnClickDetector is not abstract and does not override abstract method analyzeCallGraph(Context,CallGraphResult) in SourceCodeScanner
public class OnClickDetector extends LayoutDetector implements SourceCodeScanner {
       ^
/eval/src/generated/java/com/android/tools/lint/checks/OnClickDetector.java:32: error: no suitable constructor found for Implementation(Class<OnClickDetector>,EnumSet<Scope>)
            new Implementation(OnClickDetector.class, EnumSet.of(Scope.JAVA_FILE, Scope.RESOURCE_FILE));
            ^
    constructor Implementation.Implementation(Class<? extends Detector>,EnumSet<Scope>) is not applicable
      (argument mismatch; Class<OnClickDetector> cannot be converted to Class<? extends Detector>)
    constructor Implementation.Implementation(Class<? extends Detector>,EnumSet<Scope>,EnumSet<Scope>...) is not applicable
      (argument mismatch; Class<OnClickDetector> cannot be converted to Class<? extends Detector>)
/eval/src/generated/java/com/android/tools/lint/checks/OnClickDetector.java:59: error: method does not override or implement a method from a supertype
    @Override
    ^
/eval/src/generated/java/com/android/tools/lint/checks/OnClickDetector.java:73: error: method does not override or implement a method from a supertype
    @Override
    ^
/eval/src/generated/java/com/android/tools/lint/checks/OnClickDetector.java:78: error: method does not override or implement a method from a supertype
    @Override
    ^
Note: /eval/src/generated/java/com/android/tools/lint/checks/OnClickDetector.java uses or overrides a deprecated API.
Note: Recompile with -Xlint:deprecation for details.
6 errors

FAILURE: Build failed with an exception.

* What went wrong:
Execution failed for task ':compileJava'.
> Compilation failed; see the compiler error output for details.

* Try:
> Run with --info option to get more log output.
> Run with --scan to get full insights.

BUILD FAILED in 5s
