/eval/src/generated/java/com/android/tools/lint/checks/JobSchedulerDetector.java:9: error: cannot find symbol
import com.android.tools.lint.detector.api.JavaEvaluator;
                                          ^
  symbol:   class JavaEvaluator
  location: package com.android.tools.lint.detector.api
/eval/src/generated/java/com/android/tools/lint/checks/JobSchedulerDetector.java:11: error: cannot find symbol
import com.android.tools.lint.detector.api.ProjectContext;
                                          ^
  symbol:   class ProjectContext
  location: package com.android.tools.lint.detector.api
/eval/src/generated/java/com/android/tools/lint/checks/JobSchedulerDetector.java:97: error: cannot find symbol
    public void afterCheckProject(ProjectContext context) {
                                  ^
  symbol:   class ProjectContext
  location: class JobSchedulerDetector
/eval/src/generated/java/com/android/tools/lint/checks/JobSchedulerDetector.java:63: error: cannot find symbol
            appPackage = context.getPackageName();
                                ^
  symbol:   method getPackageName()
  location: variable context of type XmlContext
/eval/src/generated/java/com/android/tools/lint/checks/JobSchedulerDetector.java:69: error: cannot find symbol
        JavaEvaluator evaluator = context.evaluator;
        ^
  symbol:   class JavaEvaluator
  location: class JobSchedulerDetector
/eval/src/generated/java/com/android/tools/lint/checks/JobSchedulerDetector.java:69: error: cannot find symbol
        JavaEvaluator evaluator = context.evaluator;
                                         ^
  symbol:   variable evaluator
  location: variable context of type XmlContext
/eval/src/generated/java/com/android/tools/lint/checks/JobSchedulerDetector.java:87: error: cannot find symbol
        JavaEvaluator evaluator = context.evaluator;
        ^
  symbol:   class JavaEvaluator
  location: class JobSchedulerDetector
/eval/src/generated/java/com/android/tools/lint/checks/JobSchedulerDetector.java:87: error: cannot find symbol
        JavaEvaluator evaluator = context.evaluator;
                                         ^
  symbol:   variable evaluator
  location: variable context of type JavaContext
/eval/src/generated/java/com/android/tools/lint/checks/JobSchedulerDetector.java:91: error: reference to getLocation is ambiguous
                jobServiceClasses.put(fqcn, context.getLocation(node));
                                                   ^
  both method getLocation(PsiElement) in JavaContext and method getLocation(UElement) in JavaContext match
Note: /eval/src/generated/java/com/android/tools/lint/checks/JobSchedulerDetector.java uses or overrides a deprecated API.
Note: Recompile with -Xlint:deprecation for details.
9 errors

FAILURE: Build failed with an exception.

* What went wrong:
Execution failed for task ':compileJava'.
> Compilation failed; see the compiler error output for details.

* Try:
> Run with --info option to get more log output.
> Run with --scan to get full insights.

BUILD FAILED in 4s
