e: file:///eval/src/generated/kotlin/com/android/tools/lint/checks/ReturnThisDetector.kt:7:40 Unresolved reference: UastScanner
e: file:///eval/src/generated/kotlin/com/android/tools/lint/checks/ReturnThisDetector.kt:10:59 Unresolved reference: UElementHandler
e: file:///eval/src/generated/kotlin/com/android/tools/lint/checks/ReturnThisDetector.kt:11:25 Unresolved reference: UElementHandler
e: file:///eval/src/generated/kotlin/com/android/tools/lint/checks/ReturnThisDetector.kt:12:13 'visitMethod' overrides nothing
e: file:///eval/src/generated/kotlin/com/android/tools/lint/checks/ReturnThisDetector.kt:13:60 Type mismatch: inferred type is String but JvmModifier was expected
e: file:///eval/src/generated/kotlin/com/android/tools/lint/checks/ReturnThisDetector.kt:15:55 Overload resolution ambiguity: 
public abstract fun getAllAnnotations(owner: PsiModifierListOwner, inHierarchy: Boolean): Array<PsiAnnotation> defined in com.android.tools.lint.client.api.JavaEvaluator
public abstract fun getAllAnnotations(owner: UAnnotated, inHierarchy: Boolean = ...): List<UAnnotation> defined in com.android.tools.lint.client.api.JavaEvaluator
e: file:///eval/src/generated/kotlin/com/android/tools/lint/checks/ReturnThisDetector.kt:15:91 Cannot infer a type for this parameter. Please specify it explicitly.

FAILURE: Build failed with an exception.

* What went wrong:
Execution failed for task ':compileKotlin'.
> A failure occurred while executing org.jetbrains.kotlin.compilerRunner.GradleCompilerRunnerWithWorkers$GradleKotlinCompilerWorkAction
   > Compilation error. See log for more details

* Try:
> Run with --stacktrace option to get the stack trace.
> Run with --info or --debug option to get more log output.
> Run with --scan to get full insights.
> Get more help at https://help.gradle.org.

BUILD FAILED in 7s
