/eval/src/generated/java/com/android/tools/lint/checks/DuplicateIdDetector.java:48: error: constructor Implementation in class Implementation cannot be applied to given types;
                    new Implementation(
                    ^
  required: Class<? extends Detector>,EnumSet<Scope>,EnumSet<Scope>[]
  found:    Class<DuplicateIdDetector>,EnumSet<Scope>,Scope
  reason: varargs mismatch; Scope cannot be converted to EnumSet<Scope>
/eval/src/generated/java/com/android/tools/lint/checks/DuplicateIdDetector.java:75: error: method does not override or implement a method from a supertype
    @Override
    ^
/eval/src/generated/java/com/android/tools/lint/checks/DuplicateIdDetector.java:82: error: method does not override or implement a method from a supertype
    @Override
    ^
/eval/src/generated/java/com/android/tools/lint/checks/DuplicateIdDetector.java:251: error: method does not override or implement a method from a supertype
    @Override
    ^
/eval/src/generated/java/com/android/tools/lint/checks/DuplicateIdDetector.java:253: error: cannot find symbol
        return super.compareTo(other);
                    ^
  symbol: method compareTo(Detector)
Note: /eval/src/generated/java/com/android/tools/lint/checks/DuplicateIdDetector.java uses or overrides a deprecated API.
Note: Recompile with -Xlint:deprecation for details.
Note: Some messages have been simplified; recompile with -Xdiags:verbose to get full output
5 errors

FAILURE: Build failed with an exception.

* What went wrong:
Execution failed for task ':compileJava'.
> Compilation failed; see the compiler error output for details.

* Try:
> Run with --info option to get more log output.
> Run with --scan to get full insights.

BUILD FAILED in 4s
