/eval/src/generated/java/com/android/tools/lint/checks/AndroidAutoDetector.java:67: error: cannot find symbol
        return folderType == ResourceFolderType.MANIFEST;
                                               ^
  symbol:   variable MANIFEST
  location: class ResourceFolderType
/eval/src/generated/java/com/android/tools/lint/checks/AndroidAutoDetector.java:106: error: reference to getLocation is ambiguous
            mMediaBrowserServices.put(fqn, context.getLocation(declaration));
                                                  ^
  both method getLocation(PsiElement) in JavaContext and method getLocation(UElement) in JavaContext match
/eval/src/generated/java/com/android/tools/lint/checks/AndroidAutoDetector.java:110: error: method does not override or implement a method from a supertype
    @Override
    ^
/eval/src/generated/java/com/android/tools/lint/checks/AndroidAutoDetector.java:121: error: incompatible types: String cannot be converted to LintFix
                    entry.getKey());
                                ^
/eval/src/generated/java/com/android/tools/lint/checks/AndroidAutoDetector.java:128: error: cannot find symbol
            return context.getPackageName() + name;
                          ^
  symbol:   method getPackageName()
  location: variable context of type XmlContext
/eval/src/generated/java/com/android/tools/lint/checks/AndroidAutoDetector.java:130: error: cannot find symbol
            return context.getPackageName() + "." + name;
                          ^
  symbol:   method getPackageName()
  location: variable context of type XmlContext
Note: Some messages have been simplified; recompile with -Xdiags:verbose to get full output
6 errors

FAILURE: Build failed with an exception.

* What went wrong:
Execution failed for task ':compileJava'.
> Compilation failed; see the compiler error output for details.

* Try:
> Run with --info option to get more log output.
> Run with --scan to get full insights.

BUILD FAILED in 4s
