/eval/src/generated/java/com/android/tools/lint/checks/WearStandaloneAppDetector.java:7: error: cannot find symbol
import static com.android.SdkConstants.TAG_METADATA;
^
  symbol:   static TAG_METADATA
  location: class SdkConstants
/eval/src/generated/java/com/android/tools/lint/checks/WearStandaloneAppDetector.java:57: error: cannot find symbol
        return Arrays.asList(TAG_APPLICATION, TAG_METADATA, NODE_USES_FEATURE);
                                              ^
  symbol:   variable TAG_METADATA
  location: class WearStandaloneAppDetector
/eval/src/generated/java/com/android/tools/lint/checks/WearStandaloneAppDetector.java:65: error: cannot find symbol
        } else if (TAG_METADATA.equals(tag)
                   ^
  symbol:   variable TAG_METADATA
  location: class WearStandaloneAppDetector
3 errors

FAILURE: Build failed with an exception.

* What went wrong:
Execution failed for task ':compileJava'.
> Compilation failed; see the compiler error output for details.

* Try:
> Run with --info option to get more log output.
> Run with --scan to get full insights.

BUILD FAILED in 4s
