/eval/src/generated/java/com/android/tools/lint/checks/RequiredAttributeDetector.java:63: error: cannot find symbol
        return tag.equals(SdkConstants.TAG_MERGE) ||
                                      ^
  symbol:   variable TAG_MERGE
  location: class SdkConstants
/eval/src/generated/java/com/android/tools/lint/checks/RequiredAttributeDetector.java:66: error: cannot find symbol
               tag.equals(SdkConstants.TAG_REQUEST_FOCUS) ||
                                      ^
  symbol:   variable TAG_REQUEST_FOCUS
  location: class SdkConstants
/eval/src/generated/java/com/android/tools/lint/checks/RequiredAttributeDetector.java:67: error: cannot find symbol
               tag.equals(SdkConstants.TAG_TAG) ||
                                      ^
  symbol:   variable TAG_TAG
  location: class SdkConstants
3 errors

FAILURE: Build failed with an exception.

* What went wrong:
Execution failed for task ':compileJava'.
> Compilation failed; see the compiler error output for details.

* Try:
> Run with --info option to get more log output.
> Run with --scan to get full insights.

BUILD FAILED in 4s
