/eval/src/generated/java/com/android/tools/lint/checks/VectorDetector.java:73: error: package com.android.builder.model does not exist
            com.android.builder.model.AndroidProject model = context.getProject().getGradleProjectModel();
                                     ^
/eval/src/generated/java/com/android/tools/lint/checks/VectorDetector.java:73: error: cannot find symbol
            com.android.builder.model.AndroidProject model = context.getProject().getGradleProjectModel();
                                                                                 ^
  symbol:   method getGradleProjectModel()
  location: class Project
/eval/src/generated/java/com/android/tools/lint/checks/VectorDetector.java:75: error: package com.android.builder.model does not exist
                com.android.builder.model.Variant variant = context.getProject().getCurrentVariant();
                                         ^
/eval/src/generated/java/com/android/tools/lint/checks/VectorDetector.java:75: error: cannot find symbol
                com.android.builder.model.Variant variant = context.getProject().getCurrentVariant();
                                                                                ^
  symbol:   method getCurrentVariant()
  location: class Project
/eval/src/generated/java/com/android/tools/lint/checks/VectorDetector.java:77: error: package com.android.builder.model does not exist
                    com.android.builder.model.VectorDrawablesOptions options = variant.getMergedFlavor().getVectorDrawables();
                                             ^
5 errors

FAILURE: Build failed with an exception.

* What went wrong:
Execution failed for task ':compileJava'.
> Compilation failed; see the compiler error output for details.

* Try:
> Run with --info option to get more log output.
> Run with --scan to get full insights.

BUILD FAILED in 7s
