/eval/src/generated/java/com/android/tools/lint/checks/HandlerDetector.java:15: error: cannot find symbol
import org.jetbrains.uast.JvmModifier;
                         ^
  symbol:   class JvmModifier
  location: package org.jetbrains.uast
/eval/src/generated/java/com/android/tools/lint/checks/HandlerDetector.java:53: error: cannot find symbol
        if (declaration.isAnonymous() || declaration.isLocal()) {
                       ^
  symbol:   method isAnonymous()
  location: variable declaration of type UClass
/eval/src/generated/java/com/android/tools/lint/checks/HandlerDetector.java:53: error: cannot find symbol
        if (declaration.isAnonymous() || declaration.isLocal()) {
                                                    ^
  symbol:   method isLocal()
  location: variable declaration of type UClass
/eval/src/generated/java/com/android/tools/lint/checks/HandlerDetector.java:57: error: incompatible types: PsiClass cannot be converted to UClass
        UClass containingClass = declaration.getContainingClass();
                                                               ^
/eval/src/generated/java/com/android/tools/lint/checks/HandlerDetector.java:62: error: cannot find symbol
        if (declaration.hasModifier(JvmModifier.STATIC)) {
                                    ^
  symbol:   variable JvmModifier
  location: class HandlerDetector
/eval/src/generated/java/com/android/tools/lint/checks/HandlerDetector.java:66: error: no suitable method found for report(Issue,UClass,Location,String,String)
        context.report(
               ^
    method JavaContext.report(Issue,PsiElement,Location,String,LintFix) is not applicable
      (argument mismatch; String cannot be converted to LintFix)
    method JavaContext.report(Issue,UElement,Location,String,LintFix) is not applicable
      (argument mismatch; String cannot be converted to LintFix)
    method JavaContext.report(Issue,UClass,Location,String,LintFix) is not applicable
      (argument mismatch; String cannot be converted to LintFix)
    method JavaContext.report(Issue,UMethod,Location,String,LintFix) is not applicable
      (argument mismatch; UClass cannot be converted to UMethod)
    method JavaContext.report(Issue,UField,Location,String,LintFix) is not applicable
      (argument mismatch; UClass cannot be converted to UField)
Note: Some messages have been simplified; recompile with -Xdiags:verbose to get full output
6 errors

FAILURE: Build failed with an exception.

* What went wrong:
Execution failed for task ':compileJava'.
> Compilation failed; see the compiler error output for details.

* Try:
> Run with --info option to get more log output.
> Run with --scan to get full insights.

BUILD FAILED in 4s
