/eval/src/generated/java/com/android/tools/lint/checks/IconDetector.java:21: error: method create in class Issue cannot be applied to given types;
    public static final Issue ISSUE = Issue.create(
                                           ^
  required: String,String,String,Category,int,Severity,Implementation
  found:    String,String,String,Category,Severity,Implementation
  reason: actual and formal argument lists differ in length
/eval/src/generated/java/com/android/tools/lint/checks/IconDetector.java:39: error: method does not override or implement a method from a supertype
    @Override
    ^
Note: /eval/src/generated/java/com/android/tools/lint/checks/IconDetector.java uses or overrides a deprecated API.
Note: Recompile with -Xlint:deprecation for details.
2 errors

FAILURE: Build failed with an exception.

* What went wrong:
Execution failed for task ':compileJava'.
> Compilation failed; see the compiler error output for details.

* Try:
> Run with --info option to get more log output.
> Run with --scan to get full insights.

BUILD FAILED in 5s
