/eval/src/generated/java/com/android/tools/lint/checks/AlwaysShowActionDetector.java:8: error: cannot find symbol
import com.android.tools.lint.detector.api.Detector.SourceCodeScanner;
                                                   ^
  symbol:   class SourceCodeScanner
  location: class Detector
/eval/src/generated/java/com/android/tools/lint/checks/AlwaysShowActionDetector.java:31: error: cannot find symbol
public class AlwaysShowActionDetector extends Detector implements XmlScanner, SourceCodeScanner {
                                                                              ^
  symbol: class SourceCodeScanner
/eval/src/generated/java/com/android/tools/lint/checks/AlwaysShowActionDetector.java:142: error: method does not override or implement a method from a supertype
    @Override
    ^
Note: /eval/src/generated/java/com/android/tools/lint/checks/AlwaysShowActionDetector.java uses or overrides a deprecated API.
Note: Recompile with -Xlint:deprecation for details.
3 errors

FAILURE: Build failed with an exception.

* What went wrong:
Execution failed for task ':compileJava'.
> Compilation failed; see the compiler error output for details.

* Try:
> Run with --info option to get more log output.
> Run with --scan to get full insights.

BUILD FAILED in 6s
