/eval/src/generated/java/com/android/tools/lint/checks/AndroidTvDetector.java:10: error: cannot find symbol
import com.android.tools.lint.detector.api.SdkConstants;
                                          ^
  symbol:   class SdkConstants
  location: package com.android.tools.lint.detector.api
/eval/src/generated/java/com/android/tools/lint/checks/AndroidTvDetector.java:100: error: cannot find symbol
            String name = feature.getAttributeNS(SdkConstants.ANDROID_URI, "name");
                                                 ^
  symbol:   variable SdkConstants
  location: class AndroidTvDetector
/eval/src/generated/java/com/android/tools/lint/checks/AndroidTvDetector.java:102: error: cannot find symbol
                    && "false".equals(feature.getAttributeNS(SdkConstants.ANDROID_URI, "required"))) {
                                                             ^
  symbol:   variable SdkConstants
  location: class AndroidTvDetector
/eval/src/generated/java/com/android/tools/lint/checks/AndroidTvDetector.java:108: error: cannot find symbol
            String name = permission.getAttributeNS(SdkConstants.ANDROID_URI, "name");
                                                    ^
  symbol:   variable SdkConstants
  location: class AndroidTvDetector
4 errors

FAILURE: Build failed with an exception.

* What went wrong:
Execution failed for task ':compileJava'.
> Compilation failed; see the compiler error output for details.

* Try:
> Run with --info option to get more log output.
> Run with --scan to get full insights.

BUILD FAILED in 4s
