/eval/src/generated/java/com/android/tools/lint/checks/StateListDetector.java:19: error: cannot find symbol
public class StateListDetector extends ResourceXmlDetector {
                                       ^
  symbol: class ResourceXmlDetector
/eval/src/generated/java/com/android/tools/lint/checks/StateListDetector.java:22: error: no suitable constructor found for Implementation(Class<StateListDetector>,EnumSet<Scope>)
            new Implementation(StateListDetector.class, Scope.RESOURCE_FILE_SCOPE);
            ^
    constructor Implementation.Implementation(Class<? extends Detector>,EnumSet<Scope>) is not applicable
      (argument mismatch; Class<StateListDetector> cannot be converted to Class<? extends Detector>)
    constructor Implementation.Implementation(Class<? extends Detector>,EnumSet<Scope>,EnumSet<Scope>...) is not applicable
      (argument mismatch; Class<StateListDetector> cannot be converted to Class<? extends Detector>)
/eval/src/generated/java/com/android/tools/lint/checks/StateListDetector.java:36: error: method does not override or implement a method from a supertype
    @Override
    ^
/eval/src/generated/java/com/android/tools/lint/checks/StateListDetector.java:41: error: method does not override or implement a method from a supertype
    @Override
    ^
/eval/src/generated/java/com/android/tools/lint/checks/StateListDetector.java:91: error: incompatible types: NamedNodeMap cannot be converted to NodeList
        NodeList attributes = item.getAttributes();
                                                ^
5 errors

FAILURE: Build failed with an exception.

* What went wrong:
Execution failed for task ':compileJava'.
> Compilation failed; see the compiler error output for details.

* Try:
> Run with --info option to get more log output.
> Run with --scan to get full insights.

BUILD FAILED in 4s
