/eval/src/generated/java/com/android/tools/lint/checks/AllowAllHostnameVerifierDetector.java:13: error: cannot find symbol
import org.jetbrains.annotations.NonNull;
                                ^
  symbol:   class NonNull
  location: package org.jetbrains.annotations
/eval/src/generated/java/com/android/tools/lint/checks/AllowAllHostnameVerifierDetector.java:58: error: cannot find symbol
    public UElementHandler createUastHandler(@NonNull JavaContext context) {
                                              ^
  symbol:   class NonNull
  location: class AllowAllHostnameVerifierDetector
/eval/src/generated/java/com/android/tools/lint/checks/AllowAllHostnameVerifierDetector.java:102: error: cannot find symbol
    private static boolean alwaysReturnsTrue(@NonNull UExpression body) {
                                              ^
  symbol:   class NonNull
  location: class AllowAllHostnameVerifierDetector
/eval/src/generated/java/com/android/tools/lint/checks/AllowAllHostnameVerifierDetector.java:136: error: cannot find symbol
    private static boolean isTrueLiteral(@NonNull UExpression expression) {
                                          ^
  symbol:   class NonNull
  location: class AllowAllHostnameVerifierDetector
/eval/src/generated/java/com/android/tools/lint/checks/AllowAllHostnameVerifierDetector.java:61: error: cannot find symbol
            public void visitClass(@NonNull UClass node) {
                                    ^
  symbol: class NonNull
/eval/src/generated/java/com/android/tools/lint/checks/AllowAllHostnameVerifierDetector.java:85: error: cannot find symbol
            public void visitLambdaExpression(@NonNull ULambdaExpression node) {
                                               ^
  symbol: class NonNull
/eval/src/generated/java/com/android/tools/lint/checks/AllowAllHostnameVerifierDetector.java:110: error: cannot find symbol
            public boolean visitReturnExpression(@NonNull UReturnExpression node) {
                                                  ^
  symbol: class NonNull
7 errors

FAILURE: Build failed with an exception.

* What went wrong:
Execution failed for task ':compileJava'.
> Compilation failed; see the compiler error output for details.

* Try:
> Run with --info option to get more log output.
> Run with --scan to get full insights.

BUILD FAILED in 6s
