/eval/src/generated/java/com/android/tools/lint/checks/IconDetector.java:53: error: method does not override or implement a method from a supertype
    @Override
    ^
/eval/src/generated/java/com/android/tools/lint/checks/IconDetector.java:73: error: type argument Density is not within bounds of type-variable E
        Map<String, EnumSet<Density>> densitiesByBaseName = new HashMap<>();
                            ^
  where E is a type-variable:
    E extends Enum<E> declared in class EnumSet
/eval/src/generated/java/com/android/tools/lint/checks/IconDetector.java:87: error: cannot find symbol
                    || density == Density.TVDPI) {
                                         ^
  symbol:   variable TVDPI
  location: class Density
/eval/src/generated/java/com/android/tools/lint/checks/IconDetector.java:112: error: method noneOf in class EnumSet<E#2> cannot be applied to given types;
                        .computeIfAbsent(baseName, k -> EnumSet.noneOf(Density.class))
                                                               ^
  required: Class<E#1>
  found:    Class<Density>
  reason: inference variable E#1 has incompatible bounds
    equality constraints: Density
    lower bounds: Enum<E#1>
  where E#1,E#2 are type-variables:
    E#1 extends Enum<E#1> declared in method <E#1>noneOf(Class<E#1>)
    E#2 extends Enum<E#2> declared in class EnumSet
/eval/src/generated/java/com/android/tools/lint/checks/IconDetector.java:118: error: type argument Density is not within bounds of type-variable E
        EnumSet<Density> required = EnumSet.of(Density.MEDIUM, Density.HIGH, Density.XHIGH);
                ^
  where E is a type-variable:
    E extends Enum<E> declared in class EnumSet
/eval/src/generated/java/com/android/tools/lint/checks/IconDetector.java:118: error: no suitable method found for of(Density,Density,Density)
        EnumSet<Density> required = EnumSet.of(Density.MEDIUM, Density.HIGH, Density.XHIGH);
                                           ^
    method EnumSet.<E#1>of(E#1) is not applicable
      (cannot infer type-variable(s) E#1
        (actual and formal argument lists differ in length))
    method EnumSet.<E#2>of(E#2,E#2) is not applicable
      (cannot infer type-variable(s) E#2
        (actual and formal argument lists differ in length))
    method EnumSet.<E#3>of(E#3,E#3,E#3) is not applicable
      (inference variable E#3 has incompatible bounds
        lower bounds: Enum<E#3>
        lower bounds: Density)
    method EnumSet.<E#4>of(E#4,E#4,E#4,E#4) is not applicable
      (cannot infer type-variable(s) E#4
        (actual and formal argument lists differ in length))
    method EnumSet.<E#5>of(E#5,E#5,E#5,E#5,E#5) is not applicable
      (cannot infer type-variable(s) E#5
        (actual and formal argument lists differ in length))
    method EnumSet.<E#6>of(E#6,E#6...) is not applicable
      (inference variable E#6 has incompatible bounds
        lower bounds: Enum<E#6>
        lower bounds: Density)
  where E#1,E#2,E#3,E#4,E#5,E#6 are type-variables:
    E#1 extends Enum<E#1> declared in method <E#1>of(E#1)
    E#2 extends Enum<E#2> declared in method <E#2>of(E#2,E#2)
    E#3 extends Enum<E#3> declared in method <E#3>of(E#3,E#3,E#3)
    E#4 extends Enum<E#4> declared in method <E#4>of(E#4,E#4,E#4,E#4)
    E#5 extends Enum<E#5> declared in method <E#5>of(E#5,E#5,E#5,E#5,E#5)
    E#6 extends Enum<E#6> declared in method <E#6>of(E#6,E#6...)
/eval/src/generated/java/com/android/tools/lint/checks/IconDetector.java:123: error: type argument Density is not within bounds of type-variable E
        for (Map.Entry<String, EnumSet<Density>> entry : densitiesByBaseName.entrySet()) {
                                       ^
  where E is a type-variable:
    E extends Enum<E> declared in class EnumSet
/eval/src/generated/java/com/android/tools/lint/checks/IconDetector.java:125: error: type argument Density is not within bounds of type-variable E
            EnumSet<Density> present = entry.getValue();
                    ^
  where E is a type-variable:
    E extends Enum<E> declared in class EnumSet
/eval/src/generated/java/com/android/tools/lint/checks/IconDetector.java:130: error: type argument Density is not within bounds of type-variable E
            EnumSet<Density> missing = EnumSet.copyOf(required);
                    ^
  where E is a type-variable:
    E extends Enum<E> declared in class EnumSet
/eval/src/generated/java/com/android/tools/lint/checks/IconDetector.java:130: error: no suitable method found for copyOf(EnumSet<Density>)
            EnumSet<Density> missing = EnumSet.copyOf(required);
                                              ^
    method EnumSet.<E#1>copyOf(EnumSet<E#1>) is not applicable
      (inference variable E#1 has incompatible bounds
        equality constraints: Density
        lower bounds: Enum<E#1>)
    method EnumSet.<E#2>copyOf(Collection<E#2>) is not applicable
      (inference variable E#2 has incompatible bounds
        equality constraints: Density
        lower bounds: Enum<E#2>)
  where E#1,E#2 are type-variables:
    E#1 extends Enum<E#1> declared in method <E#1>copyOf(EnumSet<E#1>)
    E#2 extends Enum<E#2> declared in method <E#2>copyOf(Collection<E#2>)
10 errors

FAILURE: Build failed with an exception.

* What went wrong:
Execution failed for task ':compileJava'.
> Compilation failed; see the compiler error output for details.

* Try:
> Run with --info option to get more log output.
> Run with --scan to get full insights.

BUILD FAILED in 5s
