/eval/src/generated/java/com/android/tools/lint/checks/HandlerDetector.java:48: error: incompatible types: PsiClass cannot be converted to UClass
        UClass containingClass = declaration.getContainingClass();
                                                               ^
/eval/src/generated/java/com/android/tools/lint/checks/HandlerDetector.java:50: error: cannot find symbol
                && !declaration.isAnonymous()
                               ^
  symbol:   method isAnonymous()
  location: variable declaration of type UClass
/eval/src/generated/java/com/android/tools/lint/checks/HandlerDetector.java:51: error: incompatible types: String cannot be converted to JvmModifier
                && !declaration.hasModifier(PsiModifier.STATIC)) {
                                                       ^
Note: Some messages have been simplified; recompile with -Xdiags:verbose to get full output
3 errors

FAILURE: Build failed with an exception.

* What went wrong:
Execution failed for task ':compileJava'.
> Compilation failed; see the compiler error output for details.

* Try:
> Run with --info option to get more log output.
> Run with --scan to get full insights.

BUILD FAILED in 5s
