e: file:///eval/src/generated/kotlin/com/android/tools/lint/checks/AppBundleLocaleChangesDetector.kt:137:33 Function invocation 'map()' expected
e: file:///eval/src/generated/kotlin/com/android/tools/lint/checks/AppBundleLocaleChangesDetector.kt:138:28 Type mismatch: inferred type is Boolean? but Boolean was expected
e: file:///eval/src/generated/kotlin/com/android/tools/lint/checks/AppBundleLocaleChangesDetector.kt:139:13 Only safe (?.) or non-null asserted (!!.) calls are allowed on a nullable receiver of type Boolean?
e: file:///eval/src/generated/kotlin/com/android/tools/lint/checks/AppBundleLocaleChangesDetector.kt:140:13 Only safe (?.) or non-null asserted (!!.) calls are allowed on a nullable receiver of type Boolean?
e: file:///eval/src/generated/kotlin/com/android/tools/lint/checks/AppBundleLocaleChangesDetector.kt:141:13 Unresolved reference: putBoolean
e: file:///eval/src/generated/kotlin/com/android/tools/lint/checks/AppBundleLocaleChangesDetector.kt:145:52 Function invocation 'map()' expected
e: file:///eval/src/generated/kotlin/com/android/tools/lint/checks/AppBundleLocaleChangesDetector.kt:146:13 Only safe (?.) or non-null asserted (!!.) calls are allowed on a nullable receiver of type Boolean?
e: file:///eval/src/generated/kotlin/com/android/tools/lint/checks/AppBundleLocaleChangesDetector.kt:155:32 Unresolved reference: getRangeLocation
e: file:///eval/src/generated/kotlin/com/android/tools/lint/checks/AppBundleLocaleChangesDetector.kt:166:33 Function invocation 'map()' expected
e: file:///eval/src/generated/kotlin/com/android/tools/lint/checks/AppBundleLocaleChangesDetector.kt:167:13 Only safe (?.) or non-null asserted (!!.) calls are allowed on a nullable receiver of type Boolean?
e: file:///eval/src/generated/kotlin/com/android/tools/lint/checks/AppBundleLocaleChangesDetector.kt:168:17 Unresolved reference: putBoolean
e: file:///eval/src/generated/kotlin/com/android/tools/lint/checks/AppBundleLocaleChangesDetector.kt:170:17 Unresolved reference: putString
e: file:///eval/src/generated/kotlin/com/android/tools/lint/checks/AppBundleLocaleChangesDetector.kt:171:17 Unresolved reference: putInt
e: file:///eval/src/generated/kotlin/com/android/tools/lint/checks/AppBundleLocaleChangesDetector.kt:176:42 Function invocation 'map()' expected
e: file:///eval/src/generated/kotlin/com/android/tools/lint/checks/AppBundleLocaleChangesDetector.kt:176:46 Unresolved reference: putBoolean
e: file:///eval/src/generated/kotlin/com/android/tools/lint/checks/AppBundleLocaleChangesDetector.kt:180:42 Function invocation 'map()' expected
e: file:///eval/src/generated/kotlin/com/android/tools/lint/checks/AppBundleLocaleChangesDetector.kt:180:46 Unresolved reference: putBoolean
e: file:///eval/src/generated/kotlin/com/android/tools/lint/checks/AppBundleLocaleChangesDetector.kt:208:17 Type mismatch: inferred type is EnumSet<Scope>! but Scope! was expected
e: file:///eval/src/generated/kotlin/com/android/tools/lint/checks/AppBundleLocaleChangesDetector.kt:208:17 Type mismatch: inferred type is EnumSet<Scope>! but Enum<Scope!>! was expected
e: file:///eval/src/generated/kotlin/com/android/tools/lint/checks/AppBundleLocaleChangesDetector.kt:208:28 Type mismatch: inferred type is EnumSet<Scope>! but Enum<TypeVariable(E)!>! was expected

FAILURE: Build failed with an exception.

* What went wrong:
Execution failed for task ':compileKotlin'.
> A failure occurred while executing org.jetbrains.kotlin.compilerRunner.GradleCompilerRunnerWithWorkers$GradleKotlinCompilerWorkAction
   > Compilation error. See log for more details

* Try:
> Run with --stacktrace option to get the stack trace.
> Run with --info or --debug option to get more log output.
> Run with --scan to get full insights.
> Get more help at https://help.gradle.org.

BUILD FAILED in 4s
