/eval/src/generated/java/com/android/tools/lint/checks/AndroidAutoDetector.java:58: error: cannot find symbol
        return folderType == com.android.resources.ResourceFolderType.MANIFEST;
                                                                     ^
  symbol:   variable MANIFEST
  location: class ResourceFolderType
/eval/src/generated/java/com/android/tools/lint/checks/AndroidAutoDetector.java:90: error: cannot find symbol
            if (!com.android.xml.AndroidManifest.NODE_INTENT_FILTER.equals(child.getNodeName())) {
                                                ^
  symbol:   variable NODE_INTENT_FILTER
  location: class AndroidManifest
/eval/src/generated/java/com/android/tools/lint/checks/AndroidAutoDetector.java:131: error: reference to getLocation is ambiguous
            mMediaBrowserServiceLocations.put(name, context.getLocation(declaration));
                                                           ^
  both method getLocation(PsiElement) in JavaContext and method getLocation(UElement) in JavaContext match
/eval/src/generated/java/com/android/tools/lint/checks/AndroidAutoDetector.java:136: error: method does not override or implement a method from a supertype
    @Override
    ^
/eval/src/generated/java/com/android/tools/lint/checks/AndroidAutoDetector.java:158: error: incompatible types: UClass cannot be converted to Location
                    service,
                    ^
Note: Some messages have been simplified; recompile with -Xdiags:verbose to get full output
5 errors

FAILURE: Build failed with an exception.

* What went wrong:
Execution failed for task ':compileJava'.
> Compilation failed; see the compiler error output for details.

* Try:
> Run with --info option to get more log output.
> Run with --scan to get full insights.

BUILD FAILED in 3s
