/eval/src/generated/java/com/android/tools/lint/checks/AccessibilityDetector.java:7: error: cannot find symbol
import static com.android.SdkConstants.TAG_EDIT_TEXT;
^
  symbol:   static TAG_EDIT_TEXT
  location: class SdkConstants
/eval/src/generated/java/com/android/tools/lint/checks/AccessibilityDetector.java:8: error: cannot find symbol
import static com.android.SdkConstants.TAG_IMAGE_BUTTON;
^
  symbol:   static TAG_IMAGE_BUTTON
  location: class SdkConstants
/eval/src/generated/java/com/android/tools/lint/checks/AccessibilityDetector.java:9: error: cannot find symbol
import static com.android.SdkConstants.TAG_IMAGE_VIEW;
^
  symbol:   static TAG_IMAGE_VIEW
  location: class SdkConstants
/eval/src/generated/java/com/android/tools/lint/checks/AccessibilityDetector.java:52: error: cannot find symbol
        return Arrays.asList(TAG_IMAGE_VIEW, TAG_IMAGE_BUTTON, TAG_EDIT_TEXT);
                             ^
  symbol:   variable TAG_IMAGE_VIEW
  location: class AccessibilityDetector
/eval/src/generated/java/com/android/tools/lint/checks/AccessibilityDetector.java:52: error: cannot find symbol
        return Arrays.asList(TAG_IMAGE_VIEW, TAG_IMAGE_BUTTON, TAG_EDIT_TEXT);
                                             ^
  symbol:   variable TAG_IMAGE_BUTTON
  location: class AccessibilityDetector
/eval/src/generated/java/com/android/tools/lint/checks/AccessibilityDetector.java:52: error: cannot find symbol
        return Arrays.asList(TAG_IMAGE_VIEW, TAG_IMAGE_BUTTON, TAG_EDIT_TEXT);
                                                               ^
  symbol:   variable TAG_EDIT_TEXT
  location: class AccessibilityDetector
/eval/src/generated/java/com/android/tools/lint/checks/AccessibilityDetector.java:64: error: cannot find symbol
        if (!TAG_IMAGE_VIEW.equals(tag) && !TAG_IMAGE_BUTTON.equals(tag)) {
             ^
  symbol:   variable TAG_IMAGE_VIEW
  location: class AccessibilityDetector
/eval/src/generated/java/com/android/tools/lint/checks/AccessibilityDetector.java:64: error: cannot find symbol
        if (!TAG_IMAGE_VIEW.equals(tag) && !TAG_IMAGE_BUTTON.equals(tag)) {
                                            ^
  symbol:   variable TAG_IMAGE_BUTTON
  location: class AccessibilityDetector
/eval/src/generated/java/com/android/tools/lint/checks/AccessibilityDetector.java:68: error: method hasAttribute in interface Element cannot be applied to given types;
        if (element.hasAttribute(ANDROID_URI, ATTR_CONTENT_DESCRIPTION)) {
                   ^
  required: String
  found:    String,String
  reason: actual and formal argument lists differ in length
/eval/src/generated/java/com/android/tools/lint/checks/AccessibilityDetector.java:96: error: cannot find symbol
        if (!TAG_EDIT_TEXT.equals(tag)) {
             ^
  symbol:   variable TAG_EDIT_TEXT
  location: class AccessibilityDetector
/eval/src/generated/java/com/android/tools/lint/checks/AccessibilityDetector.java:105: error: method hasAttribute in interface Element cannot be applied to given types;
                && owner.hasAttribute(ANDROID_URI, ATTR_CONTENT_DESCRIPTION)) {
                        ^
  required: String
  found:    String,String
  reason: actual and formal argument lists differ in length
/eval/src/generated/java/com/android/tools/lint/checks/AccessibilityDetector.java:108: error: method hasAttribute in interface Element cannot be applied to given types;
                && owner.hasAttribute(ANDROID_URI, ATTR_HINT)) {
                        ^
  required: String
  found:    String,String
  reason: actual and formal argument lists differ in length
12 errors

FAILURE: Build failed with an exception.

* What went wrong:
Execution failed for task ':compileJava'.
> Compilation failed; see the compiler error output for details.

* Try:
> Run with --info option to get more log output.
> Run with --scan to get full insights.

BUILD FAILED in 3s
