/eval/src/generated/java/com/android/tools/lint/checks/AndroidAutoDetector.java:118: error: cannot find symbol
        if (declaration.isAbstract()) {
                       ^
  symbol:   method isAbstract()
  location: variable declaration of type UClass
/eval/src/generated/java/com/android/tools/lint/checks/AndroidAutoDetector.java:137: error: reference to getLocation is ambiguous
                    info.context.getLocation(info.declaration),
                                ^
  both method getLocation(PsiElement) in JavaContext and method getLocation(UElement) in JavaContext match
Note: /eval/src/generated/java/com/android/tools/lint/checks/AndroidAutoDetector.java uses or overrides a deprecated API.
Note: Recompile with -Xlint:deprecation for details.
2 errors

FAILURE: Build failed with an exception.

* What went wrong:
Execution failed for task ':compileJava'.
> Compilation failed; see the compiler error output for details.

* Try:
> Run with --info option to get more log output.
> Run with --scan to get full insights.

BUILD FAILED in 4s
