/eval/src/generated/java/com/android/tools/lint/checks/ObsoleteLayoutParamsDetector.java:91: error: cannot find symbol
        String parentClass = context.resolveViewClass(parent);
                                    ^
  symbol:   method resolveViewClass(Element)
  location: variable context of type XmlContext
/eval/src/generated/java/com/android/tools/lint/checks/ObsoleteLayoutParamsDetector.java:119: error: cannot find symbol
                String tag = context.resolveViewTag(parent);
                                    ^
  symbol:   method resolveViewTag(Element)
  location: variable context of type XmlContext
/eval/src/generated/java/com/android/tools/lint/checks/ObsoleteLayoutParamsDetector.java:136: error: cannot find symbol
            if (context.extendsClass(parentClass, entry.getKey(), false)) {
                       ^
  symbol:   method extendsClass(String,String,boolean)
  location: variable context of type XmlContext
/eval/src/generated/java/com/android/tools/lint/checks/ObsoleteLayoutParamsDetector.java:148: error: cannot find symbol
        if (context.extendsClass(parentClass, "androidx.constraintlayout.widget.ConstraintLayout", false)) {
                   ^
  symbol:   method extendsClass(String,String,boolean)
  location: variable context of type XmlContext
4 errors

FAILURE: Build failed with an exception.

* What went wrong:
Execution failed for task ':compileJava'.
> Compilation failed; see the compiler error output for details.

* Try:
> Run with --info option to get more log output.
> Run with --scan to get full insights.

BUILD FAILED in 4s
