/eval/src/generated/java/com/android/tools/lint/checks/AndroidTvDetector.java:4: error: cannot find symbol
import static com.android.SdkConstants.ATTR_BANNER;
^
  symbol:   static ATTR_BANNER
  location: class SdkConstants
/eval/src/generated/java/com/android/tools/lint/checks/AndroidTvDetector.java:9: error: cannot find symbol
import static com.android.xml.AndroidManifest.NODE_INTENT_FILTER;
^
  symbol:   static NODE_INTENT_FILTER
  location: class AndroidManifest
/eval/src/generated/java/com/android/tools/lint/checks/AndroidTvDetector.java:49: error: cannot find symbol
        return Arrays.asList(NODE_APPLICATION, NODE_INTENT_FILTER);
                                               ^
  symbol:   variable NODE_INTENT_FILTER
  location: class AndroidTvDetector
/eval/src/generated/java/com/android/tools/lint/checks/AndroidTvDetector.java:52: error: method does not override or implement a method from a supertype
    @Override
    ^
/eval/src/generated/java/com/android/tools/lint/checks/AndroidTvDetector.java:64: error: cannot find symbol
            String banner = element.getAttributeNS(ANDROID_URI, ATTR_BANNER);
                                                                ^
  symbol:   variable ATTR_BANNER
  location: class AndroidTvDetector
/eval/src/generated/java/com/android/tools/lint/checks/AndroidTvDetector.java:68: error: cannot find symbol
        } else if (NODE_INTENT_FILTER.equals(tag)) {
                   ^
  symbol:   variable NODE_INTENT_FILTER
  location: class AndroidTvDetector
/eval/src/generated/java/com/android/tools/lint/checks/AndroidTvDetector.java:75: error: method does not override or implement a method from a supertype
    @Override
    ^
7 errors

FAILURE: Build failed with an exception.

* What went wrong:
Execution failed for task ':compileJava'.
> Compilation failed; see the compiler error output for details.

* Try:
> Run with --info option to get more log output.
> Run with --scan to get full insights.

BUILD FAILED in 3s
