e: file:///eval/src/generated/kotlin/com/android/tools/lint/checks/ConstraintLayoutDetector.kt:3:42 Unresolved reference: SdkConstants
e: file:///eval/src/generated/kotlin/com/android/tools/lint/checks/ConstraintLayoutDetector.kt:16:16 Unresolved reference: SdkConstants
e: file:///eval/src/generated/kotlin/com/android/tools/lint/checks/ConstraintLayoutDetector.kt:16:54 Unresolved reference: SdkConstants
e: file:///eval/src/generated/kotlin/com/android/tools/lint/checks/ConstraintLayoutDetector.kt:23:24 Unresolved reference: SdkConstants
e: file:///eval/src/generated/kotlin/com/android/tools/lint/checks/ConstraintLayoutDetector.kt:24:24 Unresolved reference: SdkConstants
e: file:///eval/src/generated/kotlin/com/android/tools/lint/checks/ConstraintLayoutDetector.kt:25:24 Unresolved reference: SdkConstants
e: file:///eval/src/generated/kotlin/com/android/tools/lint/checks/ConstraintLayoutDetector.kt:49:61 Unresolved reference: SdkConstants
e: file:///eval/src/generated/kotlin/com/android/tools/lint/checks/ConstraintLayoutDetector.kt:49:84 Expression expected, but a package name found
e: file:///eval/src/generated/kotlin/com/android/tools/lint/checks/ConstraintLayoutDetector.kt:52:59 Unresolved reference: SdkConstants
e: file:///eval/src/generated/kotlin/com/android/tools/lint/checks/ConstraintLayoutDetector.kt:52:82 Expression expected, but a package name found
e: file:///eval/src/generated/kotlin/com/android/tools/lint/checks/ConstraintLayoutDetector.kt:67:13 Unresolved reference: SdkConstants
e: file:///eval/src/generated/kotlin/com/android/tools/lint/checks/ConstraintLayoutDetector.kt:68:13 Unresolved reference: SdkConstants
e: file:///eval/src/generated/kotlin/com/android/tools/lint/checks/ConstraintLayoutDetector.kt:69:13 Unresolved reference: SdkConstants
e: file:///eval/src/generated/kotlin/com/android/tools/lint/checks/ConstraintLayoutDetector.kt:70:13 Unresolved reference: SdkConstants
e: file:///eval/src/generated/kotlin/com/android/tools/lint/checks/ConstraintLayoutDetector.kt:71:13 Unresolved reference: SdkConstants
e: file:///eval/src/generated/kotlin/com/android/tools/lint/checks/ConstraintLayoutDetector.kt:72:13 Unresolved reference: SdkConstants
e: file:///eval/src/generated/kotlin/com/android/tools/lint/checks/ConstraintLayoutDetector.kt:73:13 Unresolved reference: SdkConstants
e: file:///eval/src/generated/kotlin/com/android/tools/lint/checks/ConstraintLayoutDetector.kt:74:13 Unresolved reference: SdkConstants
e: file:///eval/src/generated/kotlin/com/android/tools/lint/checks/ConstraintLayoutDetector.kt:78:13 Unresolved reference: SdkConstants
e: file:///eval/src/generated/kotlin/com/android/tools/lint/checks/ConstraintLayoutDetector.kt:79:13 Unresolved reference: SdkConstants
e: file:///eval/src/generated/kotlin/com/android/tools/lint/checks/ConstraintLayoutDetector.kt:80:13 Unresolved reference: SdkConstants
e: file:///eval/src/generated/kotlin/com/android/tools/lint/checks/ConstraintLayoutDetector.kt:81:13 Unresolved reference: SdkConstants
e: file:///eval/src/generated/kotlin/com/android/tools/lint/checks/ConstraintLayoutDetector.kt:82:13 Unresolved reference: SdkConstants

FAILURE: Build failed with an exception.

* What went wrong:
Execution failed for task ':compileKotlin'.
> A failure occurred while executing org.jetbrains.kotlin.compilerRunner.GradleCompilerRunnerWithWorkers$GradleKotlinCompilerWorkAction
   > Compilation error. See log for more details

* Try:
> Run with --stacktrace option to get the stack trace.
> Run with --info or --debug option to get more log output.
> Run with --scan to get full insights.
> Get more help at https://help.gradle.org.

BUILD FAILED in 9s
