/eval/src/generated/java/com/android/tools/lint/checks/DuplicateResourceDetector.java:52: error: method does not override or implement a method from a supertype
    @Override
    ^
/eval/src/generated/java/com/android/tools/lint/checks/DuplicateResourceDetector.java:117: error: cannot find symbol
                return ResourceType.getEnum(type);
                                   ^
  symbol:   method getEnum(String)
  location: class ResourceType
/eval/src/generated/java/com/android/tools/lint/checks/DuplicateResourceDetector.java:120: error: cannot find symbol
        return ResourceType.getEnum(tag);
                           ^
  symbol:   method getEnum(String)
  location: class ResourceType
/eval/src/generated/java/com/android/tools/lint/checks/DuplicateResourceDetector.java:142: error: cannot find symbol
        return ResourceType.getEnum(type);
                           ^
  symbol:   method getEnum(String)
  location: class ResourceType
4 errors

FAILURE: Build failed with an exception.

* What went wrong:
Execution failed for task ':compileJava'.
> Compilation failed; see the compiler error output for details.

* Try:
> Run with --info option to get more log output.
> Run with --scan to get full insights.

BUILD FAILED in 3s
