/eval/src/generated/java/com/android/tools/lint/checks/HandlerDetector.java:25: error: cannot find symbol
import org.jetbrains.uast.UElementHandler;
                         ^
  symbol:   class UElementHandler
  location: package org.jetbrains.uast
/eval/src/generated/java/com/android/tools/lint/checks/HandlerDetector.java:52: error: cannot find symbol
    public UElementHandler createUastHandler(@NotNull JavaContext context) {
           ^
  symbol:   class UElementHandler
  location: class HandlerDetector
/eval/src/generated/java/com/android/tools/lint/checks/HandlerDetector.java:53: error: cannot find symbol
        return new UElementHandler() {
                   ^
  symbol:   class UElementHandler
  location: class HandlerDetector
/eval/src/generated/java/com/android/tools/lint/checks/HandlerDetector.java:54: error: method does not override or implement a method from a supertype
            @Override
            ^
/eval/src/generated/java/com/android/tools/lint/checks/HandlerDetector.java:150: error: cannot find symbol
                if (call.isConstructor()) {
                        ^
  symbol:   method isConstructor()
  location: variable call of type UCallExpression
/eval/src/generated/java/com/android/tools/lint/checks/HandlerDetector.java:170: error: cannot find symbol
            if (expr instanceof UCallExpression && ((UCallExpression) expr).isConstructor()) {
                                                                           ^
  symbol:   method isConstructor()
  location: interface UCallExpression
/eval/src/generated/java/com/android/tools/lint/checks/HandlerDetector.java:203: error: method extendsClass in class JavaEvaluator cannot be applied to given types;
        return type != null && context.getEvaluator().extendsClass(type, LOOPER_CLASS);
                                                     ^
  required: PsiClass,String,boolean
  found:    PsiType,String
  reason: actual and formal argument lists differ in length
Note: /eval/src/generated/java/com/android/tools/lint/checks/HandlerDetector.java uses or overrides a deprecated API.
Note: Recompile with -Xlint:deprecation for details.
7 errors

FAILURE: Build failed with an exception.

* What went wrong:
Execution failed for task ':compileJava'.
> Compilation failed; see the compiler error output for details.

* Try:
> Run with --info option to get more log output.
> Run with --scan to get full insights.

BUILD FAILED in 4s
