/eval/src/generated/java/com/android/tools/lint/checks/JobSchedulerDetector.java:11: error: cannot find symbol
import com.android.tools.lint.detector.api.JavaEvaluator;
                                          ^
  symbol:   class JavaEvaluator
  location: package com.android.tools.lint.detector.api
/eval/src/generated/java/com/android/tools/lint/checks/JobSchedulerDetector.java:77: error: cannot find symbol
        JavaEvaluator evaluator = context.getEvaluator();
        ^
  symbol:   class JavaEvaluator
  location: class JobSchedulerDetector
/eval/src/generated/java/com/android/tools/lint/checks/JobSchedulerDetector.java:99: error: cannot find symbol
                    return ((UClassLiteralExpression) classArg).getPsiType().resolve();
                                                               ^
  symbol:   method getPsiType()
  location: interface UClassLiteralExpression
/eval/src/generated/java/com/android/tools/lint/checks/JobSchedulerDetector.java:101: error: cannot find symbol
                Object value = context.evaluate(classArg);
                                      ^
  symbol:   method evaluate(UExpression)
  location: variable context of type JavaContext
/eval/src/generated/java/com/android/tools/lint/checks/JobSchedulerDetector.java:103: error: cannot find symbol
                    return context.findClass((String) value);
                                  ^
  symbol:   method findClass(String)
  location: variable context of type JavaContext
/eval/src/generated/java/com/android/tools/lint/checks/JobSchedulerDetector.java:107: error: cannot find symbol
            return ((UClassLiteralExpression) expr).getPsiType().resolve();
                                                   ^
  symbol:   method getPsiType()
  location: interface UClassLiteralExpression
/eval/src/generated/java/com/android/tools/lint/checks/JobSchedulerDetector.java:112: error: method does not override or implement a method from a supertype
    @Override
    ^
/eval/src/generated/java/com/android/tools/lint/checks/JobSchedulerDetector.java:118: error: cannot find symbol
        File manifest = context.getMainProject().getManifest();
                                                ^
  symbol:   method getManifest()
  location: class Project
/eval/src/generated/java/com/android/tools/lint/checks/JobSchedulerDetector.java:125: error: cannot find symbol
            doc = LintUtils.parseXml(manifest);
                           ^
  symbol:   method parseXml(File)
  location: class LintUtils
9 errors

FAILURE: Build failed with an exception.

* What went wrong:
Execution failed for task ':compileJava'.
> Compilation failed; see the compiler error output for details.

* Try:
> Run with --info option to get more log output.
> Run with --scan to get full insights.

BUILD FAILED in 4s
