/eval/src/generated/java/com/android/tools/lint/checks/IconDetector.java:12: error: cannot find symbol
import com.android.tools.lint.detector.api.LintDriver;
                                          ^
  symbol:   class LintDriver
  location: package com.android.tools.lint.detector.api
/eval/src/generated/java/com/android/tools/lint/checks/IconDetector.java:20: error: cannot find symbol
import com.android.tools.lint.detector.api.XmlFileType;
                                          ^
  symbol:   class XmlFileType
  location: package com.android.tools.lint.detector.api
/eval/src/generated/java/com/android/tools/lint/checks/IconDetector.java:35: error: cannot find symbol
import org.jetbrains.uast.UElementHandler;
                         ^
  symbol:   class UElementHandler
  location: package org.jetbrains.uast
/eval/src/generated/java/com/android/tools/lint/checks/IconDetector.java:115: error: cannot find symbol
    public Collection<XmlFileType> getApplicableFiles() {
                      ^
  symbol:   class XmlFileType
  location: class IconDetector
/eval/src/generated/java/com/android/tools/lint/checks/IconDetector.java:147: error: cannot find symbol
    public UElementHandler createUastHandler(@NonNull JavaContext context) {
           ^
  symbol:   class UElementHandler
  location: class IconDetector
/eval/src/generated/java/com/android/tools/lint/checks/IconDetector.java:70: error: cannot find symbol
        LintDriver driver = context.getDriver();
        ^
  symbol:   class LintDriver
  location: class IconDetector
/eval/src/generated/java/com/android/tools/lint/checks/IconDetector.java:115: error: getApplicableFiles() in IconDetector cannot override getApplicableFiles() in Detector
    public Collection<XmlFileType> getApplicableFiles() {
                                   ^
  return type Collection<XmlFileType> is not compatible with EnumSet<Scope>
/eval/src/generated/java/com/android/tools/lint/checks/IconDetector.java:114: error: method does not override or implement a method from a supertype
    @Override
    ^
/eval/src/generated/java/com/android/tools/lint/checks/IconDetector.java:116: error: cannot find symbol
        return Collections.singletonList(XmlFileType.ANDROID_MANIFEST);
                                         ^
  symbol:   variable XmlFileType
  location: class IconDetector
/eval/src/generated/java/com/android/tools/lint/checks/IconDetector.java:148: error: cannot find symbol
        return new UElementHandler() {
                   ^
  symbol:   class UElementHandler
  location: class IconDetector
/eval/src/generated/java/com/android/tools/lint/checks/IconDetector.java:149: error: method does not override or implement a method from a supertype
            @Override
            ^
/eval/src/generated/java/com/android/tools/lint/checks/IconDetector.java:154: error: method does not override or implement a method from a supertype
            @Override
            ^
/eval/src/generated/java/com/android/tools/lint/checks/IconDetector.java:159: error: method does not override or implement a method from a supertype
            @Override
            ^
/eval/src/generated/java/com/android/tools/lint/checks/IconDetector.java:262: error: cannot find symbol
                LintMap.Companion.builder()
                                 ^
  symbol:   method builder()
  location: variable Companion of type Companion
/eval/src/generated/java/com/android/tools/lint/checks/IconDetector.java:267: error: method getValueLocation in class XmlContext cannot be applied to given types;
        Location location = context.getValueLocation(element, attr);
                                   ^
  required: Attr
  found:    Element,Attr
  reason: actual and formal argument lists differ in length
/eval/src/generated/java/com/android/tools/lint/checks/IconDetector.java:268: error: cannot find symbol
        context.report(new Incident(ISSUE, location, message).map(map));
                                                             ^
  symbol:   method map(LintMap)
  location: class Incident
/eval/src/generated/java/com/android/tools/lint/checks/IconDetector.java:285: error: cannot find symbol
                LintMap.Companion.builder()
                                 ^
  symbol:   method builder()
  location: variable Companion of type Companion
/eval/src/generated/java/com/android/tools/lint/checks/IconDetector.java:290: error: cannot find symbol
        context.report(new Incident(ISSUE, context.getLocation(node), message).map(map));
                                                                              ^
  symbol:   method map(LintMap)
  location: class Incident
18 errors

FAILURE: Build failed with an exception.

* What went wrong:
Execution failed for task ':compileJava'.
> Compilation failed; see the compiler error output for details.

* Try:
> Run with --info option to get more log output.
> Run with --scan to get full insights.

BUILD FAILED in 5s
