/eval/src/generated/java/com/android/tools/lint/checks/ResourcePrefixDetector.java:50: error: cannot find symbol
        mPrefix = context.getProject().getResourcePrefix();
                                      ^
  symbol:   method getResourcePrefix()
  location: class Project
/eval/src/generated/java/com/android/tools/lint/checks/ResourcePrefixDetector.java:66: error: cannot find symbol
        File file = context.getFile();
                           ^
  symbol:   method getFile()
  location: variable context of type Context
/eval/src/generated/java/com/android/tools/lint/checks/ResourcePrefixDetector.java:79: error: cannot find symbol
        File file = context.getFile();
                           ^
  symbol:   method getFile()
  location: variable context of type XmlContext
/eval/src/generated/java/com/android/tools/lint/checks/ResourcePrefixDetector.java:91: error: cannot find symbol
        checkResourceName(context, context.getFile());
                                          ^
  symbol:   method getFile()
  location: variable context of type ResourceContext
4 errors

FAILURE: Build failed with an exception.

* What went wrong:
Execution failed for task ':compileJava'.
> Compilation failed; see the compiler error output for details.

* Try:
> Run with --info option to get more log output.
> Run with --scan to get full insights.

BUILD FAILED in 4s
