/eval/src/generated/java/com/android/tools/lint/checks/OverdrawDetector.java:12: error: cannot find symbol
import com.android.tools.lint.detector.api.Detector.JavaPsiScanner;
                                                   ^
  symbol:   class JavaPsiScanner
  location: class Detector
/eval/src/generated/java/com/android/tools/lint/checks/OverdrawDetector.java:16: error: cannot find symbol
import com.android.tools.lint.detector.api.JavaEvaluator;
                                          ^
  symbol:   class JavaEvaluator
  location: package com.android.tools.lint.detector.api
/eval/src/generated/java/com/android/tools/lint/checks/OverdrawDetector.java:38: error: cannot find symbol
public class OverdrawDetector extends LayoutDetector implements JavaPsiScanner {
                                                                ^
  symbol: class JavaPsiScanner
/eval/src/generated/java/com/android/tools/lint/checks/OverdrawDetector.java:162: error: cannot find symbol
    public void visitAttribute(@NonNull XmlContext context, @NonNull Attr attribute) {
                                        ^
  symbol:   class XmlContext
  location: class OverdrawDetector
/eval/src/generated/java/com/android/tools/lint/checks/OverdrawDetector.java:186: error: cannot find symbol
    private static String getLayoutName(@NonNull XmlContext context) {
                                                 ^
  symbol:   class XmlContext
  location: class OverdrawDetector
/eval/src/generated/java/com/android/tools/lint/checks/OverdrawDetector.java:42: error: cannot find symbol
            Scope.JAVA_AND_RESOURCE_FILE_SCOPE,
                 ^
  symbol:   variable JAVA_AND_RESOURCE_FILE_SCOPE
  location: class Scope
/eval/src/generated/java/com/android/tools/lint/checks/OverdrawDetector.java:91: error: no suitable method found for of(EnumSet<Scope>,EnumSet<Scope>)
        return EnumSet.of(Scope.JAVA_FILE_SCOPE, Scope.RESOURCE_FILE_SCOPE);
                      ^
    method EnumSet.<E#1>of(E#1) is not applicable
      (cannot infer type-variable(s) E#1
        (actual and formal argument lists differ in length))
    method EnumSet.<E#2>of(E#2,E#2) is not applicable
      (inference variable E#2 has incompatible bounds
        lower bounds: Enum<E#2>
        lower bounds: EnumSet<Scope>)
    method EnumSet.<E#3>of(E#3,E#3,E#3) is not applicable
      (cannot infer type-variable(s) E#3
        (actual and formal argument lists differ in length))
    method EnumSet.<E#4>of(E#4,E#4,E#4,E#4) is not applicable
      (cannot infer type-variable(s) E#4
        (actual and formal argument lists differ in length))
    method EnumSet.<E#5>of(E#5,E#5,E#5,E#5,E#5) is not applicable
      (cannot infer type-variable(s) E#5
        (actual and formal argument lists differ in length))
    method EnumSet.<E#6>of(E#6,E#6...) is not applicable
      (inference variable E#6 has incompatible bounds
        lower bounds: Enum<E#6>
        lower bounds: EnumSet<Scope>)
  where E#1,E#2,E#3,E#4,E#5,E#6 are type-variables:
    E#1 extends Enum<E#1> declared in method <E#1>of(E#1)
    E#2 extends Enum<E#2> declared in method <E#2>of(E#2,E#2)
    E#3 extends Enum<E#3> declared in method <E#3>of(E#3,E#3,E#3)
    E#4 extends Enum<E#4> declared in method <E#4>of(E#4,E#4,E#4,E#4)
    E#5 extends Enum<E#5> declared in method <E#5>of(E#5,E#5,E#5,E#5,E#5)
    E#6 extends Enum<E#6> declared in method <E#6>of(E#6,E#6...)
/eval/src/generated/java/com/android/tools/lint/checks/OverdrawDetector.java:143: error: cannot find symbol
        JavaEvaluator evaluator = context.getEvaluator();
        ^
  symbol:   class JavaEvaluator
  location: class OverdrawDetector
Note: /eval/src/generated/java/com/android/tools/lint/checks/OverdrawDetector.java uses or overrides a deprecated API.
Note: Recompile with -Xlint:deprecation for details.
8 errors

FAILURE: Build failed with an exception.

* What went wrong:
Execution failed for task ':compileJava'.
> Compilation failed; see the compiler error output for details.

* Try:
> Run with --info option to get more log output.
> Run with --scan to get full insights.

BUILD FAILED in 5s
