/eval/src/generated/java/com/android/tools/lint/checks/VectorDetector.java:20: error: cannot find symbol
public class VectorDetector extends ResourceXmlDetector {
                                    ^
  symbol: class ResourceXmlDetector
/eval/src/generated/java/com/android/tools/lint/checks/VectorDetector.java:23: error: no suitable constructor found for Implementation(Class<VectorDetector>,EnumSet<Scope>)
            new Implementation(VectorDetector.class, Scope.RESOURCE_FILE_SCOPE);
            ^
    constructor Implementation.Implementation(Class<? extends Detector>,EnumSet<Scope>) is not applicable
      (argument mismatch; Class<VectorDetector> cannot be converted to Class<? extends Detector>)
    constructor Implementation.Implementation(Class<? extends Detector>,EnumSet<Scope>,EnumSet<Scope>...) is not applicable
      (argument mismatch; Class<VectorDetector> cannot be converted to Class<? extends Detector>)
/eval/src/generated/java/com/android/tools/lint/checks/VectorDetector.java:47: error: method does not override or implement a method from a supertype
    @Override
    ^
/eval/src/generated/java/com/android/tools/lint/checks/VectorDetector.java:52: error: method does not override or implement a method from a supertype
    @Override
    ^
/eval/src/generated/java/com/android/tools/lint/checks/VectorDetector.java:64: error: cannot find symbol
        if (context.getMinSdk().getApiLevel() >= 24) {
                   ^
  symbol:   method getMinSdk()
  location: variable context of type XmlContext
/eval/src/generated/java/com/android/tools/lint/checks/VectorDetector.java:113: error: method does not override or implement a method from a supertype
    @Override
    ^
6 errors

FAILURE: Build failed with an exception.

* What went wrong:
Execution failed for task ':compileJava'.
> Compilation failed; see the compiler error output for details.

* Try:
> Run with --info option to get more log output.
> Run with --scan to get full insights.

BUILD FAILED in 4s
