e: file:///eval/src/generated/kotlin/com/android/tools/lint/checks/TranslucentViewDetector.kt:136:36 Unresolved reference: getParentOfType
e: file:///eval/src/generated/kotlin/com/android/tools/lint/checks/TranslucentViewDetector.kt:201:5 'filterIncident' overrides nothing
e: file:///eval/src/generated/kotlin/com/android/tools/lint/checks/TranslucentViewDetector.kt:203:46 Unresolved reference: buildTargetSdk
e: file:///eval/src/generated/kotlin/com/android/tools/lint/checks/TranslucentViewDetector.kt:204:32 Unresolved reference: buildTargetSdk
e: file:///eval/src/generated/kotlin/com/android/tools/lint/checks/TranslucentViewDetector.kt:210:40 Unresolved reference: manifestPackageName
e: file:///eval/src/generated/kotlin/com/android/tools/lint/checks/TranslucentViewDetector.kt:211:32 Unresolved reference: manifestPackageName
e: file:///eval/src/generated/kotlin/com/android/tools/lint/checks/TranslucentViewDetector.kt:214:40 Overload resolution ambiguity: 
public operator fun <T> Array<TypeVariable(T)>.plus(element: TypeVariable(T)): Array<TypeVariable(T)> defined in kotlin.collections
public inline operator fun Char.plus(other: String): String defined in kotlin.text
public operator fun String?.plus(other: Any?): String defined in kotlin
public operator fun <T> Collection<TypeVariable(T)>.plus(element: TypeVariable(T)): List<TypeVariable(T)> defined in kotlin.collections
public operator fun <T> Iterable<TypeVariable(T)>.plus(element: TypeVariable(T)): List<TypeVariable(T)> defined in kotlin.collections
public operator fun <T> Set<TypeVariable(T)>.plus(element: TypeVariable(T)): Set<TypeVariable(T)> defined in kotlin.collections
public operator fun <T> Sequence<TypeVariable(T)>.plus(element: TypeVariable(T)): Sequence<TypeVariable(T)> defined in kotlin.sequences

FAILURE: Build failed with an exception.

* What went wrong:
Execution failed for task ':compileKotlin'.
> A failure occurred while executing org.jetbrains.kotlin.compilerRunner.GradleCompilerRunnerWithWorkers$GradleKotlinCompilerWorkAction
   > Compilation error. See log for more details

* Try:
> Run with --stacktrace option to get the stack trace.
> Run with --info or --debug option to get more log output.
> Run with --scan to get full insights.
> Get more help at https://help.gradle.org.

BUILD FAILED in 5s
