/eval/src/generated/java/com/android/tools/lint/checks/IconDetector.java:10: error: cannot find symbol
import com.android.tools.lint.detector.api.ResourceFolderType;
                                          ^
  symbol:   class ResourceFolderType
  location: package com.android.tools.lint.detector.api
/eval/src/generated/java/com/android/tools/lint/checks/IconDetector.java:18: error: cannot find symbol
public class IconDetector extends Detector implements Detector.ResourceFolderDetector {
                                                              ^
  symbol:   class ResourceFolderDetector
  location: class Detector
/eval/src/generated/java/com/android/tools/lint/checks/IconDetector.java:32: error: cannot find symbol
    public boolean appliesTo(@NonNull ResourceFolderType folderType) {
                                      ^
  symbol:   class ResourceFolderType
  location: class IconDetector
/eval/src/generated/java/com/android/tools/lint/checks/IconDetector.java:33: error: cannot find symbol
        return folderType == ResourceFolderType.DRAWABLE;
                             ^
  symbol:   variable ResourceFolderType
  location: class IconDetector
/eval/src/generated/java/com/android/tools/lint/checks/IconDetector.java:36: error: method does not override or implement a method from a supertype
    @Override
    ^
5 errors

FAILURE: Build failed with an exception.

* What went wrong:
Execution failed for task ':compileJava'.
> Compilation failed; see the compiler error output for details.

* Try:
> Run with --info option to get more log output.
> Run with --scan to get full insights.

BUILD FAILED in 6s
