/eval/src/generated/java/com/android/tools/lint/checks/RequiredAttributeDetector.java:33: error: cannot find symbol
    private static final Implementation IMPLEMENTATION =
                         ^
  symbol:   class Implementation
  location: class RequiredAttributeDetector
/eval/src/generated/java/com/android/tools/lint/checks/RequiredAttributeDetector.java:11: error: cannot find symbol
import static com.android.SdkConstants.TAG_MERGE;
^
  symbol:   static TAG_MERGE
  location: class SdkConstants
/eval/src/generated/java/com/android/tools/lint/checks/RequiredAttributeDetector.java:12: error: cannot find symbol
import static com.android.SdkConstants.TAG_REQUEST_FOCUS;
^
  symbol:   static TAG_REQUEST_FOCUS
  location: class SdkConstants
/eval/src/generated/java/com/android/tools/lint/checks/RequiredAttributeDetector.java:34: error: cannot find symbol
            new Implementation(RequiredAttributeDetector.class, Scope.RESOURCE_FILE_SCOPE);
                ^
  symbol:   class Implementation
  location: class RequiredAttributeDetector
/eval/src/generated/java/com/android/tools/lint/checks/RequiredAttributeDetector.java:61: error: cannot find symbol
                || tag.equals(TAG_MERGE)
                              ^
  symbol:   variable TAG_MERGE
  location: class RequiredAttributeDetector
/eval/src/generated/java/com/android/tools/lint/checks/RequiredAttributeDetector.java:63: error: cannot find symbol
                || tag.equals(TAG_REQUEST_FOCUS)
                              ^
  symbol:   variable TAG_REQUEST_FOCUS
  location: class RequiredAttributeDetector
/eval/src/generated/java/com/android/tools/lint/checks/RequiredAttributeDetector.java:82: error: cannot find symbol
        AbstractResourceRepository resources = context.getProject().getResourceRepository();
                                                                   ^
  symbol:   method getResourceRepository()
  location: class Project
/eval/src/generated/java/com/android/tools/lint/checks/RequiredAttributeDetector.java:115: error: cannot find symbol
        StyleResourceValue styleValue = resources.getStyleResourceValue(getStyleName(style));
                                                 ^
  symbol:   method getStyleResourceValue(String)
  location: variable resources of type AbstractResourceRepository
/eval/src/generated/java/com/android/tools/lint/checks/RequiredAttributeDetector.java:127: error: incompatible types: String cannot be converted to ResourceReference
        ResourceValue value = style.getItem(attrName);
                                            ^
/eval/src/generated/java/com/android/tools/lint/checks/RequiredAttributeDetector.java:132: error: incompatible types: ResourceReference cannot be converted to String
        String parent = style.getParentStyle();
                                            ^
/eval/src/generated/java/com/android/tools/lint/checks/RequiredAttributeDetector.java:135: error: cannot find symbol
                    resources.getStyleResourceValue(getStyleName(parent));
                             ^
  symbol:   method getStyleResourceValue(String)
  location: variable resources of type AbstractResourceRepository
Note: Some messages have been simplified; recompile with -Xdiags:verbose to get full output
11 errors

FAILURE: Build failed with an exception.

* What went wrong:
Execution failed for task ':compileJava'.
> Compilation failed; see the compiler error output for details.

* Try:
> Run with --info option to get more log output.
> Run with --scan to get full insights.

BUILD FAILED in 4s
