/eval/src/generated/java/com/android/tools/lint/checks/RegistrationDetector.java:6: error: cannot find symbol
import static com.android.SdkConstants.CLASS_PROVIDER;
^
  symbol:   static CLASS_PROVIDER
  location: class SdkConstants
/eval/src/generated/java/com/android/tools/lint/checks/RegistrationDetector.java:54: error: cannot find symbol
                            Scope.MANIFEST_AND_JAVA_SCOPE
                                 ^
  symbol:   variable MANIFEST_AND_JAVA_SCOPE
  location: class Scope
/eval/src/generated/java/com/android/tools/lint/checks/RegistrationDetector.java:85: error: cannot find symbol
                CLASS_PROVIDER
                ^
  symbol:   variable CLASS_PROVIDER
  location: class RegistrationDetector
/eval/src/generated/java/com/android/tools/lint/checks/RegistrationDetector.java:115: error: for-each not applicable to expression type
            for (String key : map.keys()) {
                                      ^
  required: array or java.lang.Iterable
  found:    Sequence<String>
4 errors

FAILURE: Build failed with an exception.

* What went wrong:
Execution failed for task ':compileJava'.
> Compilation failed; see the compiler error output for details.

* Try:
> Run with --info option to get more log output.
> Run with --scan to get full insights.

BUILD FAILED in 8s
