/eval/src/generated/java/com/android/tools/lint/checks/IconDetector.java:28: error: cannot find symbol
public class IconDetector extends Detector implements Detector.BinaryResourceScanner, SourceCodeScanner, XmlScanner {
                                                                                      ^
  symbol: class SourceCodeScanner
/eval/src/generated/java/com/android/tools/lint/checks/IconDetector.java:28: error: cannot find symbol
public class IconDetector extends Detector implements Detector.BinaryResourceScanner, SourceCodeScanner, XmlScanner {
                                                                                                         ^
  symbol: class XmlScanner
/eval/src/generated/java/com/android/tools/lint/checks/IconDetector.java:99: error: cannot find symbol
        java.io.File file = context.getFile();
                                   ^
  symbol:   method getFile()
  location: variable context of type ResourceContext
/eval/src/generated/java/com/android/tools/lint/checks/IconDetector.java:157: error: method getLocation in class Context cannot be applied to given types;
            Incident incident = new Incident(ISSUE, context.getLocation(file), message);
                                                           ^
  required: Object,LocationType
  found:    File
  reason: actual and formal argument lists differ in length
4 errors

FAILURE: Build failed with an exception.

* What went wrong:
Execution failed for task ':compileJava'.
> Compilation failed; see the compiler error output for details.

* Try:
> Run with --info option to get more log output.
> Run with --scan to get full insights.

BUILD FAILED in 5s
