e: file:///eval/src/generated/kotlin/com/android/tools/lint/checks/ViewTypeDetector.kt:15:27 Unresolved reference: UCastExpression
e: file:///eval/src/generated/kotlin/com/android/tools/lint/checks/ViewTypeDetector.kt:34:45 Unresolved reference: UCastExpression
e: file:///eval/src/generated/kotlin/com/android/tools/lint/checks/ViewTypeDetector.kt:40:31 Unresolved reference: UCastExpression
e: file:///eval/src/generated/kotlin/com/android/tools/lint/checks/ViewTypeDetector.kt:41:29 Unresolved reference: type
e: file:///eval/src/generated/kotlin/com/android/tools/lint/checks/ViewTypeDetector.kt:44:21 Unresolved reference: isInterface
e: file:///eval/src/generated/kotlin/com/android/tools/lint/checks/ViewTypeDetector.kt:46:36 Unresolved reference: operand
e: file:///eval/src/generated/kotlin/com/android/tools/lint/checks/ViewTypeDetector.kt:47:32 Unresolved reference: UCastExpression
e: file:///eval/src/generated/kotlin/com/android/tools/lint/checks/ViewTypeDetector.kt:54:65 Unresolved reference: name
e: file:///eval/src/generated/kotlin/com/android/tools/lint/checks/ViewTypeDetector.kt:67:29 Overload resolution ambiguity: 
public final fun getLocation(node: PsiElement): Location defined in com.android.tools.lint.detector.api.JavaContext
public final fun getLocation(node: Any?, type: LocationType = ...): Location defined in com.android.tools.lint.detector.api.JavaContext
public final fun getLocation(element: UElement): Location defined in com.android.tools.lint.detector.api.JavaContext
public final fun getLocation(element: UField): Location defined in com.android.tools.lint.detector.api.JavaContext
public final fun getLocation(element: UMethod): Location defined in com.android.tools.lint.detector.api.JavaContext
e: file:///eval/src/generated/kotlin/com/android/tools/lint/checks/ViewTypeDetector.kt:92:33 Unresolved reference: WARN

FAILURE: Build failed with an exception.

* What went wrong:
Execution failed for task ':compileKotlin'.
> A failure occurred while executing org.jetbrains.kotlin.compilerRunner.GradleCompilerRunnerWithWorkers$GradleKotlinCompilerWorkAction
   > Compilation error. See log for more details

* Try:
> Run with --stacktrace option to get the stack trace.
> Run with --info or --debug option to get more log output.
> Run with --scan to get full insights.
> Get more help at https://help.gradle.org.

BUILD FAILED in 9s
