/eval/src/generated/java/com/android/tools/lint/checks/RtlDetector.java:15: error: cannot find symbol
import com.android.tools.lint.detector.api.UElementHandler;
                                          ^
  symbol:   class UElementHandler
  location: package com.android.tools.lint.detector.api
/eval/src/generated/java/com/android/tools/lint/checks/RtlDetector.java:19: error: cannot find symbol
import org.jetbrains.uast.USimpleReferenceExpression;
                         ^
  symbol:   class USimpleReferenceExpression
  location: package org.jetbrains.uast
/eval/src/generated/java/com/android/tools/lint/checks/RtlDetector.java:81: error: cannot find symbol
    public UElementHandler createUastHandler(@NonNull JavaContext context) {
           ^
  symbol:   class UElementHandler
  location: class RtlDetector
/eval/src/generated/java/com/android/tools/lint/checks/RtlDetector.java:40: error: method does not override or implement a method from a supertype
    @Override
    ^
/eval/src/generated/java/com/android/tools/lint/checks/RtlDetector.java:76: error: cannot find symbol
        return Collections.singletonList(USimpleReferenceExpression.class);
                                         ^
  symbol:   class USimpleReferenceExpression
  location: class RtlDetector
/eval/src/generated/java/com/android/tools/lint/checks/RtlDetector.java:82: error: cannot find symbol
        return new UElementHandler() {
                   ^
  symbol:   class UElementHandler
  location: class RtlDetector
/eval/src/generated/java/com/android/tools/lint/checks/RtlDetector.java:84: error: cannot find symbol
            public void visitSimpleNameReferenceExpression(@NonNull USimpleReferenceExpression node) {
                                                                    ^
  symbol: class USimpleReferenceExpression
/eval/src/generated/java/com/android/tools/lint/checks/RtlDetector.java:83: error: method does not override or implement a method from a supertype
            @Override
            ^
8 errors

FAILURE: Build failed with an exception.

* What went wrong:
Execution failed for task ':compileJava'.
> Compilation failed; see the compiler error output for details.

* Try:
> Run with --info option to get more log output.
> Run with --scan to get full insights.

BUILD FAILED in 4s
