/eval/src/generated/java/com/android/tools/lint/checks/LayoutConsistencyDetector.java:15: error: cannot find symbol
import org.jetbrains.annotations.NonNull;
                                ^
  symbol:   class NonNull
  location: package org.jetbrains.annotations
/eval/src/generated/java/com/android/tools/lint/checks/LayoutConsistencyDetector.java:54: error: cannot find symbol
    public boolean appliesTo(@NonNull ResourceFolderType folderType) {
                              ^
  symbol:   class NonNull
  location: class LayoutConsistencyDetector
/eval/src/generated/java/com/android/tools/lint/checks/LayoutConsistencyDetector.java:64: error: cannot find symbol
    public void visitDocument(@NonNull XmlContext context, @NonNull Document document) {
                               ^
  symbol:   class NonNull
  location: class LayoutConsistencyDetector
/eval/src/generated/java/com/android/tools/lint/checks/LayoutConsistencyDetector.java:64: error: cannot find symbol
    public void visitDocument(@NonNull XmlContext context, @NonNull Document document) {
                                                            ^
  symbol:   class NonNull
  location: class LayoutConsistencyDetector
/eval/src/generated/java/com/android/tools/lint/checks/LayoutConsistencyDetector.java:87: error: cannot find symbol
    public void visitAttribute(@NonNull XmlContext context, @NonNull Attr attribute) {
                                ^
  symbol:   class NonNull
  location: class LayoutConsistencyDetector
/eval/src/generated/java/com/android/tools/lint/checks/LayoutConsistencyDetector.java:87: error: cannot find symbol
    public void visitAttribute(@NonNull XmlContext context, @NonNull Attr attribute) {
                                                             ^
  symbol:   class NonNull
  location: class LayoutConsistencyDetector
/eval/src/generated/java/com/android/tools/lint/checks/LayoutConsistencyDetector.java:131: error: cannot find symbol
    public void afterCheckProject(@NonNull Context context) {
                                   ^
  symbol:   class NonNull
  location: class LayoutConsistencyDetector
Note: /eval/src/generated/java/com/android/tools/lint/checks/LayoutConsistencyDetector.java uses or overrides a deprecated API.
Note: Recompile with -Xlint:deprecation for details.
7 errors

FAILURE: Build failed with an exception.

* What went wrong:
Execution failed for task ':compileJava'.
> Compilation failed; see the compiler error output for details.

* Try:
> Run with --info option to get more log output.
> Run with --scan to get full insights.

BUILD FAILED in 6s
