/eval/src/generated/java/com/android/tools/lint/checks/RegistrationDetector.java:27: error: cannot find symbol
import org.jetbrains.uast.visitor.UElementHandler;
                                 ^
  symbol:   class UElementHandler
  location: package org.jetbrains.uast.visitor
/eval/src/generated/java/com/android/tools/lint/checks/RegistrationDetector.java:102: error: cannot find symbol
    public UElementHandler createUastHandler(@NotNull JavaContext context) {
           ^
  symbol:   class UElementHandler
  location: class RegistrationDetector
/eval/src/generated/java/com/android/tools/lint/checks/RegistrationDetector.java:106: error: cannot find symbol
    private class ClassVisitor extends UElementHandler {
                                       ^
  symbol:   class UElementHandler
  location: class RegistrationDetector
/eval/src/generated/java/com/android/tools/lint/checks/RegistrationDetector.java:77: error: method does not override or implement a method from a supertype
    @Override
    ^
/eval/src/generated/java/com/android/tools/lint/checks/RegistrationDetector.java:113: error: method does not override or implement a method from a supertype
        @Override
        ^
/eval/src/generated/java/com/android/tools/lint/checks/RegistrationDetector.java:145: error: reference to getLocation is ambiguous
                mContext.report(ISSUE, node, mContext.getLocation(node), message);
                                                     ^
  both method getLocation(PsiElement) in JavaContext and method getLocation(UElement) in JavaContext match
6 errors

FAILURE: Build failed with an exception.

* What went wrong:
Execution failed for task ':compileJava'.
> Compilation failed; see the compiler error output for details.

* Try:
> Run with --info option to get more log output.
> Run with --scan to get full insights.

BUILD FAILED in 4s
