e: file:///eval/src/generated/kotlin/com/android/tools/lint/checks/ResourceCycleDetector.kt:15:31 Unresolved reference: ResourceXmlDetector
e: file:///eval/src/generated/kotlin/com/android/tools/lint/checks/ResourceCycleDetector.kt:19:13 Type mismatch: inferred type is Class<ResourceCycleDetector> but Class<out Detector!>! was expected
e: file:///eval/src/generated/kotlin/com/android/tools/lint/checks/ResourceCycleDetector.kt:47:5 'beforeCheckRootProject' overrides nothing
e: file:///eval/src/generated/kotlin/com/android/tools/lint/checks/ResourceCycleDetector.kt:53:5 'appliesTo' overrides nothing
e: file:///eval/src/generated/kotlin/com/android/tools/lint/checks/ResourceCycleDetector.kt:56:5 'getApplicableElements' overrides nothing
e: file:///eval/src/generated/kotlin/com/android/tools/lint/checks/ResourceCycleDetector.kt:58:5 'getApplicableAttributes' overrides nothing
e: file:///eval/src/generated/kotlin/com/android/tools/lint/checks/ResourceCycleDetector.kt:60:5 'visitElement' overrides nothing
e: file:///eval/src/generated/kotlin/com/android/tools/lint/checks/ResourceCycleDetector.kt:75:5 'visitAttribute' overrides nothing
e: file:///eval/src/generated/kotlin/com/android/tools/lint/checks/ResourceCycleDetector.kt:88:5 'afterCheckRootProject' overrides nothing

FAILURE: Build failed with an exception.

* What went wrong:
Execution failed for task ':compileKotlin'.
> A failure occurred while executing org.jetbrains.kotlin.compilerRunner.GradleCompilerRunnerWithWorkers$GradleKotlinCompilerWorkAction
   > Compilation error. See log for more details

* Try:
> Run with --stacktrace option to get the stack trace.
> Run with --info or --debug option to get more log output.
> Run with --scan to get full insights.
> Get more help at https://help.gradle.org.

BUILD FAILED in 7s
