/eval/src/generated/java/com/android/tools/lint/checks/EllipsizeMaxLinesDetector.java:4: error: cannot find symbol
import static com.android.SdkConstants.ATTR_ELLIPSIZE;
^
  symbol:   static ATTR_ELLIPSIZE
  location: class SdkConstants
/eval/src/generated/java/com/android/tools/lint/checks/EllipsizeMaxLinesDetector.java:5: error: cannot find symbol
import static com.android.SdkConstants.ATTR_MAX_LINES;
^
  symbol:   static ATTR_MAX_LINES
  location: class SdkConstants
/eval/src/generated/java/com/android/tools/lint/checks/EllipsizeMaxLinesDetector.java:44: error: cannot find symbol
        return Arrays.asList(ATTR_MAX_LINES, ATTR_ELLIPSIZE);
                             ^
  symbol:   variable ATTR_MAX_LINES
  location: class EllipsizeMaxLinesDetector
/eval/src/generated/java/com/android/tools/lint/checks/EllipsizeMaxLinesDetector.java:44: error: cannot find symbol
        return Arrays.asList(ATTR_MAX_LINES, ATTR_ELLIPSIZE);
                                             ^
  symbol:   variable ATTR_ELLIPSIZE
  location: class EllipsizeMaxLinesDetector
/eval/src/generated/java/com/android/tools/lint/checks/EllipsizeMaxLinesDetector.java:49: error: cannot find symbol
        if (!ATTR_MAX_LINES.equals(attribute.getLocalName())) {
             ^
  symbol:   variable ATTR_MAX_LINES
  location: class EllipsizeMaxLinesDetector
/eval/src/generated/java/com/android/tools/lint/checks/EllipsizeMaxLinesDetector.java:58: error: cannot find symbol
        String ellipsize = element.getAttributeNS(ANDROID_URI, ATTR_ELLIPSIZE);
                                                               ^
  symbol:   variable ATTR_ELLIPSIZE
  location: class EllipsizeMaxLinesDetector
6 errors

FAILURE: Build failed with an exception.

* What went wrong:
Execution failed for task ':compileJava'.
> Compilation failed; see the compiler error output for details.

* Try:
> Run with --info option to get more log output.
> Run with --scan to get full insights.

BUILD FAILED in 4s
