/eval/src/generated/java/com/android/tools/lint/checks/AndroidAutoDetector.java:55: error: cannot find symbol
        String fqn = SdkUtils.resolveClassName(name, context.getPackageName());
                                                            ^
  symbol:   method getPackageName()
  location: variable context of type XmlContext
/eval/src/generated/java/com/android/tools/lint/checks/AndroidAutoDetector.java:56: error: cannot find symbol
        PsiClass psiClass = context.getEvaluator().findClass(fqn);
                                   ^
  symbol:   method getEvaluator()
  location: variable context of type XmlContext
/eval/src/generated/java/com/android/tools/lint/checks/AndroidAutoDetector.java:61: error: cannot find symbol
        boolean extendsMediaBrowserService = context.getEvaluator().extendsClass(psiClass, MEDIA_BROWSER_SERVICE, false)
                                                    ^
  symbol:   method getEvaluator()
  location: variable context of type XmlContext
/eval/src/generated/java/com/android/tools/lint/checks/AndroidAutoDetector.java:62: error: cannot find symbol
                || context.getEvaluator().extendsClass(psiClass, MEDIA_BROWSER_SERVICE_COMPAT, false);
                          ^
  symbol:   method getEvaluator()
  location: variable context of type XmlContext
4 errors

FAILURE: Build failed with an exception.

* What went wrong:
Execution failed for task ':compileJava'.
> Compilation failed; see the compiler error output for details.

* Try:
> Run with --info option to get more log output.
> Run with --scan to get full insights.

BUILD FAILED in 4s
