e: file:///eval/src/generated/kotlin/com/android/tools/lint/checks/AppBundleLocaleChangesDetector.kt:12:44 Unresolved reference: PartialResults
e: file:///eval/src/generated/kotlin/com/android/tools/lint/checks/AppBundleLocaleChangesDetector.kt:42:47 None of the following functions can be called with the arguments supplied: 
public open fun getQualifiedName(psiClass: PsiClass): String? defined in com.android.tools.lint.client.api.JavaEvaluator
public open fun getQualifiedName(psiClassType: PsiClassType): String? defined in com.android.tools.lint.client.api.JavaEvaluator
e: file:///eval/src/generated/kotlin/com/android/tools/lint/checks/AppBundleLocaleChangesDetector.kt:59:5 'visitReference' overrides nothing
e: file:///eval/src/generated/kotlin/com/android/tools/lint/checks/AppBundleLocaleChangesDetector.kt:93:72 Unresolved reference: PartialResults
e: file:///eval/src/generated/kotlin/com/android/tools/lint/checks/AppBundleLocaleChangesDetector.kt:108:17 Type mismatch: inferred type is EnumSet<Scope>! but Scope! was expected
e: file:///eval/src/generated/kotlin/com/android/tools/lint/checks/AppBundleLocaleChangesDetector.kt:108:17 Type mismatch: inferred type is EnumSet<Scope>! but Enum<Scope!>! was expected
e: file:///eval/src/generated/kotlin/com/android/tools/lint/checks/AppBundleLocaleChangesDetector.kt:108:38 Type mismatch: inferred type is EnumSet<Scope>! but Enum<TypeVariable(E)!>! was expected

FAILURE: Build failed with an exception.

* What went wrong:
Execution failed for task ':compileKotlin'.
> A failure occurred while executing org.jetbrains.kotlin.compilerRunner.GradleCompilerRunnerWithWorkers$GradleKotlinCompilerWorkAction
   > Compilation error. See log for more details

* Try:
> Run with --stacktrace option to get the stack trace.
> Run with --info or --debug option to get more log output.
> Run with --scan to get full insights.
> Get more help at https://help.gradle.org.

BUILD FAILED in 6s
