/eval/src/generated/java/com/android/tools/lint/checks/TextFieldDetector.java:82: error: cannot find symbol
        Attr inputTypeNode = element.getAttributeNodeNS(SdkConstants.ANDROID_URI, SdkConstants.ATTR_INPUT_TYPE);
                                                        ^
  symbol:   variable SdkConstants
  location: class TextFieldDetector
/eval/src/generated/java/com/android/tools/lint/checks/TextFieldDetector.java:82: error: cannot find symbol
        Attr inputTypeNode = element.getAttributeNodeNS(SdkConstants.ANDROID_URI, SdkConstants.ATTR_INPUT_TYPE);
                                                                                  ^
  symbol:   variable SdkConstants
  location: class TextFieldDetector
/eval/src/generated/java/com/android/tools/lint/checks/TextFieldDetector.java:99: error: cannot find symbol
        String id = element.getAttributeNS(SdkConstants.ANDROID_URI, SdkConstants.ATTR_ID);
                                           ^
  symbol:   variable SdkConstants
  location: class TextFieldDetector
/eval/src/generated/java/com/android/tools/lint/checks/TextFieldDetector.java:99: error: cannot find symbol
        String id = element.getAttributeNS(SdkConstants.ANDROID_URI, SdkConstants.ATTR_ID);
                                                                     ^
  symbol:   variable SdkConstants
  location: class TextFieldDetector
/eval/src/generated/java/com/android/tools/lint/checks/TextFieldDetector.java:103: error: cannot find symbol
        if (id.startsWith(SdkConstants.NEW_ID_PREFIX)) {
                          ^
  symbol:   variable SdkConstants
  location: class TextFieldDetector
/eval/src/generated/java/com/android/tools/lint/checks/TextFieldDetector.java:104: error: package SdkConstants does not exist
            id = id.substring(SdkConstants.NEW_ID_PREFIX.length());
                                          ^
/eval/src/generated/java/com/android/tools/lint/checks/TextFieldDetector.java:105: error: cannot find symbol
        } else if (id.startsWith(SdkConstants.ID_PREFIX)) {
                                 ^
  symbol:   variable SdkConstants
  location: class TextFieldDetector
/eval/src/generated/java/com/android/tools/lint/checks/TextFieldDetector.java:106: error: package SdkConstants does not exist
            id = id.substring(SdkConstants.ID_PREFIX.length());
                                          ^
8 errors

FAILURE: Build failed with an exception.

* What went wrong:
Execution failed for task ':compileJava'.
> Compilation failed; see the compiler error output for details.

* Try:
> Run with --info option to get more log output.
> Run with --scan to get full insights.

BUILD FAILED in 5s
