/eval/src/generated/java/com/android/tools/lint/checks/AllowAllHostnameVerifierDetector.java:19: error: cannot find symbol
import org.jetbrains.uast.UastVisitor;
                         ^
  symbol:   class UastVisitor
  location: package org.jetbrains.uast
/eval/src/generated/java/com/android/tools/lint/checks/AllowAllHostnameVerifierDetector.java:55: error: cannot find symbol
    public UastVisitor createUastHandler(JavaContext context) {
           ^
  symbol:   class UastVisitor
  location: class AllowAllHostnameVerifierDetector
/eval/src/generated/java/com/android/tools/lint/checks/AllowAllHostnameVerifierDetector.java:73: error: incompatible types: PsiClass cannot be converted to UClass
            UClass containingClass = node.getContainingClass();
                                                            ^
Note: /eval/src/generated/java/com/android/tools/lint/checks/AllowAllHostnameVerifierDetector.java uses or overrides a deprecated API.
Note: Recompile with -Xlint:deprecation for details.
3 errors

FAILURE: Build failed with an exception.

* What went wrong:
Execution failed for task ':compileJava'.
> Compilation failed; see the compiler error output for details.

* Try:
> Run with --info option to get more log output.
> Run with --scan to get full insights.

BUILD FAILED in 4s
