/eval/src/generated/java/com/android/tools/lint/checks/RtlDetector.java:61: error: incompatible types: AndroidVersion cannot be converted to int
        int minSdk = context.getMainProject().getMinSdkVersion();
                                                              ^
/eval/src/generated/java/com/android/tools/lint/checks/RtlDetector.java:132: error: cannot find symbol
        LintMap data = LintMap.builder().put(API_KEY, 17).build();
                              ^
  symbol:   method builder()
  location: class LintMap
/eval/src/generated/java/com/android/tools/lint/checks/RtlDetector.java:133: error: incompatible types: LintMap cannot be converted to LintFix
        context.report(ISSUE, attribute, context.getLocation(attribute), message, data);
                                                                                  ^
/eval/src/generated/java/com/android/tools/lint/checks/RtlDetector.java:165: error: incompatible types: AndroidVersion cannot be converted to int
                int minSdk = context.getMainProject().getMinSdkVersion();
                                                                      ^
/eval/src/generated/java/com/android/tools/lint/checks/RtlDetector.java:173: error: cannot find symbol
                LintMap data = LintMap.builder().put(API_KEY, 16).build();
                                      ^
  symbol:   method builder()
  location: class LintMap
/eval/src/generated/java/com/android/tools/lint/checks/RtlDetector.java:174: error: no suitable method found for report(Issue,USimpleNameReferenceExpression,Location,String,LintMap)
                context.report(ISSUE, node, context.getLocation(node), message, data);
                       ^
    method JavaContext.report(Issue,PsiElement,Location,String,LintFix) is not applicable
      (argument mismatch; USimpleNameReferenceExpression cannot be converted to PsiElement)
    method JavaContext.report(Issue,UElement,Location,String,LintFix) is not applicable
      (argument mismatch; LintMap cannot be converted to LintFix)
    method JavaContext.report(Issue,UClass,Location,String,LintFix) is not applicable
      (argument mismatch; USimpleNameReferenceExpression cannot be converted to UClass)
    method JavaContext.report(Issue,UMethod,Location,String,LintFix) is not applicable
      (argument mismatch; USimpleNameReferenceExpression cannot be converted to UMethod)
    method JavaContext.report(Issue,UField,Location,String,LintFix) is not applicable
      (argument mismatch; USimpleNameReferenceExpression cannot be converted to UField)
Note: Some messages have been simplified; recompile with -Xdiags:verbose to get full output
6 errors

FAILURE: Build failed with an exception.

* What went wrong:
Execution failed for task ':compileJava'.
> Compilation failed; see the compiler error output for details.

* Try:
> Run with --info option to get more log output.
> Run with --scan to get full insights.

BUILD FAILED in 5s
