/eval/src/generated/java/com/android/tools/lint/checks/IconDetector.java:10: error: cannot find symbol
import com.android.tools.lint.detector.api.ResourceFolderType;
                                          ^
  symbol:   class ResourceFolderType
  location: package com.android.tools.lint.detector.api
/eval/src/generated/java/com/android/tools/lint/checks/IconDetector.java:20: error: cannot find symbol
import org.jetbrains.uast.UElementHandler;
                         ^
  symbol:   class UElementHandler
  location: package org.jetbrains.uast
/eval/src/generated/java/com/android/tools/lint/checks/IconDetector.java:59: error: cannot find symbol
    public boolean appliesTo(ResourceFolderType folderType) {
                             ^
  symbol:   class ResourceFolderType
  location: class IconDetector
/eval/src/generated/java/com/android/tools/lint/checks/IconDetector.java:78: error: cannot find symbol
    public UElementHandler createUastHandler() {
           ^
  symbol:   class UElementHandler
  location: class IconDetector
/eval/src/generated/java/com/android/tools/lint/checks/IconDetector.java:53: error: method does not override or implement a method from a supertype
    @Override
    ^
/eval/src/generated/java/com/android/tools/lint/checks/IconDetector.java:60: error: cannot find symbol
        return folderType == ResourceFolderType.DRAWABLE || folderType == ResourceFolderType.MIPMAP;
                             ^
  symbol:   variable ResourceFolderType
  location: class IconDetector
/eval/src/generated/java/com/android/tools/lint/checks/IconDetector.java:60: error: cannot find symbol
        return folderType == ResourceFolderType.DRAWABLE || folderType == ResourceFolderType.MIPMAP;
                                                                          ^
  symbol:   variable ResourceFolderType
  location: class IconDetector
/eval/src/generated/java/com/android/tools/lint/checks/IconDetector.java:77: error: method does not override or implement a method from a supertype
    @Override
    ^
/eval/src/generated/java/com/android/tools/lint/checks/IconDetector.java:79: error: cannot find symbol
        return new UElementHandler() {
                   ^
  symbol:   class UElementHandler
  location: class IconDetector
/eval/src/generated/java/com/android/tools/lint/checks/IconDetector.java:89: error: method does not override or implement a method from a supertype
    @Override
    ^
/eval/src/generated/java/com/android/tools/lint/checks/IconDetector.java:99: error: method does not override or implement a method from a supertype
    @Override
    ^
/eval/src/generated/java/com/android/tools/lint/checks/IconDetector.java:114: error: cannot find symbol
        List<UExpression> args = node.getValueArguments();
             ^
  symbol:   class UExpression
  location: class IconDetector
/eval/src/generated/java/com/android/tools/lint/checks/IconDetector.java:115: error: cannot find symbol
        for (UExpression arg : args) {
             ^
  symbol:   class UExpression
  location: class IconDetector
Note: /eval/src/generated/java/com/android/tools/lint/checks/IconDetector.java uses or overrides a deprecated API.
Note: Recompile with -Xlint:deprecation for details.
13 errors

FAILURE: Build failed with an exception.

* What went wrong:
Execution failed for task ':compileJava'.
> Compilation failed; see the compiler error output for details.

* Try:
> Run with --info option to get more log output.
> Run with --scan to get full insights.

BUILD FAILED in 4s
