/eval/src/generated/java/com/android/tools/lint/checks/ResourcePrefixDetector.java:19: error: cannot find symbol
public class ResourcePrefixDetector extends Detector implements XmlScanner, BinaryResourceScanner {
                                                                ^
  symbol: class XmlScanner
/eval/src/generated/java/com/android/tools/lint/checks/ResourcePrefixDetector.java:19: error: cannot find symbol
public class ResourcePrefixDetector extends Detector implements XmlScanner, BinaryResourceScanner {
                                                                            ^
  symbol: class BinaryResourceScanner
/eval/src/generated/java/com/android/tools/lint/checks/ResourcePrefixDetector.java:50: error: cannot find symbol
        return ALL;
               ^
  symbol:   variable ALL
  location: class ResourcePrefixDetector
/eval/src/generated/java/com/android/tools/lint/checks/ResourcePrefixDetector.java:55: error: cannot find symbol
        mPrefix = context.getProject().getResourcePrefix();
                                      ^
  symbol:   method getResourcePrefix()
  location: class Project
/eval/src/generated/java/com/android/tools/lint/checks/ResourcePrefixDetector.java:71: error: cannot find symbol
        File file = context.getFile();
                           ^
  symbol:   method getFile()
  location: variable context of type Context
/eval/src/generated/java/com/android/tools/lint/checks/ResourcePrefixDetector.java:99: error: method getLocation in class Context cannot be applied to given types;
                context.getLocation(file),
                       ^
  required: Object,LocationType
  found:    File
  reason: actual and formal argument lists differ in length
/eval/src/generated/java/com/android/tools/lint/checks/ResourcePrefixDetector.java:140: error: cannot find symbol
        String name = context.getResourceName();
                             ^
  symbol:   method getResourceName()
  location: variable context of type ResourceContext
/eval/src/generated/java/com/android/tools/lint/checks/ResourcePrefixDetector.java:147: error: cannot find symbol
                context.getFile(),
                       ^
  symbol:   method getFile()
  location: variable context of type ResourceContext
/eval/src/generated/java/com/android/tools/lint/checks/ResourcePrefixDetector.java:151: error: cannot find symbol
                        name, context.getFolderName(), mPrefix));
                                     ^
  symbol:   method getFolderName()
  location: variable context of type ResourceContext
/eval/src/generated/java/com/android/tools/lint/checks/ResourcePrefixDetector.java:148: error: cannot find symbol
                context.getLocation(context.getFile()),
                                           ^
  symbol:   method getFile()
  location: variable context of type ResourceContext
10 errors

FAILURE: Build failed with an exception.

* What went wrong:
Execution failed for task ':compileJava'.
> Compilation failed; see the compiler error output for details.

* Try:
> Run with --info option to get more log output.
> Run with --scan to get full insights.

BUILD FAILED in 4s
