e: file:///eval/src/generated/kotlin/com/android/tools/lint/checks/TranslucentViewDetector.kt:49:17 Type mismatch: inferred type is EnumSet<Scope>! but Scope! was expected
e: file:///eval/src/generated/kotlin/com/android/tools/lint/checks/TranslucentViewDetector.kt:49:17 Type mismatch: inferred type is EnumSet<Scope>! but Enum<Scope!>! was expected
e: file:///eval/src/generated/kotlin/com/android/tools/lint/checks/TranslucentViewDetector.kt:49:28 Type mismatch: inferred type is EnumSet<Scope>! but Enum<TypeVariable(E)!>! was expected
e: file:///eval/src/generated/kotlin/com/android/tools/lint/checks/TranslucentViewDetector.kt:69:40 Return type of 'getApplicableFiles' is not a subtype of the return type of the overridden member 'public open fun getApplicableFiles(): EnumSet<Scope> defined in com.android.tools.lint.detector.api.Detector'
e: file:///eval/src/generated/kotlin/com/android/tools/lint/checks/TranslucentViewDetector.kt:70:9 Type mismatch: inferred type is EnumSet<EnumSet<Scope>!>! but Collection<Scope> was expected
e: file:///eval/src/generated/kotlin/com/android/tools/lint/checks/TranslucentViewDetector.kt:70:17 Type mismatch: inferred type is EnumSet<Scope>! but Scope! was expected
e: file:///eval/src/generated/kotlin/com/android/tools/lint/checks/TranslucentViewDetector.kt:70:20 Type mismatch: inferred type is EnumSet<Scope>! but Enum<TypeVariable(E)!>! was expected
e: file:///eval/src/generated/kotlin/com/android/tools/lint/checks/TranslucentViewDetector.kt:83:32 None of the following functions can be called with the arguments supplied: 
public constructor Incident(issue: Issue, location: Location, message: String, fix: LintFix?) defined in com.android.tools.lint.detector.api.Incident
public constructor Incident(issue: Issue, scope: Any, location: Location, message: String) defined in com.android.tools.lint.detector.api.Incident
public constructor Incident(issue: Issue, message: String, location: Location, fix: LintFix?) defined in com.android.tools.lint.detector.api.Incident
public constructor Incident(issue: Issue, message: String, location: Location, scope: Any? = ..., fix: LintFix? = ...) defined in com.android.tools.lint.detector.api.Incident
e: file:///eval/src/generated/kotlin/com/android/tools/lint/checks/TranslucentViewDetector.kt:163:36 Unresolved reference: getElementNameLocation

FAILURE: Build failed with an exception.

* What went wrong:
Execution failed for task ':compileKotlin'.
> A failure occurred while executing org.jetbrains.kotlin.compilerRunner.GradleCompilerRunnerWithWorkers$GradleKotlinCompilerWorkAction
   > Compilation error. See log for more details

* Try:
> Run with --stacktrace option to get the stack trace.
> Run with --info or --debug option to get more log output.
> Run with --scan to get full insights.
> Get more help at https://help.gradle.org.

BUILD FAILED in 6s
