e: file:///eval/src/generated/kotlin/com/android/tools/lint/checks/CredentialManagerDigitalAssetLinkDetector.kt:76:40 Function invocation 'projects()' expected
e: file:///eval/src/generated/kotlin/com/android/tools/lint/checks/CredentialManagerDigitalAssetLinkDetector.kt:77:38 Unresolved reference: getMap
e: file:///eval/src/generated/kotlin/com/android/tools/lint/checks/CredentialManagerDigitalAssetLinkDetector.kt:79:23 Overload resolution ambiguity: 
public inline fun <T> Array<out TypeVariable(T)>.isNotEmpty(): Boolean defined in kotlin.collections
public inline fun BooleanArray.isNotEmpty(): Boolean defined in kotlin.collections
public inline fun ByteArray.isNotEmpty(): Boolean defined in kotlin.collections
public inline fun CharArray.isNotEmpty(): Boolean defined in kotlin.collections
public inline fun CharSequence.isNotEmpty(): Boolean defined in kotlin.text
public inline fun DoubleArray.isNotEmpty(): Boolean defined in kotlin.collections
public inline fun FloatArray.isNotEmpty(): Boolean defined in kotlin.collections
public inline fun IntArray.isNotEmpty(): Boolean defined in kotlin.collections
public inline fun LongArray.isNotEmpty(): Boolean defined in kotlin.collections
public inline fun ShortArray.isNotEmpty(): Boolean defined in kotlin.collections
public inline fun <T> Collection<TypeVariable(T)>.isNotEmpty(): Boolean defined in kotlin.collections
public inline fun <K, V> Map<out TypeVariable(K), TypeVariable(V)>.isNotEmpty(): Boolean defined in kotlin.collections

FAILURE: Build failed with an exception.

* What went wrong:
Execution failed for task ':compileKotlin'.
> A failure occurred while executing org.jetbrains.kotlin.compilerRunner.GradleCompilerRunnerWithWorkers$GradleKotlinCompilerWorkAction
   > Compilation error. See log for more details

* Try:
> Run with --stacktrace option to get the stack trace.
> Run with --info or --debug option to get more log output.
> Run with --scan to get full insights.
> Get more help at https://help.gradle.org.

BUILD FAILED in 10s
