/eval/src/generated/java/com/android/tools/lint/checks/BadHostnameVerifierDetector.java:38: error: cannot find symbol
    public UElementHandler createUastHandler(@NotNull final JavaContext context) {
           ^
  symbol:   class UElementHandler
  location: class BadHostnameVerifierDetector
/eval/src/generated/java/com/android/tools/lint/checks/BadHostnameVerifierDetector.java:39: error: cannot find symbol
        return new UElementHandler() {
                   ^
  symbol:   class UElementHandler
  location: class BadHostnameVerifierDetector
/eval/src/generated/java/com/android/tools/lint/checks/BadHostnameVerifierDetector.java:40: error: method does not override or implement a method from a supertype
            @Override
            ^
Note: /eval/src/generated/java/com/android/tools/lint/checks/BadHostnameVerifierDetector.java uses or overrides a deprecated API.
Note: Recompile with -Xlint:deprecation for details.
3 errors

FAILURE: Build failed with an exception.

* What went wrong:
Execution failed for task ':compileJava'.
> Compilation failed; see the compiler error output for details.

* Try:
> Run with --info option to get more log output.
> Run with --scan to get full insights.

BUILD FAILED in 5s
