/eval/src/generated/java/com/android/tools/lint/checks/RegistrationDetector.java:83: error: cannot find symbol
        if (context.getEvaluator().isUnitTestNode(declaration)) {
                                  ^
  symbol:   method isUnitTestNode(UClass)
  location: class JavaEvaluator
/eval/src/generated/java/com/android/tools/lint/checks/RegistrationDetector.java:93: error: method does not override or implement a method from a supertype
    @Override
    ^
/eval/src/generated/java/com/android/tools/lint/checks/RegistrationDetector.java:127: error: cannot find symbol
        for (Project project : partialResults.getProjects()) {
                                             ^
  symbol:   method getProjects()
  location: variable partialResults of type PartialResult
/eval/src/generated/java/com/android/tools/lint/checks/RegistrationDetector.java:131: error: incompatible types: Sequence<String> cannot be converted to Collection<? extends String>
                allRegistered.addAll(registeredMap.keys());
                                                       ^
/eval/src/generated/java/com/android/tools/lint/checks/RegistrationDetector.java:136: error: cannot find symbol
        for (Project project : partialResults.getProjects()) {
                                             ^
  symbol:   method getProjects()
  location: variable partialResults of type PartialResult
/eval/src/generated/java/com/android/tools/lint/checks/RegistrationDetector.java:140: error: for-each not applicable to expression type
                for (String className : declaredMap.keys()) {
                                                        ^
  required: array or java.lang.Iterable
  found:    Sequence<String>
Note: /eval/src/generated/java/com/android/tools/lint/checks/RegistrationDetector.java uses or overrides a deprecated API.
Note: Recompile with -Xlint:deprecation for details.
Note: Some messages have been simplified; recompile with -Xdiags:verbose to get full output
6 errors

FAILURE: Build failed with an exception.

* What went wrong:
Execution failed for task ':compileJava'.
> Compilation failed; see the compiler error output for details.

* Try:
> Run with --info option to get more log output.
> Run with --scan to get full insights.

BUILD FAILED in 6s
