/eval/src/generated/java/com/android/tools/lint/checks/AndroidTvDetector.java:3: error: cannot find symbol
import static com.android.SdkConstants.ANDROID_INTENT_CATEGORY_LEANBACK_LAUNCHER;
^
  symbol:   static ANDROID_INTENT_CATEGORY_LEANBACK_LAUNCHER
  location: class SdkConstants
/eval/src/generated/java/com/android/tools/lint/checks/AndroidTvDetector.java:5: error: cannot find symbol
import static com.android.SdkConstants.ATTR_BANNER;
^
  symbol:   static ATTR_BANNER
  location: class SdkConstants
/eval/src/generated/java/com/android/tools/lint/checks/AndroidTvDetector.java:48: error: cannot find symbol
        if (element.hasAttributeNS(ANDROID_URI, ATTR_BANNER)) {
                                                ^
  symbol:   variable ATTR_BANNER
  location: class AndroidTvDetector
/eval/src/generated/java/com/android/tools/lint/checks/AndroidTvDetector.java:57: error: cannot find symbol
        if (application != null && application.hasAttributeNS(ANDROID_URI, ATTR_BANNER)) {
                                                                           ^
  symbol:   variable ATTR_BANNER
  location: class AndroidTvDetector
/eval/src/generated/java/com/android/tools/lint/checks/AndroidTvDetector.java:77: error: cannot find symbol
                if (ANDROID_INTENT_CATEGORY_LEANBACK_LAUNCHER.equals(name)) {
                    ^
  symbol:   variable ANDROID_INTENT_CATEGORY_LEANBACK_LAUNCHER
  location: class AndroidTvDetector
5 errors

FAILURE: Build failed with an exception.

* What went wrong:
Execution failed for task ':compileJava'.
> Compilation failed; see the compiler error output for details.

* Try:
> Run with --info option to get more log output.
> Run with --scan to get full insights.

BUILD FAILED in 6s
