e: file:///eval/src/generated/kotlin/com/android/tools/lint/checks/ReturnThisDetector.kt:19:27 Unresolved reference: UTypeCastExpression
e: file:///eval/src/generated/kotlin/com/android/tools/lint/checks/ReturnThisDetector.kt:20:27 Unresolved reference: UastUtils
e: file:///eval/src/generated/kotlin/com/android/tools/lint/checks/ReturnThisDetector.kt:33:53 Overload resolution ambiguity: 
public abstract fun getAllAnnotations(owner: PsiModifierListOwner, inHierarchy: Boolean): Array<PsiAnnotation> defined in com.android.tools.lint.client.api.JavaEvaluator
public abstract fun getAllAnnotations(owner: UAnnotated, inHierarchy: Boolean = ...): List<UAnnotation> defined in com.android.tools.lint.client.api.JavaEvaluator
e: file:///eval/src/generated/kotlin/com/android/tools/lint/checks/ReturnThisDetector.kt:35:44 Unresolved reference: qualifiedName
e: file:///eval/src/generated/kotlin/com/android/tools/lint/checks/ReturnThisDetector.kt:63:24 Unresolved reference: UTypeCastExpression
e: file:///eval/src/generated/kotlin/com/android/tools/lint/checks/ReturnThisDetector.kt:64:31 Unresolved reference: operand
e: file:///eval/src/generated/kotlin/com/android/tools/lint/checks/ReturnThisDetector.kt:73:36 Unresolved reference: UastUtils

FAILURE: Build failed with an exception.

* What went wrong:
Execution failed for task ':compileKotlin'.
> A failure occurred while executing org.jetbrains.kotlin.compilerRunner.GradleCompilerRunnerWithWorkers$GradleKotlinCompilerWorkAction
   > Compilation error. See log for more details

* Try:
> Run with --stacktrace option to get the stack trace.
> Run with --info or --debug option to get more log output.
> Run with --scan to get full insights.
> Get more help at https://help.gradle.org.

BUILD FAILED in 6s
