/eval/src/generated/java/com/android/tools/lint/checks/IconDetector.java:134: error: cannot find symbol
    public void visitClass(@NonNull JavaContext context, @NonNull UClass declaration) {
                                    ^
  symbol:   class JavaContext
  location: class IconDetector
/eval/src/generated/java/com/android/tools/lint/checks/IconDetector.java:144: error: cannot find symbol
    public UElementHandler createUastHandler(@NonNull JavaContext context) {
                                                      ^
  symbol:   class JavaContext
  location: class IconDetector
/eval/src/generated/java/com/android/tools/lint/checks/IconDetector.java:83: error: cannot find symbol
            LintMap map = new LintMap.Builder().put(KEY_REQUIRED_API, requiredApi).build();
                                     ^
  symbol:   class Builder
  location: class LintMap
/eval/src/generated/java/com/android/tools/lint/checks/IconDetector.java:84: error: incompatible types: LintMap cannot be converted to LintFix
            context.report(ISSUE, Location.create(info.file), message, map);
                                                                       ^
/eval/src/generated/java/com/android/tools/lint/checks/IconDetector.java:104: error: method does not override or implement a method from a supertype
    @Override
    ^
Note: Some messages have been simplified; recompile with -Xdiags:verbose to get full output
5 errors

FAILURE: Build failed with an exception.

* What went wrong:
Execution failed for task ':compileJava'.
> Compilation failed; see the compiler error output for details.

* Try:
> Run with --info option to get more log output.
> Run with --scan to get full insights.

BUILD FAILED in 5s
