/eval/src/generated/java/com/android/tools/lint/checks/TextFieldDetector.java:25: error: cannot find symbol
public class TextFieldDetector extends LayoutDetector implements XmlScanner {
                                                                 ^
  symbol: class XmlScanner
/eval/src/generated/java/com/android/tools/lint/checks/TextFieldDetector.java:8: error: cannot find symbol
import static com.android.SdkConstants.EXTRACT_EDIT_TEXT;
^
  symbol:   static EXTRACT_EDIT_TEXT
  location: class SdkConstants
/eval/src/generated/java/com/android/tools/lint/checks/TextFieldDetector.java:49: error: cannot find symbol
                EDIT_TEXT, AUTO_COMPLETE_TEXT_VIEW, MULTI_AUTO_COMPLETE_TEXT_VIEW, EXTRACT_EDIT_TEXT);
                                                                                   ^
  symbol:   variable EXTRACT_EDIT_TEXT
  location: class TextFieldDetector
3 errors

FAILURE: Build failed with an exception.

* What went wrong:
Execution failed for task ':compileJava'.
> Compilation failed; see the compiler error output for details.

* Try:
> Run with --info option to get more log output.
> Run with --scan to get full insights.

BUILD FAILED in 5s
