/eval/src/generated/java/com/android/tools/lint/checks/LayoutConsistencyDetector.java:15: error: cannot find symbol
import org.jetbrains.uast.UReference;
                         ^
  symbol:   class UReference
  location: package org.jetbrains.uast
/eval/src/generated/java/com/android/tools/lint/checks/LayoutConsistencyDetector.java:139: error: cannot find symbol
    public void visitResourceReference(@NonNull JavaContext context, @NonNull UReference reference, @NonNull String name) {
                                                                              ^
  symbol:   class UReference
  location: class LayoutConsistencyDetector
/eval/src/generated/java/com/android/tools/lint/checks/LayoutConsistencyDetector.java:138: error: method does not override or implement a method from a supertype
    @Override
    ^
3 errors

FAILURE: Build failed with an exception.

* What went wrong:
Execution failed for task ':compileJava'.
> Compilation failed; see the compiler error output for details.

* Try:
> Run with --info option to get more log output.
> Run with --scan to get full insights.

BUILD FAILED in 4s
