/eval/src/generated/java/com/android/tools/lint/checks/AccessibilityDetector.java:51: error: cannot find symbol
                SdkConstants.TAG_IMAGE_VIEW,
                            ^
  symbol:   variable TAG_IMAGE_VIEW
  location: class SdkConstants
/eval/src/generated/java/com/android/tools/lint/checks/AccessibilityDetector.java:52: error: cannot find symbol
                SdkConstants.TAG_IMAGE_BUTTON,
                            ^
  symbol:   variable TAG_IMAGE_BUTTON
  location: class SdkConstants
/eval/src/generated/java/com/android/tools/lint/checks/AccessibilityDetector.java:54: error: cannot find symbol
                SdkConstants.TAG_EDIT_TEXT
                            ^
  symbol:   variable TAG_EDIT_TEXT
  location: class SdkConstants
/eval/src/generated/java/com/android/tools/lint/checks/AccessibilityDetector.java:61: error: cannot find symbol
        if (SdkConstants.TAG_EDIT_TEXT.equals(tag)) {
                        ^
  symbol:   variable TAG_EDIT_TEXT
  location: class SdkConstants
/eval/src/generated/java/com/android/tools/lint/checks/AccessibilityDetector.java:91: error: cannot find symbol
                && !SdkConstants.VALUE_NULL.equals(contentDescription)
                                ^
  symbol:   variable VALUE_NULL
  location: class SdkConstants
/eval/src/generated/java/com/android/tools/lint/checks/AccessibilityDetector.java:102: error: cannot find symbol
        return !description.isEmpty() && !SdkConstants.VALUE_NULL.equals(description);
                                                      ^
  symbol:   variable VALUE_NULL
  location: class SdkConstants
6 errors

FAILURE: Build failed with an exception.

* What went wrong:
Execution failed for task ':compileJava'.
> Compilation failed; see the compiler error output for details.

* Try:
> Run with --info option to get more log output.
> Run with --scan to get full insights.

BUILD FAILED in 4s
