/eval/src/generated/java/com/android/tools/lint/checks/PowerManagerDetector.java:12: error: cannot find symbol
import org.jetbrains.annotations.NonNull;
                                ^
  symbol:   class NonNull
  location: package org.jetbrains.annotations
/eval/src/generated/java/com/android/tools/lint/checks/PowerManagerDetector.java:38: error: cannot find symbol
    public void visitMethodCall(@NonNull JavaContext context, @NonNull UCallExpression node, @NonNull PsiMethod method) {
                                 ^
  symbol:   class NonNull
  location: class PowerManagerDetector
/eval/src/generated/java/com/android/tools/lint/checks/PowerManagerDetector.java:38: error: cannot find symbol
    public void visitMethodCall(@NonNull JavaContext context, @NonNull UCallExpression node, @NonNull PsiMethod method) {
                                                               ^
  symbol:   class NonNull
  location: class PowerManagerDetector
/eval/src/generated/java/com/android/tools/lint/checks/PowerManagerDetector.java:38: error: cannot find symbol
    public void visitMethodCall(@NonNull JavaContext context, @NonNull UCallExpression node, @NonNull PsiMethod method) {
                                                                                              ^
  symbol:   class NonNull
  location: class PowerManagerDetector
/eval/src/generated/java/com/android/tools/lint/checks/PowerManagerDetector.java:50: error: cannot find symbol
        Object evaluatedTag = context.getEvaluator().evaluate(tagArgument);
                                                    ^
  symbol:   method evaluate(UExpression)
  location: class JavaEvaluator
5 errors

FAILURE: Build failed with an exception.

* What went wrong:
Execution failed for task ':compileJava'.
> Compilation failed; see the compiler error output for details.

* Try:
> Run with --info option to get more log output.
> Run with --scan to get full insights.

BUILD FAILED in 4s
