e: file:///eval/src/generated/kotlin/com/android/tools/lint/checks/EmptySuperDetector.kt:13:27 Unresolved reference: UElementHandler
e: file:///eval/src/generated/kotlin/com/android/tools/lint/checks/EmptySuperDetector.kt:15:27 Unresolved reference: USuperReference
e: file:///eval/src/generated/kotlin/com/android/tools/lint/checks/EmptySuperDetector.kt:39:57 Unresolved reference: UElementHandler
e: file:///eval/src/generated/kotlin/com/android/tools/lint/checks/EmptySuperDetector.kt:40:21 Unresolved reference: UElementHandler
e: file:///eval/src/generated/kotlin/com/android/tools/lint/checks/EmptySuperDetector.kt:41:7 'visitMethod' overrides nothing
e: file:///eval/src/generated/kotlin/com/android/tools/lint/checks/EmptySuperDetector.kt:45:7 'visitCallExpression' overrides nothing
e: file:///eval/src/generated/kotlin/com/android/tools/lint/checks/EmptySuperDetector.kt:46:31 Unresolved reference: USuperReference
e: file:///eval/src/generated/kotlin/com/android/tools/lint/checks/EmptySuperDetector.kt:49:65 Type mismatch: inferred type is PsiMethod but UAnnotated was expected
e: file:///eval/src/generated/kotlin/com/android/tools/lint/checks/EmptySuperDetector.kt:49:73 Cannot find a parameter with this name: inherit

FAILURE: Build failed with an exception.

* What went wrong:
Execution failed for task ':compileKotlin'.
> A failure occurred while executing org.jetbrains.kotlin.compilerRunner.GradleCompilerRunnerWithWorkers$GradleKotlinCompilerWorkAction
   > Compilation error. See log for more details

* Try:
> Run with --stacktrace option to get the stack trace.
> Run with --info or --debug option to get more log output.
> Run with --scan to get full insights.
> Get more help at https://help.gradle.org.

BUILD FAILED in 6s
