/eval/src/generated/java/com/android/tools/lint/checks/ResourcePrefixDetector.java:54: error: cannot find symbol
        mPrefix = context.getProject().getResourcePrefix();
                                      ^
  symbol:   method getResourcePrefix()
  location: class Project
/eval/src/generated/java/com/android/tools/lint/checks/ResourcePrefixDetector.java:64: error: cannot find symbol
        if (context.isInValues()) {
                   ^
  symbol:   method isInValues()
  location: variable context of type XmlContext
/eval/src/generated/java/com/android/tools/lint/checks/ResourcePrefixDetector.java:98: error: method getLocation in class Context cannot be applied to given types;
            context.report(ISSUE, context.getLocation(), message);
                                         ^
  required: Object,LocationType
  found:    no arguments
  reason: actual and formal argument lists differ in length
3 errors

FAILURE: Build failed with an exception.

* What went wrong:
Execution failed for task ':compileJava'.
> Compilation failed; see the compiler error output for details.

* Try:
> Run with --info option to get more log output.
> Run with --scan to get full insights.

BUILD FAILED in 5s
