/eval/src/generated/java/com/android/tools/lint/checks/AlwaysShowActionDetector.java:18: error: cannot find symbol
public class AlwaysShowActionDetector extends ResourceXmlDetector implements Detector.SourceCodeScanner {
                                              ^
  symbol: class ResourceXmlDetector
/eval/src/generated/java/com/android/tools/lint/checks/AlwaysShowActionDetector.java:18: error: cannot find symbol
public class AlwaysShowActionDetector extends ResourceXmlDetector implements Detector.SourceCodeScanner {
                                                                                     ^
  symbol:   class SourceCodeScanner
  location: class Detector
/eval/src/generated/java/com/android/tools/lint/checks/AlwaysShowActionDetector.java:21: error: no suitable constructor found for Implementation(Class<AlwaysShowActionDetector>,EnumSet<Scope>)
            new Implementation(AlwaysShowActionDetector.class, java.util.EnumSet.of(Scope.JAVA_FILE, Scope.RESOURCE_FILE));
            ^
    constructor Implementation.Implementation(Class<? extends Detector>,EnumSet<Scope>) is not applicable
      (argument mismatch; Class<AlwaysShowActionDetector> cannot be converted to Class<? extends Detector>)
    constructor Implementation.Implementation(Class<? extends Detector>,EnumSet<Scope>,EnumSet<Scope>...) is not applicable
      (argument mismatch; Class<AlwaysShowActionDetector> cannot be converted to Class<? extends Detector>)
/eval/src/generated/java/com/android/tools/lint/checks/AlwaysShowActionDetector.java:52: error: method does not override or implement a method from a supertype
    @Override
    ^
/eval/src/generated/java/com/android/tools/lint/checks/AlwaysShowActionDetector.java:57: error: method does not override or implement a method from a supertype
    @Override
    ^
/eval/src/generated/java/com/android/tools/lint/checks/AlwaysShowActionDetector.java:62: error: method does not override or implement a method from a supertype
    @Override
    ^
/eval/src/generated/java/com/android/tools/lint/checks/AlwaysShowActionDetector.java:71: error: method does not override or implement a method from a supertype
    @Override
    ^
/eval/src/generated/java/com/android/tools/lint/checks/AlwaysShowActionDetector.java:87: error: method does not override or implement a method from a supertype
    @Override
    ^
/eval/src/generated/java/com/android/tools/lint/checks/AlwaysShowActionDetector.java:94: error: method does not override or implement a method from a supertype
    @Override
    ^
/eval/src/generated/java/com/android/tools/lint/checks/AlwaysShowActionDetector.java:106: error: method does not override or implement a method from a supertype
    @Override
    ^
/eval/src/generated/java/com/android/tools/lint/checks/AlwaysShowActionDetector.java:118: error: method does not override or implement a method from a supertype
    @Override
    ^
/eval/src/generated/java/com/android/tools/lint/checks/AlwaysShowActionDetector.java:123: error: method does not override or implement a method from a supertype
    @Override
    ^
12 errors

FAILURE: Build failed with an exception.

* What went wrong:
Execution failed for task ':compileJava'.
> Compilation failed; see the compiler error output for details.

* Try:
> Run with --info option to get more log output.
> Run with --scan to get full insights.

BUILD FAILED in 5s
