/eval/src/generated/java/com/android/tools/lint/checks/TooManyViewsDetector.java:35: error: cannot find symbol
        if (context.getClientProperty("reported") != null) {
                   ^
  symbol:   method getClientProperty(String)
  location: variable context of type XmlContext
/eval/src/generated/java/com/android/tools/lint/checks/TooManyViewsDetector.java:43: error: cannot find symbol
            context.putClientProperty("reported", true);
                   ^
  symbol:   method putClientProperty(String,boolean)
  location: variable context of type XmlContext
/eval/src/generated/java/com/android/tools/lint/checks/TooManyViewsDetector.java:44: error: cannot find symbol
            Element root = context.getDocument().getDocumentElement();
                                  ^
  symbol:   method getDocument()
  location: variable context of type XmlContext
3 errors

FAILURE: Build failed with an exception.

* What went wrong:
Execution failed for task ':compileJava'.
> Compilation failed; see the compiler error output for details.

* Try:
> Run with --info option to get more log output.
> Run with --scan to get full insights.

BUILD FAILED in 4s
