/eval/src/generated/java/com/android/tools/lint/checks/ExifInterfaceDetector.java:13: error: cannot find symbol
import org.jetbrains.uast.UElementHandler;
                         ^
  symbol:   class UElementHandler
  location: package org.jetbrains.uast
/eval/src/generated/java/com/android/tools/lint/checks/ExifInterfaceDetector.java:43: error: cannot find symbol
    public UElementHandler createUastHandler(JavaContext context) {
           ^
  symbol:   class UElementHandler
  location: class ExifInterfaceDetector
/eval/src/generated/java/com/android/tools/lint/checks/ExifInterfaceDetector.java:44: error: cannot find symbol
        return new UElementHandler() {
                   ^
  symbol:   class UElementHandler
  location: class ExifInterfaceDetector
/eval/src/generated/java/com/android/tools/lint/checks/ExifInterfaceDetector.java:45: error: method does not override or implement a method from a supertype
            @Override
            ^
/eval/src/generated/java/com/android/tools/lint/checks/ExifInterfaceDetector.java:47: error: cannot find symbol
                String qName = node.getQualifiedName();
                                   ^
  symbol:   method getQualifiedName()
  location: variable node of type UCallExpression
/eval/src/generated/java/com/android/tools/lint/checks/ExifInterfaceDetector.java:53: error: method does not override or implement a method from a supertype
            @Override
            ^
/eval/src/generated/java/com/android/tools/lint/checks/ExifInterfaceDetector.java:55: error: cannot find symbol
                String qName = node.getQualifiedName();
                                   ^
  symbol:   method getQualifiedName()
  location: variable node of type UQualifiedReferenceExpression
/eval/src/generated/java/com/android/tools/lint/checks/ExifInterfaceDetector.java:61: error: method does not override or implement a method from a supertype
            @Override
            ^
/eval/src/generated/java/com/android/tools/lint/checks/ExifInterfaceDetector.java:63: error: cannot find symbol
                String qName = node.getQualifiedName();
                                   ^
  symbol:   method getQualifiedName()
  location: variable node of type UImportStatement
/eval/src/generated/java/com/android/tools/lint/checks/ExifInterfaceDetector.java:69: error: method does not override or implement a method from a supertype
            @Override
            ^
10 errors

FAILURE: Build failed with an exception.

* What went wrong:
Execution failed for task ':compileJava'.
> Compilation failed; see the compiler error output for details.

* Try:
> Run with --info option to get more log output.
> Run with --scan to get full insights.

BUILD FAILED in 3s
