/eval/src/generated/java/com/android/tools/lint/checks/InefficientWeightDetector.java:11: error: cannot find symbol
import com.android.tools.lint.detector.api.SdkConstants;
                                          ^
  symbol:   class SdkConstants
  location: package com.android.tools.lint.detector.api
/eval/src/generated/java/com/android/tools/lint/checks/InefficientWeightDetector.java:38: error: cannot find symbol
        return Collections.singletonList(SdkConstants.LINEAR_LAYOUT);
                                         ^
  symbol:   variable SdkConstants
  location: class InefficientWeightDetector
/eval/src/generated/java/com/android/tools/lint/checks/InefficientWeightDetector.java:50: error: cannot find symbol
                        Attr weightAttr = element.getAttributeNodeNS(SdkConstants.ANDROID_URI, SdkConstants.ATTR_LAYOUT_WEIGHT);
                                                                     ^
  symbol:   variable SdkConstants
  location: class InefficientWeightDetector
/eval/src/generated/java/com/android/tools/lint/checks/InefficientWeightDetector.java:50: error: cannot find symbol
                        Attr weightAttr = element.getAttributeNodeNS(SdkConstants.ANDROID_URI, SdkConstants.ATTR_LAYOUT_WEIGHT);
                                                                                               ^
  symbol:   variable SdkConstants
  location: class InefficientWeightDetector
/eval/src/generated/java/com/android/tools/lint/checks/InefficientWeightDetector.java:62: error: cannot find symbol
        String weight = element.getAttributeNS(SdkConstants.ANDROID_URI, SdkConstants.ATTR_LAYOUT_WEIGHT);
                                               ^
  symbol:   variable SdkConstants
  location: class InefficientWeightDetector
/eval/src/generated/java/com/android/tools/lint/checks/InefficientWeightDetector.java:62: error: cannot find symbol
        String weight = element.getAttributeNS(SdkConstants.ANDROID_URI, SdkConstants.ATTR_LAYOUT_WEIGHT);
                                                                         ^
  symbol:   variable SdkConstants
  location: class InefficientWeightDetector
6 errors

FAILURE: Build failed with an exception.

* What went wrong:
Execution failed for task ':compileJava'.
> Compilation failed; see the compiler error output for details.

* Try:
> Run with --info option to get more log output.
> Run with --scan to get full insights.

BUILD FAILED in 8s
