e: file:///eval/src/generated/kotlin/com/android/tools/lint/checks/ChromeOsSourceDetector.kt:10:44 Unresolved reference: UastScanner
e: file:///eval/src/generated/kotlin/com/android/tools/lint/checks/ChromeOsSourceDetector.kt:13:27 Unresolved reference: UElementHandler
e: file:///eval/src/generated/kotlin/com/android/tools/lint/checks/ChromeOsSourceDetector.kt:17:44 Unresolved reference: UastScanner
e: file:///eval/src/generated/kotlin/com/android/tools/lint/checks/ChromeOsSourceDetector.kt:23:59 Unresolved reference: UElementHandler
e: file:///eval/src/generated/kotlin/com/android/tools/lint/checks/ChromeOsSourceDetector.kt:24:25 Unresolved reference: UElementHandler
e: file:///eval/src/generated/kotlin/com/android/tools/lint/checks/ChromeOsSourceDetector.kt:25:13 'visitReferenceExpression' overrides nothing
e: file:///eval/src/generated/kotlin/com/android/tools/lint/checks/ChromeOsSourceDetector.kt:26:26 Unresolved reference: identifier
e: file:///eval/src/generated/kotlin/com/android/tools/lint/checks/ChromeOsSourceDetector.kt:28:58 Type mismatch: inferred type is UReferenceExpression but PsiElement was expected
e: file:///eval/src/generated/kotlin/com/android/tools/lint/checks/ChromeOsSourceDetector.kt:30:59 None of the following functions can be called with the arguments supplied: 
public open fun getQualifiedName(psiClass: PsiClass): String? defined in com.android.tools.lint.client.api.JavaEvaluator
public open fun getQualifiedName(psiClassType: PsiClassType): String? defined in com.android.tools.lint.client.api.JavaEvaluator
e: file:///eval/src/generated/kotlin/com/android/tools/lint/checks/ChromeOsSourceDetector.kt:37:13 'visitLiteralExpression' overrides nothing

FAILURE: Build failed with an exception.

* What went wrong:
Execution failed for task ':compileKotlin'.
> A failure occurred while executing org.jetbrains.kotlin.compilerRunner.GradleCompilerRunnerWithWorkers$GradleKotlinCompilerWorkAction
   > Compilation error. See log for more details

* Try:
> Run with --stacktrace option to get the stack trace.
> Run with --info or --debug option to get more log output.
> Run with --scan to get full insights.
> Get more help at https://help.gradle.org.

BUILD FAILED in 6s
