/eval/src/generated/java/com/android/tools/lint/checks/AccessibilityDetector.java:16: error: cannot find symbol
public class AccessibilityDetector extends LayoutDetector {
                                           ^
  symbol: class LayoutDetector
/eval/src/generated/java/com/android/tools/lint/checks/AccessibilityDetector.java:27: error: no suitable constructor found for Implementation(Class<AccessibilityDetector>,EnumSet<Scope>)
            new Implementation(AccessibilityDetector.class, Scope.RESOURCE_FILE_SCOPE);
            ^
    constructor Implementation.Implementation(Class<? extends Detector>,EnumSet<Scope>) is not applicable
      (argument mismatch; Class<AccessibilityDetector> cannot be converted to Class<? extends Detector>)
    constructor Implementation.Implementation(Class<? extends Detector>,EnumSet<Scope>,EnumSet<Scope>...) is not applicable
      (argument mismatch; Class<AccessibilityDetector> cannot be converted to Class<? extends Detector>)
/eval/src/generated/java/com/android/tools/lint/checks/AccessibilityDetector.java:39: error: method does not override or implement a method from a supertype
    @Override
    ^
/eval/src/generated/java/com/android/tools/lint/checks/AccessibilityDetector.java:44: error: method does not override or implement a method from a supertype
    @Override
    ^
/eval/src/generated/java/com/android/tools/lint/checks/AccessibilityDetector.java:49: error: method does not override or implement a method from a supertype
    @Override
    ^
/eval/src/generated/java/com/android/tools/lint/checks/AccessibilityDetector.java:69: error: method does not override or implement a method from a supertype
    @Override
    ^
6 errors

FAILURE: Build failed with an exception.

* What went wrong:
Execution failed for task ':compileJava'.
> Compilation failed; see the compiler error output for details.

* Try:
> Run with --info option to get more log output.
> Run with --scan to get full insights.

BUILD FAILED in 4s
