/eval/src/generated/java/com/android/tools/lint/checks/ParcelDetector.java:40: error: incompatible types: String cannot be converted to JvmModifier
        if (declaration.hasModifier(PsiModifier.ABSTRACT)
                                               ^
/eval/src/generated/java/com/android/tools/lint/checks/ParcelDetector.java:48: error: incompatible types: String cannot be converted to JvmModifier
            if ("CREATOR".equals(field.getName()) && field.hasModifier(PsiModifier.STATIC)) {
                                                                                  ^
/eval/src/generated/java/com/android/tools/lint/checks/ParcelDetector.java:55: error: reference to getLocation is ambiguous
            context.report(ISSUE, context.getLocation(declaration),
                                         ^
  both method getLocation(PsiElement) in JavaContext and method getLocation(UElement) in JavaContext match
Note: Some messages have been simplified; recompile with -Xdiags:verbose to get full output
3 errors

FAILURE: Build failed with an exception.

* What went wrong:
Execution failed for task ':compileJava'.
> Compilation failed; see the compiler error output for details.

* Try:
> Run with --info option to get more log output.
> Run with --scan to get full insights.

BUILD FAILED in 5s
