e: file:///eval/src/generated/kotlin/com/android/tools/lint/checks/SecretDetector.kt:13:27 Unresolved reference: UStringLiteralExpression
e: file:///eval/src/generated/kotlin/com/android/tools/lint/checks/SecretDetector.kt:46:23 Unresolved reference: UStringLiteralExpression
e: file:///eval/src/generated/kotlin/com/android/tools/lint/checks/SecretDetector.kt:51:13 'visitStringLiteralExpression' overrides nothing
e: file:///eval/src/generated/kotlin/com/android/tools/lint/checks/SecretDetector.kt:51:61 Unresolved reference: UStringLiteralExpression
e: file:///eval/src/generated/kotlin/com/android/tools/lint/checks/SecretDetector.kt:63:45 Unresolved reference: name
e: file:///eval/src/generated/kotlin/com/android/tools/lint/checks/SecretDetector.kt:108:58 Unresolved reference: UStringLiteralExpression
e: file:///eval/src/generated/kotlin/com/android/tools/lint/checks/SecretDetector.kt:112:21 Overload resolution ambiguity: 
public final fun getLocation(node: PsiElement): Location defined in com.android.tools.lint.detector.api.JavaContext
public final fun getLocation(node: Any?, type: LocationType = ...): Location defined in com.android.tools.lint.detector.api.JavaContext
public final fun getLocation(element: UElement): Location defined in com.android.tools.lint.detector.api.JavaContext
public final fun getLocation(element: UField): Location defined in com.android.tools.lint.detector.api.JavaContext
public final fun getLocation(element: UMethod): Location defined in com.android.tools.lint.detector.api.JavaContext

FAILURE: Build failed with an exception.

* What went wrong:
Execution failed for task ':compileKotlin'.
> A failure occurred while executing org.jetbrains.kotlin.compilerRunner.GradleCompilerRunnerWithWorkers$GradleKotlinCompilerWorkAction
   > Compilation error. See log for more details

* Try:
> Run with --stacktrace option to get the stack trace.
> Run with --info or --debug option to get more log output.
> Run with --scan to get full insights.
> Get more help at https://help.gradle.org.

BUILD FAILED in 8s
