/eval/src/generated/java/com/android/tools/lint/checks/OnClickDetector.java:6: error: cannot find symbol
import static com.android.SdkConstants.VIEW_CLASS;
^
  symbol:   static VIEW_CLASS
  location: class SdkConstants
/eval/src/generated/java/com/android/tools/lint/checks/OnClickDetector.java:75: error: cannot find symbol
        JavaEvaluator evaluator = context.getEvaluator();
                                         ^
  symbol:   method getEvaluator()
  location: variable context of type XmlContext
/eval/src/generated/java/com/android/tools/lint/checks/OnClickDetector.java:112: error: cannot find symbol
        return parameterClass != null && VIEW_CLASS.equals(parameterClass.getQualifiedName());
                                         ^
  symbol:   variable VIEW_CLASS
  location: class OnClickDetector
3 errors

FAILURE: Build failed with an exception.

* What went wrong:
Execution failed for task ':compileJava'.
> Compilation failed; see the compiler error output for details.

* Try:
> Run with --info option to get more log output.
> Run with --scan to get full insights.

BUILD FAILED in 4s
