e: file:///eval/src/generated/kotlin/com/android/tools/lint/checks/PackageVisibilityDetector.kt:37:14 Expecting ','
e: file:///eval/src/generated/kotlin/com/android/tools/lint/checks/PackageVisibilityDetector.kt:40:67 Expecting ','
e: file:///eval/src/generated/kotlin/com/android/tools/lint/checks/PackageVisibilityDetector.kt:43:62 Expecting ')'
e: file:///eval/src/generated/kotlin/com/android/tools/lint/checks/PackageVisibilityDetector.kt:62:1 Expecting a top level declaration
e: file:///eval/src/generated/kotlin/com/android/tools/lint/checks/PackageVisibilityDetector.kt:40:9 This annotation is not applicable to target 'local variable'
e: file:///eval/src/generated/kotlin/com/android/tools/lint/checks/PackageVisibilityDetector.kt:40:9 Declarations are not allowed in this position
e: file:///eval/src/generated/kotlin/com/android/tools/lint/checks/PackageVisibilityDetector.kt:40:9 Mixing named and positioned arguments is not allowed
e: file:///eval/src/generated/kotlin/com/android/tools/lint/checks/PackageVisibilityDetector.kt:40:62 Type checking has run into a recursive problem. Easiest workaround: specify types of your declarations explicitly
e: file:///eval/src/generated/kotlin/com/android/tools/lint/checks/PackageVisibilityDetector.kt:43:9 This annotation is not applicable to target 'local variable'
e: file:///eval/src/generated/kotlin/com/android/tools/lint/checks/PackageVisibilityDetector.kt:43:9 Declarations are not allowed in this position
e: file:///eval/src/generated/kotlin/com/android/tools/lint/checks/PackageVisibilityDetector.kt:43:9 Mixing named and positioned arguments is not allowed
e: file:///eval/src/generated/kotlin/com/android/tools/lint/checks/PackageVisibilityDetector.kt:43:57 Type checking has run into a recursive problem. Easiest workaround: specify types of your declarations explicitly
e: file:///eval/src/generated/kotlin/com/android/tools/lint/checks/PackageVisibilityDetector.kt:43:57 Variable 'ISSUE' must be initialized
e: file:///eval/src/generated/kotlin/com/android/tools/lint/checks/PackageVisibilityDetector.kt:47:5 Modifier 'override' is not applicable to 'top level function'
e: file:///eval/src/generated/kotlin/com/android/tools/lint/checks/PackageVisibilityDetector.kt:51:5 Modifier 'override' is not applicable to 'top level function'
e: file:///eval/src/generated/kotlin/com/android/tools/lint/checks/PackageVisibilityDetector.kt:53:23 Unresolved reference: isMemberInSubclassOf
e: file:///eval/src/generated/kotlin/com/android/tools/lint/checks/PackageVisibilityDetector.kt:55:17 Unresolved reference: ISSUE

FAILURE: Build failed with an exception.

* What went wrong:
Execution failed for task ':compileKotlin'.
> A failure occurred while executing org.jetbrains.kotlin.compilerRunner.GradleCompilerRunnerWithWorkers$GradleKotlinCompilerWorkAction
   > Compilation error. See log for more details

* Try:
> Run with --stacktrace option to get the stack trace.
> Run with --info or --debug option to get more log output.
> Run with --scan to get full insights.
> Get more help at https://help.gradle.org.

BUILD FAILED in 6s
