e: file:///eval/src/generated/kotlin/com/android/tools/lint/checks/ViewTypeDetector.kt:20:54 Type mismatch: inferred type is PsiClass but String was expected
e: file:///eval/src/generated/kotlin/com/android/tools/lint/checks/ViewTypeDetector.kt:21:24 Unresolved reference: isClass
e: file:///eval/src/generated/kotlin/com/android/tools/lint/checks/ViewTypeDetector.kt:22:24 Unresolved reference: isClass
e: file:///eval/src/generated/kotlin/com/android/tools/lint/checks/ViewTypeDetector.kt:31:23 Unresolved reference: UCastExpression
e: file:///eval/src/generated/kotlin/com/android/tools/lint/checks/ViewTypeDetector.kt:35:23 Unresolved reference: isClass
e: file:///eval/src/generated/kotlin/com/android/tools/lint/checks/ViewTypeDetector.kt:36:37 Type mismatch: inferred type is PsiType but PsiClass? was expected
e: file:///eval/src/generated/kotlin/com/android/tools/lint/checks/ViewTypeDetector.kt:36:51 Type mismatch: inferred type is PsiClass but String was expected
e: file:///eval/src/generated/kotlin/com/android/tools/lint/checks/ViewTypeDetector.kt:60:16 Unresolved reference: UAssignmentExpression
e: file:///eval/src/generated/kotlin/com/android/tools/lint/checks/ViewTypeDetector.kt:60:51 Unresolved reference: getType
e: file:///eval/src/generated/kotlin/com/android/tools/lint/checks/ViewTypeDetector.kt:60:66 Unresolved reference: leftOperand
e: file:///eval/src/generated/kotlin/com/android/tools/lint/checks/ViewTypeDetector.kt:62:37 Unresolved reference. None of the following candidates is applicable because of receiver type mismatch: 
public fun <T : UElement> PsiElement?.getUastParentOfType(cls: Class<out TypeVariable(T)>, strict: Boolean = ...): TypeVariable(T)? defined in org.jetbrains.uast
public inline fun <reified T : UElement> PsiElement?.getUastParentOfType(strict: Boolean = ...): TypeVariable(T)? defined in org.jetbrains.uast

FAILURE: Build failed with an exception.

* What went wrong:
Execution failed for task ':compileKotlin'.
> A failure occurred while executing org.jetbrains.kotlin.compilerRunner.GradleCompilerRunnerWithWorkers$GradleKotlinCompilerWorkAction
   > Compilation error. See log for more details

* Try:
> Run with --stacktrace option to get the stack trace.
> Run with --info or --debug option to get more log output.
> Run with --scan to get full insights.
> Get more help at https://help.gradle.org.

BUILD FAILED in 9s
