/eval/src/generated/java/com/android/tools/lint/checks/IconDetector.java:4: error: cannot find symbol
import com.android.resources.DensityQualifier;
                            ^
  symbol:   class DensityQualifier
  location: package com.android.resources
/eval/src/generated/java/com/android/tools/lint/checks/IconDetector.java:5: error: cannot find symbol
import com.android.resources.ResourceQualifier;
                            ^
  symbol:   class ResourceQualifier
  location: package com.android.resources
/eval/src/generated/java/com/android/tools/lint/checks/IconDetector.java:8: error: cannot find symbol
import org.jetbrains.annotations.NonNull;
                                ^
  symbol:   class NonNull
  location: package org.jetbrains.annotations
/eval/src/generated/java/com/android/tools/lint/checks/IconDetector.java:54: error: cannot find symbol
    public EnumSet<FileType> getApplicableFileTypes() {
                   ^
  symbol:   class FileType
  location: class IconDetector
/eval/src/generated/java/com/android/tools/lint/checks/IconDetector.java:47: error: cannot find symbol
    public void beforeCheckRootProject(@NonNull Context context) {
                                        ^
  symbol:   class NonNull
  location: class IconDetector
/eval/src/generated/java/com/android/tools/lint/checks/IconDetector.java:52: error: cannot find symbol
    @NonNull
     ^
  symbol:   class NonNull
  location: class IconDetector
/eval/src/generated/java/com/android/tools/lint/checks/IconDetector.java:59: error: cannot find symbol
    public void checkBinaryResource(@NonNull ResourceContext context) {
                                     ^
  symbol:   class NonNull
  location: class IconDetector
/eval/src/generated/java/com/android/tools/lint/checks/IconDetector.java:84: error: cannot find symbol
    private static String getDensity(@NonNull ResourceContext context) {
                                      ^
  symbol:   class NonNull
  location: class IconDetector
/eval/src/generated/java/com/android/tools/lint/checks/IconDetector.java:100: error: cannot find symbol
    public void afterCheckRootProject(@NonNull Context context) {
                                       ^
  symbol:   class NonNull
  location: class IconDetector
/eval/src/generated/java/com/android/tools/lint/checks/IconDetector.java:53: error: method does not override or implement a method from a supertype
    @Override
    ^
/eval/src/generated/java/com/android/tools/lint/checks/IconDetector.java:55: error: cannot find symbol
        return EnumSet.of(FileType.IMAGE);
                          ^
  symbol:   variable FileType
  location: class IconDetector
/eval/src/generated/java/com/android/tools/lint/checks/IconDetector.java:60: error: cannot find symbol
        ResourceType type = context.getResourceType();
                                   ^
  symbol:   method getResourceType()
  location: variable context of type ResourceContext
/eval/src/generated/java/com/android/tools/lint/checks/IconDetector.java:65: error: cannot find symbol
        File file = context.getFile();
                           ^
  symbol:   method getFile()
  location: variable context of type ResourceContext
/eval/src/generated/java/com/android/tools/lint/checks/IconDetector.java:85: error: cannot find symbol
        List<ResourceQualifier> qualifiers = context.getQualifiers();
             ^
  symbol:   class ResourceQualifier
  location: class IconDetector
/eval/src/generated/java/com/android/tools/lint/checks/IconDetector.java:85: error: cannot find symbol
        List<ResourceQualifier> qualifiers = context.getQualifiers();
                                                    ^
  symbol:   method getQualifiers()
  location: variable context of type ResourceContext
/eval/src/generated/java/com/android/tools/lint/checks/IconDetector.java:87: error: cannot find symbol
            for (ResourceQualifier q : qualifiers) {
                 ^
  symbol:   class ResourceQualifier
  location: class IconDetector
/eval/src/generated/java/com/android/tools/lint/checks/IconDetector.java:88: error: cannot find symbol
                if (q instanceof DensityQualifier) {
                                 ^
  symbol:   class DensityQualifier
  location: class IconDetector
/eval/src/generated/java/com/android/tools/lint/checks/IconDetector.java:89: error: cannot find symbol
                    Density d = ((DensityQualifier) q).getValue();
                                  ^
  symbol:   class DensityQualifier
  location: class IconDetector
18 errors

FAILURE: Build failed with an exception.

* What went wrong:
Execution failed for task ':compileJava'.
> Compilation failed; see the compiler error output for details.

* Try:
> Run with --info option to get more log output.
> Run with --scan to get full insights.

BUILD FAILED in 3s
