/eval/src/generated/java/com/android/tools/lint/checks/ResourcePrefixDetector.java:55: error: cannot find symbol
        String prefix = project.getResourcePrefix();
                               ^
  symbol:   method getResourcePrefix()
  location: variable project of type Project
/eval/src/generated/java/com/android/tools/lint/checks/ResourcePrefixDetector.java:98: error: method getLocation in class Context cannot be applied to given types;
                    context.getLocation(),
                           ^
  required: Object,LocationType
  found:    no arguments
  reason: actual and formal argument lists differ in length
/eval/src/generated/java/com/android/tools/lint/checks/ResourcePrefixDetector.java:136: error: cannot find symbol
        String name = context.getName();
                             ^
  symbol:   method getName()
  location: variable context of type ResourceContext
/eval/src/generated/java/com/android/tools/lint/checks/ResourcePrefixDetector.java:143: error: method getLocation in class Context cannot be applied to given types;
                    context.getLocation(),
                           ^
  required: Object,LocationType
  found:    no arguments
  reason: actual and formal argument lists differ in length
4 errors

FAILURE: Build failed with an exception.

* What went wrong:
Execution failed for task ':compileJava'.
> Compilation failed; see the compiler error output for details.

* Try:
> Run with --info option to get more log output.
> Run with --scan to get full insights.

BUILD FAILED in 4s
