/eval/src/generated/java/com/android/tools/lint/checks/RegistrationDetector.java:3: error: cannot find symbol
import com.android.tools.lint.checks.LayoutDetector;
                                    ^
  symbol:   class LayoutDetector
  location: package com.android.tools.lint.checks
/eval/src/generated/java/com/android/tools/lint/checks/RegistrationDetector.java:23: error: cannot find symbol
public class RegistrationDetector extends LayoutDetector implements SourceCodeScanner, XmlScanner {
                                          ^
  symbol: class LayoutDetector
/eval/src/generated/java/com/android/tools/lint/checks/RegistrationDetector.java:23: error: RegistrationDetector is not abstract and does not override abstract method analyzeCallGraph(Context,CallGraphResult) in SourceCodeScanner
public class RegistrationDetector extends LayoutDetector implements SourceCodeScanner, XmlScanner {
       ^
/eval/src/generated/java/com/android/tools/lint/checks/RegistrationDetector.java:46: error: incompatible types: Class<RegistrationDetector> cannot be converted to Class<? extends Detector>
                            RegistrationDetector.class,
                                                ^
/eval/src/generated/java/com/android/tools/lint/checks/RegistrationDetector.java:60: error: cannot find symbol
        if (declaration.isAbstract()) {
                       ^
  symbol:   method isAbstract()
  location: variable declaration of type UClass
/eval/src/generated/java/com/android/tools/lint/checks/RegistrationDetector.java:72: error: cannot find symbol
        LintMap projectMap = partial.getProjectScope(context.getProject());
                                    ^
  symbol:   method getProjectScope(Project)
  location: variable partial of type PartialResult
/eval/src/generated/java/com/android/tools/lint/checks/RegistrationDetector.java:95: error: cannot find symbol
        String pkg = context.getDocument().getDocumentElement().getAttribute("package");
                            ^
  symbol:   method getDocument()
  location: variable context of type XmlContext
/eval/src/generated/java/com/android/tools/lint/checks/RegistrationDetector.java:106: error: cannot find symbol
        LintMap global = partial.getGlobalScope();
                                ^
  symbol:   method getGlobalScope()
  location: variable partial of type PartialResult
/eval/src/generated/java/com/android/tools/lint/checks/RegistrationDetector.java:110: error: method does not override or implement a method from a supertype
    @Override
    ^
/eval/src/generated/java/com/android/tools/lint/checks/RegistrationDetector.java:112: error: cannot find symbol
        LintMap global = pendingResult.getGlobalScope();
                                      ^
  symbol:   method getGlobalScope()
  location: variable pendingResult of type PartialResult
/eval/src/generated/java/com/android/tools/lint/checks/RegistrationDetector.java:116: error: cannot find symbol
            LintMap projectMap = pendingResult.getProjectScope(project);
                                              ^
  symbol:   method getProjectScope(Project)
  location: variable pendingResult of type PartialResult
Note: Some messages have been simplified; recompile with -Xdiags:verbose to get full output
11 errors

FAILURE: Build failed with an exception.

* What went wrong:
Execution failed for task ':compileJava'.
> Compilation failed; see the compiler error output for details.

* Try:
> Run with --info option to get more log output.
> Run with --scan to get full insights.

BUILD FAILED in 3s
