/eval/src/generated/java/com/android/tools/lint/checks/JobSchedulerDetector.java:13: error: cannot find symbol
import com.android.tools.lint.detector.api.PositionXmlParser;
                                          ^
  symbol:   class PositionXmlParser
  location: package com.android.tools.lint.detector.api
/eval/src/generated/java/com/android/tools/lint/checks/JobSchedulerDetector.java:102: error: cannot find symbol
            @NonNull Context context, @NonNull Detector.PartialResultMap partialResult) {
                                                       ^
  symbol:   class PartialResultMap
  location: class Detector
/eval/src/generated/java/com/android/tools/lint/checks/JobSchedulerDetector.java:89: error: cannot find symbol
        Detector.PartialResultMap partialResults = context.getPartialResults();
                ^
  symbol:   class PartialResultMap
  location: class Detector
/eval/src/generated/java/com/android/tools/lint/checks/JobSchedulerDetector.java:89: error: method getPartialResults in class Context cannot be applied to given types;
        Detector.PartialResultMap partialResults = context.getPartialResults();
                                                          ^
  required: Issue
  found:    no arguments
  reason: actual and formal argument lists differ in length
/eval/src/generated/java/com/android/tools/lint/checks/JobSchedulerDetector.java:123: error: incompatible types: Location cannot be converted to String
                    context.report(JOB_SCHEDULER_SERVICE, null, location, message);
                                                                ^
/eval/src/generated/java/com/android/tools/lint/checks/JobSchedulerDetector.java:133: error: incompatible types: Location cannot be converted to String
                    context.report(JOB_SCHEDULER_SERVICE, null, location, message);
                                                                ^
/eval/src/generated/java/com/android/tools/lint/checks/JobSchedulerDetector.java:168: error: constructor ConstantEvaluator in class ConstantEvaluator cannot be applied to given types;
        Object value = new ConstantEvaluator(context).evaluate(expression);
                       ^
  required: no arguments
  found:    JavaContext
  reason: actual and formal argument lists differ in length
/eval/src/generated/java/com/android/tools/lint/checks/JobSchedulerDetector.java:194: error: cannot find symbol
                org.w3c.dom.Document document = PositionXmlParser.parse(file);
                                                ^
  symbol:   variable PositionXmlParser
  location: class JobSchedulerDetector
Note: Some messages have been simplified; recompile with -Xdiags:verbose to get full output
8 errors

FAILURE: Build failed with an exception.

* What went wrong:
Execution failed for task ':compileJava'.
> Compilation failed; see the compiler error output for details.

* Try:
> Run with --info option to get more log output.
> Run with --scan to get full insights.

BUILD FAILED in 4s
