/eval/src/generated/java/com/android/tools/lint/checks/TooManyViewsDetector.java:8: error: cannot find symbol
import com.android.tools.lint.detector.api.ResourceFolderType;
                                          ^
  symbol:   class ResourceFolderType
  location: package com.android.tools.lint.detector.api
/eval/src/generated/java/com/android/tools/lint/checks/TooManyViewsDetector.java:43: error: cannot find symbol
        mCheckLayout = context.getResourceFolderType() == ResourceFolderType.LAYOUT;
                              ^
  symbol:   method getResourceFolderType()
  location: variable context of type Context
/eval/src/generated/java/com/android/tools/lint/checks/TooManyViewsDetector.java:43: error: cannot find symbol
        mCheckLayout = context.getResourceFolderType() == ResourceFolderType.LAYOUT;
                                                          ^
  symbol:   variable ResourceFolderType
  location: class TooManyViewsDetector
3 errors

FAILURE: Build failed with an exception.

* What went wrong:
Execution failed for task ':compileJava'.
> Compilation failed; see the compiler error output for details.

* Try:
> Run with --info option to get more log output.
> Run with --scan to get full insights.

BUILD FAILED in 4s
