e: file:///eval/src/generated/kotlin/com/android/tools/lint/checks/ReturnThisDetector.kt:7:27 Unresolved reference: skipParenthesized
e: file:///eval/src/generated/kotlin/com/android/tools/lint/checks/ReturnThisDetector.kt:9:40 Unresolved reference: UastScanner
e: file:///eval/src/generated/kotlin/com/android/tools/lint/checks/ReturnThisDetector.kt:25:59 Unresolved reference: UElementHandler
e: file:///eval/src/generated/kotlin/com/android/tools/lint/checks/ReturnThisDetector.kt:26:25 Unresolved reference: UElementHandler
e: file:///eval/src/generated/kotlin/com/android/tools/lint/checks/ReturnThisDetector.kt:27:13 'visitMethod' overrides nothing
e: file:///eval/src/generated/kotlin/com/android/tools/lint/checks/ReturnThisDetector.kt:32:39 Unresolved reference: getSuperMethods
e: file:///eval/src/generated/kotlin/com/android/tools/lint/checks/ReturnThisDetector.kt:32:72 Cannot infer a type for this parameter. Please specify it explicitly.
e: file:///eval/src/generated/kotlin/com/android/tools/lint/checks/ReturnThisDetector.kt:33:58 Unresolved reference: qualifiedName
e: file:///eval/src/generated/kotlin/com/android/tools/lint/checks/ReturnThisDetector.kt:58:46 Unresolved reference: skipParenthesized

FAILURE: Build failed with an exception.

* What went wrong:
Execution failed for task ':compileKotlin'.
> A failure occurred while executing org.jetbrains.kotlin.compilerRunner.GradleCompilerRunnerWithWorkers$GradleKotlinCompilerWorkAction
   > Compilation error. See log for more details

* Try:
> Run with --stacktrace option to get the stack trace.
> Run with --info or --debug option to get more log output.
> Run with --scan to get full insights.
> Get more help at https://help.gradle.org.

BUILD FAILED in 6s
