e: file:///eval/src/generated/kotlin/com/android/tools/lint/checks/ReturnThisDetector.kt:52:5 'visitAnnotationUsage' overrides nothing
e: file:///eval/src/generated/kotlin/com/android/tools/lint/checks/ReturnThisDetector.kt:63:5 'visitReturnExpression' overrides nothing
e: file:///eval/src/generated/kotlin/com/android/tools/lint/checks/ReturnThisDetector.kt:103:34 Overload resolution ambiguity: 
public abstract fun getAllAnnotations(owner: PsiModifierListOwner, inHierarchy: Boolean): Array<PsiAnnotation> defined in com.android.tools.lint.client.api.JavaEvaluator
public abstract fun getAllAnnotations(owner: UAnnotated, inHierarchy: Boolean = ...): List<UAnnotation> defined in com.android.tools.lint.client.api.JavaEvaluator
e: file:///eval/src/generated/kotlin/com/android/tools/lint/checks/ReturnThisDetector.kt:104:29 Unresolved reference: qualifiedName
e: file:///eval/src/generated/kotlin/com/android/tools/lint/checks/ReturnThisDetector.kt:109:34 Unresolved reference: getSuperMethods
e: file:///eval/src/generated/kotlin/com/android/tools/lint/checks/ReturnThisDetector.kt:109:68 Cannot infer a type for this parameter. Please specify it explicitly.
e: file:///eval/src/generated/kotlin/com/android/tools/lint/checks/ReturnThisDetector.kt:110:31 Overload resolution ambiguity: 
public abstract fun getAllAnnotations(owner: PsiModifierListOwner, inHierarchy: Boolean): Array<PsiAnnotation> defined in com.android.tools.lint.client.api.JavaEvaluator
public abstract fun getAllAnnotations(owner: UAnnotated, inHierarchy: Boolean = ...): List<UAnnotation> defined in com.android.tools.lint.client.api.JavaEvaluator
e: file:///eval/src/generated/kotlin/com/android/tools/lint/checks/ReturnThisDetector.kt:111:33 Unresolved reference: qualifiedName

FAILURE: Build failed with an exception.

* What went wrong:
Execution failed for task ':compileKotlin'.
> A failure occurred while executing org.jetbrains.kotlin.compilerRunner.GradleCompilerRunnerWithWorkers$GradleKotlinCompilerWorkAction
   > Compilation error. See log for more details

* Try:
> Run with --stacktrace option to get the stack trace.
> Run with --info or --debug option to get more log output.
> Run with --scan to get full insights.
> Get more help at https://help.gradle.org.

BUILD FAILED in 6s
