/eval/src/generated/java/com/android/tools/lint/checks/IconDetector.java:33: error: cannot find symbol
    public void beforeCheckRootProject(@NonNull Context context) {
                                        ^
  symbol:   class NonNull
  location: class IconDetector
/eval/src/generated/java/com/android/tools/lint/checks/IconDetector.java:38: error: cannot find symbol
    public void afterCheckEachProject(@NonNull Context context) {
                                       ^
  symbol:   class NonNull
  location: class IconDetector
/eval/src/generated/java/com/android/tools/lint/checks/IconDetector.java:126: error: cannot find symbol
    public void filterIncident(@NonNull Context context, @NonNull Incident incident) {
                                ^
  symbol:   class NonNull
  location: class IconDetector
/eval/src/generated/java/com/android/tools/lint/checks/IconDetector.java:126: error: cannot find symbol
    public void filterIncident(@NonNull Context context, @NonNull Incident incident) {
                                                          ^
  symbol:   class NonNull
  location: class IconDetector
/eval/src/generated/java/com/android/tools/lint/checks/IconDetector.java:131: error: cannot find symbol
    public boolean appliesTo(@NonNull Project project) {
                              ^
  symbol:   class NonNull
  location: class IconDetector
/eval/src/generated/java/com/android/tools/lint/checks/IconDetector.java:141: error: cannot find symbol
    public void visitElement(@NonNull XmlContext context, @NonNull org.w3c.dom.Element element) {
                              ^
  symbol:   class NonNull
  location: class IconDetector
/eval/src/generated/java/com/android/tools/lint/checks/IconDetector.java:141: error: cannot find symbol
    public void visitElement(@NonNull XmlContext context, @NonNull org.w3c.dom.Element element) {
                                                           ^
  symbol:   class NonNull
  location: class IconDetector
/eval/src/generated/java/com/android/tools/lint/checks/IconDetector.java:146: error: cannot find symbol
    public UElementHandler createUastHandler(@NonNull JavaContext context) {
                                              ^
  symbol:   class NonNull
  location: class IconDetector
/eval/src/generated/java/com/android/tools/lint/checks/IconDetector.java:170: error: cannot find symbol
    public void visitMethod(@NonNull JavaContext context, @NonNull UMethod node) {
                             ^
  symbol:   class NonNull
  location: class IconDetector
/eval/src/generated/java/com/android/tools/lint/checks/IconDetector.java:170: error: cannot find symbol
    public void visitMethod(@NonNull JavaContext context, @NonNull UMethod node) {
                                                           ^
  symbol:   class NonNull
  location: class IconDetector
/eval/src/generated/java/com/android/tools/lint/checks/IconDetector.java:174: error: cannot find symbol
    public void visitCallExpression(@NonNull JavaContext context, @NonNull UCallExpression node) {
                                     ^
  symbol:   class NonNull
  location: class IconDetector
/eval/src/generated/java/com/android/tools/lint/checks/IconDetector.java:174: error: cannot find symbol
    public void visitCallExpression(@NonNull JavaContext context, @NonNull UCallExpression node) {
                                                                   ^
  symbol:   class NonNull
  location: class IconDetector
/eval/src/generated/java/com/android/tools/lint/checks/IconDetector.java:178: error: cannot find symbol
    public void visitClass(@NonNull JavaContext context, @NonNull UClass node) {
                            ^
  symbol:   class NonNull
  location: class IconDetector
/eval/src/generated/java/com/android/tools/lint/checks/IconDetector.java:178: error: cannot find symbol
    public void visitClass(@NonNull JavaContext context, @NonNull UClass node) {
                                                          ^
  symbol:   class NonNull
  location: class IconDetector
/eval/src/generated/java/com/android/tools/lint/checks/IconDetector.java:182: error: cannot find symbol
    public void visitSimpleNameReferenceExpression(@NonNull JavaContext context, @NonNull USimpleNameReferenceExpression node) {
                                                    ^
  symbol:   class NonNull
  location: class IconDetector
/eval/src/generated/java/com/android/tools/lint/checks/IconDetector.java:182: error: cannot find symbol
    public void visitSimpleNameReferenceExpression(@NonNull JavaContext context, @NonNull USimpleNameReferenceExpression node) {
                                                                                  ^
  symbol:   class NonNull
  location: class IconDetector
/eval/src/generated/java/com/android/tools/lint/checks/IconDetector.java:125: error: method does not override or implement a method from a supertype
    @Override
    ^
/eval/src/generated/java/com/android/tools/lint/checks/IconDetector.java:130: error: method does not override or implement a method from a supertype
    @Override
    ^
/eval/src/generated/java/com/android/tools/lint/checks/IconDetector.java:149: error: cannot find symbol
            public void visitMethod(@NonNull UMethod node) {
                                     ^
  symbol: class NonNull
/eval/src/generated/java/com/android/tools/lint/checks/IconDetector.java:154: error: cannot find symbol
            public void visitCallExpression(@NonNull UCallExpression node) {
                                             ^
  symbol: class NonNull
/eval/src/generated/java/com/android/tools/lint/checks/IconDetector.java:159: error: cannot find symbol
            public void visitClass(@NonNull UClass node) {
                                    ^
  symbol: class NonNull
/eval/src/generated/java/com/android/tools/lint/checks/IconDetector.java:164: error: cannot find symbol
            public void visitSimpleNameReferenceExpression(@NonNull USimpleNameReferenceExpression node) {
                                                            ^
  symbol: class NonNull
22 errors

FAILURE: Build failed with an exception.

* What went wrong:
Execution failed for task ':compileJava'.
> Compilation failed; see the compiler error output for details.

* Try:
> Run with --info option to get more log output.
> Run with --scan to get full insights.

BUILD FAILED in 7s
