/eval/src/generated/java/com/android/tools/lint/checks/AccessibilityDetector.java:9: error: cannot find symbol
import static com.android.SdkConstants.TAG_EDIT_TEXT;
^
  symbol:   static TAG_EDIT_TEXT
  location: class SdkConstants
/eval/src/generated/java/com/android/tools/lint/checks/AccessibilityDetector.java:62: error: cannot find symbol
        return Arrays.asList(IMAGE_VIEW, IMAGE_BUTTON, TAG_EDIT_TEXT);
                                                       ^
  symbol:   variable TAG_EDIT_TEXT
  location: class AccessibilityDetector
/eval/src/generated/java/com/android/tools/lint/checks/AccessibilityDetector.java:77: error: cannot find symbol
        } else if (TAG_EDIT_TEXT.equals(tag)) {
                   ^
  symbol:   variable TAG_EDIT_TEXT
  location: class AccessibilityDetector
3 errors

FAILURE: Build failed with an exception.

* What went wrong:
Execution failed for task ':compileJava'.
> Compilation failed; see the compiler error output for details.

* Try:
> Run with --info option to get more log output.
> Run with --scan to get full insights.

BUILD FAILED in 4s
