/eval/src/generated/java/com/android/tools/lint/checks/LayoutConsistencyDetector.java:17: error: cannot find symbol
import org.jetbrains.uast.UReference;
                         ^
  symbol:   class UReference
  location: package org.jetbrains.uast
/eval/src/generated/java/com/android/tools/lint/checks/LayoutConsistencyDetector.java:109: error: cannot find symbol
    public void visitResourceReference(@NonNull JavaContext context, @NonNull UReference reference, @NonNull ResourceType type, @NonNull String name, boolean isFramework) {
                                                                              ^
  symbol:   class UReference
  location: class LayoutConsistencyDetector
/eval/src/generated/java/com/android/tools/lint/checks/LayoutConsistencyDetector.java:70: error: cannot find symbol
            String q = context.getConfiguration().getQualifierString();
                                                 ^
  symbol:   method getQualifierString()
  location: class Configuration
3 errors

FAILURE: Build failed with an exception.

* What went wrong:
Execution failed for task ':compileJava'.
> Compilation failed; see the compiler error output for details.

* Try:
> Run with --info option to get more log output.
> Run with --scan to get full insights.

BUILD FAILED in 3s
