/eval/src/generated/java/com/android/tools/lint/checks/NetworkSecurityConfigDetector.java:8: error: cannot find symbol
import com.android.tools.lint.detector.api.ResourceFolderType;
                                          ^
  symbol:   class ResourceFolderType
  location: package com.android.tools.lint.detector.api
/eval/src/generated/java/com/android/tools/lint/checks/NetworkSecurityConfigDetector.java:33: error: cannot find symbol
    public boolean appliesTo(ResourceFolderType folderType, java.io.File file) {
                             ^
  symbol:   class ResourceFolderType
  location: class NetworkSecurityConfigDetector
/eval/src/generated/java/com/android/tools/lint/checks/NetworkSecurityConfigDetector.java:33: error: appliesTo(ResourceFolderType,File) in NetworkSecurityConfigDetector cannot override appliesTo(Context,File) in Detector
    public boolean appliesTo(ResourceFolderType folderType, java.io.File file) {
                   ^
  overridden method is final
/eval/src/generated/java/com/android/tools/lint/checks/NetworkSecurityConfigDetector.java:34: error: cannot find symbol
        return folderType == ResourceFolderType.XML;
                             ^
  symbol:   variable ResourceFolderType
  location: class NetworkSecurityConfigDetector
4 errors

FAILURE: Build failed with an exception.

* What went wrong:
Execution failed for task ':compileJava'.
> Compilation failed; see the compiler error output for details.

* Try:
> Run with --info option to get more log output.
> Run with --scan to get full insights.

BUILD FAILED in 6s
