/eval/src/generated/java/com/android/tools/lint/checks/IconDetector.java:42: error: cannot find symbol
                    new Implementation(IconDetector.class, Scope.RESOURCE_AND_SOURCE_FILES_SCOPE));
                                                                ^
  symbol:   variable RESOURCE_AND_SOURCE_FILES_SCOPE
  location: class Scope
/eval/src/generated/java/com/android/tools/lint/checks/IconDetector.java:52: error: method does not override or implement a method from a supertype
    @Override
    ^
/eval/src/generated/java/com/android/tools/lint/checks/IconDetector.java:56: error: appliesTo(Context,File) in IconDetector cannot override appliesTo(Context,File) in Detector
    public boolean appliesTo(@NonNull Context context, @NonNull File file) {
                   ^
  overridden method is final
/eval/src/generated/java/com/android/tools/lint/checks/IconDetector.java:75: error: method does not override or implement a method from a supertype
    @Override
    ^
/eval/src/generated/java/com/android/tools/lint/checks/IconDetector.java:78: error: method does not override or implement a method from a supertype
    @Override
    ^
/eval/src/generated/java/com/android/tools/lint/checks/IconDetector.java:84: error: method does not override or implement a method from a supertype
    @Override
    ^
6 errors

FAILURE: Build failed with an exception.

* What went wrong:
Execution failed for task ':compileJava'.
> Compilation failed; see the compiler error output for details.

* Try:
> Run with --info option to get more log output.
> Run with --scan to get full insights.

BUILD FAILED in 6s
