/eval/src/generated/java/com/android/tools/lint/checks/IconDetector.java:90: error: cannot find symbol
                        Density.MDPI,
                               ^
  symbol:   variable MDPI
  location: class Density
/eval/src/generated/java/com/android/tools/lint/checks/IconDetector.java:91: error: cannot find symbol
                        Density.HDPI,
                               ^
  symbol:   variable HDPI
  location: class Density
/eval/src/generated/java/com/android/tools/lint/checks/IconDetector.java:92: error: cannot find symbol
                        Density.XHDPI,
                               ^
  symbol:   variable XHDPI
  location: class Density
/eval/src/generated/java/com/android/tools/lint/checks/IconDetector.java:93: error: cannot find symbol
                        Density.XXHDPI,
                               ^
  symbol:   variable XXHDPI
  location: class Density
/eval/src/generated/java/com/android/tools/lint/checks/IconDetector.java:94: error: cannot find symbol
                        Density.XXXHDPI));
                               ^
  symbol:   variable XXXHDPI
  location: class Density
/eval/src/generated/java/com/android/tools/lint/checks/IconDetector.java:96: error: cannot find symbol
            required.add(Density.LDPI);
                                ^
  symbol:   variable LDPI
  location: class Density
/eval/src/generated/java/com/android/tools/lint/checks/IconDetector.java:134: error: no suitable constructor found for Incident(Issue,Location,String,LintMap)
                    Incident incident = new Incident(ISSUE, firstSpecific.location, message, map);
                                        ^
    constructor Incident.Incident(Issue,String,Location,LintFix) is not applicable
      (argument mismatch; Location cannot be converted to String)
    constructor Incident.Incident(Issue,Location,String,LintFix) is not applicable
      (argument mismatch; LintMap cannot be converted to LintFix)
    constructor Incident.Incident(Issue,Object,Location,String) is not applicable
      (argument mismatch; String cannot be converted to Location)
Note: Some messages have been simplified; recompile with -Xdiags:verbose to get full output
7 errors

FAILURE: Build failed with an exception.

* What went wrong:
Execution failed for task ':compileJava'.
> Compilation failed; see the compiler error output for details.

* Try:
> Run with --info option to get more log output.
> Run with --scan to get full insights.

BUILD FAILED in 4s
