/eval/src/generated/java/com/android/tools/lint/checks/IconDetector.java:11: error: cannot find symbol
import com.android.tools.lint.detector.api.ResourceFile;
                                          ^
  symbol:   class ResourceFile
  location: package com.android.tools.lint.detector.api
/eval/src/generated/java/com/android/tools/lint/checks/IconDetector.java:44: error: cannot find symbol
    public void visitBinaryResource(@NotNull Context context, @NotNull ResourceFile file) {
                                                                       ^
  symbol:   class ResourceFile
  location: class IconDetector
/eval/src/generated/java/com/android/tools/lint/checks/IconDetector.java:39: error: getApplicableFiles() in IconDetector cannot override getApplicableFiles() in Detector
    public Collection<String> getApplicableFiles() {
                              ^
  return type @org.jetbrains.annotations.Nullable Collection<String> is not compatible with EnumSet<Scope>
/eval/src/generated/java/com/android/tools/lint/checks/IconDetector.java:38: error: method does not override or implement a method from a supertype
    @Override
    ^
/eval/src/generated/java/com/android/tools/lint/checks/IconDetector.java:43: error: method does not override or implement a method from a supertype
    @Override
    ^
5 errors

FAILURE: Build failed with an exception.

* What went wrong:
Execution failed for task ':compileJava'.
> Compilation failed; see the compiler error output for details.

* Try:
> Run with --info option to get more log output.
> Run with --scan to get full insights.

BUILD FAILED in 3s
