/eval/src/generated/java/com/android/tools/lint/checks/JobSchedulerDetector.java:88: error: method requestRepeat in class Context cannot be applied to given types;
        context.requestRepeat();
               ^
  required: Detector,EnumSet<Scope>
  found:    no arguments
  reason: actual and formal argument lists differ in length
/eval/src/generated/java/com/android/tools/lint/checks/JobSchedulerDetector.java:89: error: method getPartialResults in class Context cannot be applied to given types;
        context.getPartialResults().add(KEY_SERVICES, fqn);
               ^
  required: Issue
  found:    no arguments
  reason: actual and formal argument lists differ in length
/eval/src/generated/java/com/android/tools/lint/checks/JobSchedulerDetector.java:95: error: cannot find symbol
        Collection<String> services = partialResults.getResults(KEY_SERVICES);
                                                    ^
  symbol:   method getResults(String)
  location: variable partialResults of type PartialResult
/eval/src/generated/java/com/android/tools/lint/checks/JobSchedulerDetector.java:98: error: cannot find symbol
        File manifest = context.getProject().getManifest();
                                            ^
  symbol:   method getManifest()
  location: class Project
4 errors

FAILURE: Build failed with an exception.

* What went wrong:
Execution failed for task ':compileJava'.
> Compilation failed; see the compiler error output for details.

* Try:
> Run with --info option to get more log output.
> Run with --scan to get full insights.

BUILD FAILED in 4s
