e: file:///eval/src/generated/kotlin/com/android/tools/lint/checks/TranslucentViewDetector.kt:4:42 Unresolved reference: ResourceResolver
e: file:///eval/src/generated/kotlin/com/android/tools/lint/checks/TranslucentViewDetector.kt:5:42 Unresolved reference: ResourceValue
e: file:///eval/src/generated/kotlin/com/android/tools/lint/checks/TranslucentViewDetector.kt:6:42 Unresolved reference: StyleResourceValue
e: file:///eval/src/generated/kotlin/com/android/tools/lint/checks/TranslucentViewDetector.kt:52:25 The integer literal does not conform to the expected type Nothing
e: file:///eval/src/generated/kotlin/com/android/tools/lint/checks/TranslucentViewDetector.kt:54:82 Too many arguments for public abstract fun getAttributeNode(p0: String!): Attr! defined in org.w3c.dom.Element
e: file:///eval/src/generated/kotlin/com/android/tools/lint/checks/TranslucentViewDetector.kt:82:32 Unresolved reference: resourceResolver
e: file:///eval/src/generated/kotlin/com/android/tools/lint/checks/TranslucentViewDetector.kt:96:43 Unresolved reference: ResourceResolver
e: file:///eval/src/generated/kotlin/com/android/tools/lint/checks/TranslucentViewDetector.kt:96:68 Unresolved reference: StyleResourceValue
e: file:///eval/src/generated/kotlin/com/android/tools/lint/checks/TranslucentViewDetector.kt:97:20 Unresolved reference: ResourceValue

FAILURE: Build failed with an exception.

* What went wrong:
Execution failed for task ':compileKotlin'.
> A failure occurred while executing org.jetbrains.kotlin.compilerRunner.GradleCompilerRunnerWithWorkers$GradleKotlinCompilerWorkAction
   > Compilation error. See log for more details

* Try:
> Run with --stacktrace option to get the stack trace.
> Run with --info or --debug option to get more log output.
> Run with --scan to get full insights.
> Get more help at https://help.gradle.org.

BUILD FAILED in 6s
