/eval/src/generated/java/com/android/tools/lint/checks/AllowAllHostnameVerifierDetector.java:12: error: cannot find symbol
import com.android.tools.lint.detector.api.UElementHandler;
                                          ^
  symbol:   class UElementHandler
  location: package com.android.tools.lint.detector.api
/eval/src/generated/java/com/android/tools/lint/checks/AllowAllHostnameVerifierDetector.java:101: error: cannot find symbol
    public UElementHandler createUastHandler(@NonNull JavaContext context) {
           ^
  symbol:   class UElementHandler
  location: class AllowAllHostnameVerifierDetector
/eval/src/generated/java/com/android/tools/lint/checks/AllowAllHostnameVerifierDetector.java:102: error: cannot find symbol
        return new UElementHandler() {
                   ^
  symbol:   class UElementHandler
  location: class AllowAllHostnameVerifierDetector
/eval/src/generated/java/com/android/tools/lint/checks/AllowAllHostnameVerifierDetector.java:103: error: method does not override or implement a method from a supertype
            @Override
            ^
4 errors

FAILURE: Build failed with an exception.

* What went wrong:
Execution failed for task ':compileJava'.
> Compilation failed; see the compiler error output for details.

* Try:
> Run with --info option to get more log output.
> Run with --scan to get full insights.

BUILD FAILED in 4s
