/eval/src/generated/java/com/android/tools/lint/checks/UnsafeNativeCodeDetector.java:53: error: incompatible types: Scope cannot be converted to EnumSet<Scope>
                    Scope.BINARY_RESOURCE_FILE,
                         ^
/eval/src/generated/java/com/android/tools/lint/checks/UnsafeNativeCodeDetector.java:68: error: cannot find symbol
        String path = context.getFile().getPath();
                             ^
  symbol:   method getFile()
  location: variable context of type @org.jetbrains.annotations.NotNull Context
/eval/src/generated/java/com/android/tools/lint/checks/UnsafeNativeCodeDetector.java:69: error: cannot find symbol
        String name = context.getFile().getName();
                             ^
  symbol:   method getFile()
  location: variable context of type @org.jetbrains.annotations.NotNull Context
/eval/src/generated/java/com/android/tools/lint/checks/UnsafeNativeCodeDetector.java:74: error: cannot find symbol
                    Location.create(context.getFile()),
                                           ^
  symbol:   method getFile()
  location: variable context of type @org.jetbrains.annotations.NotNull Context
Note: Some messages have been simplified; recompile with -Xdiags:verbose to get full output
4 errors

FAILURE: Build failed with an exception.

* What went wrong:
Execution failed for task ':compileJava'.
> Compilation failed; see the compiler error output for details.

* Try:
> Run with --info option to get more log output.
> Run with --scan to get full insights.

BUILD FAILED in 4s
