e: file:///eval/src/generated/kotlin/com/android/tools/lint/checks/ResourceCycleDetector.kt:130:29 Unresolved reference: framework
e: file:///eval/src/generated/kotlin/com/android/tools/lint/checks/ResourceCycleDetector.kt:130:42 Operator '!=' cannot be applied to 'ResourceType!' and 'String'
e: file:///eval/src/generated/kotlin/com/android/tools/lint/checks/ResourceCycleDetector.kt:133:47 Type mismatch: inferred type is ResourceType! but String was expected
e: file:///eval/src/generated/kotlin/com/android/tools/lint/checks/ResourceCycleDetector.kt:151:25 Unresolved reference: framework
e: file:///eval/src/generated/kotlin/com/android/tools/lint/checks/ResourceCycleDetector.kt:151:38 Operator '!=' cannot be applied to 'ResourceType!' and 'String'
e: file:///eval/src/generated/kotlin/com/android/tools/lint/checks/ResourceCycleDetector.kt:154:43 Type mismatch: inferred type is ResourceType! but String was expected
e: file:///eval/src/generated/kotlin/com/android/tools/lint/checks/ResourceCycleDetector.kt:176:39 Type mismatch: inferred type is List<Location> but Location was expected
e: file:///eval/src/generated/kotlin/com/android/tools/lint/checks/ResourceCycleDetector.kt:176:39 No value passed for parameter 'message'
e: file:///eval/src/generated/kotlin/com/android/tools/lint/checks/ResourceCycleDetector.kt:246:17 Unresolved reference: framework
e: file:///eval/src/generated/kotlin/com/android/tools/lint/checks/ResourceCycleDetector.kt:249:13 Operator '!=' cannot be applied to 'ResourceType!' and 'String'
e: file:///eval/src/generated/kotlin/com/android/tools/lint/checks/ResourceCycleDetector.kt:252:35 Type mismatch: inferred type is ResourceType! but String was expected

FAILURE: Build failed with an exception.

* What went wrong:
Execution failed for task ':compileKotlin'.
> A failure occurred while executing org.jetbrains.kotlin.compilerRunner.GradleCompilerRunnerWithWorkers$GradleKotlinCompilerWorkAction
   > Compilation error. See log for more details

* Try:
> Run with --stacktrace option to get the stack trace.
> Run with --info or --debug option to get more log output.
> Run with --scan to get full insights.
> Get more help at https://help.gradle.org.

BUILD FAILED in 7s
