/eval/src/generated/java/com/android/tools/lint/checks/InefficientWeightDetector.java:9: error: cannot find symbol
import static com.android.SdkConstants.VALUE_0DP;
^
  symbol:   static VALUE_0DP
  location: class SdkConstants
/eval/src/generated/java/com/android/tools/lint/checks/InefficientWeightDetector.java:88: error: cannot find symbol
                if (widthNode != null && VALUE_0DP.equals(widthNode.getValue())) {
                                         ^
  symbol:   variable VALUE_0DP
  location: class InefficientWeightDetector
/eval/src/generated/java/com/android/tools/lint/checks/InefficientWeightDetector.java:99: error: cannot find symbol
                if (heightNode != null && VALUE_0DP.equals(heightNode.getValue())) {
                                          ^
  symbol:   variable VALUE_0DP
  location: class InefficientWeightDetector
3 errors

FAILURE: Build failed with an exception.

* What went wrong:
Execution failed for task ':compileJava'.
> Compilation failed; see the compiler error output for details.

* Try:
> Run with --info option to get more log output.
> Run with --scan to get full insights.

BUILD FAILED in 4s
