/eval/src/generated/java/com/android/tools/lint/checks/AlwaysShowActionDetector.java:25: error: cannot find symbol
public class AlwaysShowActionDetector extends ResourceXmlDetector {
                                              ^
  symbol: class ResourceXmlDetector
/eval/src/generated/java/com/android/tools/lint/checks/AlwaysShowActionDetector.java:28: error: no suitable constructor found for Implementation(Class<AlwaysShowActionDetector>,EnumSet<Scope>)
            new Implementation(
            ^
    constructor Implementation.Implementation(Class<? extends Detector>,EnumSet<Scope>) is not applicable
      (argument mismatch; Class<AlwaysShowActionDetector> cannot be converted to Class<? extends Detector>)
    constructor Implementation.Implementation(Class<? extends Detector>,EnumSet<Scope>,EnumSet<Scope>...) is not applicable
      (argument mismatch; Class<AlwaysShowActionDetector> cannot be converted to Class<? extends Detector>)
/eval/src/generated/java/com/android/tools/lint/checks/AlwaysShowActionDetector.java:54: error: method does not override or implement a method from a supertype
    @Override
    ^
/eval/src/generated/java/com/android/tools/lint/checks/AlwaysShowActionDetector.java:59: error: method does not override or implement a method from a supertype
    @Override
    ^
/eval/src/generated/java/com/android/tools/lint/checks/AlwaysShowActionDetector.java:64: error: method does not override or implement a method from a supertype
    @Override
    ^
/eval/src/generated/java/com/android/tools/lint/checks/AlwaysShowActionDetector.java:66: error: cannot find symbol
        if (context.getResourceFolderType() == ResourceFolderType.MENU) {
                   ^
  symbol:   method getResourceFolderType()
  location: variable context of type Context
/eval/src/generated/java/com/android/tools/lint/checks/AlwaysShowActionDetector.java:73: error: method does not override or implement a method from a supertype
    @Override
    ^
/eval/src/generated/java/com/android/tools/lint/checks/AlwaysShowActionDetector.java:75: error: cannot find symbol
        if (context.getResourceFolderType() != ResourceFolderType.MENU) {
                   ^
  symbol:   method getResourceFolderType()
  location: variable context of type Context
/eval/src/generated/java/com/android/tools/lint/checks/AlwaysShowActionDetector.java:83: error: method getLocation in class Context cannot be applied to given types;
                    context.getLocation(attribute),
                           ^
  required: Object,LocationType
  found:    Attr
  reason: actual and formal argument lists differ in length
/eval/src/generated/java/com/android/tools/lint/checks/AlwaysShowActionDetector.java:88: error: method does not override or implement a method from a supertype
    @Override
    ^
/eval/src/generated/java/com/android/tools/lint/checks/AlwaysShowActionDetector.java:103: error: method does not override or implement a method from a supertype
    @Override
    ^
/eval/src/generated/java/com/android/tools/lint/checks/AlwaysShowActionDetector.java:108: error: method does not override or implement a method from a supertype
    @Override
    ^
/eval/src/generated/java/com/android/tools/lint/checks/AlwaysShowActionDetector.java:124: error: method does not override or implement a method from a supertype
    @Override
    ^
13 errors

FAILURE: Build failed with an exception.

* What went wrong:
Execution failed for task ':compileJava'.
> Compilation failed; see the compiler error output for details.

* Try:
> Run with --info option to get more log output.
> Run with --scan to get full insights.

BUILD FAILED in 4s
