e: file:///eval/src/generated/kotlin/com/android/tools/lint/checks/DiffUtilDetector.kt:21:27 Unresolved reference: UMethodCallExpression
e: file:///eval/src/generated/kotlin/com/android/tools/lint/checks/DiffUtilDetector.kt:106:13 'visitMethodCallExpression' overrides nothing
e: file:///eval/src/generated/kotlin/com/android/tools/lint/checks/DiffUtilDetector.kt:106:58 Unresolved reference: UMethodCallExpression
e: file:///eval/src/generated/kotlin/com/android/tools/lint/checks/DiffUtilDetector.kt:120:45 Overload resolution ambiguity: 
public final fun getLocation(node: PsiElement): Location defined in com.android.tools.lint.detector.api.JavaContext
public final fun getLocation(node: Any?, type: LocationType = ...): Location defined in com.android.tools.lint.detector.api.JavaContext
public final fun getLocation(element: UElement): Location defined in com.android.tools.lint.detector.api.JavaContext
public final fun getLocation(element: UField): Location defined in com.android.tools.lint.detector.api.JavaContext
public final fun getLocation(element: UMethod): Location defined in com.android.tools.lint.detector.api.JavaContext
e: file:///eval/src/generated/kotlin/com/android/tools/lint/checks/DiffUtilDetector.kt:127:30 Unresolved reference: visitMethodCallExpression

FAILURE: Build failed with an exception.

* What went wrong:
Execution failed for task ':compileKotlin'.
> A failure occurred while executing org.jetbrains.kotlin.compilerRunner.GradleCompilerRunnerWithWorkers$GradleKotlinCompilerWorkAction
   > Compilation error. See log for more details

* Try:
> Run with --stacktrace option to get the stack trace.
> Run with --info or --debug option to get more log output.
> Run with --scan to get full insights.
> Get more help at https://help.gradle.org.

BUILD FAILED in 8s
