/eval/src/generated/java/com/android/tools/lint/checks/RegistrationDetector.java:101: error: method map in class PartialResult cannot be applied to given types;
            LintMap map = partialResults.map(project);
                                        ^
  required: no arguments
  found:    Project
  reason: actual and formal argument lists differ in length
/eval/src/generated/java/com/android/tools/lint/checks/RegistrationDetector.java:102: error: for-each not applicable to expression type
            for (String key : map.keys()) {
                                      ^
  required: array or java.lang.Iterable
  found:    Sequence<String>
/eval/src/generated/java/com/android/tools/lint/checks/RegistrationDetector.java:110: error: method map in class PartialResult cannot be applied to given types;
            LintMap map = partialResults.map(project);
                                        ^
  required: no arguments
  found:    Project
  reason: actual and formal argument lists differ in length
/eval/src/generated/java/com/android/tools/lint/checks/RegistrationDetector.java:111: error: for-each not applicable to expression type
            for (String key : map.keys()) {
                                      ^
  required: array or java.lang.Iterable
  found:    Sequence<String>
4 errors

FAILURE: Build failed with an exception.

* What went wrong:
Execution failed for task ':compileJava'.
> Compilation failed; see the compiler error output for details.

* Try:
> Run with --info option to get more log output.
> Run with --scan to get full insights.

BUILD FAILED in 6s
