/eval/src/generated/java/com/android/tools/lint/checks/AndroidAutoDetector.java:7: error: cannot find symbol
import com.android.tools.lint.detector.api.Context.FileType;
                                                  ^
  symbol:   class FileType
  location: class Context
/eval/src/generated/java/com/android/tools/lint/checks/AndroidAutoDetector.java:58: error: cannot find symbol
    public boolean appliesTo(@NonNull FileType fileType) {
                                      ^
  symbol:   class FileType
  location: class AndroidAutoDetector
/eval/src/generated/java/com/android/tools/lint/checks/AndroidAutoDetector.java:59: error: cannot find symbol
        return fileType == FileType.XML
                           ^
  symbol:   variable FileType
  location: class AndroidAutoDetector
/eval/src/generated/java/com/android/tools/lint/checks/AndroidAutoDetector.java:60: error: cannot find symbol
                || fileType == FileType.JAVA
                               ^
  symbol:   variable FileType
  location: class AndroidAutoDetector
/eval/src/generated/java/com/android/tools/lint/checks/AndroidAutoDetector.java:61: error: cannot find symbol
                || fileType == FileType.KOTLIN
                               ^
  symbol:   variable FileType
  location: class AndroidAutoDetector
/eval/src/generated/java/com/android/tools/lint/checks/AndroidAutoDetector.java:62: error: cannot find symbol
                || fileType == FileType.KOTLIN_SCRIPT;
                               ^
  symbol:   variable FileType
  location: class AndroidAutoDetector
/eval/src/generated/java/com/android/tools/lint/checks/AndroidAutoDetector.java:152: error: method does not override or implement a method from a supertype
    @Override
    ^
7 errors

FAILURE: Build failed with an exception.

* What went wrong:
Execution failed for task ':compileJava'.
> Compilation failed; see the compiler error output for details.

* Try:
> Run with --info option to get more log output.
> Run with --scan to get full insights.

BUILD FAILED in 3s
