e: file:///eval/src/generated/kotlin/com/android/tools/lint/checks/DataBindingDetector.kt:41:32 Cannot access 'contents': it is invisible (private in a supertype) in 'XmlContext'
e: file:///eval/src/generated/kotlin/com/android/tools/lint/checks/DataBindingDetector.kt:42:28 Operator call corresponds to a dot-qualified call 'location.start.compareTo(location.end)' which is not allowed on a nullable receiver 'location.start'.
e: file:///eval/src/generated/kotlin/com/android/tools/lint/checks/DataBindingDetector.kt:42:31 Type mismatch: inferred type is Position? but Position was expected
e: file:///eval/src/generated/kotlin/com/android/tools/lint/checks/DataBindingDetector.kt:42:60 Operator call corresponds to a dot-qualified call 'location.end.compareTo(contents.length)' which is not allowed on a nullable receiver 'location.end'.
e: file:///eval/src/generated/kotlin/com/android/tools/lint/checks/DataBindingDetector.kt:42:62 Type mismatch: inferred type is Int but Position was expected
e: file:///eval/src/generated/kotlin/com/android/tools/lint/checks/DataBindingDetector.kt:42:70 Only safe (?.) or non-null asserted (!!.) calls are allowed on a nullable receiver of type CharSequence?
e: file:///eval/src/generated/kotlin/com/android/tools/lint/checks/DataBindingDetector.kt:44:32 Only safe (?.) or non-null asserted (!!.) calls are allowed on a nullable receiver of type CharSequence?
e: file:///eval/src/generated/kotlin/com/android/tools/lint/checks/DataBindingDetector.kt:44:43 Type mismatch: inferred type is Position? but Int was expected
e: file:///eval/src/generated/kotlin/com/android/tools/lint/checks/DataBindingDetector.kt:44:59 Type mismatch: inferred type is Position? but Int was expected
e: file:///eval/src/generated/kotlin/com/android/tools/lint/checks/DataBindingDetector.kt:59:44 Unresolved reference. None of the following candidates is applicable because of receiver type mismatch: 
public inline operator fun BigDecimal.plus(other: BigDecimal): BigDecimal defined in kotlin
public inline operator fun BigInteger.plus(other: BigInteger): BigInteger defined in kotlin
public operator fun <T> Array<TypeVariable(T)>.plus(element: TypeVariable(T)): Array<TypeVariable(T)> defined in kotlin.collections
public operator fun <T> Array<TypeVariable(T)>.plus(elements: Array<out TypeVariable(T)>): Array<TypeVariable(T)> defined in kotlin.collections
public operator fun <T> Array<TypeVariable(T)>.plus(elements: Collection<TypeVariable(T)>): Array<TypeVariable(T)> defined in kotlin.collections
public operator fun BooleanArray.plus(element: Boolean): BooleanArray defined in kotlin.collections
public operator fun BooleanArray.plus(elements: BooleanArray): BooleanArray defined in kotlin.collections
public operator fun BooleanArray.plus(elements: Collection<Boolean>): BooleanArray defined in kotlin.collections
public operator fun ByteArray.plus(element: Byte): ByteArray defined in kotlin.collections
public operator fun ByteArray.plus(elements: ByteArray): ByteArray defined in kotlin.collections
public operator fun ByteArray.plus(elements: Collection<Byte>): ByteArray defined in kotlin.collections
public inline operator fun Char.plus(other: String): String defined in kotlin.text
public operator fun CharArray.plus(element: Char): CharArray defined in kotlin.collections
public operator fun CharArray.plus(elements: CharArray): CharArray defined in kotlin.collections
public operator fun CharArray.plus(elements: Collection<Char>): CharArray defined in kotlin.collections
public operator fun DoubleArray.plus(element: Double): DoubleArray defined in kotlin.collections
public operator fun DoubleArray.plus(elements: DoubleArray): DoubleArray defined in kotlin.collections
public operator fun DoubleArray.plus(elements: Collection<Double>): DoubleArray defined in kotlin.collections
public operator fun FloatArray.plus(element: Float): FloatArray defined in kotlin.collections
public operator fun FloatArray.plus(elements: FloatArray): FloatArray defined in kotlin.collections
public operator fun FloatArray.plus(elements: Collection<Float>): FloatArray defined in kotlin.collections
public operator fun IntArray.plus(element: Int): IntArray defined in kotlin.collections
public operator fun IntArray.plus(elements: IntArray): IntArray defined in kotlin.collections
public operator fun IntArray.plus(elements: Collection<Int>): IntArray defined in kotlin.collections
public operator fun LongArray.plus(element: Long): LongArray defined in kotlin.collections
public operator fun LongArray.plus(elements: LongArray): LongArray defined in kotlin.collections
public operator fun LongArray.plus(elements: Collection<Long>): LongArray defined in kotlin.collections
public operator fun ShortArray.plus(element: Short): ShortArray defined in kotlin.collections
public operator fun ShortArray.plus(elements: ShortArray): ShortArray defined in kotlin.collections
public operator fun ShortArray.plus(elements: Collection<Short>): ShortArray defined in kotlin.collections
public operator fun String?.plus(other: Any?): String defined in kotlin
public inline operator fun UByteArray.plus(element: UByte): UByteArray defined in kotlin.collections
public inline operator fun UByteArray.plus(elements: UByteArray): UByteArray defined in kotlin.collections
public operator fun UByteArray.plus(elements: Collection<UByte>): UByteArray defined in kotlin.collections
public inline operator fun UIntArray.plus(element: UInt): UIntArray defined in kotlin.collections
public inline operator fun UIntArray.plus(elements: UIntArray): UIntArray defined in kotlin.collections
public operator fun UIntArray.plus(elements: Collection<UInt>): UIntArray defined in kotlin.collections
public inline operator fun ULongArray.plus(element: ULong): ULongArray defined in kotlin.collections
public inline operator fun ULongArray.plus(elements: ULongArray): ULongArray defined in kotlin.collections
public operator fun ULongArray.plus(elements: Collection<ULong>): ULongArray defined in kotlin.collections
public inline operator fun UShortArray.plus(element: UShort): UShortArray defined in kotlin.collections
public inline operator fun UShortArray.plus(elements: UShortArray): UShortArray defined in kotlin.collections
public operator fun UShortArray.plus(elements: Collection<UShort>): UShortArray defined in kotlin.collections
public operator fun <T> Collection<TypeVariable(T)>.plus(element: TypeVariable(T)): List<TypeVariable(T)> defined in kotlin.collections
public operator fun <T> Collection<TypeVariable(T)>.plus(elements: Array<out TypeVariable(T)>): List<TypeVariable(T)> defined in kotlin.collections
public operator fun <T> Collection<TypeVariable(T)>.plus(elements: Iterable<TypeVariable(T)>): List<TypeVariable(T)> defined in kotlin.collections
public operator fun <T> Collection<TypeVariable(T)>.plus(elements: Sequence<TypeVariable(T)>): List<TypeVariable(T)> defined in kotlin.collections
public operator fun <T> Iterable<TypeVariable(T)>.plus(element: TypeVariable(T)): List<TypeVariable(T)> defined in kotlin.collections
public operator fun <T> Iterable<TypeVariable(T)>.plus(elements: Array<out TypeVariable(T)>): List<TypeVariable(T)> defined in kotlin.collections
public operator fun <T> Iterable<TypeVariable(T)>.plus(elements: Iterable<TypeVariable(T)>): List<TypeVariable(T)> defined in kotlin.collections
public operator fun <T> Iterable<TypeVariable(T)>.plus(elements: Sequence<TypeVariable(T)>): List<TypeVariable(T)> defined in kotlin.collections
public operator fun <K, V> Map<out TypeVariable(K), TypeVariable(V)>.plus(pairs: Array<out Pair<TypeVariable(K), TypeVariable(V)>>): Map<TypeVariable(K), TypeVariable(V)> defined in kotlin.collections
public operator fun <K, V> Map<out TypeVariable(K), TypeVariable(V)>.plus(pair: Pair<TypeVariable(K), TypeVariable(V)>): Map<TypeVariable(K), TypeVariable(V)> defined in kotlin.collections
public operator fun <K, V> Map<out TypeVariable(K), TypeVariable(V)>.plus(pairs: Iterable<Pair<TypeVariable(K), TypeVariable(V)>>): Map<TypeVariable(K), TypeVariable(V)> defined in kotlin.collections
public operator fun <K, V> Map<out TypeVariable(K), TypeVariable(V)>.plus(map: Map<out TypeVariable(K), TypeVariable(V)>): Map<TypeVariable(K), TypeVariable(V)> defined in kotlin.collections
public operator fun <K, V> Map<out TypeVariable(K), TypeVariable(V)>.plus(pairs: Sequence<Pair<TypeVariable(K), TypeVariable(V)>>): Map<TypeVariable(K), TypeVariable(V)> defined in kotlin.collections
public operator fun <T> Set<TypeVariable(T)>.plus(element: TypeVariable(T)): Set<TypeVariable(T)> defined in kotlin.collections
public operator fun <T> Set<TypeVariable(T)>.plus(elements: Array<out TypeVariable(T)>): Set<TypeVariable(T)> defined in kotlin.collections
public operator fun <T> Set<TypeVariable(T)>.plus(elements: Iterable<TypeVariable(T)>): Set<TypeVariable(T)> defined in kotlin.collections
public operator fun <T> Set<TypeVariable(T)>.plus(elements: Sequence<TypeVariable(T)>): Set<TypeVariable(T)> defined in kotlin.collections
public operator fun <T> Sequence<TypeVariable(T)>.plus(element: TypeVariable(T)): Sequence<TypeVariable(T)> defined in kotlin.sequences
public operator fun <T> Sequence<TypeVariable(T)>.plus(elements: Array<out TypeVariable(T)>): Sequence<TypeVariable(T)> defined in kotlin.sequences
public operator fun <T> Sequence<TypeVariable(T)>.plus(elements: Iterable<TypeVariable(T)>): Sequence<TypeVariable(T)> defined in kotlin.sequences
public operator fun <T> Sequence<TypeVariable(T)>.plus(elements: Sequence<TypeVariable(T)>): Sequence<TypeVariable(T)> defined in kotlin.sequences
e: file:///eval/src/generated/kotlin/com/android/tools/lint/checks/DataBindingDetector.kt:65:48 Unresolved reference. None of the following candidates is applicable because of receiver type mismatch: 
public inline operator fun BigDecimal.plus(other: BigDecimal): BigDecimal defined in kotlin
public inline operator fun BigInteger.plus(other: BigInteger): BigInteger defined in kotlin
public operator fun <T> Array<TypeVariable(T)>.plus(element: TypeVariable(T)): Array<TypeVariable(T)> defined in kotlin.collections
public operator fun <T> Array<TypeVariable(T)>.plus(elements: Array<out TypeVariable(T)>): Array<TypeVariable(T)> defined in kotlin.collections
public operator fun <T> Array<TypeVariable(T)>.plus(elements: Collection<TypeVariable(T)>): Array<TypeVariable(T)> defined in kotlin.collections
public operator fun BooleanArray.plus(element: Boolean): BooleanArray defined in kotlin.collections
public operator fun BooleanArray.plus(elements: BooleanArray): BooleanArray defined in kotlin.collections
public operator fun BooleanArray.plus(elements: Collection<Boolean>): BooleanArray defined in kotlin.collections
public operator fun ByteArray.plus(element: Byte): ByteArray defined in kotlin.collections
public operator fun ByteArray.plus(elements: ByteArray): ByteArray defined in kotlin.collections
public operator fun ByteArray.plus(elements: Collection<Byte>): ByteArray defined in kotlin.collections
public inline operator fun Char.plus(other: String): String defined in kotlin.text
public operator fun CharArray.plus(element: Char): CharArray defined in kotlin.collections
public operator fun CharArray.plus(elements: CharArray): CharArray defined in kotlin.collections
public operator fun CharArray.plus(elements: Collection<Char>): CharArray defined in kotlin.collections
public operator fun DoubleArray.plus(element: Double): DoubleArray defined in kotlin.collections
public operator fun DoubleArray.plus(elements: DoubleArray): DoubleArray defined in kotlin.collections
public operator fun DoubleArray.plus(elements: Collection<Double>): DoubleArray defined in kotlin.collections
public operator fun FloatArray.plus(element: Float): FloatArray defined in kotlin.collections
public operator fun FloatArray.plus(elements: FloatArray): FloatArray defined in kotlin.collections
public operator fun FloatArray.plus(elements: Collection<Float>): FloatArray defined in kotlin.collections
public operator fun IntArray.plus(element: Int): IntArray defined in kotlin.collections
public operator fun IntArray.plus(elements: IntArray): IntArray defined in kotlin.collections
public operator fun IntArray.plus(elements: Collection<Int>): IntArray defined in kotlin.collections
public operator fun LongArray.plus(element: Long): LongArray defined in kotlin.collections
public operator fun LongArray.plus(elements: LongArray): LongArray defined in kotlin.collections
public operator fun LongArray.plus(elements: Collection<Long>): LongArray defined in kotlin.collections
public operator fun ShortArray.plus(element: Short): ShortArray defined in kotlin.collections
public operator fun ShortArray.plus(elements: ShortArray): ShortArray defined in kotlin.collections
public operator fun ShortArray.plus(elements: Collection<Short>): ShortArray defined in kotlin.collections
public operator fun String?.plus(other: Any?): String defined in kotlin
public inline operator fun UByteArray.plus(element: UByte): UByteArray defined in kotlin.collections
public inline operator fun UByteArray.plus(elements: UByteArray): UByteArray defined in kotlin.collections
public operator fun UByteArray.plus(elements: Collection<UByte>): UByteArray defined in kotlin.collections
public inline operator fun UIntArray.plus(element: UInt): UIntArray defined in kotlin.collections
public inline operator fun UIntArray.plus(elements: UIntArray): UIntArray defined in kotlin.collections
public operator fun UIntArray.plus(elements: Collection<UInt>): UIntArray defined in kotlin.collections
public inline operator fun ULongArray.plus(element: ULong): ULongArray defined in kotlin.collections
public inline operator fun ULongArray.plus(elements: ULongArray): ULongArray defined in kotlin.collections
public operator fun ULongArray.plus(elements: Collection<ULong>): ULongArray defined in kotlin.collections
public inline operator fun UShortArray.plus(element: UShort): UShortArray defined in kotlin.collections
public inline operator fun UShortArray.plus(elements: UShortArray): UShortArray defined in kotlin.collections
public operator fun UShortArray.plus(elements: Collection<UShort>): UShortArray defined in kotlin.collections
public operator fun <T> Collection<TypeVariable(T)>.plus(element: TypeVariable(T)): List<TypeVariable(T)> defined in kotlin.collections
public operator fun <T> Collection<TypeVariable(T)>.plus(elements: Array<out TypeVariable(T)>): List<TypeVariable(T)> defined in kotlin.collections
public operator fun <T> Collection<TypeVariable(T)>.plus(elements: Iterable<TypeVariable(T)>): List<TypeVariable(T)> defined in kotlin.collections
public operator fun <T> Collection<TypeVariable(T)>.plus(elements: Sequence<TypeVariable(T)>): List<TypeVariable(T)> defined in kotlin.collections
public operator fun <T> Iterable<TypeVariable(T)>.plus(element: TypeVariable(T)): List<TypeVariable(T)> defined in kotlin.collections
public operator fun <T> Iterable<TypeVariable(T)>.plus(elements: Array<out TypeVariable(T)>): List<TypeVariable(T)> defined in kotlin.collections
public operator fun <T> Iterable<TypeVariable(T)>.plus(elements: Iterable<TypeVariable(T)>): List<TypeVariable(T)> defined in kotlin.collections
public operator fun <T> Iterable<TypeVariable(T)>.plus(elements: Sequence<TypeVariable(T)>): List<TypeVariable(T)> defined in kotlin.collections
public operator fun <K, V> Map<out TypeVariable(K), TypeVariable(V)>.plus(pairs: Array<out Pair<TypeVariable(K), TypeVariable(V)>>): Map<TypeVariable(K), TypeVariable(V)> defined in kotlin.collections
public operator fun <K, V> Map<out TypeVariable(K), TypeVariable(V)>.plus(pair: Pair<TypeVariable(K), TypeVariable(V)>): Map<TypeVariable(K), TypeVariable(V)> defined in kotlin.collections
public operator fun <K, V> Map<out TypeVariable(K), TypeVariable(V)>.plus(pairs: Iterable<Pair<TypeVariable(K), TypeVariable(V)>>): Map<TypeVariable(K), TypeVariable(V)> defined in kotlin.collections
public operator fun <K, V> Map<out TypeVariable(K), TypeVariable(V)>.plus(map: Map<out TypeVariable(K), TypeVariable(V)>): Map<TypeVariable(K), TypeVariable(V)> defined in kotlin.collections
public operator fun <K, V> Map<out TypeVariable(K), TypeVariable(V)>.plus(pairs: Sequence<Pair<TypeVariable(K), TypeVariable(V)>>): Map<TypeVariable(K), TypeVariable(V)> defined in kotlin.collections
public operator fun <T> Set<TypeVariable(T)>.plus(element: TypeVariable(T)): Set<TypeVariable(T)> defined in kotlin.collections
public operator fun <T> Set<TypeVariable(T)>.plus(elements: Array<out TypeVariable(T)>): Set<TypeVariable(T)> defined in kotlin.collections
public operator fun <T> Set<TypeVariable(T)>.plus(elements: Iterable<TypeVariable(T)>): Set<TypeVariable(T)> defined in kotlin.collections
public operator fun <T> Set<TypeVariable(T)>.plus(elements: Sequence<TypeVariable(T)>): Set<TypeVariable(T)> defined in kotlin.collections
public operator fun <T> Sequence<TypeVariable(T)>.plus(element: TypeVariable(T)): Sequence<TypeVariable(T)> defined in kotlin.sequences
public operator fun <T> Sequence<TypeVariable(T)>.plus(elements: Array<out TypeVariable(T)>): Sequence<TypeVariable(T)> defined in kotlin.sequences
public operator fun <T> Sequence<TypeVariable(T)>.plus(elements: Iterable<TypeVariable(T)>): Sequence<TypeVariable(T)> defined in kotlin.sequences
public operator fun <T> Sequence<TypeVariable(T)>.plus(elements: Sequence<TypeVariable(T)>): Sequence<TypeVariable(T)> defined in kotlin.sequences

FAILURE: Build failed with an exception.

* What went wrong:
Execution failed for task ':compileKotlin'.
> A failure occurred while executing org.jetbrains.kotlin.compilerRunner.GradleCompilerRunnerWithWorkers$GradleKotlinCompilerWorkAction
   > Compilation error. See log for more details

* Try:
> Run with --stacktrace option to get the stack trace.
> Run with --info or --debug option to get more log output.
> Run with --scan to get full insights.
> Get more help at https://help.gradle.org.

BUILD FAILED in 7s
