/eval/src/generated/java/com/android/tools/lint/checks/JobSchedulerDetector.java:9: error: cannot find symbol
import com.android.tools.lint.detector.api.JavaEvaluator;
                                          ^
  symbol:   class JavaEvaluator
  location: package com.android.tools.lint.detector.api
/eval/src/generated/java/com/android/tools/lint/checks/JobSchedulerDetector.java:91: error: cannot find symbol
        context.getPartialResult(NAMESPACE)
               ^
  symbol:   method getPartialResult(String)
  location: variable context of type JavaContext
/eval/src/generated/java/com/android/tools/lint/checks/JobSchedulerDetector.java:100: error: method map in class PartialResult cannot be applied to given types;
        Map<String, Object> candidates = partialResults.map(MAP_KEY);
                                                       ^
  required: no arguments
  found:    String
  reason: actual and formal argument lists differ in length
/eval/src/generated/java/com/android/tools/lint/checks/JobSchedulerDetector.java:210: error: cannot find symbol
        JavaEvaluator evaluator = context.getEvaluator();
        ^
  symbol:   class JavaEvaluator
  location: class JobSchedulerDetector
4 errors

FAILURE: Build failed with an exception.

* What went wrong:
Execution failed for task ':compileJava'.
> Compilation failed; see the compiler error output for details.

* Try:
> Run with --info option to get more log output.
> Run with --scan to get full insights.

BUILD FAILED in 4s
