/eval/src/generated/java/com/android/tools/lint/checks/ResourcePrefixDetector.java:23: error: cannot find symbol
import org.jetbrains.annotations.NonNull;
                                ^
  symbol:   class NonNull
  location: package org.jetbrains.annotations
/eval/src/generated/java/com/android/tools/lint/checks/ResourcePrefixDetector.java:44: error: cannot find symbol
    public void beforeCheckFile(@NonNull Context context) {
                                 ^
  symbol:   class NonNull
  location: class ResourcePrefixDetector
/eval/src/generated/java/com/android/tools/lint/checks/ResourcePrefixDetector.java:74: error: cannot find symbol
    public void visitElement(@NonNull XmlContext context, @NonNull Element element) {
                              ^
  symbol:   class NonNull
  location: class ResourcePrefixDetector
/eval/src/generated/java/com/android/tools/lint/checks/ResourcePrefixDetector.java:74: error: cannot find symbol
    public void visitElement(@NonNull XmlContext context, @NonNull Element element) {
                                                           ^
  symbol:   class NonNull
  location: class ResourcePrefixDetector
/eval/src/generated/java/com/android/tools/lint/checks/ResourcePrefixDetector.java:46: error: cannot find symbol
        String prefix = project.getResourcePrefix();
                               ^
  symbol:   method getResourcePrefix()
  location: variable project of type Project
/eval/src/generated/java/com/android/tools/lint/checks/ResourcePrefixDetector.java:70: error: incompatible types: inference variable T has incompatible bounds
        return Collections.singletonList(XmlScanner.ALL);
                                        ^
    equality constraints: String
    lower bounds: List<String>
  where T is a type-variable:
    T extends Object declared in method <T>singletonList(T)
/eval/src/generated/java/com/android/tools/lint/checks/ResourcePrefixDetector.java:76: error: cannot find symbol
        String prefix = project.getResourcePrefix();
                               ^
  symbol:   method getResourcePrefix()
  location: variable project of type Project
7 errors

FAILURE: Build failed with an exception.

* What went wrong:
Execution failed for task ':compileJava'.
> Compilation failed; see the compiler error output for details.

* Try:
> Run with --info option to get more log output.
> Run with --scan to get full insights.

BUILD FAILED in 4s
