/eval/src/generated/java/com/android/tools/lint/checks/NegativeMarginDetector.java:12: error: cannot find symbol
import org.jetbrains.annotations.NonNull;
                                ^
  symbol:   class NonNull
  location: package org.jetbrains.annotations
/eval/src/generated/java/com/android/tools/lint/checks/NegativeMarginDetector.java:49: error: cannot find symbol
    public boolean appliesTo(@NonNull ResourceFolderType folderType) {
                              ^
  symbol:   class NonNull
  location: class NegativeMarginDetector
/eval/src/generated/java/com/android/tools/lint/checks/NegativeMarginDetector.java:60: error: cannot find symbol
    public void visitAttribute(@NonNull XmlContext context, @NonNull Attr attribute) {
                                ^
  symbol:   class NonNull
  location: class NegativeMarginDetector
/eval/src/generated/java/com/android/tools/lint/checks/NegativeMarginDetector.java:60: error: cannot find symbol
    public void visitAttribute(@NonNull XmlContext context, @NonNull Attr attribute) {
                                                             ^
  symbol:   class NonNull
  location: class NegativeMarginDetector
/eval/src/generated/java/com/android/tools/lint/checks/NegativeMarginDetector.java:72: error: cannot find symbol
    private static boolean isDimensionValue(@NonNull String value) {
                                             ^
  symbol:   class NonNull
  location: class NegativeMarginDetector
5 errors

FAILURE: Build failed with an exception.

* What went wrong:
Execution failed for task ':compileJava'.
> Compilation failed; see the compiler error output for details.

* Try:
> Run with --info option to get more log output.
> Run with --scan to get full insights.

BUILD FAILED in 7s
