e: file:///eval/src/generated/kotlin/com/android/tools/lint/checks/WearableConfigurationActionDetector.kt:45:32 Unresolved reference: mergedManifest
e: file:///eval/src/generated/kotlin/com/android/tools/lint/checks/WearableConfigurationActionDetector.kt:49:29 Unresolved reference: getElementsByTagName
e: file:///eval/src/generated/kotlin/com/android/tools/lint/checks/WearableConfigurationActionDetector.kt:60:70 The integer literal does not conform to the expected type AndroidVersion!
e: file:///eval/src/generated/kotlin/com/android/tools/lint/checks/WearableConfigurationActionDetector.kt:60:70 The integer literal does not conform to the expected type Comparable<AndroidVersion!>
e: file:///eval/src/generated/kotlin/com/android/tools/lint/checks/WearableConfigurationActionDetector.kt:60:70 Type mismatch: inferred type is AndroidVersion! but IntegerLiteralType[Int,Long,Byte,Short] was expected
e: file:///eval/src/generated/kotlin/com/android/tools/lint/checks/WearableConfigurationActionDetector.kt:60:70 Type mismatch: inferred type is AndroidVersion! but Comparable<IntegerLiteralType[Int,Long,Byte,Short]> was expected
e: file:///eval/src/generated/kotlin/com/android/tools/lint/checks/WearableConfigurationActionDetector.kt:62:31 Unresolved reference: getElementsByTagName
e: file:///eval/src/generated/kotlin/com/android/tools/lint/checks/WearableConfigurationActionDetector.kt:65:59 Type mismatch: inferred type is AndroidVersion! but Int was expected
e: file:///eval/src/generated/kotlin/com/android/tools/lint/checks/WearableConfigurationActionDetector.kt:75:26 The integer literal does not conform to the expected type AndroidVersion!
e: file:///eval/src/generated/kotlin/com/android/tools/lint/checks/WearableConfigurationActionDetector.kt:81:60 Unresolved reference: manifestFile

FAILURE: Build failed with an exception.

* What went wrong:
Execution failed for task ':compileKotlin'.
> A failure occurred while executing org.jetbrains.kotlin.compilerRunner.GradleCompilerRunnerWithWorkers$GradleKotlinCompilerWorkAction
   > Compilation error. See log for more details

* Try:
> Run with --stacktrace option to get the stack trace.
> Run with --info or --debug option to get more log output.
> Run with --scan to get full insights.
> Get more help at https://help.gradle.org.

BUILD FAILED in 7s
