/eval/src/generated/java/com/android/tools/lint/checks/AutofillDetector.java:20: error: cannot find symbol
                com.android.SdkConstants.TAG_EDIT_TEXT,
                                        ^
  symbol:   variable TAG_EDIT_TEXT
  location: class SdkConstants
/eval/src/generated/java/com/android/tools/lint/checks/AutofillDetector.java:21: error: cannot find symbol
                com.android.SdkConstants.TAG_AUTO_COMPLETE_TEXT_VIEW,
                                        ^
  symbol:   variable TAG_AUTO_COMPLETE_TEXT_VIEW
  location: class SdkConstants
/eval/src/generated/java/com/android/tools/lint/checks/AutofillDetector.java:22: error: cannot find symbol
                com.android.SdkConstants.TAG_MULTI_AUTO_COMPLETE_TEXT_VIEW);
                                        ^
  symbol:   variable TAG_MULTI_AUTO_COMPLETE_TEXT_VIEW
  location: class SdkConstants
3 errors

FAILURE: Build failed with an exception.

* What went wrong:
Execution failed for task ':compileJava'.
> Compilation failed; see the compiler error output for details.

* Try:
> Run with --info option to get more log output.
> Run with --scan to get full insights.

BUILD FAILED in 5s
