/eval/src/generated/java/com/android/tools/lint/checks/TooManyViewsDetector.java:47: error: cannot find symbol
        String value = context.getClient().getEnvironmentVariable("ANDROID_LINT_MAX_VIEW_COUNT");
                                          ^
  symbol:   method getEnvironmentVariable(String)
  location: class LintClient
/eval/src/generated/java/com/android/tools/lint/checks/TooManyViewsDetector.java:65: error: cannot find symbol
        if (LayoutDetector.isLayout(element) || LayoutDetector.isView(element)) {
                          ^
  symbol:   method isLayout(Element)
  location: class LayoutDetector
/eval/src/generated/java/com/android/tools/lint/checks/TooManyViewsDetector.java:65: error: cannot find symbol
        if (LayoutDetector.isLayout(element) || LayoutDetector.isView(element)) {
                                                              ^
  symbol:   method isView(Element)
  location: class LayoutDetector
3 errors

FAILURE: Build failed with an exception.

* What went wrong:
Execution failed for task ':compileJava'.
> Compilation failed; see the compiler error output for details.

* Try:
> Run with --info option to get more log output.
> Run with --scan to get full insights.

BUILD FAILED in 5s
