/eval/src/generated/java/com/android/tools/lint/checks/RequiredAttributeDetector.java:33: error: cannot find symbol
public class RequiredAttributeDetector extends LayoutDetector {
                                               ^
  symbol: class LayoutDetector
/eval/src/generated/java/com/android/tools/lint/checks/RequiredAttributeDetector.java:44: error: no suitable constructor found for Implementation(Class<RequiredAttributeDetector>,EnumSet<Scope>)
            new Implementation(
            ^
    constructor Implementation.Implementation(Class<? extends Detector>,EnumSet<Scope>) is not applicable
      (argument mismatch; Class<RequiredAttributeDetector> cannot be converted to Class<? extends Detector>)
    constructor Implementation.Implementation(Class<? extends Detector>,EnumSet<Scope>,EnumSet<Scope>...) is not applicable
      (argument mismatch; Class<RequiredAttributeDetector> cannot be converted to Class<? extends Detector>)
/eval/src/generated/java/com/android/tools/lint/checks/RequiredAttributeDetector.java:62: error: method does not override or implement a method from a supertype
    @Override
    ^
/eval/src/generated/java/com/android/tools/lint/checks/RequiredAttributeDetector.java:67: error: method does not override or implement a method from a supertype
    @Override
    ^
/eval/src/generated/java/com/android/tools/lint/checks/RequiredAttributeDetector.java:72: error: method does not override or implement a method from a supertype
    @Override
    ^
/eval/src/generated/java/com/android/tools/lint/checks/RequiredAttributeDetector.java:74: error: incompatible types: inference variable T has incompatible bounds
        return Collections.singletonList(XmlScannerConstants.ALL);
                                        ^
    equality constraints: String
    lower bounds: List<String>
  where T is a type-variable:
    T extends Object declared in method <T>singletonList(T)
/eval/src/generated/java/com/android/tools/lint/checks/RequiredAttributeDetector.java:77: error: method does not override or implement a method from a supertype
    @Override
    ^
/eval/src/generated/java/com/android/tools/lint/checks/RequiredAttributeDetector.java:128: error: method does not override or implement a method from a supertype
    @Override
    ^
/eval/src/generated/java/com/android/tools/lint/checks/RequiredAttributeDetector.java:133: error: method does not override or implement a method from a supertype
    @Override
    ^
Note: /eval/src/generated/java/com/android/tools/lint/checks/RequiredAttributeDetector.java uses or overrides a deprecated API.
Note: Recompile with -Xlint:deprecation for details.
9 errors

FAILURE: Build failed with an exception.

* What went wrong:
Execution failed for task ':compileJava'.
> Compilation failed; see the compiler error output for details.

* Try:
> Run with --info option to get more log output.
> Run with --scan to get full insights.

BUILD FAILED in 4s
