/eval/src/generated/java/com/android/tools/lint/checks/ObsoleteLayoutParamsDetector.java:45: error: cannot find symbol
    public void visitAttribute(@NonNull XmlContext context, @NonNull Attr attribute) {
                                ^
  symbol:   class NonNull
  location: class ObsoleteLayoutParamsDetector
/eval/src/generated/java/com/android/tools/lint/checks/ObsoleteLayoutParamsDetector.java:45: error: cannot find symbol
    public void visitAttribute(@NonNull XmlContext context, @NonNull Attr attribute) {
                                                             ^
  symbol:   class NonNull
  location: class ObsoleteLayoutParamsDetector
/eval/src/generated/java/com/android/tools/lint/checks/ObsoleteLayoutParamsDetector.java:49: error: cannot find symbol
    public void visitElement(@NonNull XmlContext context, @NonNull Element element) {
                              ^
  symbol:   class NonNull
  location: class ObsoleteLayoutParamsDetector
/eval/src/generated/java/com/android/tools/lint/checks/ObsoleteLayoutParamsDetector.java:49: error: cannot find symbol
    public void visitElement(@NonNull XmlContext context, @NonNull Element element) {
                                                           ^
  symbol:   class NonNull
  location: class ObsoleteLayoutParamsDetector
/eval/src/generated/java/com/android/tools/lint/checks/ObsoleteLayoutParamsDetector.java:86: error: cannot find symbol
    public void afterCheckRootProject(@NonNull Context context) {
                                       ^
  symbol:   class NonNull
  location: class ObsoleteLayoutParamsDetector
5 errors

FAILURE: Build failed with an exception.

* What went wrong:
Execution failed for task ':compileJava'.
> Compilation failed; see the compiler error output for details.

* Try:
> Run with --info option to get more log output.
> Run with --scan to get full insights.

BUILD FAILED in 6s
