/eval/src/generated/java/com/android/tools/lint/checks/VectorDetector.java:90: error: method does not override or implement a method from a supertype
    @Override
    ^
/eval/src/generated/java/com/android/tools/lint/checks/VectorDetector.java:97: error: cannot find symbol
            Boolean useSupportLibrary = project.getVectorDrawablesUseSupportLibrary();
                                               ^
  symbol:   method getVectorDrawablesUseSupportLibrary()
  location: variable project of type Project
/eval/src/generated/java/com/android/tools/lint/checks/VectorDetector.java:102: error: method filterIncident in class Detector cannot be applied to given types;
        super.filterIncident(incident);
             ^
  required: Context,Incident,LintMap
  found:    Incident
  reason: actual and formal argument lists differ in length
3 errors

FAILURE: Build failed with an exception.

* What went wrong:
Execution failed for task ':compileJava'.
> Compilation failed; see the compiler error output for details.

* Try:
> Run with --info option to get more log output.
> Run with --scan to get full insights.

BUILD FAILED in 7s
