/eval/src/generated/java/com/android/tools/lint/checks/NetworkSecurityConfigDetector.java:7: error: cannot find symbol
import com.android.tools.lint.detector.api.ResourceFile;
                                          ^
  symbol:   class ResourceFile
  location: package com.android.tools.lint.detector.api
/eval/src/generated/java/com/android/tools/lint/checks/NetworkSecurityConfigDetector.java:32: error: cannot find symbol
    public boolean appliesTo(Context context, ResourceFile file) {
                                              ^
  symbol:   class ResourceFile
  location: class NetworkSecurityConfigDetector
/eval/src/generated/java/com/android/tools/lint/checks/NetworkSecurityConfigDetector.java:32: error: appliesTo(Context,ResourceFile) in NetworkSecurityConfigDetector cannot override appliesTo(Context,File) in Detector
    public boolean appliesTo(Context context, ResourceFile file) {
                   ^
  overridden method is final
3 errors

FAILURE: Build failed with an exception.

* What went wrong:
Execution failed for task ':compileJava'.
> Compilation failed; see the compiler error output for details.

* Try:
> Run with --info option to get more log output.
> Run with --scan to get full insights.

BUILD FAILED in 3s
