/eval/src/generated/java/com/android/tools/lint/checks/VectorDetector.java:4: error: cannot find symbol
import static com.android.SdkConstants.ATTR_FILL_TYPE;
^
  symbol:   static ATTR_FILL_TYPE
  location: class SdkConstants
/eval/src/generated/java/com/android/tools/lint/checks/VectorDetector.java:90: error: cannot find symbol
        Attr fillTypeAttr = element.getAttributeNodeNS(ANDROID_URI, ATTR_FILL_TYPE);
                                                                    ^
  symbol:   variable ATTR_FILL_TYPE
  location: class VectorDetector
/eval/src/generated/java/com/android/tools/lint/checks/VectorDetector.java:93: error: method getValueLocation in class XmlContext cannot be applied to given types;
                    context.getValueLocation(element, fillTypeAttr),
                           ^
  required: Attr
  found:    Element,Attr
  reason: actual and formal argument lists differ in length
/eval/src/generated/java/com/android/tools/lint/checks/VectorDetector.java:101: error: method getValueLocation in class XmlContext cannot be applied to given types;
                    context.getValueLocation(element, pathDataAttr),
                           ^
  required: Attr
  found:    Element,Attr
  reason: actual and formal argument lists differ in length
4 errors

FAILURE: Build failed with an exception.

* What went wrong:
Execution failed for task ':compileJava'.
> Compilation failed; see the compiler error output for details.

* Try:
> Run with --info option to get more log output.
> Run with --scan to get full insights.

BUILD FAILED in 4s
