/eval/src/generated/java/com/android/tools/lint/checks/UnsafeNativeCodeDetector.java:10: error: cannot find symbol
import com.android.tools.lint.detector.api.ResourceFolderType;
                                          ^
  symbol:   class ResourceFolderType
  location: package com.android.tools.lint.detector.api
/eval/src/generated/java/com/android/tools/lint/checks/UnsafeNativeCodeDetector.java:52: error: cannot find symbol
    public boolean appliesTo(@NotNull ResourceFolderType folderType, @NotNull String fileName) {
                                      ^
  symbol:   class ResourceFolderType
  location: class UnsafeNativeCodeDetector
/eval/src/generated/java/com/android/tools/lint/checks/UnsafeNativeCodeDetector.java:51: error: method does not override or implement a method from a supertype
    @Override
    ^
/eval/src/generated/java/com/android/tools/lint/checks/UnsafeNativeCodeDetector.java:62: error: appliesTo(@org.jetbrains.annotations.NotNull Context,@org.jetbrains.annotations.NotNull File) in UnsafeNativeCodeDetector cannot override appliesTo(Context,File) in Detector
    public boolean appliesTo(@NotNull Context context, @NotNull File file) {
                   ^
  overridden method is final
4 errors

FAILURE: Build failed with an exception.

* What went wrong:
Execution failed for task ':compileJava'.
> Compilation failed; see the compiler error output for details.

* Try:
> Run with --info option to get more log output.
> Run with --scan to get full insights.

BUILD FAILED in 5s
