e: file:///eval/src/generated/kotlin/com/android/tools/lint/checks/ChromeOsSourceDetector.kt:15:27 Unresolved reference: UElementHandler
e: file:///eval/src/generated/kotlin/com/android/tools/lint/checks/ChromeOsSourceDetector.kt:52:57 Unresolved reference: UElementHandler
e: file:///eval/src/generated/kotlin/com/android/tools/lint/checks/ChromeOsSourceDetector.kt:60:3 'visitMethod' overrides nothing
e: file:///eval/src/generated/kotlin/com/android/tools/lint/checks/ChromeOsSourceDetector.kt:61:11 None of the following functions can be called with the arguments supplied: 
public open fun visitMethod(context: JavaContext, visitor: JavaElementVisitor?, call: PsiMethodCallExpression, method: PsiMethod): Unit defined in com.android.tools.lint.detector.api.Detector
public open fun visitMethod(context: JavaContext, node: UCallExpression, method: PsiMethod): Unit defined in com.android.tools.lint.detector.api.Detector
e: file:///eval/src/generated/kotlin/com/android/tools/lint/checks/ChromeOsSourceDetector.kt:64:3 'visitCallExpression' overrides nothing
e: file:///eval/src/generated/kotlin/com/android/tools/lint/checks/ChromeOsSourceDetector.kt:65:11 Unresolved reference: visitCallExpression
e: file:///eval/src/generated/kotlin/com/android/tools/lint/checks/ChromeOsSourceDetector.kt:73:33 Unresolved reference: getContainingUMethod

FAILURE: Build failed with an exception.

* What went wrong:
Execution failed for task ':compileKotlin'.
> A failure occurred while executing org.jetbrains.kotlin.compilerRunner.GradleCompilerRunnerWithWorkers$GradleKotlinCompilerWorkAction
   > Compilation error. See log for more details

* Try:
> Run with --stacktrace option to get the stack trace.
> Run with --info or --debug option to get more log output.
> Run with --scan to get full insights.
> Get more help at https://help.gradle.org.

BUILD FAILED in 6s
