/eval/src/generated/java/com/android/tools/lint/checks/ViewConstructorDetector.java:16: error: cannot find symbol
import org.jetbrains.uast.UElementHandler;
                         ^
  symbol:   class UElementHandler
  location: package org.jetbrains.uast
/eval/src/generated/java/com/android/tools/lint/checks/ViewConstructorDetector.java:50: error: cannot find symbol
    public UElementHandler createUastHandler(JavaContext context) {
           ^
  symbol:   class UElementHandler
  location: class ViewConstructorDetector
/eval/src/generated/java/com/android/tools/lint/checks/ViewConstructorDetector.java:44: error: method does not override or implement a method from a supertype
    @Override
    ^
/eval/src/generated/java/com/android/tools/lint/checks/ViewConstructorDetector.java:51: error: cannot find symbol
        return new UElementHandler() {
                   ^
  symbol:   class UElementHandler
  location: class ViewConstructorDetector
/eval/src/generated/java/com/android/tools/lint/checks/ViewConstructorDetector.java:52: error: method does not override or implement a method from a supertype
            @Override
            ^
/eval/src/generated/java/com/android/tools/lint/checks/ViewConstructorDetector.java:54: error: cannot find symbol
                if (node.isInterface() || node.isEnumType()) {
                                              ^
  symbol:   method isEnumType()
  location: variable node of type UClass
6 errors

FAILURE: Build failed with an exception.

* What went wrong:
Execution failed for task ':compileJava'.
> Compilation failed; see the compiler error output for details.

* Try:
> Run with --info option to get more log output.
> Run with --scan to get full insights.

BUILD FAILED in 4s
