e: file:///eval/src/generated/kotlin/com/android/tools/lint/checks/PictureInPictureDetector.kt:79:45 Type mismatch: inferred type is Project but (TypeVariable(T)) -> TypeVariable(R) was expected
e: file:///eval/src/generated/kotlin/com/android/tools/lint/checks/PictureInPictureDetector.kt:96:49 Type mismatch: inferred type is Project but (TypeVariable(T)) -> TypeVariable(R) was expected
e: file:///eval/src/generated/kotlin/com/android/tools/lint/checks/PictureInPictureDetector.kt:98:44 Unresolved reference: startsWith
e: file:///eval/src/generated/kotlin/com/android/tools/lint/checks/PictureInPictureDetector.kt:99:20 Unresolved reference: substringAfter
e: file:///eval/src/generated/kotlin/com/android/tools/lint/checks/PictureInPictureDetector.kt:109:40 Overload resolution ambiguity: 
public constructor File(p0: URI!) defined in java.io.File
public constructor File(p0: String!) defined in java.io.File
e: file:///eval/src/generated/kotlin/com/android/tools/lint/checks/PictureInPictureDetector.kt:114:34 Overload resolution ambiguity: 
public final fun create(file: File, start: Position, end: Position?): Location defined in com.android.tools.lint.detector.api.Location.Companion
public final fun create(file: File, contents: String, line: Int): Location defined in com.android.tools.lint.detector.api.Location.Companion

FAILURE: Build failed with an exception.

* What went wrong:
Execution failed for task ':compileKotlin'.
> A failure occurred while executing org.jetbrains.kotlin.compilerRunner.GradleCompilerRunnerWithWorkers$GradleKotlinCompilerWorkAction
   > Compilation error. See log for more details

* Try:
> Run with --stacktrace option to get the stack trace.
> Run with --info or --debug option to get more log output.
> Run with --scan to get full insights.
> Get more help at https://help.gradle.org.

BUILD FAILED in 9s
