/eval/src/generated/java/com/android/tools/lint/checks/LayoutConsistencyDetector.java:5: error: cannot find symbol
import com.android.resources.FolderType;
                            ^
  symbol:   class FolderType
  location: package com.android.resources
/eval/src/generated/java/com/android/tools/lint/checks/LayoutConsistencyDetector.java:59: error: cannot find symbol
    public boolean appliesTo(@NonNull FolderType folderType, boolean inManifest) {
                                      ^
  symbol:   class FolderType
  location: class LayoutConsistencyDetector
/eval/src/generated/java/com/android/tools/lint/checks/LayoutConsistencyDetector.java:58: error: method does not override or implement a method from a supertype
    @Override
    ^
/eval/src/generated/java/com/android/tools/lint/checks/LayoutConsistencyDetector.java:60: error: cannot find symbol
        return folderType == FolderType.LAYOUT;
                             ^
  symbol:   variable FolderType
  location: class LayoutConsistencyDetector
/eval/src/generated/java/com/android/tools/lint/checks/LayoutConsistencyDetector.java:85: error: method does not override or implement a method from a supertype
    @Override
    ^
5 errors

FAILURE: Build failed with an exception.

* What went wrong:
Execution failed for task ':compileJava'.
> Compilation failed; see the compiler error output for details.

* Try:
> Run with --info option to get more log output.
> Run with --scan to get full insights.

BUILD FAILED in 4s
