/eval/src/generated/java/com/android/tools/lint/checks/ExifInterfaceDetector.java:11: error: cannot find symbol
import com.android.tools.lint.detector.api.UElementHandler;
                                          ^
  symbol:   class UElementHandler
  location: package com.android.tools.lint.detector.api
/eval/src/generated/java/com/android/tools/lint/checks/ExifInterfaceDetector.java:59: error: cannot find symbol
    public UElementHandler createUastHandler(final JavaContext context) {
           ^
  symbol:   class UElementHandler
  location: class ExifInterfaceDetector
/eval/src/generated/java/com/android/tools/lint/checks/ExifInterfaceDetector.java:60: error: cannot find symbol
        return new UElementHandler() {
                   ^
  symbol:   class UElementHandler
  location: class ExifInterfaceDetector
/eval/src/generated/java/com/android/tools/lint/checks/ExifInterfaceDetector.java:61: error: method does not override or implement a method from a supertype
            @Override
            ^
/eval/src/generated/java/com/android/tools/lint/checks/ExifInterfaceDetector.java:63: error: cannot find symbol
                if (node.isConstructor()) {
                        ^
  symbol:   method isConstructor()
  location: variable node of type UCallExpression
/eval/src/generated/java/com/android/tools/lint/checks/ExifInterfaceDetector.java:73: error: cannot find symbol
                    PsiType receiverType = node.getReceiverType();
                    ^
  symbol: class PsiType
/eval/src/generated/java/com/android/tools/lint/checks/ExifInterfaceDetector.java:81: error: method does not override or implement a method from a supertype
            @Override
            ^
/eval/src/generated/java/com/android/tools/lint/checks/ExifInterfaceDetector.java:87: error: method does not override or implement a method from a supertype
            @Override
            ^
/eval/src/generated/java/com/android/tools/lint/checks/ExifInterfaceDetector.java:89: error: incompatible types: UElement cannot be converted to UReferenceExpression
                UReferenceExpression importRef = node.getImportReference();
                                                                        ^
/eval/src/generated/java/com/android/tools/lint/checks/ExifInterfaceDetector.java:95: error: method does not override or implement a method from a supertype
            @Override
            ^
/eval/src/generated/java/com/android/tools/lint/checks/ExifInterfaceDetector.java:97: error: cannot find symbol
                PsiType type = node.getType();
                ^
  symbol: class PsiType
11 errors

FAILURE: Build failed with an exception.

* What went wrong:
Execution failed for task ':compileJava'.
> Compilation failed; see the compiler error output for details.

* Try:
> Run with --info option to get more log output.
> Run with --scan to get full insights.

BUILD FAILED in 6s
