/eval/src/generated/java/com/android/tools/lint/checks/ManifestResourceDetector.java:14: error: cannot find symbol
import com.android.tools.lint.detector.api.XmlDetector;
                                          ^
  symbol:   class XmlDetector
  location: package com.android.tools.lint.detector.api
/eval/src/generated/java/com/android/tools/lint/checks/ManifestResourceDetector.java:31: error: cannot find symbol
public class ManifestResourceDetector extends XmlDetector {
                                              ^
  symbol: class XmlDetector
/eval/src/generated/java/com/android/tools/lint/checks/ManifestResourceDetector.java:43: error: no suitable constructor found for Implementation(Class<ManifestResourceDetector>,EnumSet<Scope>)
            new Implementation(ManifestResourceDetector.class, Scope.MANIFEST_SCOPE));
            ^
    constructor Implementation.Implementation(Class<? extends Detector>,EnumSet<Scope>) is not applicable
      (argument mismatch; Class<ManifestResourceDetector> cannot be converted to Class<? extends Detector>)
    constructor Implementation.Implementation(Class<? extends Detector>,EnumSet<Scope>,EnumSet<Scope>...) is not applicable
      (argument mismatch; Class<ManifestResourceDetector> cannot be converted to Class<? extends Detector>)
/eval/src/generated/java/com/android/tools/lint/checks/ManifestResourceDetector.java:51: error: method does not override or implement a method from a supertype
    @Override
    ^
/eval/src/generated/java/com/android/tools/lint/checks/ManifestResourceDetector.java:60: error: method does not override or implement a method from a supertype
    @Override
    ^
/eval/src/generated/java/com/android/tools/lint/checks/ManifestResourceDetector.java:65: error: method does not override or implement a method from a supertype
    @Override
    ^
/eval/src/generated/java/com/android/tools/lint/checks/ManifestResourceDetector.java:79: error: cannot find symbol
            if (url == null || url.type == null || url.framework || url.packageName != null) {
                                                      ^
  symbol:   variable framework
  location: variable url of type ResourceUrl
/eval/src/generated/java/com/android/tools/lint/checks/ManifestResourceDetector.java:79: error: cannot find symbol
            if (url == null || url.type == null || url.framework || url.packageName != null) {
                                                                       ^
  symbol:   variable packageName
  location: variable url of type ResourceUrl
/eval/src/generated/java/com/android/tools/lint/checks/ManifestResourceDetector.java:124: error: cannot find symbol
                ResourceType type = ResourceType.getEnum(typeName);
                                                ^
  symbol:   method getEnum(String)
  location: class ResourceType
/eval/src/generated/java/com/android/tools/lint/checks/ManifestResourceDetector.java:131: error: cannot find symbol
                if (type == ResourceType.VALUES) {
                                        ^
  symbol:   variable VALUES
  location: class ResourceType
/eval/src/generated/java/com/android/tools/lint/checks/ManifestResourceDetector.java:209: error: cannot find symbol
        ResourceType type = ResourceType.getEnum(tag);
                                        ^
  symbol:   method getEnum(String)
  location: class ResourceType
/eval/src/generated/java/com/android/tools/lint/checks/ManifestResourceDetector.java:219: error: cannot find symbol
                return ResourceType.getEnum(typeAttr);
                                   ^
  symbol:   method getEnum(String)
  location: class ResourceType
12 errors

FAILURE: Build failed with an exception.

* What went wrong:
Execution failed for task ':compileJava'.
> Compilation failed; see the compiler error output for details.

* Try:
> Run with --info option to get more log output.
> Run with --scan to get full insights.

BUILD FAILED in 4s
