e: file:///eval/src/generated/kotlin/com/android/tools/lint/checks/TranslucentViewDetector.kt:59:104 Unresolved reference: MANIFEST
e: file:///eval/src/generated/kotlin/com/android/tools/lint/checks/TranslucentViewDetector.kt:66:46 The integer literal does not conform to the expected type AndroidVersion!
e: file:///eval/src/generated/kotlin/com/android/tools/lint/checks/TranslucentViewDetector.kt:72:28 None of the following functions can be called with the arguments supplied: 
public constructor Incident(issue: Issue, location: Location, message: String, fix: LintFix?) defined in com.android.tools.lint.detector.api.Incident
public constructor Incident(issue: Issue, scope: Any, location: Location, message: String) defined in com.android.tools.lint.detector.api.Incident
public constructor Incident(issue: Issue, message: String, location: Location, fix: LintFix?) defined in com.android.tools.lint.detector.api.Incident
public constructor Incident(issue: Issue, message: String, location: Location, scope: Any? = ..., fix: LintFix? = ...) defined in com.android.tools.lint.detector.api.Incident
e: file:///eval/src/generated/kotlin/com/android/tools/lint/checks/TranslucentViewDetector.kt:91:46 The integer literal does not conform to the expected type AndroidVersion!
e: file:///eval/src/generated/kotlin/com/android/tools/lint/checks/TranslucentViewDetector.kt:95:24 None of the following functions can be called with the arguments supplied: 
public constructor Incident(issue: Issue, location: Location, message: String, fix: LintFix?) defined in com.android.tools.lint.detector.api.Incident
public constructor Incident(issue: Issue, scope: Any, location: Location, message: String) defined in com.android.tools.lint.detector.api.Incident
public constructor Incident(issue: Issue, message: String, location: Location, fix: LintFix?) defined in com.android.tools.lint.detector.api.Incident
public constructor Incident(issue: Issue, message: String, location: Location, scope: Any? = ..., fix: LintFix? = ...) defined in com.android.tools.lint.detector.api.Incident

FAILURE: Build failed with an exception.

* What went wrong:
Execution failed for task ':compileKotlin'.
> A failure occurred while executing org.jetbrains.kotlin.compilerRunner.GradleCompilerRunnerWithWorkers$GradleKotlinCompilerWorkAction
   > Compilation error. See log for more details

* Try:
> Run with --stacktrace option to get the stack trace.
> Run with --info or --debug option to get more log output.
> Run with --scan to get full insights.
> Get more help at https://help.gradle.org.

BUILD FAILED in 6s
