/eval/src/generated/java/com/android/tools/lint/checks/ManifestResourceDetector.java:29: error: incompatible types: inference variable T has incompatible bounds
        return java.util.Collections.singletonList(XmlScanner.ALL);
                                                  ^
    equality constraints: String
    lower bounds: List<String>
  where T is a type-variable:
    T extends Object declared in method <T>singletonList(T)
/eval/src/generated/java/com/android/tools/lint/checks/ManifestResourceDetector.java:57: error: cannot find symbol
                context.getProject().getResourceRepository();
                                    ^
  symbol:   method getResourceRepository()
  location: class Project
/eval/src/generated/java/com/android/tools/lint/checks/ManifestResourceDetector.java:63: error: cannot find symbol
                repository.getResourceItem(type, url.name);
                          ^
  symbol:   method getResourceItem(ResourceType,String)
  location: variable repository of type ResourceRepository
/eval/src/generated/java/com/android/tools/lint/checks/ManifestResourceDetector.java:69: error: cannot find symbol
            java.io.File file = item.getFile();
                                    ^
  symbol:   method getFile()
  location: variable item of type ResourceItem
/eval/src/generated/java/com/android/tools/lint/checks/ManifestResourceDetector.java:79: error: no suitable method found for getConfig(String)
                    com.android.ide.common.resources.configuration.FolderConfiguration.getConfig(
                                                                                      ^
    method FolderConfiguration.getConfig(String[]) is not applicable
      (argument mismatch; String cannot be converted to String[])
    method FolderConfiguration.getConfig(Iterable<String>) is not applicable
      (argument mismatch; String cannot be converted to Iterable<String>)
5 errors

FAILURE: Build failed with an exception.

* What went wrong:
Execution failed for task ':compileJava'.
> Compilation failed; see the compiler error output for details.

* Try:
> Run with --info option to get more log output.
> Run with --scan to get full insights.

BUILD FAILED in 5s
