/eval/src/generated/java/com/android/tools/lint/checks/AccessibilityDetector.java:11: error: cannot find symbol
import org.jetbrains.annotations.NonNull;
                                ^
  symbol:   class NonNull
  location: package org.jetbrains.annotations
/eval/src/generated/java/com/android/tools/lint/checks/AccessibilityDetector.java:38: error: cannot find symbol
    public void visitElement(@NonNull XmlContext context, @NonNull Element element) {
                              ^
  symbol:   class NonNull
  location: class AccessibilityDetector
/eval/src/generated/java/com/android/tools/lint/checks/AccessibilityDetector.java:38: error: cannot find symbol
    public void visitElement(@NonNull XmlContext context, @NonNull Element element) {
                                                           ^
  symbol:   class NonNull
  location: class AccessibilityDetector
/eval/src/generated/java/com/android/tools/lint/checks/AccessibilityDetector.java:26: error: cannot find symbol
            Category.ACCESSIBILITY,
                    ^
  symbol:   variable ACCESSIBILITY
  location: class Category
4 errors

FAILURE: Build failed with an exception.

* What went wrong:
Execution failed for task ':compileJava'.
> Compilation failed; see the compiler error output for details.

* Try:
> Run with --info option to get more log output.
> Run with --scan to get full insights.

BUILD FAILED in 4s
