/eval/src/generated/java/com/android/tools/lint/checks/RegistrationDetector.java:165: error: package com.google.gson does not exist
    private static void recordClassRecord(Context context, com.google.gson.JsonObject record) {
                                                                          ^
/eval/src/generated/java/com/android/tools/lint/checks/RegistrationDetector.java:74: error: reference to getLocation is ambiguous
        Location location = context.getLocation(declaration);
                                   ^
  both method getLocation(PsiElement) in JavaContext and method getLocation(UElement) in JavaContext match
/eval/src/generated/java/com/android/tools/lint/checks/RegistrationDetector.java:80: error: package com.google.gson does not exist
        com.google.gson.JsonObject record = new com.google.gson.JsonObject();
                       ^
/eval/src/generated/java/com/android/tools/lint/checks/RegistrationDetector.java:80: error: package com.google.gson does not exist
        com.google.gson.JsonObject record = new com.google.gson.JsonObject();
                                                               ^
/eval/src/generated/java/com/android/tools/lint/checks/RegistrationDetector.java:88: error: method does not override or implement a method from a supertype
    @Override
    ^
/eval/src/generated/java/com/android/tools/lint/checks/RegistrationDetector.java:114: error: package com.google.gson does not exist
        Map<String, com.google.gson.JsonObject> map = partialResults.map();
                                   ^
/eval/src/generated/java/com/android/tools/lint/checks/RegistrationDetector.java:117: error: package com.google.gson does not exist
        List<com.google.gson.JsonObject> classRecords = new ArrayList<>();
                            ^
/eval/src/generated/java/com/android/tools/lint/checks/RegistrationDetector.java:119: error: package com.google.gson does not exist
        for (com.google.gson.JsonObject fileObject : map.values()) {
                            ^
/eval/src/generated/java/com/android/tools/lint/checks/RegistrationDetector.java:120: error: package com.google.gson does not exist
            com.google.gson.JsonElement compElement = fileObject.get(COMPONENT_NAMES);
                           ^
/eval/src/generated/java/com/android/tools/lint/checks/RegistrationDetector.java:122: error: package com.google.gson does not exist
                com.google.gson.JsonArray compArray = compElement.getAsJsonArray();
                               ^
/eval/src/generated/java/com/android/tools/lint/checks/RegistrationDetector.java:123: error: package com.google.gson does not exist
                for (com.google.gson.JsonElement e : compArray) {
                                    ^
/eval/src/generated/java/com/android/tools/lint/checks/RegistrationDetector.java:130: error: package com.google.gson does not exist
            com.google.gson.JsonElement classElement = fileObject.get(CLASS_NAMES);
                           ^
/eval/src/generated/java/com/android/tools/lint/checks/RegistrationDetector.java:132: error: package com.google.gson does not exist
                com.google.gson.JsonArray classArray = classElement.getAsJsonArray();
                               ^
/eval/src/generated/java/com/android/tools/lint/checks/RegistrationDetector.java:133: error: package com.google.gson does not exist
                for (com.google.gson.JsonElement e : classArray) {
                                    ^
/eval/src/generated/java/com/android/tools/lint/checks/RegistrationDetector.java:141: error: package com.google.gson does not exist
        for (com.google.gson.JsonObject record : classRecords) {
                            ^
/eval/src/generated/java/com/android/tools/lint/checks/RegistrationDetector.java:142: error: package com.google.gson does not exist
            com.google.gson.JsonElement nameElement = record.get("name");
                           ^
/eval/src/generated/java/com/android/tools/lint/checks/RegistrationDetector.java:151: error: package com.google.gson does not exist
            com.google.gson.JsonElement fileElement = record.get("file");
                           ^
/eval/src/generated/java/com/android/tools/lint/checks/RegistrationDetector.java:157: error: package com.google.gson does not exist
            com.google.gson.JsonElement lineElement = record.get("line");
                           ^
/eval/src/generated/java/com/android/tools/lint/checks/RegistrationDetector.java:160: error: cannot find symbol
            Location location = context.getRangeLocation(file, line, 0, line, Integer.MAX_VALUE);
                                       ^
  symbol:   method getRangeLocation(File,int,int,int,int)
  location: variable context of type Context
/eval/src/generated/java/com/android/tools/lint/checks/RegistrationDetector.java:167: error: package com.google.gson does not exist
        Map<String, com.google.gson.JsonObject> map = result.map();
                                   ^
/eval/src/generated/java/com/android/tools/lint/checks/RegistrationDetector.java:169: error: package com.google.gson does not exist
        com.google.gson.JsonObject fileObject = map.get(path);
                       ^
/eval/src/generated/java/com/android/tools/lint/checks/RegistrationDetector.java:171: error: package com.google.gson does not exist
            fileObject = new com.google.gson.JsonObject();
                                            ^
/eval/src/generated/java/com/android/tools/lint/checks/RegistrationDetector.java:174: error: package com.google.gson does not exist
        com.google.gson.JsonElement classElement = fileObject.get(CLASS_NAMES);
                       ^
/eval/src/generated/java/com/android/tools/lint/checks/RegistrationDetector.java:175: error: package com.google.gson does not exist
        com.google.gson.JsonArray classArray;
                       ^
/eval/src/generated/java/com/android/tools/lint/checks/RegistrationDetector.java:177: error: package com.google.gson does not exist
            classArray = new com.google.gson.JsonArray();
                                            ^
/eval/src/generated/java/com/android/tools/lint/checks/RegistrationDetector.java:187: error: package com.google.gson does not exist
        Map<String, com.google.gson.JsonObject> map = result.map();
                                   ^
/eval/src/generated/java/com/android/tools/lint/checks/RegistrationDetector.java:189: error: package com.google.gson does not exist
        com.google.gson.JsonObject fileObject = map.get(path);
                       ^
/eval/src/generated/java/com/android/tools/lint/checks/RegistrationDetector.java:191: error: package com.google.gson does not exist
            fileObject = new com.google.gson.JsonObject();
                                            ^
/eval/src/generated/java/com/android/tools/lint/checks/RegistrationDetector.java:194: error: package com.google.gson does not exist
        com.google.gson.JsonElement compElement = fileObject.get(COMPONENT_NAMES);
                       ^
/eval/src/generated/java/com/android/tools/lint/checks/RegistrationDetector.java:195: error: package com.google.gson does not exist
        com.google.gson.JsonArray compArray;
                       ^
/eval/src/generated/java/com/android/tools/lint/checks/RegistrationDetector.java:197: error: package com.google.gson does not exist
            compArray = new com.google.gson.JsonArray();
                                           ^
31 errors

FAILURE: Build failed with an exception.

* What went wrong:
Execution failed for task ':compileJava'.
> Compilation failed; see the compiler error output for details.

* Try:
> Run with --info option to get more log output.
> Run with --scan to get full insights.

BUILD FAILED in 4s
