/eval/src/generated/java/com/android/tools/lint/checks/RtlDetector.java:15: error: cannot find symbol
import org.jetbrains.uast.UElementHandler;
                         ^
  symbol:   class UElementHandler
  location: package org.jetbrains.uast
/eval/src/generated/java/com/android/tools/lint/checks/RtlDetector.java:17: error: cannot find symbol
import org.jetbrains.uast.USimpleReferenceExpression;
                         ^
  symbol:   class USimpleReferenceExpression
  location: package org.jetbrains.uast
/eval/src/generated/java/com/android/tools/lint/checks/RtlDetector.java:23: error: cannot find symbol
public class RtlDetector extends LayoutDetector implements SourceCodeScanner, XmlScanner {
                                 ^
  symbol: class LayoutDetector
/eval/src/generated/java/com/android/tools/lint/checks/RtlDetector.java:72: error: cannot find symbol
    public UElementHandler createUastHandler() {
           ^
  symbol:   class UElementHandler
  location: class RtlDetector
/eval/src/generated/java/com/android/tools/lint/checks/RtlDetector.java:23: error: RtlDetector is not abstract and does not override abstract method analyzeCallGraph(Context,CallGraphResult) in SourceCodeScanner
public class RtlDetector extends LayoutDetector implements SourceCodeScanner, XmlScanner {
       ^
/eval/src/generated/java/com/android/tools/lint/checks/RtlDetector.java:35: error: incompatible types: Class<RtlDetector> cannot be converted to Class<? extends Detector>
            new Implementation(RtlDetector.class, Scope.RESOURCE_FILE_SCOPE, Scope.JAVA_FILE_SCOPE));
                                          ^
/eval/src/generated/java/com/android/tools/lint/checks/RtlDetector.java:37: error: method does not override or implement a method from a supertype
    @Override
    ^
/eval/src/generated/java/com/android/tools/lint/checks/RtlDetector.java:42: error: method does not override or implement a method from a supertype
    @Override
    ^
/eval/src/generated/java/com/android/tools/lint/checks/RtlDetector.java:68: error: cannot find symbol
        return Collections.singletonList(USimpleReferenceExpression.class);
                                         ^
  symbol:   class USimpleReferenceExpression
  location: class RtlDetector
/eval/src/generated/java/com/android/tools/lint/checks/RtlDetector.java:71: error: method does not override or implement a method from a supertype
    @Override
    ^
/eval/src/generated/java/com/android/tools/lint/checks/RtlDetector.java:76: error: method does not override or implement a method from a supertype
    @Override
    ^
Note: Some messages have been simplified; recompile with -Xdiags:verbose to get full output
11 errors

FAILURE: Build failed with an exception.

* What went wrong:
Execution failed for task ':compileJava'.
> Compilation failed; see the compiler error output for details.

* Try:
> Run with --info option to get more log output.
> Run with --scan to get full insights.

BUILD FAILED in 6s
