/eval/src/generated/java/com/android/tools/lint/checks/AndroidAutoDetector.java:8: error: cannot find symbol
import com.android.tools.lint.detector.api.JavaEvaluator;
                                          ^
  symbol:   class JavaEvaluator
  location: package com.android.tools.lint.detector.api
/eval/src/generated/java/com/android/tools/lint/checks/AndroidAutoDetector.java:13: error: cannot find symbol
import org.jetbrains.uast.UElementHandler;
                         ^
  symbol:   class UElementHandler
  location: package org.jetbrains.uast
/eval/src/generated/java/com/android/tools/lint/checks/AndroidAutoDetector.java:47: error: cannot find symbol
    public UElementHandler createUastHandler(JavaContext context) {
           ^
  symbol:   class UElementHandler
  location: class AndroidAutoDetector
/eval/src/generated/java/com/android/tools/lint/checks/AndroidAutoDetector.java:74: error: cannot find symbol
    private boolean hasOnPlayFromSearch(UClass node, JavaEvaluator evaluator) {
                                                     ^
  symbol:   class JavaEvaluator
  location: class AndroidAutoDetector
/eval/src/generated/java/com/android/tools/lint/checks/AndroidAutoDetector.java:48: error: cannot find symbol
        return new UElementHandler() {
                   ^
  symbol:   class UElementHandler
  location: class AndroidAutoDetector
/eval/src/generated/java/com/android/tools/lint/checks/AndroidAutoDetector.java:49: error: method does not override or implement a method from a supertype
            @Override
            ^
/eval/src/generated/java/com/android/tools/lint/checks/AndroidAutoDetector.java:51: error: cannot find symbol
                if (node.isAbstract() || node.isInterface()) {
                        ^
  symbol:   method isAbstract()
  location: variable node of type UClass
/eval/src/generated/java/com/android/tools/lint/checks/AndroidAutoDetector.java:55: error: cannot find symbol
                JavaEvaluator evaluator = context.getEvaluator();
                ^
  symbol: class JavaEvaluator
/eval/src/generated/java/com/android/tools/lint/checks/AndroidAutoDetector.java:68: error: reference to getLocation is ambiguous
                context.report(ISSUE, node, context.getLocation(node),
                                                   ^
  both method getLocation(PsiElement) in JavaContext and method getLocation(UElement) in JavaContext match
9 errors

FAILURE: Build failed with an exception.

* What went wrong:
Execution failed for task ':compileJava'.
> Compilation failed; see the compiler error output for details.

* Try:
> Run with --info option to get more log output.
> Run with --scan to get full insights.

BUILD FAILED in 5s
