/eval/src/generated/java/com/android/tools/lint/checks/ObsoleteLayoutParamsDetector.java:10: error: cannot find symbol
import com.android.utils.SdkConstants;
                        ^
  symbol:   class SdkConstants
  location: package com.android.utils
/eval/src/generated/java/com/android/tools/lint/checks/ObsoleteLayoutParamsDetector.java:52: error: package SdkConstants does not exist
        if (SdkConstants.TAG_MERGE.equals(parentTag)) {
                        ^
/eval/src/generated/java/com/android/tools/lint/checks/ObsoleteLayoutParamsDetector.java:66: error: package SdkConstants does not exist
            if (!SdkConstants.ANDROID_URI.equals(attr.getNamespaceURI())) {
                             ^
3 errors

FAILURE: Build failed with an exception.

* What went wrong:
Execution failed for task ':compileJava'.
> Compilation failed; see the compiler error output for details.

* Try:
> Run with --info option to get more log output.
> Run with --scan to get full insights.

BUILD FAILED in 5s
