/eval/src/generated/java/com/android/tools/lint/checks/BadHostnameVerifierDetector.java:15: error: cannot find symbol
import org.jetbrains.uast.visitor.URecursiveElementVisitor;
                                 ^
  symbol:   class URecursiveElementVisitor
  location: package org.jetbrains.uast.visitor
/eval/src/generated/java/com/android/tools/lint/checks/BadHostnameVerifierDetector.java:75: error: cannot find symbol
    private static class ReturnVisitor extends URecursiveElementVisitor {
                                               ^
  symbol:   class URecursiveElementVisitor
  location: class BadHostnameVerifierDetector
/eval/src/generated/java/com/android/tools/lint/checks/BadHostnameVerifierDetector.java:63: error: no suitable method found for accept(ReturnVisitor)
        body.accept(visitor);
            ^
    method UExpression.accept(UastVisitor) is not applicable
      (argument mismatch; ReturnVisitor cannot be converted to UastVisitor)
    method UExpression.<D,R>accept(UastTypedVisitor<? super D,? extends R>,D) is not applicable
      (cannot infer type-variable(s) D,R
        (actual and formal argument lists differ in length))
  where D,R are type-variables:
    D extends Object declared in method <D,R>accept(UastTypedVisitor<? super D,? extends R>,D)
    R extends Object declared in method <D,R>accept(UastTypedVisitor<? super D,? extends R>,D)
/eval/src/generated/java/com/android/tools/lint/checks/BadHostnameVerifierDetector.java:79: error: method does not override or implement a method from a supertype
        @Override
        ^
/eval/src/generated/java/com/android/tools/lint/checks/BadHostnameVerifierDetector.java:91: error: non-static variable super cannot be referenced from a static context
            return super.visitReturnExpression(node);
                   ^
/eval/src/generated/java/com/android/tools/lint/checks/BadHostnameVerifierDetector.java:91: error: cannot find symbol
            return super.visitReturnExpression(node);
                        ^
  symbol: method visitReturnExpression(UReturnExpression)
6 errors

FAILURE: Build failed with an exception.

* What went wrong:
Execution failed for task ':compileJava'.
> Compilation failed; see the compiler error output for details.

* Try:
> Run with --info option to get more log output.
> Run with --scan to get full insights.

BUILD FAILED in 5s
