/eval/src/generated/java/com/android/tools/lint/checks/AndroidTvDetector.java:56: error: cannot find symbol
    public void beforeCheckFile(@NonNull Context context) {
                                 ^
  symbol:   class NonNull
  location: class AndroidTvDetector
/eval/src/generated/java/com/android/tools/lint/checks/AndroidTvDetector.java:63: error: cannot find symbol
    public void visitElement(@NonNull XmlContext context, @NonNull Element element) {
                              ^
  symbol:   class NonNull
  location: class AndroidTvDetector
/eval/src/generated/java/com/android/tools/lint/checks/AndroidTvDetector.java:63: error: cannot find symbol
    public void visitElement(@NonNull XmlContext context, @NonNull Element element) {
                                                           ^
  symbol:   class NonNull
  location: class AndroidTvDetector
/eval/src/generated/java/com/android/tools/lint/checks/AndroidTvDetector.java:86: error: cannot find symbol
    public void afterCheckFile(@NonNull Context context) {
                                ^
  symbol:   class NonNull
  location: class AndroidTvDetector
4 errors

FAILURE: Build failed with an exception.

* What went wrong:
Execution failed for task ':compileJava'.
> Compilation failed; see the compiler error output for details.

* Try:
> Run with --info option to get more log output.
> Run with --scan to get full insights.

BUILD FAILED in 8s
