/eval/src/generated/java/com/android/tools/lint/checks/IconDetector.java:9: error: cannot find symbol
import com.android.tools.lint.detector.api.ResourceFolderDetector;
                                          ^
  symbol:   class ResourceFolderDetector
  location: package com.android.tools.lint.detector.api
/eval/src/generated/java/com/android/tools/lint/checks/IconDetector.java:10: error: cannot find symbol
import com.android.tools.lint.detector.api.ResourceFolderInfo;
                                          ^
  symbol:   class ResourceFolderInfo
  location: package com.android.tools.lint.detector.api
/eval/src/generated/java/com/android/tools/lint/checks/IconDetector.java:23: error: cannot find symbol
public class IconDetector extends ResourceFolderDetector {
                                  ^
  symbol: class ResourceFolderDetector
/eval/src/generated/java/com/android/tools/lint/checks/IconDetector.java:52: error: cannot find symbol
    public void checkFolder(@NotNull ResourceFolderInfo folder) {
                                     ^
  symbol:   class ResourceFolderInfo
  location: class IconDetector
/eval/src/generated/java/com/android/tools/lint/checks/IconDetector.java:38: error: no suitable constructor found for Implementation(Class<IconDetector>,EnumSet<Scope>)
            new Implementation(IconDetector.class, Scope.RESOURCE_FOLDER_SCOPE));
            ^
    constructor Implementation.Implementation(Class<? extends Detector>,EnumSet<Scope>) is not applicable
      (argument mismatch; Class<IconDetector> cannot be converted to Class<? extends Detector>)
    constructor Implementation.Implementation(Class<? extends Detector>,EnumSet<Scope>,EnumSet<Scope>...) is not applicable
      (argument mismatch; Class<IconDetector> cannot be converted to Class<? extends Detector>)
/eval/src/generated/java/com/android/tools/lint/checks/IconDetector.java:46: error: method does not override or implement a method from a supertype
    @Override
    ^
/eval/src/generated/java/com/android/tools/lint/checks/IconDetector.java:51: error: method does not override or implement a method from a supertype
    @Override
    ^
/eval/src/generated/java/com/android/tools/lint/checks/IconDetector.java:85: error: method does not override or implement a method from a supertype
    @Override
    ^
8 errors

FAILURE: Build failed with an exception.

* What went wrong:
Execution failed for task ':compileJava'.
> Compilation failed; see the compiler error output for details.

* Try:
> Run with --info option to get more log output.
> Run with --scan to get full insights.

BUILD FAILED in 3s
