/eval/src/generated/java/com/android/tools/lint/checks/LayoutConsistencyDetector.java:5: error: cannot find symbol
import com.android.resources.ResourceReference;
                            ^
  symbol:   class ResourceReference
  location: package com.android.resources
/eval/src/generated/java/com/android/tools/lint/checks/LayoutConsistencyDetector.java:92: error: cannot find symbol
            @NonNull ResourceReference reference) {
                     ^
  symbol:   class ResourceReference
  location: class LayoutConsistencyDetector
/eval/src/generated/java/com/android/tools/lint/checks/LayoutConsistencyDetector.java:80: error: incompatible types: File cannot be converted to Node
        list.add(new LayoutDefinition(folderName, ids, context.getLocation(context.file)));
                                                                                  ^
/eval/src/generated/java/com/android/tools/lint/checks/LayoutConsistencyDetector.java:88: error: method does not override or implement a method from a supertype
    @Override
    ^
/eval/src/generated/java/com/android/tools/lint/checks/LayoutConsistencyDetector.java:140: error: cannot find symbol
            String attrName = attr.getName();
                                  ^
  symbol:   method getName()
  location: variable attr of type Node
Note: Some messages have been simplified; recompile with -Xdiags:verbose to get full output
5 errors

FAILURE: Build failed with an exception.

* What went wrong:
Execution failed for task ':compileJava'.
> Compilation failed; see the compiler error output for details.

* Try:
> Run with --info option to get more log output.
> Run with --scan to get full insights.

BUILD FAILED in 4s
