/eval/src/generated/java/com/android/tools/lint/checks/IconDetector.java:4: error: cannot find symbol
import com.android.resources.DensityQualifier;
                            ^
  symbol:   class DensityQualifier
  location: package com.android.resources
/eval/src/generated/java/com/android/tools/lint/checks/IconDetector.java:12: error: cannot find symbol
import com.android.tools.lint.detector.api.ResourceFile;
                                          ^
  symbol:   class ResourceFile
  location: package com.android.tools.lint.detector.api
/eval/src/generated/java/com/android/tools/lint/checks/IconDetector.java:13: error: cannot find symbol
import com.android.tools.lint.detector.api.ResourceFolderInfo;
                                          ^
  symbol:   class ResourceFolderInfo
  location: package com.android.tools.lint.detector.api
/eval/src/generated/java/com/android/tools/lint/checks/IconDetector.java:29: error: cannot find symbol
    private final Map<String, ResourceFile> iconFiles = new HashMap<>();
                              ^
  symbol:   class ResourceFile
  location: class IconDetector
/eval/src/generated/java/com/android/tools/lint/checks/IconDetector.java:49: error: cannot find symbol
    public void checkFolder(@NotNull ResourceFolderInfo folder) {
                                     ^
  symbol:   class ResourceFolderInfo
  location: class IconDetector
/eval/src/generated/java/com/android/tools/lint/checks/IconDetector.java:48: error: method does not override or implement a method from a supertype
    @Override
    ^
/eval/src/generated/java/com/android/tools/lint/checks/IconDetector.java:54: error: cannot find symbol
        DensityQualifier densityQualifier = folder.getConfiguration().getDensityQualifier();
        ^
  symbol:   class DensityQualifier
  location: class IconDetector
/eval/src/generated/java/com/android/tools/lint/checks/IconDetector.java:67: error: cannot find symbol
        for (ResourceFile file : folder.getFiles()) {
             ^
  symbol:   class ResourceFile
  location: class IconDetector
/eval/src/generated/java/com/android/tools/lint/checks/IconDetector.java:72: error: method noneOf in class EnumSet<E#2> cannot be applied to given types;
            iconDensities.computeIfAbsent(baseName, k -> EnumSet.noneOf(Density.class)).add(density);
                                                                ^
  required: Class<E#1>
  found:    Class<Density>
  reason: inference variable E#1 has incompatible bounds
    equality constraints: Density
    lower bounds: Enum<E#1>
  where E#1,E#2 are type-variables:
    E#1 extends Enum<E#1> declared in method <E#1>noneOf(Class<E#1>)
    E#2 extends Enum<E#2> declared in class EnumSet
/eval/src/generated/java/com/android/tools/lint/checks/IconDetector.java:79: error: no suitable method found for of(Density,Density,Density,Density,Density)
        Set<Density> required = EnumSet.of(Density.MEDIUM, Density.HIGH, Density.XHIGH, Density.XXHIGH, Density.XXXHIGH);
                                       ^
    method EnumSet.<E#1>of(E#1) is not applicable
      (cannot infer type-variable(s) E#1
        (actual and formal argument lists differ in length))
    method EnumSet.<E#2>of(E#2,E#2) is not applicable
      (cannot infer type-variable(s) E#2
        (actual and formal argument lists differ in length))
    method EnumSet.<E#3>of(E#3,E#3,E#3) is not applicable
      (cannot infer type-variable(s) E#3
        (actual and formal argument lists differ in length))
    method EnumSet.<E#4>of(E#4,E#4,E#4,E#4) is not applicable
      (cannot infer type-variable(s) E#4
        (actual and formal argument lists differ in length))
    method EnumSet.<E#5>of(E#5,E#5,E#5,E#5,E#5) is not applicable
      (inference variable E#5 has incompatible bounds
        lower bounds: Enum<E#5>
        lower bounds: Density)
    method EnumSet.<E#6>of(E#6,E#6...) is not applicable
      (inference variable E#6 has incompatible bounds
        lower bounds: Enum<E#6>
        lower bounds: Density)
  where E#1,E#2,E#3,E#4,E#5,E#6 are type-variables:
    E#1 extends Enum<E#1> declared in method <E#1>of(E#1)
    E#2 extends Enum<E#2> declared in method <E#2>of(E#2,E#2)
    E#3 extends Enum<E#3> declared in method <E#3>of(E#3,E#3,E#3)
    E#4 extends Enum<E#4> declared in method <E#4>of(E#4,E#4,E#4,E#4)
    E#5 extends Enum<E#5> declared in method <E#5>of(E#5,E#5,E#5,E#5,E#5)
    E#6 extends Enum<E#6> declared in method <E#6>of(E#6,E#6...)
/eval/src/generated/java/com/android/tools/lint/checks/IconDetector.java:87: error: no suitable method found for copyOf(Set<Density>)
            Set<Density> missing = EnumSet.copyOf(required);
                                          ^
    method EnumSet.<E#1>copyOf(EnumSet<E#1>) is not applicable
      (cannot infer type-variable(s) E#1
        (argument mismatch; Set<Density> cannot be converted to EnumSet<E#1>))
    method EnumSet.<E#2>copyOf(Collection<E#2>) is not applicable
      (inference variable E#2 has incompatible bounds
        equality constraints: Density
        lower bounds: Enum<E#2>)
  where E#1,E#2 are type-variables:
    E#1 extends Enum<E#1> declared in method <E#1>copyOf(EnumSet<E#1>)
    E#2 extends Enum<E#2> declared in method <E#2>copyOf(Collection<E#2>)
/eval/src/generated/java/com/android/tools/lint/checks/IconDetector.java:91: error: cannot find symbol
                ResourceFile file = iconFiles.get(name);
                ^
  symbol:   class ResourceFile
  location: class IconDetector
Note: /eval/src/generated/java/com/android/tools/lint/checks/IconDetector.java uses or overrides a deprecated API.
Note: Recompile with -Xlint:deprecation for details.
12 errors

FAILURE: Build failed with an exception.

* What went wrong:
Execution failed for task ':compileJava'.
> Compilation failed; see the compiler error output for details.

* Try:
> Run with --info option to get more log output.
> Run with --scan to get full insights.

BUILD FAILED in 3s
