/eval/src/generated/java/com/android/tools/lint/checks/JobSchedulerDetector.java:81: error: cannot find symbol
            LintMap map = context.getPartialResults(ISSUE).getMap();
                                                          ^
  symbol:   method getMap()
  location: class PartialResult
/eval/src/generated/java/com/android/tools/lint/checks/JobSchedulerDetector.java:93: error: cannot find symbol
        LintMap map = partialResult.getMap();
                                   ^
  symbol:   method getMap()
  location: variable partialResult of type PartialResult
/eval/src/generated/java/com/android/tools/lint/checks/JobSchedulerDetector.java:94: error: cannot find symbol
        if (map.keys().isEmpty()) {
                      ^
  symbol:   method isEmpty()
  location: interface Sequence<String>
/eval/src/generated/java/com/android/tools/lint/checks/JobSchedulerDetector.java:98: error: for-each not applicable to expression type
        for (String serviceClassName : map.keys()) {
                                               ^
  required: array or java.lang.Iterable
  found:    Sequence<String>
/eval/src/generated/java/com/android/tools/lint/checks/JobSchedulerDetector.java:99: error: method getString in class LintMap cannot be applied to given types;
            String filePath = map.getString(serviceClassName);
                                 ^
  required: String,String
  found:    String
  reason: actual and formal argument lists differ in length
5 errors

FAILURE: Build failed with an exception.

* What went wrong:
Execution failed for task ':compileJava'.
> Compilation failed; see the compiler error output for details.

* Try:
> Run with --info option to get more log output.
> Run with --scan to get full insights.

BUILD FAILED in 8s
