/eval/src/generated/java/com/android/tools/lint/checks/IconDetector.java:81: error: createUastHandler(JavaContext) in IconDetector cannot implement createUastHandler(JavaContext) in SourceCodeScanner
    public UastVisitor createUastHandler(@NonNull JavaContext context) {
                       ^
  return type UastVisitor is not compatible with UElementHandler
/eval/src/generated/java/com/android/tools/lint/checks/IconDetector.java:61: error: method does not override or implement a method from a supertype
    @Override
    ^
/eval/src/generated/java/com/android/tools/lint/checks/IconDetector.java:63: error: method filterIncident in class Detector cannot be applied to given types;
        return super.filterIncident(incident, context);
                    ^
  required: Context,Incident,LintMap
  found:    Incident,Context
  reason: actual and formal argument lists differ in length
/eval/src/generated/java/com/android/tools/lint/checks/IconDetector.java:67: error: appliesTo(Context,File) in IconDetector cannot override appliesTo(Context,File) in Detector
    public boolean appliesTo(@NonNull Context context, @NonNull File file) {
                   ^
  overridden method is final
/eval/src/generated/java/com/android/tools/lint/checks/IconDetector.java:80: error: method does not override or implement a method from a supertype
    @Override
    ^
/eval/src/generated/java/com/android/tools/lint/checks/IconDetector.java:92: error: method does not override or implement a method from a supertype
    @Override
    ^
/eval/src/generated/java/com/android/tools/lint/checks/IconDetector.java:103: error: method does not override or implement a method from a supertype
    @Override
    ^
Note: /eval/src/generated/java/com/android/tools/lint/checks/IconDetector.java uses or overrides a deprecated API.
Note: Recompile with -Xlint:deprecation for details.
7 errors

FAILURE: Build failed with an exception.

* What went wrong:
Execution failed for task ':compileJava'.
> Compilation failed; see the compiler error output for details.

* Try:
> Run with --info option to get more log output.
> Run with --scan to get full insights.

BUILD FAILED in 6s
