/eval/src/generated/java/com/android/tools/lint/checks/DuplicateIdDetector.java:5: error: cannot find symbol
import org.jetbrains.annotations.NonNull;
                                ^
  symbol:   class NonNull
  location: package org.jetbrains.annotations
/eval/src/generated/java/com/android/tools/lint/checks/DuplicateIdDetector.java:53: error: cannot find symbol
    public void visitAttribute(@NonNull XmlContext context, @NonNull Attr attribute) {
                                ^
  symbol:   class NonNull
  location: class DuplicateIdDetector
/eval/src/generated/java/com/android/tools/lint/checks/DuplicateIdDetector.java:53: error: cannot find symbol
    public void visitAttribute(@NonNull XmlContext context, @NonNull Attr attribute) {
                                                             ^
  symbol:   class NonNull
  location: class DuplicateIdDetector
/eval/src/generated/java/com/android/tools/lint/checks/DuplicateIdDetector.java:67: error: cannot find symbol
    public void visitElement(@NonNull XmlContext context, @NonNull Element element) {
                              ^
  symbol:   class NonNull
  location: class DuplicateIdDetector
/eval/src/generated/java/com/android/tools/lint/checks/DuplicateIdDetector.java:67: error: cannot find symbol
    public void visitElement(@NonNull XmlContext context, @NonNull Element element) {
                                                           ^
  symbol:   class NonNull
  location: class DuplicateIdDetector
/eval/src/generated/java/com/android/tools/lint/checks/DuplicateIdDetector.java:78: error: cannot find symbol
    public void afterCheckProject(@NonNull Context context) {
                                   ^
  symbol:   class NonNull
  location: class DuplicateIdDetector
/eval/src/generated/java/com/android/tools/lint/checks/DuplicateIdDetector.java:19: error: cannot find symbol
            new Implementation(DuplicateIdDetector.class, Scope.ALL_RESOURCE_FILES_SCOPE)
                                                               ^
  symbol:   variable ALL_RESOURCE_FILES_SCOPE
  location: class Scope
Note: /eval/src/generated/java/com/android/tools/lint/checks/DuplicateIdDetector.java uses or overrides a deprecated API.
Note: Recompile with -Xlint:deprecation for details.
7 errors

FAILURE: Build failed with an exception.

* What went wrong:
Execution failed for task ':compileJava'.
> Compilation failed; see the compiler error output for details.

* Try:
> Run with --info option to get more log output.
> Run with --scan to get full insights.

BUILD FAILED in 5s
