/eval/src/generated/java/com/android/tools/lint/checks/ViewConstructorDetector.java:17: error: cannot find symbol
import org.jetbrains.uast.UConstructor;
                         ^
  symbol:   class UConstructor
  location: package org.jetbrains.uast
/eval/src/generated/java/com/android/tools/lint/checks/ViewConstructorDetector.java:46: error: incompatible types: String cannot be converted to JvmModifier
        if (declaration.isInterface() || declaration.hasModifier(PsiModifier.ABSTRACT)) {
                                                                            ^
/eval/src/generated/java/com/android/tools/lint/checks/ViewConstructorDetector.java:51: error: cannot find symbol
        for (UConstructor constructor : declaration.getConstructors()) {
             ^
  symbol:   class UConstructor
  location: class ViewConstructorDetector
/eval/src/generated/java/com/android/tools/lint/checks/ViewConstructorDetector.java:59: error: no suitable method found for report(Issue,UClass,Location,String,String)
            context.report(
                   ^
    method JavaContext.report(Issue,PsiElement,Location,String,LintFix) is not applicable
      (argument mismatch; String cannot be converted to LintFix)
    method JavaContext.report(Issue,UElement,Location,String,LintFix) is not applicable
      (argument mismatch; String cannot be converted to LintFix)
    method JavaContext.report(Issue,UClass,Location,String,LintFix) is not applicable
      (argument mismatch; String cannot be converted to LintFix)
    method JavaContext.report(Issue,UMethod,Location,String,LintFix) is not applicable
      (argument mismatch; UClass cannot be converted to UMethod)
    method JavaContext.report(Issue,UField,Location,String,LintFix) is not applicable
      (argument mismatch; UClass cannot be converted to UField)
Note: Some messages have been simplified; recompile with -Xdiags:verbose to get full output
4 errors

FAILURE: Build failed with an exception.

* What went wrong:
Execution failed for task ':compileJava'.
> Compilation failed; see the compiler error output for details.

* Try:
> Run with --info option to get more log output.
> Run with --scan to get full insights.

BUILD FAILED in 4s
