/eval/src/generated/java/com/android/tools/lint/checks/OverdrawDetector.java:33: error: cannot find symbol
import static com.android.SdkConstants.CLASS_APPCOMPAT_ACTIVITY;
^
  symbol:   static CLASS_APPCOMPAT_ACTIVITY
  location: class SdkConstants
/eval/src/generated/java/com/android/tools/lint/checks/OverdrawDetector.java:62: error: appliesTo(Context,File) in OverdrawDetector cannot override appliesTo(Context,File) in Detector
    public boolean appliesTo(@NonNull Context context, @NonNull File file) {
                   ^
  overridden method is final
/eval/src/generated/java/com/android/tools/lint/checks/OverdrawDetector.java:115: error: cannot find symbol
        return Arrays.asList(CLASS_ACTIVITY, CLASS_APPCOMPAT_ACTIVITY);
                                             ^
  symbol:   variable CLASS_APPCOMPAT_ACTIVITY
  location: class OverdrawDetector
/eval/src/generated/java/com/android/tools/lint/checks/OverdrawDetector.java:123: error: method does not override or implement a method from a supertype
    @Override
    ^
/eval/src/generated/java/com/android/tools/lint/checks/OverdrawDetector.java:128: error: method does not override or implement a method from a supertype
    @Override
    ^
/eval/src/generated/java/com/android/tools/lint/checks/OverdrawDetector.java:132: error: incompatible types: List<UExpression> cannot be converted to List<UElement>
            List<UElement> args = node.getValueArguments();
                                                        ^
6 errors

FAILURE: Build failed with an exception.

* What went wrong:
Execution failed for task ':compileJava'.
> Compilation failed; see the compiler error output for details.

* Try:
> Run with --info option to get more log output.
> Run with --scan to get full insights.

BUILD FAILED in 5s
