/eval/src/generated/java/com/android/tools/lint/checks/IconDetector.java:38: error: cannot find symbol
        implements SourceCodeScanner, XmlScanner, BinaryResourceScanner {
                   ^
  symbol: class SourceCodeScanner
/eval/src/generated/java/com/android/tools/lint/checks/IconDetector.java:38: error: cannot find symbol
        implements SourceCodeScanner, XmlScanner, BinaryResourceScanner {
                                      ^
  symbol: class XmlScanner
/eval/src/generated/java/com/android/tools/lint/checks/IconDetector.java:122: error: method does not override or implement a method from a supertype
    @Override
    ^
3 errors

FAILURE: Build failed with an exception.

* What went wrong:
Execution failed for task ':compileJava'.
> Compilation failed; see the compiler error output for details.

* Try:
> Run with --info option to get more log output.
> Run with --scan to get full insights.

BUILD FAILED in 3s
