/eval/src/generated/java/com/android/tools/lint/checks/DuplicateIdDetector.java:42: error: method does not override or implement a method from a supertype
    @Override
    ^
/eval/src/generated/java/com/android/tools/lint/checks/DuplicateIdDetector.java:69: error: cannot find symbol
        String key = (url.packageName != null ? url.packageName + "/" : "") + url.name;
                         ^
  symbol:   variable packageName
  location: variable url of type ResourceUrl
/eval/src/generated/java/com/android/tools/lint/checks/DuplicateIdDetector.java:69: error: cannot find symbol
        String key = (url.packageName != null ? url.packageName + "/" : "") + url.name;
                                                   ^
  symbol:   variable packageName
  location: variable url of type ResourceUrl
/eval/src/generated/java/com/android/tools/lint/checks/DuplicateIdDetector.java:74: error: secondary has private access in Location
            current.secondary = previous;
                   ^
4 errors

FAILURE: Build failed with an exception.

* What went wrong:
Execution failed for task ':compileJava'.
> Compilation failed; see the compiler error output for details.

* Try:
> Run with --info option to get more log output.
> Run with --scan to get full insights.

BUILD FAILED in 4s
