/eval/src/generated/java/com/android/tools/lint/checks/DuplicateIdDetector.java:50: error: method does not override or implement a method from a supertype
    @Override
    ^
/eval/src/generated/java/com/android/tools/lint/checks/DuplicateIdDetector.java:69: error: method getLocation in class Context cannot be applied to given types;
            Location location = context.getLocation(attribute);
                                       ^
  required: Object,LocationType
  found:    Attr
  reason: actual and formal argument lists differ in length
/eval/src/generated/java/com/android/tools/lint/checks/DuplicateIdDetector.java:70: error: method getLocation in class Context cannot be applied to given types;
            Location secondary = context.getLocation(first);
                                        ^
  required: Object,LocationType
  found:    Attr
  reason: actual and formal argument lists differ in length
3 errors

FAILURE: Build failed with an exception.

* What went wrong:
Execution failed for task ':compileJava'.
> Compilation failed; see the compiler error output for details.

* Try:
> Run with --info option to get more log output.
> Run with --scan to get full insights.

BUILD FAILED in 6s
