/eval/src/generated/java/com/android/tools/lint/checks/ExifInterfaceDetector.java:17: error: cannot find symbol
import org.jetbrains.uast.UElementHandler;
                         ^
  symbol:   class UElementHandler
  location: package org.jetbrains.uast
/eval/src/generated/java/com/android/tools/lint/checks/ExifInterfaceDetector.java:56: error: cannot find symbol
    public UElementHandler createUastHandler(@NonNull JavaContext context) {
           ^
  symbol:   class UElementHandler
  location: class ExifInterfaceDetector
/eval/src/generated/java/com/android/tools/lint/checks/ExifInterfaceDetector.java:57: error: cannot find symbol
        return new UElementHandler() {
                   ^
  symbol:   class UElementHandler
  location: class ExifInterfaceDetector
/eval/src/generated/java/com/android/tools/lint/checks/ExifInterfaceDetector.java:58: error: method does not override or implement a method from a supertype
            @Override
            ^
/eval/src/generated/java/com/android/tools/lint/checks/ExifInterfaceDetector.java:61: error: cannot find symbol
                        && EXIF_INTERFACE_CLASS.equals(node.getImportReference().getQualifiedName())) {
                                                                                ^
  symbol:   method getQualifiedName()
  location: interface UElement
/eval/src/generated/java/com/android/tools/lint/checks/ExifInterfaceDetector.java:66: error: method does not override or implement a method from a supertype
            @Override
            ^
/eval/src/generated/java/com/android/tools/lint/checks/ExifInterfaceDetector.java:68: error: cannot find symbol
                String qName = node.getQualifiedName();
                                   ^
  symbol:   method getQualifiedName()
  location: variable node of type UQualifiedReferenceExpression
/eval/src/generated/java/com/android/tools/lint/checks/ExifInterfaceDetector.java:74: error: method does not override or implement a method from a supertype
            @Override
            ^
/eval/src/generated/java/com/android/tools/lint/checks/ExifInterfaceDetector.java:76: error: cannot find symbol
                if (node.isConstructorCall() && "ExifInterface".equals(node.getMethodName())) {
                        ^
  symbol:   method isConstructorCall()
  location: variable node of type UCallExpression
/eval/src/generated/java/com/android/tools/lint/checks/ExifInterfaceDetector.java:87: error: method does not override or implement a method from a supertype
            @Override
            ^
/eval/src/generated/java/com/android/tools/lint/checks/ExifInterfaceDetector.java:91: error: reference to report is ambiguous
                    context.report(ISSUE, node, context.getLocation(node), MESSAGE);
                           ^
  both method report(Issue,PsiElement,Location,String) in JavaContext and method report(Issue,UElement,Location,String) in JavaContext match
/eval/src/generated/java/com/android/tools/lint/checks/ExifInterfaceDetector.java:91: error: reference to getLocation is ambiguous
                    context.report(ISSUE, node, context.getLocation(node), MESSAGE);
                                                       ^
  both method getLocation(PsiElement) in JavaContext and method getLocation(UElement) in JavaContext match
12 errors

FAILURE: Build failed with an exception.

* What went wrong:
Execution failed for task ':compileJava'.
> Compilation failed; see the compiler error output for details.

* Try:
> Run with --info option to get more log output.
> Run with --scan to get full insights.

BUILD FAILED in 3s
