/eval/src/generated/java/com/android/tools/lint/checks/IconDetector.java:29: error: cannot find symbol
    public void visitFolder(@NotNull ResourceFolderContext context) {
                                     ^
  symbol:   class ResourceFolderContext
  location: class IconDetector
/eval/src/generated/java/com/android/tools/lint/checks/IconDetector.java:23: error: method does not override or implement a method from a supertype
    @Override
    ^
/eval/src/generated/java/com/android/tools/lint/checks/IconDetector.java:28: error: method does not override or implement a method from a supertype
    @Override
    ^
3 errors

FAILURE: Build failed with an exception.

* What went wrong:
Execution failed for task ':compileJava'.
> Compilation failed; see the compiler error output for details.

* Try:
> Run with --info option to get more log output.
> Run with --scan to get full insights.

BUILD FAILED in 5s
