/eval/src/generated/java/com/android/tools/lint/checks/AndroidAutoDetector.java:57: error: cannot find symbol
            context.getProject().putUserData(KEY_INTENT_LOCATION, context.getLocation(element));
                                ^
  symbol:   method putUserData(Object,Location)
  location: class Project
/eval/src/generated/java/com/android/tools/lint/checks/AndroidAutoDetector.java:78: error: cannot find symbol
                                context.getProject().putUserData(KEY_HAS_CALLBACK, Boolean.TRUE);
                                                    ^
  symbol:   method putUserData(Object,Boolean)
  location: class Project
/eval/src/generated/java/com/android/tools/lint/checks/AndroidAutoDetector.java:90: error: cannot find symbol
            Location location = context.getProject().getUserData(KEY_INTENT_LOCATION);
                                                    ^
  symbol:   method getUserData(Object)
  location: class Project
/eval/src/generated/java/com/android/tools/lint/checks/AndroidAutoDetector.java:91: error: cannot find symbol
            Boolean hasCallback = context.getProject().getUserData(KEY_HAS_CALLBACK);
                                                      ^
  symbol:   method getUserData(Object)
  location: class Project
Note: /eval/src/generated/java/com/android/tools/lint/checks/AndroidAutoDetector.java uses or overrides a deprecated API.
Note: Recompile with -Xlint:deprecation for details.
4 errors

FAILURE: Build failed with an exception.

* What went wrong:
Execution failed for task ':compileJava'.
> Compilation failed; see the compiler error output for details.

* Try:
> Run with --info option to get more log output.
> Run with --scan to get full insights.

BUILD FAILED in 7s
