/eval/src/generated/java/com/android/tools/lint/checks/IconDetector.java:15: error: cannot find symbol
import com.android.tools.lint.detector.api.ResourceFileScanner;
                                          ^
  symbol:   class ResourceFileScanner
  location: package com.android.tools.lint.detector.api
/eval/src/generated/java/com/android/tools/lint/checks/IconDetector.java:36: error: cannot find symbol
public class IconDetector extends Detector implements SourceCodeScanner, XmlScanner, ResourceFileScanner {
                                                                                     ^
  symbol: class ResourceFileScanner
/eval/src/generated/java/com/android/tools/lint/checks/IconDetector.java:105: error: method does not override or implement a method from a supertype
    @Override
    ^
3 errors

FAILURE: Build failed with an exception.

* What went wrong:
Execution failed for task ':compileJava'.
> Compilation failed; see the compiler error output for details.

* Try:
> Run with --info option to get more log output.
> Run with --scan to get full insights.

BUILD FAILED in 4s
