/eval/src/generated/java/com/android/tools/lint/checks/RegistrationDetector.java:11: error: cannot find symbol
import com.android.tools.lint.detector.api.LintList;
                                          ^
  symbol:   class LintList
  location: package com.android.tools.lint.detector.api
/eval/src/generated/java/com/android/tools/lint/checks/RegistrationDetector.java:88: error: cannot find symbol
        LintList declaredList = map.getList("declared");
        ^
  symbol:   class LintList
  location: class RegistrationDetector
/eval/src/generated/java/com/android/tools/lint/checks/RegistrationDetector.java:88: error: cannot find symbol
        LintList declaredList = map.getList("declared");
                                   ^
  symbol:   method getList(String)
  location: variable map of type LintMap
/eval/src/generated/java/com/android/tools/lint/checks/RegistrationDetector.java:90: error: cannot find symbol
            declaredList = LintList.create();
                           ^
  symbol:   variable LintList
  location: class RegistrationDetector
/eval/src/generated/java/com/android/tools/lint/checks/RegistrationDetector.java:94: error: cannot find symbol
        LintMap classMap = LintMap.create();
                                  ^
  symbol:   method create()
  location: class LintMap
/eval/src/generated/java/com/android/tools/lint/checks/RegistrationDetector.java:132: error: cannot find symbol
        LintList registeredList = map.getList("registered");
        ^
  symbol:   class LintList
  location: class RegistrationDetector
/eval/src/generated/java/com/android/tools/lint/checks/RegistrationDetector.java:132: error: cannot find symbol
        LintList registeredList = map.getList("registered");
                                     ^
  symbol:   method getList(String)
  location: variable map of type LintMap
/eval/src/generated/java/com/android/tools/lint/checks/RegistrationDetector.java:134: error: cannot find symbol
            registeredList = LintList.create();
                             ^
  symbol:   variable LintList
  location: class RegistrationDetector
/eval/src/generated/java/com/android/tools/lint/checks/RegistrationDetector.java:162: error: method map in class PartialResult cannot be applied to given types;
            LintMap map = partialResults.map(project);
                                        ^
  required: no arguments
  found:    Project
  reason: actual and formal argument lists differ in length
/eval/src/generated/java/com/android/tools/lint/checks/RegistrationDetector.java:164: error: cannot find symbol
            LintList registeredList = map.getList("registered");
            ^
  symbol:   class LintList
  location: class RegistrationDetector
/eval/src/generated/java/com/android/tools/lint/checks/RegistrationDetector.java:164: error: cannot find symbol
            LintList registeredList = map.getList("registered");
                                         ^
  symbol:   method getList(String)
  location: variable map of type LintMap
/eval/src/generated/java/com/android/tools/lint/checks/RegistrationDetector.java:171: error: cannot find symbol
            LintList declaredList = map.getList("declared");
            ^
  symbol:   class LintList
  location: class RegistrationDetector
/eval/src/generated/java/com/android/tools/lint/checks/RegistrationDetector.java:171: error: cannot find symbol
            LintList declaredList = map.getList("declared");
                                       ^
  symbol:   method getList(String)
  location: variable map of type LintMap
/eval/src/generated/java/com/android/tools/lint/checks/RegistrationDetector.java:176: error: method getString in class LintMap cannot be applied to given types;
                        String fqcn = classMap.getString("fqcn");
                                              ^
  required: String,String
  found:    String
  reason: actual and formal argument lists differ in length
/eval/src/generated/java/com/android/tools/lint/checks/RegistrationDetector.java:177: error: method getString in class LintMap cannot be applied to given types;
                        String filePath = classMap.getString("file");
                                                  ^
  required: String,String
  found:    String
  reason: actual and formal argument lists differ in length
/eval/src/generated/java/com/android/tools/lint/checks/RegistrationDetector.java:178: error: cannot find symbol
                        Integer start = classMap.getInteger("start");
                                                ^
  symbol:   method getInteger(String)
  location: variable classMap of type LintMap
/eval/src/generated/java/com/android/tools/lint/checks/RegistrationDetector.java:179: error: cannot find symbol
                        Integer end = classMap.getInteger("end");
                                              ^
  symbol:   method getInteger(String)
  location: variable classMap of type LintMap
17 errors

FAILURE: Build failed with an exception.

* What went wrong:
Execution failed for task ':compileJava'.
> Compilation failed; see the compiler error output for details.

* Try:
> Run with --info option to get more log output.
> Run with --scan to get full insights.

BUILD FAILED in 6s
