/eval/src/generated/java/com/android/tools/lint/checks/ResourcePrefixDetector.java:21: error: cannot find symbol
public class ResourcePrefixDetector extends Detector implements XmlScanner, BinaryResourceScanner {
                                                                ^
  symbol: class XmlScanner
/eval/src/generated/java/com/android/tools/lint/checks/ResourcePrefixDetector.java:21: error: cannot find symbol
public class ResourcePrefixDetector extends Detector implements XmlScanner, BinaryResourceScanner {
                                                                            ^
  symbol: class BinaryResourceScanner
/eval/src/generated/java/com/android/tools/lint/checks/ResourcePrefixDetector.java:76: error: cannot find symbol
        String prefix = context.getProject().getResourcePrefix();
                                            ^
  symbol:   method getResourcePrefix()
  location: class Project
/eval/src/generated/java/com/android/tools/lint/checks/ResourcePrefixDetector.java:93: error: method getLocation in class Context cannot be applied to given types;
                context.report(ISSUE, context.getLocation(file), message);
                                             ^
  required: Object,LocationType
  found:    File
  reason: actual and formal argument lists differ in length
4 errors

FAILURE: Build failed with an exception.

* What went wrong:
Execution failed for task ':compileJava'.
> Compilation failed; see the compiler error output for details.

* Try:
> Run with --info option to get more log output.
> Run with --scan to get full insights.

BUILD FAILED in 4s
