/eval/src/generated/java/com/android/tools/lint/checks/NetworkSecurityConfigDetector.java:6: error: cannot find symbol
import com.android.tools.lint.detector.api.ResourceFolderType;
                                          ^
  symbol:   class ResourceFolderType
  location: package com.android.tools.lint.detector.api
/eval/src/generated/java/com/android/tools/lint/checks/NetworkSecurityConfigDetector.java:10: error: cannot find symbol
import com.android.tools.lint.detector.api.XmlDetector;
                                          ^
  symbol:   class XmlDetector
  location: package com.android.tools.lint.detector.api
/eval/src/generated/java/com/android/tools/lint/checks/NetworkSecurityConfigDetector.java:11: error: cannot find symbol
import org.jetbrains.annotations.NonNull;
                                ^
  symbol:   class NonNull
  location: package org.jetbrains.annotations
/eval/src/generated/java/com/android/tools/lint/checks/NetworkSecurityConfigDetector.java:20: error: cannot find symbol
public class NetworkSecurityConfigDetector extends XmlDetector {
                                                   ^
  symbol: class XmlDetector
/eval/src/generated/java/com/android/tools/lint/checks/NetworkSecurityConfigDetector.java:35: error: cannot find symbol
    public boolean appliesTo(@NonNull ResourceFolderType folderType) {
                                      ^
  symbol:   class ResourceFolderType
  location: class NetworkSecurityConfigDetector
/eval/src/generated/java/com/android/tools/lint/checks/NetworkSecurityConfigDetector.java:35: error: cannot find symbol
    public boolean appliesTo(@NonNull ResourceFolderType folderType) {
                              ^
  symbol:   class NonNull
  location: class NetworkSecurityConfigDetector
/eval/src/generated/java/com/android/tools/lint/checks/NetworkSecurityConfigDetector.java:46: error: cannot find symbol
    public void visitElement(@NonNull XmlContext context, @NonNull Element element) {
                              ^
  symbol:   class NonNull
  location: class NetworkSecurityConfigDetector
/eval/src/generated/java/com/android/tools/lint/checks/NetworkSecurityConfigDetector.java:46: error: cannot find symbol
    public void visitElement(@NonNull XmlContext context, @NonNull Element element) {
                                                           ^
  symbol:   class NonNull
  location: class NetworkSecurityConfigDetector
/eval/src/generated/java/com/android/tools/lint/checks/NetworkSecurityConfigDetector.java:31: error: no suitable constructor found for Implementation(Class<NetworkSecurityConfigDetector>,EnumSet<Scope>)
            new Implementation(NetworkSecurityConfigDetector.class, Scope.RESOURCE_FILE_SCOPE)
            ^
    constructor Implementation.Implementation(Class<? extends Detector>,EnumSet<Scope>) is not applicable
      (argument mismatch; Class<NetworkSecurityConfigDetector> cannot be converted to Class<? extends Detector>)
    constructor Implementation.Implementation(Class<? extends Detector>,EnumSet<Scope>,EnumSet<Scope>...) is not applicable
      (argument mismatch; Class<NetworkSecurityConfigDetector> cannot be converted to Class<? extends Detector>)
/eval/src/generated/java/com/android/tools/lint/checks/NetworkSecurityConfigDetector.java:34: error: method does not override or implement a method from a supertype
    @Override
    ^
/eval/src/generated/java/com/android/tools/lint/checks/NetworkSecurityConfigDetector.java:36: error: cannot find symbol
        return folderType == ResourceFolderType.XML;
                             ^
  symbol:   variable ResourceFolderType
  location: class NetworkSecurityConfigDetector
/eval/src/generated/java/com/android/tools/lint/checks/NetworkSecurityConfigDetector.java:40: error: method does not override or implement a method from a supertype
    @Override
    ^
/eval/src/generated/java/com/android/tools/lint/checks/NetworkSecurityConfigDetector.java:45: error: method does not override or implement a method from a supertype
    @Override
    ^
13 errors

FAILURE: Build failed with an exception.

* What went wrong:
Execution failed for task ':compileJava'.
> Compilation failed; see the compiler error output for details.

* Try:
> Run with --info option to get more log output.
> Run with --scan to get full insights.

BUILD FAILED in 5s
