/eval/src/generated/java/com/android/tools/lint/checks/RegistrationDetector.java:24: error: cannot find symbol
public class RegistrationDetector extends LayoutDetector {
                                          ^
  symbol: class LayoutDetector
/eval/src/generated/java/com/android/tools/lint/checks/RegistrationDetector.java:41: error: no suitable method found for of(Scope,EnumSet<Scope>)
                    EnumSet.of(Scope.JAVA_FILE, Scope.MANIFEST_SCOPE));
                           ^
    method EnumSet.<E#1>of(E#1) is not applicable
      (cannot infer type-variable(s) E#1
        (actual and formal argument lists differ in length))
    method EnumSet.<E#2>of(E#2,E#2) is not applicable
      (inference variable E#2 has incompatible bounds
        lower bounds: Enum<E#2>
        lower bounds: EnumSet<Scope>,Scope)
    method EnumSet.<E#3>of(E#3,E#3,E#3) is not applicable
      (cannot infer type-variable(s) E#3
        (actual and formal argument lists differ in length))
    method EnumSet.<E#4>of(E#4,E#4,E#4,E#4) is not applicable
      (cannot infer type-variable(s) E#4
        (actual and formal argument lists differ in length))
    method EnumSet.<E#5>of(E#5,E#5,E#5,E#5,E#5) is not applicable
      (cannot infer type-variable(s) E#5
        (actual and formal argument lists differ in length))
    method EnumSet.<E#6>of(E#6,E#6...) is not applicable
      (inference variable E#6 has incompatible bounds
        lower bounds: Enum<E#6>
        lower bounds: EnumSet<Scope>,Scope)
  where E#1,E#2,E#3,E#4,E#5,E#6 are type-variables:
    E#1 extends Enum<E#1> declared in method <E#1>of(E#1)
    E#2 extends Enum<E#2> declared in method <E#2>of(E#2,E#2)
    E#3 extends Enum<E#3> declared in method <E#3>of(E#3,E#3,E#3)
    E#4 extends Enum<E#4> declared in method <E#4>of(E#4,E#4,E#4,E#4)
    E#5 extends Enum<E#5> declared in method <E#5>of(E#5,E#5,E#5,E#5,E#5)
    E#6 extends Enum<E#6> declared in method <E#6>of(E#6,E#6...)
/eval/src/generated/java/com/android/tools/lint/checks/RegistrationDetector.java:56: error: method does not override or implement a method from a supertype
    @Override
    ^
/eval/src/generated/java/com/android/tools/lint/checks/RegistrationDetector.java:61: error: method does not override or implement a method from a supertype
    @Override
    ^
/eval/src/generated/java/com/android/tools/lint/checks/RegistrationDetector.java:75: error: cannot find symbol
        PartialResult partialResult = context.getPartialResult(ISSUE);
                                             ^
  symbol:   method getPartialResult(Issue)
  location: variable context of type JavaContext
/eval/src/generated/java/com/android/tools/lint/checks/RegistrationDetector.java:81: error: reference to getLocation is ambiguous
                new Incident(ISSUE, context.getLocation(declaration), fqcn);
                                           ^
  both method getLocation(PsiElement) in JavaContext and method getLocation(UElement) in JavaContext match
/eval/src/generated/java/com/android/tools/lint/checks/RegistrationDetector.java:82: error: cannot find symbol
        partialResult.put(
                     ^
  symbol:   method put(String,Incident)
  location: variable partialResult of type PartialResult
/eval/src/generated/java/com/android/tools/lint/checks/RegistrationDetector.java:87: error: method does not override or implement a method from a supertype
    @Override
    ^
/eval/src/generated/java/com/android/tools/lint/checks/RegistrationDetector.java:92: error: method does not override or implement a method from a supertype
    @Override
    ^
/eval/src/generated/java/com/android/tools/lint/checks/RegistrationDetector.java:106: error: cannot find symbol
        PartialResult partialResult = context.getPartialResult(ISSUE);
                                             ^
  symbol:   method getPartialResult(Issue)
  location: variable context of type XmlContext
/eval/src/generated/java/com/android/tools/lint/checks/RegistrationDetector.java:111: error: cannot find symbol
        partialResult.put(KEY_REGISTERED_PREFIX + fqcn, fqcn);
                     ^
  symbol:   method put(String,String)
  location: variable partialResult of type PartialResult
/eval/src/generated/java/com/android/tools/lint/checks/RegistrationDetector.java:114: error: method does not override or implement a method from a supertype
    @Override
    ^
/eval/src/generated/java/com/android/tools/lint/checks/RegistrationDetector.java:116: error: cannot find symbol
        Map<String, ?> data = partialResults.getAllData();
                                            ^
  symbol:   method getAllData()
  location: variable partialResults of type PartialResult
13 errors

FAILURE: Build failed with an exception.

* What went wrong:
Execution failed for task ':compileJava'.
> Compilation failed; see the compiler error output for details.

* Try:
> Run with --info option to get more log output.
> Run with --scan to get full insights.

BUILD FAILED in 6s
