/eval/src/generated/java/com/android/tools/lint/checks/IconDetector.java:63: error: cannot find symbol
    public UElementHandler createUastHandler() {
           ^
  symbol:   class UElementHandler
  location: class IconDetector
/eval/src/generated/java/com/android/tools/lint/checks/IconDetector.java:28: error: method does not override or implement a method from a supertype
    @Override
    ^
/eval/src/generated/java/com/android/tools/lint/checks/IconDetector.java:33: error: method does not override or implement a method from a supertype
    @Override
    ^
/eval/src/generated/java/com/android/tools/lint/checks/IconDetector.java:62: error: method does not override or implement a method from a supertype
    @Override
    ^
/eval/src/generated/java/com/android/tools/lint/checks/IconDetector.java:64: error: cannot find symbol
        return new UElementHandler() {
                   ^
  symbol:   class UElementHandler
  location: class IconDetector
/eval/src/generated/java/com/android/tools/lint/checks/IconDetector.java:65: error: method does not override or implement a method from a supertype
            @Override public void visitMethod(UMethod node) {}
            ^
/eval/src/generated/java/com/android/tools/lint/checks/IconDetector.java:66: error: method does not override or implement a method from a supertype
            @Override public void visitCallExpression(UCallExpression node) {}
            ^
/eval/src/generated/java/com/android/tools/lint/checks/IconDetector.java:67: error: method does not override or implement a method from a supertype
            @Override public void visitClass(UClass node) {}
            ^
/eval/src/generated/java/com/android/tools/lint/checks/IconDetector.java:68: error: method does not override or implement a method from a supertype
            @Override public void visitSimpleNameReferenceExpression(USimpleNameReferenceExpression node) {}
            ^
/eval/src/generated/java/com/android/tools/lint/checks/IconDetector.java:72: error: method does not override or implement a method from a supertype
    @Override
    ^
/eval/src/generated/java/com/android/tools/lint/checks/IconDetector.java:77: error: method does not override or implement a method from a supertype
    @Override
    ^
/eval/src/generated/java/com/android/tools/lint/checks/IconDetector.java:99: error: method does not override or implement a method from a supertype
    @Override
    ^
12 errors

FAILURE: Build failed with an exception.

* What went wrong:
Execution failed for task ':compileJava'.
> Compilation failed; see the compiler error output for details.

* Try:
> Run with --info option to get more log output.
> Run with --scan to get full insights.

BUILD FAILED in 4s
