/eval/src/generated/java/com/android/tools/lint/checks/ParcelDetector.java:40: error: incompatible types: String cannot be converted to JvmModifier
        if (declaration.isInterface() || declaration.hasModifier(PsiModifier.ABSTRACT)) {
                                                                            ^
/eval/src/generated/java/com/android/tools/lint/checks/ParcelDetector.java:47: error: incompatible types: String cannot be converted to JvmModifier
                if (field.hasModifier(PsiModifier.PUBLIC)
                                                 ^
/eval/src/generated/java/com/android/tools/lint/checks/ParcelDetector.java:48: error: incompatible types: String cannot be converted to JvmModifier
                        && field.hasModifier(PsiModifier.STATIC)
                                                        ^
/eval/src/generated/java/com/android/tools/lint/checks/ParcelDetector.java:49: error: incompatible types: String cannot be converted to JvmModifier
                        && field.hasModifier(PsiModifier.FINAL)) {
                                                        ^
Note: Some messages have been simplified; recompile with -Xdiags:verbose to get full output
4 errors

FAILURE: Build failed with an exception.

* What went wrong:
Execution failed for task ':compileJava'.
> Compilation failed; see the compiler error output for details.

* Try:
> Run with --info option to get more log output.
> Run with --scan to get full insights.

BUILD FAILED in 6s
