/eval/src/generated/java/com/android/tools/lint/checks/ResourcePrefixDetector.java:56: error: cannot find symbol
            String prefix = xmlContext.getProject().getResourcePrefix();
                                                   ^
  symbol:   method getResourcePrefix()
  location: class Project
/eval/src/generated/java/com/android/tools/lint/checks/ResourcePrefixDetector.java:61: error: cannot find symbol
            com.android.resources.ResourceFolderType folderType = xmlContext.getFolderType();
                                                                            ^
  symbol:   method getFolderType()
  location: variable xmlContext of type XmlContext
/eval/src/generated/java/com/android/tools/lint/checks/ResourcePrefixDetector.java:79: error: cannot find symbol
        String prefix = context.getProject().getResourcePrefix();
                                            ^
  symbol:   method getResourcePrefix()
  location: class Project
/eval/src/generated/java/com/android/tools/lint/checks/ResourcePrefixDetector.java:115: error: cannot find symbol
        String prefix = context.getProject().getResourcePrefix();
                                            ^
  symbol:   method getResourcePrefix()
  location: class Project
4 errors

FAILURE: Build failed with an exception.

* What went wrong:
Execution failed for task ':compileJava'.
> Compilation failed; see the compiler error output for details.

* Try:
> Run with --info option to get more log output.
> Run with --scan to get full insights.

BUILD FAILED in 8s
