/eval/src/generated/java/com/android/tools/lint/checks/DuplicateIdDetector.java:32: error: cannot find symbol
        if (context.getResourceType() != ResourceType.LAYOUT) {
                   ^
  symbol:   method getResourceType()
  location: variable context of type XmlContext
/eval/src/generated/java/com/android/tools/lint/checks/DuplicateIdDetector.java:56: error: cannot find symbol
            File includedFile = context.getProject().findResourceFile(ResourceType.LAYOUT, url.name);
                                                    ^
  symbol:   method findResourceFile(ResourceType,String)
  location: class Project
/eval/src/generated/java/com/android/tools/lint/checks/DuplicateIdDetector.java:60: error: cannot find symbol
                Document includedDoc = XmlParser.parse(includedFile);
                                       ^
  symbol:   variable XmlParser
  location: class DuplicateIdDetector
3 errors

FAILURE: Build failed with an exception.

* What went wrong:
Execution failed for task ':compileJava'.
> Compilation failed; see the compiler error output for details.

* Try:
> Run with --info option to get more log output.
> Run with --scan to get full insights.

BUILD FAILED in 5s
