/eval/src/generated/java/com/android/tools/lint/checks/AlwaysShowActionDetector.java:12: error: cannot find symbol
import com.android.tools.lint.detector.api.JavaParser;
                                          ^
  symbol:   class JavaParser
  location: package com.android.tools.lint.detector.api
/eval/src/generated/java/com/android/tools/lint/checks/AlwaysShowActionDetector.java:17: error: package lombok.ast does not exist
import lombok.ast.AstVisitor;
                 ^
/eval/src/generated/java/com/android/tools/lint/checks/AlwaysShowActionDetector.java:18: error: package lombok.ast does not exist
import lombok.ast.Node;
                 ^
/eval/src/generated/java/com/android/tools/lint/checks/AlwaysShowActionDetector.java:29: error: cannot find symbol
public class AlwaysShowActionDetector extends Detector implements Detector.XmlScanner, Detector.JavaScanner {
                                                                                               ^
  symbol:   class JavaScanner
  location: class Detector
/eval/src/generated/java/com/android/tools/lint/checks/AlwaysShowActionDetector.java:135: error: cannot find symbol
    public void visitField(@NonNull JavaContext context, @Nullable AstVisitor visitor,
                                                                   ^
  symbol:   class AstVisitor
  location: class AlwaysShowActionDetector
/eval/src/generated/java/com/android/tools/lint/checks/AlwaysShowActionDetector.java:136: error: cannot find symbol
            @NonNull Node node, @NonNull String name) {
                     ^
  symbol:   class Node
  location: class AlwaysShowActionDetector
/eval/src/generated/java/com/android/tools/lint/checks/AlwaysShowActionDetector.java:158: error: cannot find symbol
    private static boolean isMenuItemField(@NonNull JavaContext context, @NonNull Node node) {
                                                                                  ^
  symbol:   class Node
  location: class AlwaysShowActionDetector
/eval/src/generated/java/com/android/tools/lint/checks/AlwaysShowActionDetector.java:76: error: cannot find symbol
        if (context.getResourceFolderType() == ResourceFolderType.MENU) {
                   ^
  symbol:   method getResourceFolderType()
  location: variable context of type Context
/eval/src/generated/java/com/android/tools/lint/checks/AlwaysShowActionDetector.java:112: error: cannot find symbol
        if (context.getResourceFolderType() != ResourceFolderType.MENU) {
                   ^
  symbol:   method getResourceFolderType()
  location: variable context of type Context
/eval/src/generated/java/com/android/tools/lint/checks/AlwaysShowActionDetector.java:129: error: method does not override or implement a method from a supertype
    @Override
    ^
/eval/src/generated/java/com/android/tools/lint/checks/AlwaysShowActionDetector.java:134: error: method does not override or implement a method from a supertype
    @Override
    ^
/eval/src/generated/java/com/android/tools/lint/checks/AlwaysShowActionDetector.java:159: error: package JavaParser does not exist
        JavaParser.ResolvedNode resolved = context.resolve(node);
                  ^
/eval/src/generated/java/com/android/tools/lint/checks/AlwaysShowActionDetector.java:160: error: package JavaParser does not exist
        if (resolved instanceof JavaParser.ResolvedField) {
                                          ^
/eval/src/generated/java/com/android/tools/lint/checks/AlwaysShowActionDetector.java:161: error: package JavaParser does not exist
            JavaParser.ResolvedClass cls = ((JavaParser.ResolvedField) resolved).getContainingClass();
                      ^
/eval/src/generated/java/com/android/tools/lint/checks/AlwaysShowActionDetector.java:161: error: package JavaParser does not exist
            JavaParser.ResolvedClass cls = ((JavaParser.ResolvedField) resolved).getContainingClass();
                                                       ^
Note: /eval/src/generated/java/com/android/tools/lint/checks/AlwaysShowActionDetector.java uses or overrides a deprecated API.
Note: Recompile with -Xlint:deprecation for details.
15 errors

FAILURE: Build failed with an exception.

* What went wrong:
Execution failed for task ':compileJava'.
> Compilation failed; see the compiler error output for details.

* Try:
> Run with --info option to get more log output.
> Run with --scan to get full insights.

BUILD FAILED in 5s
