/eval/src/generated/java/com/android/tools/lint/checks/NetworkSecurityConfigDetector.java:13: error: cannot find symbol
import org.jetbrains.annotations.NonNull;
                                ^
  symbol:   class NonNull
  location: package org.jetbrains.annotations
/eval/src/generated/java/com/android/tools/lint/checks/NetworkSecurityConfigDetector.java:32: error: cannot find symbol
    public boolean appliesTo(@NonNull ResourceFolderType folderType) {
                              ^
  symbol:   class NonNull
  location: class NetworkSecurityConfigDetector
/eval/src/generated/java/com/android/tools/lint/checks/NetworkSecurityConfigDetector.java:37: error: cannot find symbol
    public void beforeCheckRootProject(@NonNull Context context) {
                                        ^
  symbol:   class NonNull
  location: class NetworkSecurityConfigDetector
/eval/src/generated/java/com/android/tools/lint/checks/NetworkSecurityConfigDetector.java:42: error: cannot find symbol
    public void visitDocument(@NonNull XmlContext context, @NonNull Document document) {
                               ^
  symbol:   class NonNull
  location: class NetworkSecurityConfigDetector
/eval/src/generated/java/com/android/tools/lint/checks/NetworkSecurityConfigDetector.java:42: error: cannot find symbol
    public void visitDocument(@NonNull XmlContext context, @NonNull Document document) {
                                                            ^
  symbol:   class NonNull
  location: class NetworkSecurityConfigDetector
5 errors

FAILURE: Build failed with an exception.

* What went wrong:
Execution failed for task ':compileJava'.
> Compilation failed; see the compiler error output for details.

* Try:
> Run with --info option to get more log output.
> Run with --scan to get full insights.

BUILD FAILED in 3s
