/eval/src/generated/java/com/android/tools/lint/checks/EllipsizeMaxLinesDetector.java:32: error: method does not override or implement a method from a supertype
    @Override
    ^
/eval/src/generated/java/com/android/tools/lint/checks/EllipsizeMaxLinesDetector.java:39: error: cannot find symbol
        return Collections.singletonList(SdkConstants.ATTR_MAX_LINES);
                                                     ^
  symbol:   variable ATTR_MAX_LINES
  location: class SdkConstants
/eval/src/generated/java/com/android/tools/lint/checks/EllipsizeMaxLinesDetector.java:50: error: cannot find symbol
                SdkConstants.ANDROID_URI, SdkConstants.ATTR_ELLIPSIZE);
                                                      ^
  symbol:   variable ATTR_ELLIPSIZE
  location: class SdkConstants
3 errors

FAILURE: Build failed with an exception.

* What went wrong:
Execution failed for task ':compileJava'.
> Compilation failed; see the compiler error output for details.

* Try:
> Run with --info option to get more log output.
> Run with --scan to get full insights.

BUILD FAILED in 4s
