/eval/src/generated/java/com/android/tools/lint/checks/AndroidTvDetector.java:3: error: cannot find symbol
import static com.android.SdkConstants.ANDROID_INTENT_ACTION_MAIN;
^
  symbol:   static ANDROID_INTENT_ACTION_MAIN
  location: class SdkConstants
/eval/src/generated/java/com/android/tools/lint/checks/AndroidTvDetector.java:4: error: cannot find symbol
import static com.android.SdkConstants.ANDROID_INTENT_CATEGORY_LEANBACK_LAUNCHER;
^
  symbol:   static ANDROID_INTENT_CATEGORY_LEANBACK_LAUNCHER
  location: class SdkConstants
/eval/src/generated/java/com/android/tools/lint/checks/AndroidTvDetector.java:125: error: cannot find symbol
                    if (ANDROID_INTENT_ACTION_MAIN.equals(actionName)) {
                        ^
  symbol:   variable ANDROID_INTENT_ACTION_MAIN
  location: class AndroidTvDetector
/eval/src/generated/java/com/android/tools/lint/checks/AndroidTvDetector.java:130: error: cannot find symbol
                    if (ANDROID_INTENT_CATEGORY_LEANBACK_LAUNCHER.equals(categoryName)) {
                        ^
  symbol:   variable ANDROID_INTENT_CATEGORY_LEANBACK_LAUNCHER
  location: class AndroidTvDetector
4 errors

FAILURE: Build failed with an exception.

* What went wrong:
Execution failed for task ':compileJava'.
> Compilation failed; see the compiler error output for details.

* Try:
> Run with --info option to get more log output.
> Run with --scan to get full insights.

BUILD FAILED in 4s
