e: file:///eval/src/generated/kotlin/com/android/tools/lint/checks/PictureInPictureDetector.kt:24:15 Conflicting declarations: public companion object, public companion object
e: file:///eval/src/generated/kotlin/com/android/tools/lint/checks/PictureInPictureDetector.kt:55:31 Unresolved reference: getPartialResult
e: file:///eval/src/generated/kotlin/com/android/tools/lint/checks/PictureInPictureDetector.kt:60:36 Unresolved reference: KEY_NO_ARG_CALLS
e: file:///eval/src/generated/kotlin/com/android/tools/lint/checks/PictureInPictureDetector.kt:60:69 Unresolved reference: KEY_NO_ARG_CALLS
e: file:///eval/src/generated/kotlin/com/android/tools/lint/checks/PictureInPictureDetector.kt:65:40 Unresolved reference: KEY_MISSING_CONFIG_CALLS
e: file:///eval/src/generated/kotlin/com/android/tools/lint/checks/PictureInPictureDetector.kt:65:81 Unresolved reference: KEY_MISSING_CONFIG_CALLS
e: file:///eval/src/generated/kotlin/com/android/tools/lint/checks/PictureInPictureDetector.kt:74:36 Unresolved reference: KEY_MISSING_CONFIG_CALLS
e: file:///eval/src/generated/kotlin/com/android/tools/lint/checks/PictureInPictureDetector.kt:74:77 Unresolved reference: KEY_MISSING_CONFIG_CALLS
e: file:///eval/src/generated/kotlin/com/android/tools/lint/checks/PictureInPictureDetector.kt:82:36 Unresolved reference: KEY_MISSING_CONFIG_CALLS
e: file:///eval/src/generated/kotlin/com/android/tools/lint/checks/PictureInPictureDetector.kt:82:77 Unresolved reference: KEY_MISSING_CONFIG_CALLS
e: file:///eval/src/generated/kotlin/com/android/tools/lint/checks/PictureInPictureDetector.kt:90:31 Unresolved reference: getPartialResult
e: file:///eval/src/generated/kotlin/com/android/tools/lint/checks/PictureInPictureDetector.kt:92:24 Unresolved reference: KEY_MISSING_CONFIG_CALLS
e: file:///eval/src/generated/kotlin/com/android/tools/lint/checks/PictureInPictureDetector.kt:93:24 Unresolved reference: KEY_NO_ARG_CALLS
e: file:///eval/src/generated/kotlin/com/android/tools/lint/checks/PictureInPictureDetector.kt:97:34 Function invocation 'map()' expected
e: file:///eval/src/generated/kotlin/com/android/tools/lint/checks/PictureInPictureDetector.kt:99:20 Unresolved reference: KEY_MISSING_CONFIG_CALLS
e: file:///eval/src/generated/kotlin/com/android/tools/lint/checks/PictureInPictureDetector.kt:100:20 Unresolved reference: KEY_NO_ARG_CALLS
e: file:///eval/src/generated/kotlin/com/android/tools/lint/checks/PictureInPictureDetector.kt:166:5 Only one companion object is allowed per class
e: file:///eval/src/generated/kotlin/com/android/tools/lint/checks/PictureInPictureDetector.kt:166:15 Conflicting declarations: public companion object, public companion object

FAILURE: Build failed with an exception.

* What went wrong:
Execution failed for task ':compileKotlin'.
> A failure occurred while executing org.jetbrains.kotlin.compilerRunner.GradleCompilerRunnerWithWorkers$GradleKotlinCompilerWorkAction
   > Compilation error. See log for more details

* Try:
> Run with --stacktrace option to get the stack trace.
> Run with --info or --debug option to get more log output.
> Run with --scan to get full insights.
> Get more help at https://help.gradle.org.

BUILD FAILED in 7s
