/eval/src/generated/java/com/android/tools/lint/checks/ArraySizeDetector.java:7: error: cannot find symbol
import com.android.tools.lint.detector.api.ProjectContext;
                                          ^
  symbol:   class ProjectContext
  location: package com.android.tools.lint.detector.api
/eval/src/generated/java/com/android/tools/lint/checks/ArraySizeDetector.java:94: error: cannot find symbol
    public void beforeCheckProject(ProjectContext context) {
                                   ^
  symbol:   class ProjectContext
  location: class ArraySizeDetector
/eval/src/generated/java/com/android/tools/lint/checks/ArraySizeDetector.java:99: error: cannot find symbol
    public void afterCheckProject(ProjectContext context) {
                                  ^
  symbol:   class ProjectContext
  location: class ArraySizeDetector
/eval/src/generated/java/com/android/tools/lint/checks/ArraySizeDetector.java:85: error: getResourceFolder() has protected access in XmlContext
        File folder = context.getResourceFolder();
                             ^
Note: /eval/src/generated/java/com/android/tools/lint/checks/ArraySizeDetector.java uses or overrides a deprecated API.
Note: Recompile with -Xlint:deprecation for details.
4 errors

FAILURE: Build failed with an exception.

* What went wrong:
Execution failed for task ':compileJava'.
> Compilation failed; see the compiler error output for details.

* Try:
> Run with --info option to get more log output.
> Run with --scan to get full insights.

BUILD FAILED in 4s
