/eval/src/generated/java/com/android/tools/lint/checks/PowerManagerDetector.java:10: error: cannot find symbol
import com.android.tools.lint.detector.api.UElementHandler;
                                          ^
  symbol:   class UElementHandler
  location: package com.android.tools.lint.detector.api
/eval/src/generated/java/com/android/tools/lint/checks/PowerManagerDetector.java:39: error: cannot find symbol
    public UElementHandler createUastHandler() {
           ^
  symbol:   class UElementHandler
  location: class PowerManagerDetector
/eval/src/generated/java/com/android/tools/lint/checks/PowerManagerDetector.java:38: error: method does not override or implement a method from a supertype
    @Override
    ^
/eval/src/generated/java/com/android/tools/lint/checks/PowerManagerDetector.java:40: error: cannot find symbol
        return new UElementHandler() {
                   ^
  symbol:   class UElementHandler
  location: class PowerManagerDetector
/eval/src/generated/java/com/android/tools/lint/checks/PowerManagerDetector.java:41: error: method does not override or implement a method from a supertype
            @Override
            ^
/eval/src/generated/java/com/android/tools/lint/checks/PowerManagerDetector.java:74: error: cannot find symbol
                            JavaContext context = (JavaContext) getContext();
                                                                ^
  symbol: method getContext()
6 errors

FAILURE: Build failed with an exception.

* What went wrong:
Execution failed for task ':compileJava'.
> Compilation failed; see the compiler error output for details.

* Try:
> Run with --info option to get more log output.
> Run with --scan to get full insights.

BUILD FAILED in 4s
