/eval/src/generated/java/com/android/tools/lint/checks/RtlDetector.java:67: error: bad operand types for binary operator '!='
        int minSdk = context.getProject().getMinSdk() != null
                                                      ^
  first type:  int
  second type: <null>
/eval/src/generated/java/com/android/tools/lint/checks/RtlDetector.java:68: error: int cannot be dereferenced
                ? context.getProject().getMinSdk().getApiLevel()
                                                  ^
/eval/src/generated/java/com/android/tools/lint/checks/RtlDetector.java:95: error: bad operand types for binary operator '!='
                int minSdk = context.getProject().getMinSdk() != null
                                                              ^
  first type:  int
  second type: <null>
/eval/src/generated/java/com/android/tools/lint/checks/RtlDetector.java:96: error: int cannot be dereferenced
                        ? context.getProject().getMinSdk().getApiLevel()
                                                          ^
4 errors

FAILURE: Build failed with an exception.

* What went wrong:
Execution failed for task ':compileJava'.
> Compilation failed; see the compiler error output for details.

* Try:
> Run with --info option to get more log output.
> Run with --scan to get full insights.

BUILD FAILED in 5s
