/eval/src/generated/java/com/android/tools/lint/checks/AllowAllHostnameVerifierDetector.java:58: error: cannot find symbol
        UClass uClass = call.getContainingUClass();
                            ^
  symbol:   method getContainingUClass()
  location: variable call of type UCallExpression
/eval/src/generated/java/com/android/tools/lint/checks/AllowAllHostnameVerifierDetector.java:59: error: cannot find symbol
        if (uClass != null && uClass.isAnonymous()) {
                                    ^
  symbol:   method isAnonymous()
  location: variable uClass of type UClass
/eval/src/generated/java/com/android/tools/lint/checks/AllowAllHostnameVerifierDetector.java:85: error: cannot find symbol
            UClass uClass = ctor.getContainingUClass();
                                ^
  symbol:   method getContainingUClass()
  location: variable ctor of type UCallExpression
/eval/src/generated/java/com/android/tools/lint/checks/AllowAllHostnameVerifierDetector.java:86: error: cannot find symbol
            if (uClass != null && uClass.isAnonymous()) {
                                        ^
  symbol:   method isAnonymous()
  location: variable uClass of type UClass
4 errors

FAILURE: Build failed with an exception.

* What went wrong:
Execution failed for task ':compileJava'.
> Compilation failed; see the compiler error output for details.

* Try:
> Run with --info option to get more log output.
> Run with --scan to get full insights.

BUILD FAILED in 7s
