/eval/src/generated/java/com/android/tools/lint/checks/IconDetector.java:13: error: cannot find symbol
import org.jetbrains.annotations.NonNull;
                                ^
  symbol:   class NonNull
  location: package org.jetbrains.annotations
/eval/src/generated/java/com/android/tools/lint/checks/IconDetector.java:42: error: cannot find symbol
    public void visitBinaryResource(@NonNull Context context) {
                                     ^
  symbol:   class NonNull
  location: class IconDetector
/eval/src/generated/java/com/android/tools/lint/checks/IconDetector.java:37: error: getApplicableFiles() in IconDetector cannot override getApplicableFiles() in Detector
    public Collection<String> getApplicableFiles() {
                              ^
  return type @org.jetbrains.annotations.Nullable Collection<String> is not compatible with EnumSet<Scope>
/eval/src/generated/java/com/android/tools/lint/checks/IconDetector.java:36: error: method does not override or implement a method from a supertype
    @Override
    ^
/eval/src/generated/java/com/android/tools/lint/checks/IconDetector.java:41: error: method does not override or implement a method from a supertype
    @Override
    ^
/eval/src/generated/java/com/android/tools/lint/checks/IconDetector.java:43: error: cannot find symbol
        ResourceFolderType folderType = context.getResourceFolderType();
                                               ^
  symbol:   method getResourceFolderType()
  location: variable context of type Context
6 errors

FAILURE: Build failed with an exception.

* What went wrong:
Execution failed for task ':compileJava'.
> Compilation failed; see the compiler error output for details.

* Try:
> Run with --info option to get more log output.
> Run with --scan to get full insights.

BUILD FAILED in 4s
