/eval/src/generated/java/com/android/tools/lint/checks/JobSchedulerDetector.java:8: error: package androidx.annotation does not exist
import androidx.annotation.NonNull;
                          ^
/eval/src/generated/java/com/android/tools/lint/checks/JobSchedulerDetector.java:70: error: cannot find symbol
    public void beforeCheckProject(@NonNull Context context) {
                                    ^
  symbol:   class NonNull
  location: class JobSchedulerDetector
/eval/src/generated/java/com/android/tools/lint/checks/JobSchedulerDetector.java:76: error: cannot find symbol
    public void checkClass(@NonNull ClassContext context, @NonNull ClassNode classNode) {
                            ^
  symbol:   class NonNull
  location: class JobSchedulerDetector
/eval/src/generated/java/com/android/tools/lint/checks/JobSchedulerDetector.java:76: error: cannot find symbol
    public void checkClass(@NonNull ClassContext context, @NonNull ClassNode classNode) {
                                                           ^
  symbol:   class NonNull
  location: class JobSchedulerDetector
/eval/src/generated/java/com/android/tools/lint/checks/JobSchedulerDetector.java:95: error: cannot find symbol
    public void visitElement(@NonNull XmlContext context, @NonNull Element element) {
                              ^
  symbol:   class NonNull
  location: class JobSchedulerDetector
/eval/src/generated/java/com/android/tools/lint/checks/JobSchedulerDetector.java:95: error: cannot find symbol
    public void visitElement(@NonNull XmlContext context, @NonNull Element element) {
                                                           ^
  symbol:   class NonNull
  location: class JobSchedulerDetector
/eval/src/generated/java/com/android/tools/lint/checks/JobSchedulerDetector.java:113: error: cannot find symbol
    public void afterCheckProject(@NonNull Context context) {
                                   ^
  symbol:   class NonNull
  location: class JobSchedulerDetector
/eval/src/generated/java/com/android/tools/lint/checks/JobSchedulerDetector.java:39: error: incompatible types: Scope cannot be converted to EnumSet<Scope>
            new Implementation(JobSchedulerDetector.class, Scope.CLASS_FILE, Scope.RESOURCE_FILE));
                                                                ^
Note: /eval/src/generated/java/com/android/tools/lint/checks/JobSchedulerDetector.java uses or overrides a deprecated API.
Note: Recompile with -Xlint:deprecation for details.
Note: Some messages have been simplified; recompile with -Xdiags:verbose to get full output
8 errors

FAILURE: Build failed with an exception.

* What went wrong:
Execution failed for task ':compileJava'.
> Compilation failed; see the compiler error output for details.

* Try:
> Run with --info option to get more log output.
> Run with --scan to get full insights.

BUILD FAILED in 5s
