/eval/src/generated/java/com/android/tools/lint/checks/AndroidAutoDetector.java:37: error: no suitable constructor found for Implementation(Class<AndroidAutoDetector>,Scope)
            new Implementation(AndroidAutoDetector.class, Scope.MANIFEST)
            ^
    constructor Implementation.Implementation(Class<? extends Detector>,EnumSet<Scope>) is not applicable
      (argument mismatch; Scope cannot be converted to EnumSet<Scope>)
    constructor Implementation.Implementation(Class<? extends Detector>,EnumSet<Scope>,EnumSet<Scope>...) is not applicable
      (argument mismatch; Scope cannot be converted to EnumSet<Scope>)
/eval/src/generated/java/com/android/tools/lint/checks/AndroidAutoDetector.java:47: error: cannot find symbol
        return folderType == ResourceFolderType.MANIFEST;
                                               ^
  symbol:   variable MANIFEST
  location: class ResourceFolderType
2 errors

FAILURE: Build failed with an exception.

* What went wrong:
Execution failed for task ':compileJava'.
> Compilation failed; see the compiler error output for details.

* Try:
> Run with --info option to get more log output.
> Run with --scan to get full insights.

BUILD FAILED in 4s
