/eval/src/generated/java/com/android/tools/lint/checks/DuplicateResourceDetector.java:79: error: cannot find symbol
        ResourceType type = ResourceType.getEnum(folderType.getName());
                                        ^
  symbol:   method getEnum(String)
  location: class ResourceType
/eval/src/generated/java/com/android/tools/lint/checks/DuplicateResourceDetector.java:84: error: method getLocation in class Context cannot be applied to given types;
        record(context, folder, type.getName(), baseName, context.getLocation(file));
                                                                 ^
  required: Object,LocationType
  found:    File
  reason: actual and formal argument lists differ in length
/eval/src/generated/java/com/android/tools/lint/checks/DuplicateResourceDetector.java:121: error: no suitable method found for fromXmlTag(String)
                return ResourceType.fromXmlTag(typeAttr.getValue());
                                   ^
    method ResourceType.<T>fromXmlTag(T,Function<T,String>,BiFunction<? super T,? super String,String>) is not applicable
      (cannot infer type-variable(s) T
        (actual and formal argument lists differ in length))
    method ResourceType.fromXmlTag(Node) is not applicable
      (argument mismatch; String cannot be converted to Node)
  where T is a type-variable:
    T extends Object declared in method <T>fromXmlTag(T,Function<T,String>,BiFunction<? super T,? super String,String>)
/eval/src/generated/java/com/android/tools/lint/checks/DuplicateResourceDetector.java:125: error: no suitable method found for fromXmlTag(String)
        return ResourceType.fromXmlTag(tag);
                           ^
    method ResourceType.<T>fromXmlTag(T,Function<T,String>,BiFunction<? super T,? super String,String>) is not applicable
      (cannot infer type-variable(s) T
        (actual and formal argument lists differ in length))
    method ResourceType.fromXmlTag(Node) is not applicable
      (argument mismatch; String cannot be converted to Node)
  where T is a type-variable:
    T extends Object declared in method <T>fromXmlTag(T,Function<T,String>,BiFunction<? super T,? super String,String>)
Note: /eval/src/generated/java/com/android/tools/lint/checks/DuplicateResourceDetector.java uses or overrides a deprecated API.
Note: Recompile with -Xlint:deprecation for details.
4 errors

FAILURE: Build failed with an exception.

* What went wrong:
Execution failed for task ':compileJava'.
> Compilation failed; see the compiler error output for details.

* Try:
> Run with --info option to get more log output.
> Run with --scan to get full insights.

BUILD FAILED in 4s
