/eval/src/generated/java/com/android/tools/lint/checks/BadHostnameVerifierDetector.java:84: error: cannot find symbol
    private static class ReturnVisitor extends AbstractUastVisitor {
                                               ^
  symbol:   class AbstractUastVisitor
  location: class BadHostnameVerifierDetector
/eval/src/generated/java/com/android/tools/lint/checks/BadHostnameVerifierDetector.java:32: error: method does not override or implement a method from a supertype
    @Override
    ^
/eval/src/generated/java/com/android/tools/lint/checks/BadHostnameVerifierDetector.java:73: error: no suitable method found for evaluate(UExpression,Class<Boolean>)
        Boolean directValue = ConstantEvaluator.evaluate(body, Boolean.class);
                                               ^
    method ConstantEvaluator.evaluate(JavaContext,PsiElement) is not applicable
      (argument mismatch; UExpression cannot be converted to JavaContext)
    method ConstantEvaluator.evaluate(JavaContext,UElement) is not applicable
      (argument mismatch; UExpression cannot be converted to JavaContext)
/eval/src/generated/java/com/android/tools/lint/checks/BadHostnameVerifierDetector.java:79: error: no suitable method found for accept(ReturnVisitor)
        body.accept(visitor);
            ^
    method UExpression.accept(UastVisitor) is not applicable
      (argument mismatch; ReturnVisitor cannot be converted to UastVisitor)
    method UExpression.<D,R>accept(UastTypedVisitor<? super D,? extends R>,D) is not applicable
      (cannot infer type-variable(s) D,R
        (actual and formal argument lists differ in length))
  where D,R are type-variables:
    D extends Object declared in method <D,R>accept(UastTypedVisitor<? super D,? extends R>,D)
    R extends Object declared in method <D,R>accept(UastTypedVisitor<? super D,? extends R>,D)
/eval/src/generated/java/com/android/tools/lint/checks/BadHostnameVerifierDetector.java:88: error: method does not override or implement a method from a supertype
        @Override
        ^
/eval/src/generated/java/com/android/tools/lint/checks/BadHostnameVerifierDetector.java:93: error: no suitable method found for evaluate(UExpression,Class<Boolean>)
                Boolean bool = ConstantEvaluator.evaluate(value, Boolean.class);
                                                ^
    method ConstantEvaluator.evaluate(JavaContext,PsiElement) is not applicable
      (argument mismatch; UExpression cannot be converted to JavaContext)
    method ConstantEvaluator.evaluate(JavaContext,UElement) is not applicable
      (argument mismatch; UExpression cannot be converted to JavaContext)
/eval/src/generated/java/com/android/tools/lint/checks/BadHostnameVerifierDetector.java:100: error: non-static variable super cannot be referenced from a static context
            return super.visitReturnExpression(node);
                   ^
/eval/src/generated/java/com/android/tools/lint/checks/BadHostnameVerifierDetector.java:100: error: cannot find symbol
            return super.visitReturnExpression(node);
                        ^
  symbol: method visitReturnExpression(@org.jetbrains.annotations.NotNull UReturnExpression)
Note: Some messages have been simplified; recompile with -Xdiags:verbose to get full output
8 errors

FAILURE: Build failed with an exception.

* What went wrong:
Execution failed for task ':compileJava'.
> Compilation failed; see the compiler error output for details.

* Try:
> Run with --info option to get more log output.
> Run with --scan to get full insights.

BUILD FAILED in 6s
