/eval/src/generated/java/com/android/tools/lint/checks/IconDetector.java:5: error: cannot find symbol
import org.jetbrains.annotations.NonNull;
                                ^
  symbol:   class NonNull
  location: package org.jetbrains.annotations
/eval/src/generated/java/com/android/tools/lint/checks/IconDetector.java:21: error: cannot find symbol
    public boolean appliesTo(@NonNull ResourceFolderType folderType) {
                              ^
  symbol:   class NonNull
  location: class IconDetector
/eval/src/generated/java/com/android/tools/lint/checks/IconDetector.java:26: error: cannot find symbol
    public void visitBinaryResource(@NonNull ResourceContext context) {
                                     ^
  symbol:   class NonNull
  location: class IconDetector
/eval/src/generated/java/com/android/tools/lint/checks/IconDetector.java:25: error: method does not override or implement a method from a supertype
    @Override
    ^
/eval/src/generated/java/com/android/tools/lint/checks/IconDetector.java:27: error: incompatible types: CharSequence cannot be converted to byte[]
        byte[] contents = context.getContents();
                                             ^
/eval/src/generated/java/com/android/tools/lint/checks/IconDetector.java:32: error: cannot find symbol
        String name = context.getFile().getName();
                             ^
  symbol:   method getFile()
  location: variable context of type ResourceContext
/eval/src/generated/java/com/android/tools/lint/checks/IconDetector.java:67: error: method getLocation in class Context cannot be applied to given types;
            context.report(ISSUE, context.getLocation(), message);
                                         ^
  required: Object,LocationType
  found:    no arguments
  reason: actual and formal argument lists differ in length
7 errors

FAILURE: Build failed with an exception.

* What went wrong:
Execution failed for task ':compileJava'.
> Compilation failed; see the compiler error output for details.

* Try:
> Run with --info option to get more log output.
> Run with --scan to get full insights.

BUILD FAILED in 5s
