e: file:///eval/src/generated/kotlin/com/android/tools/lint/checks/WearableConfigurationActionDetector.kt:10:44 Unresolved reference: SdkConstants
e: file:///eval/src/generated/kotlin/com/android/tools/lint/checks/WearableConfigurationActionDetector.kt:52:29 Unresolved reference: isFile
e: file:///eval/src/generated/kotlin/com/android/tools/lint/checks/WearableConfigurationActionDetector.kt:54:49 None of the following functions can be called with the arguments supplied: 
public abstract fun parseXml(context: XmlContext): Document? defined in com.android.tools.lint.client.api.XmlParser
public abstract fun parseXml(file: File): Document? defined in com.android.tools.lint.client.api.XmlParser
e: file:///eval/src/generated/kotlin/com/android/tools/lint/checks/WearableConfigurationActionDetector.kt:56:36 Unresolved reference: getAttribute
e: file:///eval/src/generated/kotlin/com/android/tools/lint/checks/WearableConfigurationActionDetector.kt:56:72 Unresolved reference: isNotBlank
e: file:///eval/src/generated/kotlin/com/android/tools/lint/checks/WearableConfigurationActionDetector.kt:58:29 Unresolved reference: getElementsByTagName
e: file:///eval/src/generated/kotlin/com/android/tools/lint/checks/WearableConfigurationActionDetector.kt:59:31 Unresolved reference: getElementsByTagName
e: file:///eval/src/generated/kotlin/com/android/tools/lint/checks/WearableConfigurationActionDetector.kt:86:37 Type mismatch: inferred type is Document but File was expected
e: file:///eval/src/generated/kotlin/com/android/tools/lint/checks/WearableConfigurationActionDetector.kt:86:53 Type mismatch: inferred type is Element but SourcePosition was expected
e: file:///eval/src/generated/kotlin/com/android/tools/lint/checks/WearableConfigurationActionDetector.kt:110:44 Unresolved reference: ANDROID_URI

FAILURE: Build failed with an exception.

* What went wrong:
Execution failed for task ':compileKotlin'.
> A failure occurred while executing org.jetbrains.kotlin.compilerRunner.GradleCompilerRunnerWithWorkers$GradleKotlinCompilerWorkAction
   > Compilation error. See log for more details

* Try:
> Run with --stacktrace option to get the stack trace.
> Run with --info or --debug option to get more log output.
> Run with --scan to get full insights.
> Get more help at https://help.gradle.org.

BUILD FAILED in 7s
