/eval/src/generated/java/com/android/tools/lint/checks/RequiredAttributeDetector.java:30: error: cannot find symbol
                            java.util.EnumSet.of(Scope.LAYOUT, Scope.JAVA_FILE)));
                                                      ^
  symbol:   variable LAYOUT
  location: class Scope
/eval/src/generated/java/com/android/tools/lint/checks/RequiredAttributeDetector.java:44: error: incompatible types: inference variable T has incompatible bounds
        return java.util.Collections.singletonList(ALL);
                                                  ^
    equality constraints: String
    lower bounds: List<String>
  where T is a type-variable:
    T extends Object declared in method <T>singletonList(T)
2 errors

FAILURE: Build failed with an exception.

* What went wrong:
Execution failed for task ':compileJava'.
> Compilation failed; see the compiler error output for details.

* Try:
> Run with --info option to get more log output.
> Run with --scan to get full insights.

BUILD FAILED in 7s
