/eval/src/generated/java/com/android/tools/lint/checks/IconDetector.java:36: error: cannot find symbol
    public void visitFolder(@NotNull ResourceFolderInfo folder) {
                                     ^
  symbol:   class ResourceFolderInfo
  location: class IconDetector
/eval/src/generated/java/com/android/tools/lint/checks/IconDetector.java:41: error: cannot find symbol
    public void visitFile(@NotNull ResourceFile file) {
                                   ^
  symbol:   class ResourceFile
  location: class IconDetector
/eval/src/generated/java/com/android/tools/lint/checks/IconDetector.java:21: error: no suitable constructor found for Implementation(Class<IconDetector>,Scope)
        new Implementation(IconDetector.class, Scope.RESOURCE_FOLDER)
        ^
    constructor Implementation.Implementation(Class<? extends Detector>,EnumSet<Scope>) is not applicable
      (argument mismatch; Scope cannot be converted to EnumSet<Scope>)
    constructor Implementation.Implementation(Class<? extends Detector>,EnumSet<Scope>,EnumSet<Scope>...) is not applicable
      (argument mismatch; Scope cannot be converted to EnumSet<Scope>)
/eval/src/generated/java/com/android/tools/lint/checks/IconDetector.java:35: error: method does not override or implement a method from a supertype
    @Override
    ^
/eval/src/generated/java/com/android/tools/lint/checks/IconDetector.java:40: error: method does not override or implement a method from a supertype
    @Override
    ^
/eval/src/generated/java/com/android/tools/lint/checks/IconDetector.java:42: error: cannot find symbol
        ResourceFolderInfo folder = file.getFolder();
        ^
  symbol:   class ResourceFolderInfo
  location: class IconDetector
Note: /eval/src/generated/java/com/android/tools/lint/checks/IconDetector.java uses or overrides a deprecated API.
Note: Recompile with -Xlint:deprecation for details.
6 errors

FAILURE: Build failed with an exception.

* What went wrong:
Execution failed for task ':compileJava'.
> Compilation failed; see the compiler error output for details.

* Try:
> Run with --info option to get more log output.
> Run with --scan to get full insights.

BUILD FAILED in 5s
