/eval/src/generated/java/com/android/tools/lint/checks/RegistrationDetector.java:52: error: cannot find symbol
        if (declaration.isAbstract()) {
                       ^
  symbol:   method isAbstract()
  location: variable declaration of type UClass
/eval/src/generated/java/com/android/tools/lint/checks/RegistrationDetector.java:60: error: reference to getLocation is ambiguous
            context.report(ISSUE, declaration, context.getLocation(declaration),
                                                      ^
  both method getLocation(PsiElement) in JavaContext and method getLocation(UElement) in JavaContext match
/eval/src/generated/java/com/android/tools/lint/checks/RegistrationDetector.java:66: error: cannot find symbol
        File manifest = context.getProject().getManifest();
                                            ^
  symbol:   method getManifest()
  location: class Project
3 errors

FAILURE: Build failed with an exception.

* What went wrong:
Execution failed for task ':compileJava'.
> Compilation failed; see the compiler error output for details.

* Try:
> Run with --info option to get more log output.
> Run with --scan to get full insights.

BUILD FAILED in 5s
