/eval/src/generated/java/com/android/tools/lint/checks/ManifestResourceDetector.java:3: error: cannot find symbol
import com.android.resources.ResourceNamespace;
                            ^
  symbol:   class ResourceNamespace
  location: package com.android.resources
/eval/src/generated/java/com/android/tools/lint/checks/ManifestResourceDetector.java:8: error: cannot find symbol
import com.android.tools.lint.detector.api.ResourceItem;
                                          ^
  symbol:   class ResourceItem
  location: package com.android.tools.lint.detector.api
/eval/src/generated/java/com/android/tools/lint/checks/ManifestResourceDetector.java:9: error: cannot find symbol
import com.android.tools.lint.detector.api.ResourceRepository;
                                          ^
  symbol:   class ResourceRepository
  location: package com.android.tools.lint.detector.api
/eval/src/generated/java/com/android/tools/lint/checks/ManifestResourceDetector.java:72: error: cannot find symbol
        ResourceType type = ResourceType.getEnum(typeStr);
                                        ^
  symbol:   method getEnum(String)
  location: class ResourceType
/eval/src/generated/java/com/android/tools/lint/checks/ManifestResourceDetector.java:77: error: cannot find symbol
        ResourceRepository repository = context.getResourceRepository();
        ^
  symbol:   class ResourceRepository
  location: class ManifestResourceDetector
/eval/src/generated/java/com/android/tools/lint/checks/ManifestResourceDetector.java:77: error: cannot find symbol
        ResourceRepository repository = context.getResourceRepository();
                                               ^
  symbol:   method getResourceRepository()
  location: variable context of type XmlContext
/eval/src/generated/java/com/android/tools/lint/checks/ManifestResourceDetector.java:82: error: cannot find symbol
        ResourceNamespace ns = isFramework ? ResourceNamespace.ANDROID : ResourceNamespace.TODO;
        ^
  symbol:   class ResourceNamespace
  location: class ManifestResourceDetector
/eval/src/generated/java/com/android/tools/lint/checks/ManifestResourceDetector.java:82: error: cannot find symbol
        ResourceNamespace ns = isFramework ? ResourceNamespace.ANDROID : ResourceNamespace.TODO;
                                             ^
  symbol:   variable ResourceNamespace
  location: class ManifestResourceDetector
/eval/src/generated/java/com/android/tools/lint/checks/ManifestResourceDetector.java:82: error: cannot find symbol
        ResourceNamespace ns = isFramework ? ResourceNamespace.ANDROID : ResourceNamespace.TODO;
                                                                         ^
  symbol:   variable ResourceNamespace
  location: class ManifestResourceDetector
/eval/src/generated/java/com/android/tools/lint/checks/ManifestResourceDetector.java:83: error: cannot find symbol
        List<ResourceItem> items = repository.getResources(ns, type, name);
             ^
  symbol:   class ResourceItem
  location: class ManifestResourceDetector
/eval/src/generated/java/com/android/tools/lint/checks/ManifestResourceDetector.java:88: error: cannot find symbol
        for (ResourceItem item : items) {
             ^
  symbol:   class ResourceItem
  location: class ManifestResourceDetector
11 errors

FAILURE: Build failed with an exception.

* What went wrong:
Execution failed for task ':compileJava'.
> Compilation failed; see the compiler error output for details.

* Try:
> Run with --info option to get more log output.
> Run with --scan to get full insights.

BUILD FAILED in 4s
