/eval/src/generated/java/com/android/tools/lint/checks/IconDetector.java:53: error: method does not override or implement a method from a supertype
    @Override
    ^
/eval/src/generated/java/com/android/tools/lint/checks/IconDetector.java:77: error: incompatible types: String cannot be converted to LintFix
                        baseName);
                        ^
/eval/src/generated/java/com/android/tools/lint/checks/IconDetector.java:87: error: incompatible types: String cannot be converted to LintFix
                        baseName);
                        ^
Note: /eval/src/generated/java/com/android/tools/lint/checks/IconDetector.java uses or overrides a deprecated API.
Note: Recompile with -Xlint:deprecation for details.
Note: Some messages have been simplified; recompile with -Xdiags:verbose to get full output
3 errors

FAILURE: Build failed with an exception.

* What went wrong:
Execution failed for task ':compileJava'.
> Compilation failed; see the compiler error output for details.

* Try:
> Run with --info option to get more log output.
> Run with --scan to get full insights.

BUILD FAILED in 4s
