/eval/src/generated/java/com/android/tools/lint/checks/WebViewDetector.java:3: error: cannot find symbol
import com.android.tools.SdkConstants;
                        ^
  symbol:   class SdkConstants
  location: package com.android.tools
/eval/src/generated/java/com/android/tools/lint/checks/WebViewDetector.java:44: error: cannot find symbol
            String width = parent.getAttributeNS(SdkConstants.ANDROID_URI, SdkConstants.ATTR_LAYOUT_WIDTH);
                                                 ^
  symbol:   variable SdkConstants
  location: class WebViewDetector
/eval/src/generated/java/com/android/tools/lint/checks/WebViewDetector.java:44: error: cannot find symbol
            String width = parent.getAttributeNS(SdkConstants.ANDROID_URI, SdkConstants.ATTR_LAYOUT_WIDTH);
                                                                           ^
  symbol:   variable SdkConstants
  location: class WebViewDetector
/eval/src/generated/java/com/android/tools/lint/checks/WebViewDetector.java:45: error: cannot find symbol
            String height = parent.getAttributeNS(SdkConstants.ANDROID_URI, SdkConstants.ATTR_LAYOUT_HEIGHT);
                                                  ^
  symbol:   variable SdkConstants
  location: class WebViewDetector
/eval/src/generated/java/com/android/tools/lint/checks/WebViewDetector.java:45: error: cannot find symbol
            String height = parent.getAttributeNS(SdkConstants.ANDROID_URI, SdkConstants.ATTR_LAYOUT_HEIGHT);
                                                                            ^
  symbol:   variable SdkConstants
  location: class WebViewDetector
/eval/src/generated/java/com/android/tools/lint/checks/WebViewDetector.java:47: error: package SdkConstants does not exist
            boolean isWidthWrapContent = SdkConstants.VALUE_WRAP_CONTENT.equals(width);
                                                     ^
/eval/src/generated/java/com/android/tools/lint/checks/WebViewDetector.java:48: error: package SdkConstants does not exist
            boolean isHeightWrapContent = SdkConstants.VALUE_WRAP_CONTENT.equals(height);
                                                      ^
7 errors

FAILURE: Build failed with an exception.

* What went wrong:
Execution failed for task ':compileJava'.
> Compilation failed; see the compiler error output for details.

* Try:
> Run with --info option to get more log output.
> Run with --scan to get full insights.

BUILD FAILED in 6s
