/eval/src/generated/java/com/android/tools/lint/checks/ExifInterfaceDetector.java:17: error: cannot find symbol
import org.jetbrains.uast.UElementHandler;
                         ^
  symbol:   class UElementHandler
  location: package org.jetbrains.uast
/eval/src/generated/java/com/android/tools/lint/checks/ExifInterfaceDetector.java:22: error: cannot find symbol
public class ExifInterfaceDetector extends Detector implements Detector.SourceCodeScanner {
                                                                       ^
  symbol:   class SourceCodeScanner
  location: class Detector
/eval/src/generated/java/com/android/tools/lint/checks/ExifInterfaceDetector.java:48: error: cannot find symbol
    public UElementHandler createUastHandler(@NotNull final JavaContext context) {
           ^
  symbol:   class UElementHandler
  location: class ExifInterfaceDetector
/eval/src/generated/java/com/android/tools/lint/checks/ExifInterfaceDetector.java:49: error: cannot find symbol
        return new UElementHandler() {
                   ^
  symbol:   class UElementHandler
  location: class ExifInterfaceDetector
/eval/src/generated/java/com/android/tools/lint/checks/ExifInterfaceDetector.java:50: error: method does not override or implement a method from a supertype
            @Override
            ^
/eval/src/generated/java/com/android/tools/lint/checks/ExifInterfaceDetector.java:55: error: method does not override or implement a method from a supertype
            @Override
            ^
6 errors

FAILURE: Build failed with an exception.

* What went wrong:
Execution failed for task ':compileJava'.
> Compilation failed; see the compiler error output for details.

* Try:
> Run with --info option to get more log output.
> Run with --scan to get full insights.

BUILD FAILED in 4s
