/eval/src/generated/java/com/android/tools/lint/checks/InvalidImeActionIdDetector.java:8: error: cannot find symbol
import com.android.tools.lint.detector.api.ResourceUrl;
                                          ^
  symbol:   class ResourceUrl
  location: package com.android.tools.lint.detector.api
/eval/src/generated/java/com/android/tools/lint/checks/InvalidImeActionIdDetector.java:11: error: cannot find symbol
import com.android.tools.lint.detector.api.SdkConstants;
                                          ^
  symbol:   class SdkConstants
  location: package com.android.tools.lint.detector.api
/eval/src/generated/java/com/android/tools/lint/checks/InvalidImeActionIdDetector.java:18: error: cannot find symbol
public class InvalidImeActionIdDetector extends LayoutDetector {
                                                ^
  symbol: class LayoutDetector
/eval/src/generated/java/com/android/tools/lint/checks/InvalidImeActionIdDetector.java:21: error: no suitable constructor found for Implementation(Class<InvalidImeActionIdDetector>,EnumSet<Scope>)
            new Implementation(InvalidImeActionIdDetector.class, Scope.RESOURCE_FILE_SCOPE);
            ^
    constructor Implementation.Implementation(Class<? extends Detector>,EnumSet<Scope>) is not applicable
      (argument mismatch; Class<InvalidImeActionIdDetector> cannot be converted to Class<? extends Detector>)
    constructor Implementation.Implementation(Class<? extends Detector>,EnumSet<Scope>,EnumSet<Scope>...) is not applicable
      (argument mismatch; Class<InvalidImeActionIdDetector> cannot be converted to Class<? extends Detector>)
/eval/src/generated/java/com/android/tools/lint/checks/InvalidImeActionIdDetector.java:37: error: method does not override or implement a method from a supertype
    @Override
    ^
/eval/src/generated/java/com/android/tools/lint/checks/InvalidImeActionIdDetector.java:39: error: cannot find symbol
        return Collections.singletonList(SdkConstants.ATTR_IME_ACTION_ID);
                                         ^
  symbol:   variable SdkConstants
  location: class InvalidImeActionIdDetector
/eval/src/generated/java/com/android/tools/lint/checks/InvalidImeActionIdDetector.java:42: error: method does not override or implement a method from a supertype
    @Override
    ^
/eval/src/generated/java/com/android/tools/lint/checks/InvalidImeActionIdDetector.java:44: error: package SdkConstants does not exist
        if (!SdkConstants.ANDROID_URI.equals(attribute.getNamespaceURI())) {
                         ^
/eval/src/generated/java/com/android/tools/lint/checks/InvalidImeActionIdDetector.java:57: error: cannot find symbol
        ResourceUrl url = ResourceUrl.parse(value);
        ^
  symbol:   class ResourceUrl
  location: class InvalidImeActionIdDetector
/eval/src/generated/java/com/android/tools/lint/checks/InvalidImeActionIdDetector.java:57: error: cannot find symbol
        ResourceUrl url = ResourceUrl.parse(value);
                          ^
  symbol:   variable ResourceUrl
  location: class InvalidImeActionIdDetector
/eval/src/generated/java/com/android/tools/lint/checks/InvalidImeActionIdDetector.java:58: error: package SdkConstants does not exist
        if (url != null && SdkConstants.ID_PREFIX.regionMatches(1, url.type, 0, url.type.length())) {
                                       ^
/eval/src/generated/java/com/android/tools/lint/checks/InvalidImeActionIdDetector.java:78: error: cannot find symbol
        ResourceUrl url = ResourceUrl.parse(value);
        ^
  symbol:   class ResourceUrl
  location: class InvalidImeActionIdDetector
/eval/src/generated/java/com/android/tools/lint/checks/InvalidImeActionIdDetector.java:78: error: cannot find symbol
        ResourceUrl url = ResourceUrl.parse(value);
                          ^
  symbol:   variable ResourceUrl
  location: class InvalidImeActionIdDetector
/eval/src/generated/java/com/android/tools/lint/checks/InvalidImeActionIdDetector.java:79: error: package SdkConstants does not exist
        return url != null && SdkConstants.TAG_INTEGER.equals(url.type);
                                          ^
14 errors

FAILURE: Build failed with an exception.

* What went wrong:
Execution failed for task ':compileJava'.
> Compilation failed; see the compiler error output for details.

* Try:
> Run with --info option to get more log output.
> Run with --scan to get full insights.

BUILD FAILED in 4s
