/eval/src/generated/java/com/android/tools/lint/checks/EllipsizeMaxLinesDetector.java:17: error: cannot find symbol
public class EllipsizeMaxLinesDetector extends LayoutDetector {
                                               ^
  symbol: class LayoutDetector
/eval/src/generated/java/com/android/tools/lint/checks/EllipsizeMaxLinesDetector.java:20: error: no suitable constructor found for Implementation(Class<EllipsizeMaxLinesDetector>,EnumSet<Scope>)
            new Implementation(EllipsizeMaxLinesDetector.class, Scope.RESOURCE_FILE_SCOPE);
            ^
    constructor Implementation.Implementation(Class<? extends Detector>,EnumSet<Scope>) is not applicable
      (argument mismatch; Class<EllipsizeMaxLinesDetector> cannot be converted to Class<? extends Detector>)
    constructor Implementation.Implementation(Class<? extends Detector>,EnumSet<Scope>,EnumSet<Scope>...) is not applicable
      (argument mismatch; Class<EllipsizeMaxLinesDetector> cannot be converted to Class<? extends Detector>)
/eval/src/generated/java/com/android/tools/lint/checks/EllipsizeMaxLinesDetector.java:36: error: method does not override or implement a method from a supertype
    @Override
    ^
/eval/src/generated/java/com/android/tools/lint/checks/EllipsizeMaxLinesDetector.java:41: error: method does not override or implement a method from a supertype
    @Override
    ^
/eval/src/generated/java/com/android/tools/lint/checks/EllipsizeMaxLinesDetector.java:46: error: method does not override or implement a method from a supertype
    @Override
    ^
5 errors

FAILURE: Build failed with an exception.

* What went wrong:
Execution failed for task ':compileJava'.
> Compilation failed; see the compiler error output for details.

* Try:
> Run with --info option to get more log output.
> Run with --scan to get full insights.

BUILD FAILED in 5s
