/eval/src/generated/java/com/android/tools/lint/checks/ResourcePrefixDetector.java:39: error: cannot find symbol
        prefix = context.getProject().getResourcePrefix();
                                     ^
  symbol:   method getResourcePrefix()
  location: class Project
/eval/src/generated/java/com/android/tools/lint/checks/ResourcePrefixDetector.java:52: error: cannot find symbol
        com.android.resources.ResourceFolderType folderType = context.getFolderType();
                                                                     ^
  symbol:   method getFolderType()
  location: variable context of type Context
/eval/src/generated/java/com/android/tools/lint/checks/ResourcePrefixDetector.java:69: error: incompatible types: inference variable T has incompatible bounds
        return java.util.Collections.singletonList(XmlScanner.ALL);
                                                  ^
    equality constraints: String
    lower bounds: List<String>
  where T is a type-variable:
    T extends Object declared in method <T>singletonList(T)
/eval/src/generated/java/com/android/tools/lint/checks/ResourcePrefixDetector.java:98: error: cannot find symbol
        com.android.resources.ResourceFolderType folderType = context.getFolderType();
                                                                     ^
  symbol:   method getFolderType()
  location: variable context of type ResourceContext
4 errors

FAILURE: Build failed with an exception.

* What went wrong:
Execution failed for task ':compileJava'.
> Compilation failed; see the compiler error output for details.

* Try:
> Run with --info option to get more log output.
> Run with --scan to get full insights.

BUILD FAILED in 8s
