/eval/src/generated/java/com/android/tools/lint/checks/OnClickDetector.java:34: error: cannot find symbol
public class OnClickDetector extends Detector implements Detector.XmlScanner, Detector.SourceCodeScanner {
                                                                                      ^
  symbol:   class SourceCodeScanner
  location: class Detector
/eval/src/generated/java/com/android/tools/lint/checks/OnClickDetector.java:47: error: cannot find symbol
                    EnumSet.of(Scope.RESOURCE_FILES, Scope.JAVA_FILES)
                                    ^
  symbol:   variable RESOURCE_FILES
  location: class Scope
/eval/src/generated/java/com/android/tools/lint/checks/OnClickDetector.java:47: error: cannot find symbol
                    EnumSet.of(Scope.RESOURCE_FILES, Scope.JAVA_FILES)
                                                          ^
  symbol:   variable JAVA_FILES
  location: class Scope
/eval/src/generated/java/com/android/tools/lint/checks/OnClickDetector.java:155: error: cannot find symbol
                    if (!context.getDriver().isIncremental() && !classToMethods.isEmpty() && !allOnClickMethods.contains(occurrence.methodName)) {
                                            ^
  symbol:   method isIncremental()
  location: class LintDriver
/eval/src/generated/java/com/android/tools/lint/checks/OnClickDetector.java:160: error: cannot find symbol
                if (!context.getDriver().isIncremental() && !classToMethods.isEmpty() && !allOnClickMethods.contains(occurrence.methodName)) {
                                        ^
  symbol:   method isIncremental()
  location: class LintDriver
5 errors

FAILURE: Build failed with an exception.

* What went wrong:
Execution failed for task ':compileJava'.
> Compilation failed; see the compiler error output for details.

* Try:
> Run with --info option to get more log output.
> Run with --scan to get full insights.

BUILD FAILED in 4s
