/eval/src/generated/java/com/android/tools/lint/checks/ViewConstructorDetector.java:8: error: cannot find symbol
import com.android.tools.lint.detector.api.JavaEvaluator;
                                          ^
  symbol:   class JavaEvaluator
  location: package com.android.tools.lint.detector.api
/eval/src/generated/java/com/android/tools/lint/checks/ViewConstructorDetector.java:21: error: cannot find symbol
import org.jetbrains.uast.visitor.UElementHandler;
                                 ^
  symbol:   class UElementHandler
  location: package org.jetbrains.uast.visitor
/eval/src/generated/java/com/android/tools/lint/checks/ViewConstructorDetector.java:23: error: cannot find symbol
public class ViewConstructorDetector extends Detector implements Detector.SourceCodeScanner {
                                                                         ^
  symbol:   class SourceCodeScanner
  location: class Detector
/eval/src/generated/java/com/android/tools/lint/checks/ViewConstructorDetector.java:51: error: cannot find symbol
    public UElementHandler createUastHandler(@NotNull JavaContext context) {
           ^
  symbol:   class UElementHandler
  location: class ViewConstructorDetector
/eval/src/generated/java/com/android/tools/lint/checks/ViewConstructorDetector.java:45: error: method does not override or implement a method from a supertype
    @Override
    ^
/eval/src/generated/java/com/android/tools/lint/checks/ViewConstructorDetector.java:52: error: cannot find symbol
        return new UElementHandler() {
                   ^
  symbol:   class UElementHandler
  location: class ViewConstructorDetector
/eval/src/generated/java/com/android/tools/lint/checks/ViewConstructorDetector.java:53: error: method does not override or implement a method from a supertype
            @Override
            ^
/eval/src/generated/java/com/android/tools/lint/checks/ViewConstructorDetector.java:63: error: cannot find symbol
                JavaEvaluator evaluator = context.getEvaluator();
                ^
  symbol: class JavaEvaluator
Note: /eval/src/generated/java/com/android/tools/lint/checks/ViewConstructorDetector.java uses or overrides a deprecated API.
Note: Recompile with -Xlint:deprecation for details.
8 errors

FAILURE: Build failed with an exception.

* What went wrong:
Execution failed for task ':compileJava'.
> Compilation failed; see the compiler error output for details.

* Try:
> Run with --info option to get more log output.
> Run with --scan to get full insights.

BUILD FAILED in 4s
