/eval/src/generated/java/com/android/tools/lint/checks/BadHostnameVerifierDetector.java:10: error: cannot find symbol
import com.android.tools.lint.detector.api.UElementHandler;
                                          ^
  symbol:   class UElementHandler
  location: package com.android.tools.lint.detector.api
/eval/src/generated/java/com/android/tools/lint/checks/BadHostnameVerifierDetector.java:47: error: cannot find symbol
    public UElementHandler createUastHandler(JavaContext context) {
           ^
  symbol:   class UElementHandler
  location: class BadHostnameVerifierDetector
/eval/src/generated/java/com/android/tools/lint/checks/BadHostnameVerifierDetector.java:28: error: method create in class Issue cannot be applied to given types;
    public static final Issue ISSUE = Issue.create(
                                           ^
  required: String,String,String,Category,int,Severity,Implementation
  found:    String,String,String,Category,int,Severity,Implementation,String
  reason: actual and formal argument lists differ in length
/eval/src/generated/java/com/android/tools/lint/checks/BadHostnameVerifierDetector.java:48: error: cannot find symbol
        return new UElementHandler() {
                   ^
  symbol:   class UElementHandler
  location: class BadHostnameVerifierDetector
/eval/src/generated/java/com/android/tools/lint/checks/BadHostnameVerifierDetector.java:49: error: method does not override or implement a method from a supertype
            @Override
            ^
/eval/src/generated/java/com/android/tools/lint/checks/BadHostnameVerifierDetector.java:57: error: incompatible types: PsiClass cannot be converted to UClass
                UClass containingClass = node.getContainingClass();
                                                                ^
/eval/src/generated/java/com/android/tools/lint/checks/BadHostnameVerifierDetector.java:70: error: method does not override or implement a method from a supertype
            @Override
            ^
7 errors

FAILURE: Build failed with an exception.

* What went wrong:
Execution failed for task ':compileJava'.
> Compilation failed; see the compiler error output for details.

* Try:
> Run with --info option to get more log output.
> Run with --scan to get full insights.

BUILD FAILED in 6s
