/eval/src/generated/java/com/android/tools/lint/checks/AndroidTvDetector.java:41: error: cannot find symbol
        context.putClientData(KEY_IS_TV, Boolean.FALSE);
               ^
  symbol:   method putClientData(String,Boolean)
  location: variable context of type Context
/eval/src/generated/java/com/android/tools/lint/checks/AndroidTvDetector.java:42: error: cannot find symbol
        context.putClientData(KEY_HAS_LAUNCHER, Boolean.FALSE);
               ^
  symbol:   method putClientData(String,Boolean)
  location: variable context of type Context
/eval/src/generated/java/com/android/tools/lint/checks/AndroidTvDetector.java:52: error: cannot find symbol
                context.putClientData(KEY_IS_TV, Boolean.TRUE);
                       ^
  symbol:   method putClientData(String,Boolean)
  location: variable context of type XmlContext
/eval/src/generated/java/com/android/tools/lint/checks/AndroidTvDetector.java:56: error: cannot find symbol
                context.putClientData(KEY_HAS_LAUNCHER, Boolean.TRUE);
                       ^
  symbol:   method putClientData(String,Boolean)
  location: variable context of type XmlContext
/eval/src/generated/java/com/android/tools/lint/checks/AndroidTvDetector.java:63: error: cannot find symbol
        Boolean isTv = (Boolean) context.getClientData(KEY_IS_TV);
                                        ^
  symbol:   method getClientData(String)
  location: variable context of type Context
/eval/src/generated/java/com/android/tools/lint/checks/AndroidTvDetector.java:64: error: cannot find symbol
        Boolean hasLauncher = (Boolean) context.getClientData(KEY_HAS_LAUNCHER);
                                               ^
  symbol:   method getClientData(String)
  location: variable context of type Context
6 errors

FAILURE: Build failed with an exception.

* What went wrong:
Execution failed for task ':compileJava'.
> Compilation failed; see the compiler error output for details.

* Try:
> Run with --info option to get more log output.
> Run with --scan to get full insights.

BUILD FAILED in 4s
