/eval/src/generated/java/com/android/tools/lint/checks/IconDetector.java:15: error: cannot find symbol
import com.android.tools.lint.detector.api.ResourceFile;
                                          ^
  symbol:   class ResourceFile
  location: package com.android.tools.lint.detector.api
/eval/src/generated/java/com/android/tools/lint/checks/IconDetector.java:93: error: cannot find symbol
    public void visitBinaryResource(@NonNull Context context, @NonNull ResourceFolderType folderType, @NonNull ResourceFile file) {
                                                                                                               ^
  symbol:   class ResourceFile
  location: class IconDetector
/eval/src/generated/java/com/android/tools/lint/checks/IconDetector.java:92: error: method does not override or implement a method from a supertype
    @Override
    ^
/eval/src/generated/java/com/android/tools/lint/checks/IconDetector.java:120: error: method getLocation in class Context cannot be applied to given types;
                    context.report(ISSUE, context.getLocation(f),
                                                 ^
  required: Object,LocationType
  found:    File
  reason: actual and formal argument lists differ in length
4 errors

FAILURE: Build failed with an exception.

* What went wrong:
Execution failed for task ':compileJava'.
> Compilation failed; see the compiler error output for details.

* Try:
> Run with --info option to get more log output.
> Run with --scan to get full insights.

BUILD FAILED in 4s
