/eval/src/generated/java/com/android/tools/lint/checks/HandlerDetector.java:11: error: cannot find symbol
import com.android.tools.lint.detector.api.UastTunnelException;
                                          ^
  symbol:   class UastTunnelException
  location: package com.android.tools.lint.detector.api
/eval/src/generated/java/com/android/tools/lint/checks/HandlerDetector.java:26: error: cannot find symbol
import com.intellij.psi.util.PsiRecursiveElementVisitor;
                            ^
  symbol:   class PsiRecursiveElementVisitor
  location: package com.intellij.psi.util
/eval/src/generated/java/com/android/tools/lint/checks/HandlerDetector.java:36: error: cannot find symbol
import org.jetbrains.uast.UElementHandler;
                         ^
  symbol:   class UElementHandler
  location: package org.jetbrains.uast
/eval/src/generated/java/com/android/tools/lint/checks/HandlerDetector.java:76: error: cannot find symbol
    public UElementHandler createUastHandler(@NotNull JavaContext context) {
           ^
  symbol:   class UElementHandler
  location: class HandlerDetector
/eval/src/generated/java/com/android/tools/lint/checks/HandlerDetector.java:80: error: cannot find symbol
    private static class HandlerVisitor extends UElementHandler {
                                                ^
  symbol:   class UElementHandler
  location: class HandlerDetector
/eval/src/generated/java/com/android/tools/lint/checks/HandlerDetector.java:68: error: method does not override or implement a method from a supertype
    @Override
    ^
/eval/src/generated/java/com/android/tools/lint/checks/HandlerDetector.java:87: error: method does not override or implement a method from a supertype
        @Override
        ^
/eval/src/generated/java/com/android/tools/lint/checks/HandlerDetector.java:134: error: cannot find symbol
        if (PsiUtil.isTopLevelClass(psiClass)) {
                   ^
  symbol:   method isTopLevelClass(@org.jetbrains.annotations.NotNull PsiClass)
  location: class PsiUtil
/eval/src/generated/java/com/android/tools/lint/checks/HandlerDetector.java:163: error: cannot find symbol
                return !((PsiClassInitializer) current).isStaticInitializer();
                                                       ^
  symbol:   method isStaticInitializer()
  location: interface PsiClassInitializer
/eval/src/generated/java/com/android/tools/lint/checks/HandlerDetector.java:219: error: cannot find symbol
                new PsiRecursiveElementVisitor() {
                    ^
  symbol:   class PsiRecursiveElementVisitor
  location: class HandlerDetector
/eval/src/generated/java/com/android/tools/lint/checks/HandlerDetector.java:220: error: method does not override or implement a method from a supertype
                    @Override
                    ^
/eval/src/generated/java/com/android/tools/lint/checks/HandlerDetector.java:233: error: non-static variable super cannot be referenced from a static context
                        super.visitMethodCallExpression(expression);
                        ^
/eval/src/generated/java/com/android/tools/lint/checks/HandlerDetector.java:233: error: cannot find symbol
                        super.visitMethodCallExpression(expression);
                             ^
  symbol: method visitMethodCallExpression(@org.jetbrains.annotations.NotNull PsiMethodCallExpression)
/eval/src/generated/java/com/android/tools/lint/checks/HandlerDetector.java:285: error: cannot find symbol
        PsiElement resolved = qualifier.resolve();
                                       ^
  symbol:   method resolve()
  location: variable qualifier of type PsiExpression
14 errors

FAILURE: Build failed with an exception.

* What went wrong:
Execution failed for task ':compileJava'.
> Compilation failed; see the compiler error output for details.

* Try:
> Run with --info option to get more log output.
> Run with --scan to get full insights.

BUILD FAILED in 4s
