/eval/src/generated/java/com/android/tools/lint/checks/VectorDetector.java:17: error: cannot find symbol
import com.android.tools.lint.detector.api.LintDriver;
                                          ^
  symbol:   class LintDriver
  location: package com.android.tools.lint.detector.api
/eval/src/generated/java/com/android/tools/lint/checks/VectorDetector.java:72: error: cannot find symbol
            @NonNull LintDriver driver,
                     ^
  symbol:   class LintDriver
  location: class VectorDetector
/eval/src/generated/java/com/android/tools/lint/checks/VectorDetector.java:4: error: cannot find symbol
import static com.android.SdkConstants.ATTR_FILL_TYPE;
^
  symbol:   static ATTR_FILL_TYPE
  location: class SdkConstants
/eval/src/generated/java/com/android/tools/lint/checks/VectorDetector.java:9: error: cannot find symbol
import static com.android.SdkConstants.VALUE_EVEN_ODD;
^
  symbol:   static VALUE_EVEN_ODD
  location: class SdkConstants
/eval/src/generated/java/com/android/tools/lint/checks/VectorDetector.java:53: error: method does not override or implement a method from a supertype
    @Override
    ^
/eval/src/generated/java/com/android/tools/lint/checks/VectorDetector.java:69: error: method does not override or implement a method from a supertype
    @Override
    ^
/eval/src/generated/java/com/android/tools/lint/checks/VectorDetector.java:112: error: cannot find symbol
        Attr fillType = element.getAttributeNodeNS(ANDROID_URI, ATTR_FILL_TYPE);
                                                                ^
  symbol:   variable ATTR_FILL_TYPE
  location: class VectorDetector
/eval/src/generated/java/com/android/tools/lint/checks/VectorDetector.java:114: error: cannot find symbol
                && VALUE_EVEN_ODD.equals(fillType.getValue())
                   ^
  symbol:   variable VALUE_EVEN_ODD
  location: class VectorDetector
8 errors

FAILURE: Build failed with an exception.

* What went wrong:
Execution failed for task ':compileJava'.
> Compilation failed; see the compiler error output for details.

* Try:
> Run with --info option to get more log output.
> Run with --scan to get full insights.

BUILD FAILED in 4s
