/eval/src/generated/java/com/android/tools/lint/checks/JobSchedulerDetector.java:65: error: cannot find symbol
        Object evaluated = context.getEvaluator().evaluate(componentArg);
                                                 ^
  symbol:   method evaluate(UExpression)
  location: class JavaEvaluator
/eval/src/generated/java/com/android/tools/lint/checks/JobSchedulerDetector.java:66: error: package android.content does not exist
        if (!(evaluated instanceof android.content.ComponentName)) {
                                                  ^
/eval/src/generated/java/com/android/tools/lint/checks/JobSchedulerDetector.java:70: error: package android.content does not exist
        android.content.ComponentName componentName = (android.content.ComponentName) evaluated;
                       ^
/eval/src/generated/java/com/android/tools/lint/checks/JobSchedulerDetector.java:70: error: package android.content does not exist
        android.content.ComponentName componentName = (android.content.ComponentName) evaluated;
                                                                      ^
/eval/src/generated/java/com/android/tools/lint/checks/JobSchedulerDetector.java:73: error: cannot find symbol
        PsiClass psiClass = context.findClass(className);
                                   ^
  symbol:   method findClass(String)
  location: variable context of type JavaContext
/eval/src/generated/java/com/android/tools/lint/checks/JobSchedulerDetector.java:87: error: cannot find symbol
        context.recordPartialResult(ISSUE, node, className);
               ^
  symbol:   method recordPartialResult(Issue,UCallExpression,String)
  location: variable context of type JavaContext
/eval/src/generated/java/com/android/tools/lint/checks/JobSchedulerDetector.java:93: error: cannot find symbol
        File manifest = context.getProject().getManifest();
                                            ^
  symbol:   method getManifest()
  location: class Project
/eval/src/generated/java/com/android/tools/lint/checks/JobSchedulerDetector.java:108: error: cannot find symbol
            String pkg = context.getProject().getPackageName();
                                             ^
  symbol:   method getPackageName()
  location: class Project
/eval/src/generated/java/com/android/tools/lint/checks/JobSchedulerDetector.java:110: error: cannot find symbol
            for (Object data : partialResults.getData()) {
                                             ^
  symbol:   method getData()
  location: variable partialResults of type PartialResult
9 errors

FAILURE: Build failed with an exception.

* What went wrong:
Execution failed for task ':compileJava'.
> Compilation failed; see the compiler error output for details.

* Try:
> Run with --info option to get more log output.
> Run with --scan to get full insights.

BUILD FAILED in 4s
