/eval/src/generated/java/com/android/tools/lint/checks/IconDetector.java:42: error: ',', ')', or '[' expected
    public void beforeCheckRootProject(com.android.annotations.NonNull Context context) {
                                                                              ^
/eval/src/generated/java/com/android/tools/lint/checks/IconDetector.java:47: error: ',', ')', or '[' expected
    public void afterCheckEachProject(com.android.annotations.NonNull Context context) {
                                                                             ^
/eval/src/generated/java/com/android/tools/lint/checks/IconDetector.java:52: error: ',', ')', or '[' expected
    public void filterIncident(com.android.annotations.NonNull Incident incident) {
                                                                       ^
/eval/src/generated/java/com/android/tools/lint/checks/IconDetector.java:57: error: wrong receiver parameter name
    public boolean appliesTo(com.android.annotations.NonNull com.android.resources.ResourceFolderType folderType) {
                                                                                                      ^
/eval/src/generated/java/com/android/tools/lint/checks/IconDetector.java:57: error: ',', ')', or '[' expected
    public boolean appliesTo(com.android.annotations.NonNull com.android.resources.ResourceFolderType folderType) {
                                                                                                     ^
/eval/src/generated/java/com/android/tools/lint/checks/IconDetector.java:69: error: ',', ')', or '[' expected
            com.android.annotations.NonNull XmlContext context,
                                                      ^
/eval/src/generated/java/com/android/tools/lint/checks/IconDetector.java:102: error: ',', ')', or '[' expected
    public UElementHandler createUastHandler(com.android.annotations.NonNull JavaContext context) {
                                                                                        ^
/eval/src/generated/java/com/android/tools/lint/checks/IconDetector.java:105: error: ',', ')', or '[' expected
            public void visitClass(com.android.annotations.NonNull UClass node) {
                                                                         ^
/eval/src/generated/java/com/android/tools/lint/checks/IconDetector.java:110: error: ',', ')', or '[' expected
            public void visitMethod(com.android.annotations.NonNull UMethod node) {
                                                                           ^
/eval/src/generated/java/com/android/tools/lint/checks/IconDetector.java:115: error: ',', ')', or '[' expected
            public void visitCallExpression(com.android.annotations.NonNull UCallExpression node) {
                                                                                           ^
/eval/src/generated/java/com/android/tools/lint/checks/IconDetector.java:121: error: ',', ')', or '[' expected
                    com.android.annotations.NonNull USimpleNameReferenceExpression node) {
                                                                                  ^
/eval/src/generated/java/com/android/tools/lint/checks/IconDetector.java:129: error: ',', ')', or '[' expected
            com.android.annotations.NonNull JavaContext context,
                                                       ^
/eval/src/generated/java/com/android/tools/lint/checks/IconDetector.java:136: error: ',', ')', or '[' expected
            com.android.annotations.NonNull JavaContext context,
                                                       ^
/eval/src/generated/java/com/android/tools/lint/checks/IconDetector.java:142: error: ',', ')', or '[' expected
    public void visitClass(com.android.annotations.NonNull UClass node) {
                                                                 ^
/eval/src/generated/java/com/android/tools/lint/checks/IconDetector.java:146: error: ',', ')', or '[' expected
    public void visitMethod(com.android.annotations.NonNull UMethod node) {
                                                                   ^
/eval/src/generated/java/com/android/tools/lint/checks/IconDetector.java:150: error: ',', ')', or '[' expected
    public void visitCallExpression(com.android.annotations.NonNull UCallExpression node) {
                                                                                   ^
/eval/src/generated/java/com/android/tools/lint/checks/IconDetector.java:155: error: ',', ')', or '[' expected
            com.android.annotations.NonNull USimpleNameReferenceExpression node) {
                                                                          ^
17 errors

FAILURE: Build failed with an exception.

* What went wrong:
Execution failed for task ':compileJava'.
> Compilation failed; see the compiler error output for details.

* Try:
> Run with --info option to get more log output.
> Run with --scan to get full insights.

BUILD FAILED in 6s
