/eval/src/generated/java/com/android/tools/lint/checks/AlwaysShowActionDetector.java:25: error: cannot find symbol
import org.jetbrains.annotations.NonNull;
                                ^
  symbol:   class NonNull
  location: package org.jetbrains.annotations
/eval/src/generated/java/com/android/tools/lint/checks/AlwaysShowActionDetector.java:64: error: cannot find symbol
    public void beforeCheckRootProject(@NonNull Context context) {
                                        ^
  symbol:   class NonNull
  location: class AlwaysShowActionDetector
/eval/src/generated/java/com/android/tools/lint/checks/AlwaysShowActionDetector.java:70: error: cannot find symbol
    public void afterCheckRootProject(@NonNull Context context) {
                                       ^
  symbol:   class NonNull
  location: class AlwaysShowActionDetector
/eval/src/generated/java/com/android/tools/lint/checks/AlwaysShowActionDetector.java:83: error: cannot find symbol
    public void beforeCheckFile(@NonNull Context context) {
                                 ^
  symbol:   class NonNull
  location: class AlwaysShowActionDetector
/eval/src/generated/java/com/android/tools/lint/checks/AlwaysShowActionDetector.java:92: error: cannot find symbol
    public void afterCheckFile(@NonNull Context context) {
                                ^
  symbol:   class NonNull
  location: class AlwaysShowActionDetector
/eval/src/generated/java/com/android/tools/lint/checks/AlwaysShowActionDetector.java:120: error: cannot find symbol
    public void visitElement(@NonNull XmlContext context, @NonNull Element element) {
                              ^
  symbol:   class NonNull
  location: class AlwaysShowActionDetector
/eval/src/generated/java/com/android/tools/lint/checks/AlwaysShowActionDetector.java:120: error: cannot find symbol
    public void visitElement(@NonNull XmlContext context, @NonNull Element element) {
                                                           ^
  symbol:   class NonNull
  location: class AlwaysShowActionDetector
/eval/src/generated/java/com/android/tools/lint/checks/AlwaysShowActionDetector.java:157: error: cannot find symbol
            @NonNull JavaContext context,
             ^
  symbol:   class NonNull
  location: class AlwaysShowActionDetector
/eval/src/generated/java/com/android/tools/lint/checks/AlwaysShowActionDetector.java:158: error: cannot find symbol
            @NonNull UReferenceExpression referenceExpression,
             ^
  symbol:   class NonNull
  location: class AlwaysShowActionDetector
/eval/src/generated/java/com/android/tools/lint/checks/AlwaysShowActionDetector.java:159: error: cannot find symbol
            @NonNull PsiElement referenced) {
             ^
  symbol:   class NonNull
  location: class AlwaysShowActionDetector
/eval/src/generated/java/com/android/tools/lint/checks/AlwaysShowActionDetector.java:84: error: cannot find symbol
        if (context.getResourceFolderType() == ResourceFolderType.MENU) {
                   ^
  symbol:   method getResourceFolderType()
  location: variable context of type Context
/eval/src/generated/java/com/android/tools/lint/checks/AlwaysShowActionDetector.java:93: error: cannot find symbol
        if (context.getResourceFolderType() == ResourceFolderType.MENU) {
                   ^
  symbol:   method getResourceFolderType()
  location: variable context of type Context
12 errors

FAILURE: Build failed with an exception.

* What went wrong:
Execution failed for task ':compileJava'.
> Compilation failed; see the compiler error output for details.

* Try:
> Run with --info option to get more log output.
> Run with --scan to get full insights.

BUILD FAILED in 5s
