/eval/src/generated/java/com/android/tools/lint/checks/RequiredAttributeDetector.java:21: error: cannot find symbol
public class RequiredAttributeDetector extends LayoutDetector {
                                               ^
  symbol: class LayoutDetector
/eval/src/generated/java/com/android/tools/lint/checks/RequiredAttributeDetector.java:24: error: no suitable constructor found for Implementation(Class<RequiredAttributeDetector>,EnumSet<Scope>)
            new Implementation(RequiredAttributeDetector.class, EnumSet.of(Scope.JAVA_FILE, Scope.RESOURCE_FILE));
            ^
    constructor Implementation.Implementation(Class<? extends Detector>,EnumSet<Scope>) is not applicable
      (argument mismatch; Class<RequiredAttributeDetector> cannot be converted to Class<? extends Detector>)
    constructor Implementation.Implementation(Class<? extends Detector>,EnumSet<Scope>,EnumSet<Scope>...) is not applicable
      (argument mismatch; Class<RequiredAttributeDetector> cannot be converted to Class<? extends Detector>)
/eval/src/generated/java/com/android/tools/lint/checks/RequiredAttributeDetector.java:40: error: method does not override or implement a method from a supertype
    @Override
    ^
/eval/src/generated/java/com/android/tools/lint/checks/RequiredAttributeDetector.java:45: error: method does not override or implement a method from a supertype
    @Override
    ^
/eval/src/generated/java/com/android/tools/lint/checks/RequiredAttributeDetector.java:50: error: method does not override or implement a method from a supertype
    @Override
    ^
/eval/src/generated/java/com/android/tools/lint/checks/RequiredAttributeDetector.java:52: error: cannot find symbol
        return java.util.Collections.singletonList(ALL);
                                                   ^
  symbol:   variable ALL
  location: class RequiredAttributeDetector
/eval/src/generated/java/com/android/tools/lint/checks/RequiredAttributeDetector.java:55: error: method does not override or implement a method from a supertype
    @Override
    ^
/eval/src/generated/java/com/android/tools/lint/checks/RequiredAttributeDetector.java:113: error: method does not override or implement a method from a supertype
    @Override
    ^
/eval/src/generated/java/com/android/tools/lint/checks/RequiredAttributeDetector.java:118: error: method does not override or implement a method from a supertype
    @Override
    ^
9 errors

FAILURE: Build failed with an exception.

* What went wrong:
Execution failed for task ':compileJava'.
> Compilation failed; see the compiler error output for details.

* Try:
> Run with --info option to get more log output.
> Run with --scan to get full insights.

BUILD FAILED in 4s
