/eval/src/generated/java/com/android/tools/lint/checks/TooManyViewsDetector.java:11: error: cannot find symbol
import org.jetbrains.annotations.NonNull;
                                ^
  symbol:   class NonNull
  location: package org.jetbrains.annotations
/eval/src/generated/java/com/android/tools/lint/checks/TooManyViewsDetector.java:34: error: cannot find symbol
    public void visitDocument(@NonNull XmlContext context, @NonNull Document document) {
                               ^
  symbol:   class NonNull
  location: class TooManyViewsDetector
/eval/src/generated/java/com/android/tools/lint/checks/TooManyViewsDetector.java:34: error: cannot find symbol
    public void visitDocument(@NonNull XmlContext context, @NonNull Document document) {
                                                            ^
  symbol:   class NonNull
  location: class TooManyViewsDetector
3 errors

FAILURE: Build failed with an exception.

* What went wrong:
Execution failed for task ':compileJava'.
> Compilation failed; see the compiler error output for details.

* Try:
> Run with --info option to get more log output.
> Run with --scan to get full insights.

BUILD FAILED in 4s
