/eval/src/generated/java/com/android/tools/lint/checks/ObsoleteLayoutParamsDetector.java:17: error: cannot find symbol
public class ObsoleteLayoutParamsDetector extends LayoutDetector {
                                                  ^
  symbol: class LayoutDetector
/eval/src/generated/java/com/android/tools/lint/checks/ObsoleteLayoutParamsDetector.java:20: error: no suitable constructor found for Implementation(Class<ObsoleteLayoutParamsDetector>,EnumSet<Scope>)
            new Implementation(ObsoleteLayoutParamsDetector.class, Scope.RESOURCE_FILE_SCOPE);
            ^
    constructor Implementation.Implementation(Class<? extends Detector>,EnumSet<Scope>) is not applicable
      (argument mismatch; Class<ObsoleteLayoutParamsDetector> cannot be converted to Class<? extends Detector>)
    constructor Implementation.Implementation(Class<? extends Detector>,EnumSet<Scope>,EnumSet<Scope>...) is not applicable
      (argument mismatch; Class<ObsoleteLayoutParamsDetector> cannot be converted to Class<? extends Detector>)
/eval/src/generated/java/com/android/tools/lint/checks/ObsoleteLayoutParamsDetector.java:50: error: method does not override or implement a method from a supertype
    @Override
    ^
/eval/src/generated/java/com/android/tools/lint/checks/ObsoleteLayoutParamsDetector.java:52: error: incompatible types: inference variable T has incompatible bounds
        return java.util.Collections.singleton(XmlScanner.ALL);
                                              ^
    equality constraints: String
    lower bounds: List<String>
  where T is a type-variable:
    T extends Object declared in method <T>singleton(T)
/eval/src/generated/java/com/android/tools/lint/checks/ObsoleteLayoutParamsDetector.java:55: error: method does not override or implement a method from a supertype
    @Override
    ^
/eval/src/generated/java/com/android/tools/lint/checks/ObsoleteLayoutParamsDetector.java:60: error: method does not override or implement a method from a supertype
    @Override
    ^
/eval/src/generated/java/com/android/tools/lint/checks/ObsoleteLayoutParamsDetector.java:65: error: method does not override or implement a method from a supertype
    @Override
    ^
/eval/src/generated/java/com/android/tools/lint/checks/ObsoleteLayoutParamsDetector.java:99: error: method does not override or implement a method from a supertype
    @Override
    ^
8 errors

FAILURE: Build failed with an exception.

* What went wrong:
Execution failed for task ':compileJava'.
> Compilation failed; see the compiler error output for details.

* Try:
> Run with --info option to get more log output.
> Run with --scan to get full insights.

BUILD FAILED in 6s
