/eval/src/generated/java/com/android/tools/lint/checks/AlwaysShowActionDetector.java:18: error: cannot find symbol
import org.jetbrains.annotations.NonNull;
                                ^
  symbol:   class NonNull
  location: package org.jetbrains.annotations
/eval/src/generated/java/com/android/tools/lint/checks/AlwaysShowActionDetector.java:20: error: cannot find symbol
import org.jetbrains.uast.UReference;
                         ^
  symbol:   class UReference
  location: package org.jetbrains.uast
/eval/src/generated/java/com/android/tools/lint/checks/AlwaysShowActionDetector.java:28: error: interface expected here
public class AlwaysShowActionDetector extends Detector implements ResourceXmlDetector, Detector.UastScanner {
                                                                  ^
/eval/src/generated/java/com/android/tools/lint/checks/AlwaysShowActionDetector.java:114: error: cannot find symbol
    public void visitReference(@NonNull JavaContext context, @NonNull UReference reference) {
                                                                      ^
  symbol:   class UReference
  location: class AlwaysShowActionDetector
/eval/src/generated/java/com/android/tools/lint/checks/AlwaysShowActionDetector.java:60: error: cannot find symbol
    public void visitAttribute(@NonNull XmlContext context, @NonNull Attr attribute) {
                                ^
  symbol:   class NonNull
  location: class AlwaysShowActionDetector
/eval/src/generated/java/com/android/tools/lint/checks/AlwaysShowActionDetector.java:60: error: cannot find symbol
    public void visitAttribute(@NonNull XmlContext context, @NonNull Attr attribute) {
                                                             ^
  symbol:   class NonNull
  location: class AlwaysShowActionDetector
/eval/src/generated/java/com/android/tools/lint/checks/AlwaysShowActionDetector.java:90: error: cannot find symbol
    public void afterCheckFile(@NonNull XmlContext context) {
                                ^
  symbol:   class NonNull
  location: class AlwaysShowActionDetector
/eval/src/generated/java/com/android/tools/lint/checks/AlwaysShowActionDetector.java:114: error: cannot find symbol
    public void visitReference(@NonNull JavaContext context, @NonNull UReference reference) {
                                ^
  symbol:   class NonNull
  location: class AlwaysShowActionDetector
/eval/src/generated/java/com/android/tools/lint/checks/AlwaysShowActionDetector.java:114: error: cannot find symbol
    public void visitReference(@NonNull JavaContext context, @NonNull UReference reference) {
                                                              ^
  symbol:   class NonNull
  location: class AlwaysShowActionDetector
/eval/src/generated/java/com/android/tools/lint/checks/AlwaysShowActionDetector.java:141: error: cannot find symbol
    public void afterCheckProject(@NonNull Context context) {
                                   ^
  symbol:   class NonNull
  location: class AlwaysShowActionDetector
/eval/src/generated/java/com/android/tools/lint/checks/AlwaysShowActionDetector.java:74: error: cannot find symbol
            Integer count = context.getClientData(KEY_XML_ALWAYS_COUNT);
                                   ^
  symbol:   method getClientData(String)
  location: variable context of type XmlContext
/eval/src/generated/java/com/android/tools/lint/checks/AlwaysShowActionDetector.java:75: error: cannot find symbol
            context.putClientData(KEY_XML_ALWAYS_COUNT, count == null ? 1 : count + 1);
                   ^
  symbol:   method putClientData(String,int)
  location: variable context of type XmlContext
/eval/src/generated/java/com/android/tools/lint/checks/AlwaysShowActionDetector.java:76: error: cannot find symbol
            List<Attr> attrs = context.getClientData(KEY_XML_ALWAYS_ATTRS);
                                      ^
  symbol:   method getClientData(String)
  location: variable context of type XmlContext
/eval/src/generated/java/com/android/tools/lint/checks/AlwaysShowActionDetector.java:79: error: cannot find symbol
                context.putClientData(KEY_XML_ALWAYS_ATTRS, attrs);
                       ^
  symbol:   method putClientData(String,List<Attr>)
  location: variable context of type XmlContext
/eval/src/generated/java/com/android/tools/lint/checks/AlwaysShowActionDetector.java:84: error: cannot find symbol
            Integer count = context.getClientData(KEY_XML_IFROOM_COUNT);
                                   ^
  symbol:   method getClientData(String)
  location: variable context of type XmlContext
/eval/src/generated/java/com/android/tools/lint/checks/AlwaysShowActionDetector.java:85: error: cannot find symbol
            context.putClientData(KEY_XML_IFROOM_COUNT, count == null ? 1 : count + 1);
                   ^
  symbol:   method putClientData(String,int)
  location: variable context of type XmlContext
/eval/src/generated/java/com/android/tools/lint/checks/AlwaysShowActionDetector.java:89: error: method does not override or implement a method from a supertype
    @Override
    ^
/eval/src/generated/java/com/android/tools/lint/checks/AlwaysShowActionDetector.java:91: error: cannot find symbol
        Integer alwaysCount = context.getClientData(KEY_XML_ALWAYS_COUNT);
                                     ^
  symbol:   method getClientData(String)
  location: variable context of type XmlContext
/eval/src/generated/java/com/android/tools/lint/checks/AlwaysShowActionDetector.java:94: error: cannot find symbol
        Integer ifRoomCount = context.getClientData(KEY_XML_IFROOM_COUNT);
                                     ^
  symbol:   method getClientData(String)
  location: variable context of type XmlContext
/eval/src/generated/java/com/android/tools/lint/checks/AlwaysShowActionDetector.java:99: error: cannot find symbol
            List<Attr> attrs = context.getClientData(KEY_XML_ALWAYS_ATTRS);
                                      ^
  symbol:   method getClientData(String)
  location: variable context of type XmlContext
/eval/src/generated/java/com/android/tools/lint/checks/AlwaysShowActionDetector.java:102: error: incompatible types: Attr cannot be converted to Location
                    context.report(ISSUE, attr, "Use \"ifRoom\" instead of \"always\"");
                                          ^
/eval/src/generated/java/com/android/tools/lint/checks/AlwaysShowActionDetector.java:110: error: cannot find symbol
        return Collections.singletonList(UReference.class);
                                         ^
  symbol:   class UReference
  location: class AlwaysShowActionDetector
/eval/src/generated/java/com/android/tools/lint/checks/AlwaysShowActionDetector.java:113: error: method does not override or implement a method from a supertype
    @Override
    ^
/eval/src/generated/java/com/android/tools/lint/checks/AlwaysShowActionDetector.java:129: error: cannot find symbol
            Integer count = project.getClientData(KEY_PROJ_ALWAYS_COUNT);
                                   ^
  symbol:   method getClientData(String)
  location: variable project of type Project
/eval/src/generated/java/com/android/tools/lint/checks/AlwaysShowActionDetector.java:130: error: cannot find symbol
            project.putClientData(KEY_PROJ_ALWAYS_COUNT, count == null ? 1 : count + 1);
                   ^
  symbol:   method putClientData(String,int)
  location: variable project of type Project
/eval/src/generated/java/com/android/tools/lint/checks/AlwaysShowActionDetector.java:135: error: cannot find symbol
            Integer count = project.getClientData(KEY_PROJ_IFROOM_COUNT);
                                   ^
  symbol:   method getClientData(String)
  location: variable project of type Project
/eval/src/generated/java/com/android/tools/lint/checks/AlwaysShowActionDetector.java:136: error: cannot find symbol
            project.putClientData(KEY_PROJ_IFROOM_COUNT, count == null ? 1 : count + 1);
                   ^
  symbol:   method putClientData(String,int)
  location: variable project of type Project
/eval/src/generated/java/com/android/tools/lint/checks/AlwaysShowActionDetector.java:143: error: cannot find symbol
        Integer alwaysCount = project.getClientData(KEY_PROJ_ALWAYS_COUNT);
                                     ^
  symbol:   method getClientData(String)
  location: variable project of type Project
/eval/src/generated/java/com/android/tools/lint/checks/AlwaysShowActionDetector.java:146: error: cannot find symbol
        Integer ifRoomCount = project.getClientData(KEY_PROJ_IFROOM_COUNT);
                                     ^
  symbol:   method getClientData(String)
  location: variable project of type Project
/eval/src/generated/java/com/android/tools/lint/checks/AlwaysShowActionDetector.java:150: error: cannot find symbol
            Location location = project.getClientData(KEY_PROJ_ALWAYS_LOC);
                                       ^
  symbol:   method getClientData(String)
  location: variable project of type Project
Note: /eval/src/generated/java/com/android/tools/lint/checks/AlwaysShowActionDetector.java uses or overrides a deprecated API.
Note: Recompile with -Xlint:deprecation for details.
Note: Some messages have been simplified; recompile with -Xdiags:verbose to get full output
30 errors

FAILURE: Build failed with an exception.

* What went wrong:
Execution failed for task ':compileJava'.
> Compilation failed; see the compiler error output for details.

* Try:
> Run with --info option to get more log output.
> Run with --scan to get full insights.

BUILD FAILED in 7s
