/eval/src/generated/java/com/android/tools/lint/checks/BadHostnameVerifierDetector.java:58: error: cannot find symbol
                UExpression body = context.getUastContext().getMethodBody(method);
                                          ^
  symbol:   method getUastContext()
  location: variable context of type JavaContext
/eval/src/generated/java/com/android/tools/lint/checks/BadHostnameVerifierDetector.java:70: error: method does not override or implement a method from a supertype
    @Override
    ^
/eval/src/generated/java/com/android/tools/lint/checks/BadHostnameVerifierDetector.java:75: error: method does not override or implement a method from a supertype
    @Override
    ^
/eval/src/generated/java/com/android/tools/lint/checks/BadHostnameVerifierDetector.java:80: error: method does not override or implement a method from a supertype
    @Override
    ^
4 errors

FAILURE: Build failed with an exception.

* What went wrong:
Execution failed for task ':compileJava'.
> Compilation failed; see the compiler error output for details.

* Try:
> Run with --info option to get more log output.
> Run with --scan to get full insights.

BUILD FAILED in 3s
