/eval/src/generated/java/com/android/tools/lint/checks/BadHostnameVerifierDetector.java:11: error: cannot find symbol
import org.jetbrains.annotations.NonNull;
                                ^
  symbol:   class NonNull
  location: package org.jetbrains.annotations
/eval/src/generated/java/com/android/tools/lint/checks/BadHostnameVerifierDetector.java:55: error: cannot find symbol
    public void visitClass(@NonNull JavaContext context, @NonNull UClass declaration) {
                            ^
  symbol:   class NonNull
  location: class BadHostnameVerifierDetector
/eval/src/generated/java/com/android/tools/lint/checks/BadHostnameVerifierDetector.java:55: error: cannot find symbol
    public void visitClass(@NonNull JavaContext context, @NonNull UClass declaration) {
                                                          ^
  symbol:   class NonNull
  location: class BadHostnameVerifierDetector
/eval/src/generated/java/com/android/tools/lint/checks/BadHostnameVerifierDetector.java:60: error: cannot find symbol
    public void visitCallExpression(@NonNull JavaContext context, @NonNull UCallExpression node) {
                                     ^
  symbol:   class NonNull
  location: class BadHostnameVerifierDetector
/eval/src/generated/java/com/android/tools/lint/checks/BadHostnameVerifierDetector.java:60: error: cannot find symbol
    public void visitCallExpression(@NonNull JavaContext context, @NonNull UCallExpression node) {
                                                                   ^
  symbol:   class NonNull
  location: class BadHostnameVerifierDetector
/eval/src/generated/java/com/android/tools/lint/checks/BadHostnameVerifierDetector.java:68: error: cannot find symbol
    public void visitThrowExpression(@NonNull JavaContext context, @NonNull UThrowExpression node) {
                                      ^
  symbol:   class NonNull
  location: class BadHostnameVerifierDetector
/eval/src/generated/java/com/android/tools/lint/checks/BadHostnameVerifierDetector.java:68: error: cannot find symbol
    public void visitThrowExpression(@NonNull JavaContext context, @NonNull UThrowExpression node) {
                                                                    ^
  symbol:   class NonNull
  location: class BadHostnameVerifierDetector
/eval/src/generated/java/com/android/tools/lint/checks/BadHostnameVerifierDetector.java:76: error: cannot find symbol
    public void visitReturnExpression(@NonNull JavaContext context, @NonNull UReturnExpression node) {
                                       ^
  symbol:   class NonNull
  location: class BadHostnameVerifierDetector
/eval/src/generated/java/com/android/tools/lint/checks/BadHostnameVerifierDetector.java:76: error: cannot find symbol
    public void visitReturnExpression(@NonNull JavaContext context, @NonNull UReturnExpression node) {
                                                                     ^
  symbol:   class NonNull
  location: class BadHostnameVerifierDetector
/eval/src/generated/java/com/android/tools/lint/checks/BadHostnameVerifierDetector.java:59: error: method does not override or implement a method from a supertype
    @Override
    ^
/eval/src/generated/java/com/android/tools/lint/checks/BadHostnameVerifierDetector.java:67: error: method does not override or implement a method from a supertype
    @Override
    ^
/eval/src/generated/java/com/android/tools/lint/checks/BadHostnameVerifierDetector.java:75: error: method does not override or implement a method from a supertype
    @Override
    ^
12 errors

FAILURE: Build failed with an exception.

* What went wrong:
Execution failed for task ':compileJava'.
> Compilation failed; see the compiler error output for details.

* Try:
> Run with --info option to get more log output.
> Run with --scan to get full insights.

BUILD FAILED in 4s
