/eval/src/generated/java/com/android/tools/lint/checks/ManifestResourceDetector.java:9: error: cannot find symbol
import com.android.tools.lint.client.api.ResourceRepository;
                                        ^
  symbol:   class ResourceRepository
  location: package com.android.tools.lint.client.api
/eval/src/generated/java/com/android/tools/lint/checks/ManifestResourceDetector.java:13: error: cannot find symbol
import com.android.tools.lint.detector.api.ResourceUrl;
                                          ^
  symbol:   class ResourceUrl
  location: package com.android.tools.lint.detector.api
/eval/src/generated/java/com/android/tools/lint/checks/ManifestResourceDetector.java:62: error: cannot find symbol
        ResourceUrl url = ResourceUrl.parse(value);
        ^
  symbol:   class ResourceUrl
  location: class ManifestResourceDetector
/eval/src/generated/java/com/android/tools/lint/checks/ManifestResourceDetector.java:62: error: cannot find symbol
        ResourceUrl url = ResourceUrl.parse(value);
                          ^
  symbol:   variable ResourceUrl
  location: class ManifestResourceDetector
/eval/src/generated/java/com/android/tools/lint/checks/ManifestResourceDetector.java:71: error: cannot find symbol
        ResourceRepository resources =
        ^
  symbol:   class ResourceRepository
  location: class ManifestResourceDetector
/eval/src/generated/java/com/android/tools/lint/checks/ManifestResourceDetector.java:72: error: incompatible types: boolean cannot be converted to ResourceRepositoryScope
                context.getDriver().getClient().getResources(context.getProject(), true);
                                                                                   ^
/eval/src/generated/java/com/android/tools/lint/checks/ManifestResourceDetector.java:90: error: method getFolderName in class FolderConfiguration cannot be applied to given types;
                                value, config.getFolderName());
                                             ^
  required: ResourceFolderType
  found:    no arguments
  reason: actual and formal argument lists differ in length
Note: Some messages have been simplified; recompile with -Xdiags:verbose to get full output
7 errors

FAILURE: Build failed with an exception.

* What went wrong:
Execution failed for task ':compileJava'.
> Compilation failed; see the compiler error output for details.

* Try:
> Run with --info option to get more log output.
> Run with --scan to get full insights.

BUILD FAILED in 4s
