/eval/src/generated/java/com/android/tools/lint/checks/WebViewDetector.java:21: error: cannot find symbol
public class WebViewDetector extends LayoutDetector implements XmlScanner {
                                     ^
  symbol: class LayoutDetector
/eval/src/generated/java/com/android/tools/lint/checks/WebViewDetector.java:21: error: cannot find symbol
public class WebViewDetector extends LayoutDetector implements XmlScanner {
                                                               ^
  symbol: class XmlScanner
/eval/src/generated/java/com/android/tools/lint/checks/WebViewDetector.java:6: error: cannot find symbol
import static com.android.SdkConstants.TAG_WEB_VIEW;
^
  symbol:   static TAG_WEB_VIEW
  location: class SdkConstants
/eval/src/generated/java/com/android/tools/lint/checks/WebViewDetector.java:33: error: no suitable constructor found for Implementation(Class<WebViewDetector>,EnumSet<Scope>)
                    new Implementation(
                    ^
    constructor Implementation.Implementation(Class<? extends Detector>,EnumSet<Scope>) is not applicable
      (argument mismatch; Class<WebViewDetector> cannot be converted to Class<? extends Detector>)
    constructor Implementation.Implementation(Class<? extends Detector>,EnumSet<Scope>,EnumSet<Scope>...) is not applicable
      (argument mismatch; Class<WebViewDetector> cannot be converted to Class<? extends Detector>)
/eval/src/generated/java/com/android/tools/lint/checks/WebViewDetector.java:36: error: method does not override or implement a method from a supertype
    @Override
    ^
/eval/src/generated/java/com/android/tools/lint/checks/WebViewDetector.java:38: error: cannot find symbol
        return Collections.singletonList(TAG_WEB_VIEW);
                                         ^
  symbol:   variable TAG_WEB_VIEW
  location: class WebViewDetector
/eval/src/generated/java/com/android/tools/lint/checks/WebViewDetector.java:41: error: method does not override or implement a method from a supertype
    @Override
    ^
7 errors

FAILURE: Build failed with an exception.

* What went wrong:
Execution failed for task ':compileJava'.
> Compilation failed; see the compiler error output for details.

* Try:
> Run with --info option to get more log output.
> Run with --scan to get full insights.

BUILD FAILED in 10s
