/eval/src/generated/java/com/android/tools/lint/checks/VectorDetector.java:4: error: cannot find symbol
import static com.android.SdkConstants.ATTR_FILL_TYPE;
^
  symbol:   static ATTR_FILL_TYPE
  location: class SdkConstants
/eval/src/generated/java/com/android/tools/lint/checks/VectorDetector.java:86: error: cannot find symbol
        if (element.hasAttributeNS(ANDROID_URI, ATTR_FILL_TYPE)) {
                                                ^
  symbol:   variable ATTR_FILL_TYPE
  location: class VectorDetector
/eval/src/generated/java/com/android/tools/lint/checks/VectorDetector.java:87: error: cannot find symbol
            String fillType = element.getAttributeNS(ANDROID_URI, ATTR_FILL_TYPE);
                                                                  ^
  symbol:   variable ATTR_FILL_TYPE
  location: class VectorDetector
3 errors

FAILURE: Build failed with an exception.

* What went wrong:
Execution failed for task ':compileJava'.
> Compilation failed; see the compiler error output for details.

* Try:
> Run with --info option to get more log output.
> Run with --scan to get full insights.

BUILD FAILED in 4s
