/eval/src/generated/java/com/android/tools/lint/checks/AlwaysShowActionDetector.java:7: error: cannot find symbol
import com.android.tools.lint.client.api.JavaParser.ResolvedClass;
                                                   ^
  symbol:   class ResolvedClass
  location: class JavaParser
/eval/src/generated/java/com/android/tools/lint/checks/AlwaysShowActionDetector.java:8: error: cannot find symbol
import com.android.tools.lint.client.api.JavaParser.ResolvedField;
                                                   ^
  symbol:   class ResolvedField
  location: class JavaParser
/eval/src/generated/java/com/android/tools/lint/checks/AlwaysShowActionDetector.java:9: error: cannot find symbol
import com.android.tools.lint.client.api.JavaParser.ResolvedNode;
                                                   ^
  symbol:   class ResolvedNode
  location: class JavaParser
/eval/src/generated/java/com/android/tools/lint/checks/AlwaysShowActionDetector.java:16: error: cannot find symbol
import com.android.tools.lint.detector.api.JavaElementVisitor;
                                          ^
  symbol:   class JavaElementVisitor
  location: package com.android.tools.lint.detector.api
/eval/src/generated/java/com/android/tools/lint/checks/AlwaysShowActionDetector.java:29: error: package lombok.ast does not exist
import lombok.ast.Node;
                 ^
/eval/src/generated/java/com/android/tools/lint/checks/AlwaysShowActionDetector.java:32: error: cannot find symbol
        implements Detector.XmlScanner, Detector.JavaScanner {
                                                ^
  symbol:   class JavaScanner
  location: class Detector
/eval/src/generated/java/com/android/tools/lint/checks/AlwaysShowActionDetector.java:136: error: cannot find symbol
            @NonNull JavaElementVisitor visitor,
                     ^
  symbol:   class JavaElementVisitor
  location: class AlwaysShowActionDetector
/eval/src/generated/java/com/android/tools/lint/checks/AlwaysShowActionDetector.java:137: error: cannot find symbol
            @NonNull Node reference) {
                     ^
  symbol:   class Node
  location: class AlwaysShowActionDetector
/eval/src/generated/java/com/android/tools/lint/checks/AlwaysShowActionDetector.java:138: error: cannot find symbol
        ResolvedNode resolved = context.resolve(reference);
        ^
  symbol:   class ResolvedNode
  location: class AlwaysShowActionDetector
/eval/src/generated/java/com/android/tools/lint/checks/AlwaysShowActionDetector.java:139: error: cannot find symbol
        if (!(resolved instanceof ResolvedField)) {
                                  ^
  symbol:   class ResolvedField
  location: class AlwaysShowActionDetector
/eval/src/generated/java/com/android/tools/lint/checks/AlwaysShowActionDetector.java:143: error: cannot find symbol
        ResolvedField field = (ResolvedField) resolved;
        ^
  symbol:   class ResolvedField
  location: class AlwaysShowActionDetector
/eval/src/generated/java/com/android/tools/lint/checks/AlwaysShowActionDetector.java:143: error: cannot find symbol
        ResolvedField field = (ResolvedField) resolved;
                               ^
  symbol:   class ResolvedField
  location: class AlwaysShowActionDetector
/eval/src/generated/java/com/android/tools/lint/checks/AlwaysShowActionDetector.java:144: error: cannot find symbol
        ResolvedClass containing = field.getContainingClass();
        ^
  symbol:   class ResolvedClass
  location: class AlwaysShowActionDetector
Note: /eval/src/generated/java/com/android/tools/lint/checks/AlwaysShowActionDetector.java uses or overrides a deprecated API.
Note: Recompile with -Xlint:deprecation for details.
13 errors

FAILURE: Build failed with an exception.

* What went wrong:
Execution failed for task ':compileJava'.
> Compilation failed; see the compiler error output for details.

* Try:
> Run with --info option to get more log output.
> Run with --scan to get full insights.

BUILD FAILED in 7s
