e: file:///eval/src/generated/kotlin/com/android/tools/lint/checks/DiffUtilDetector.kt:61:42 Type mismatch: inferred type is PsiElement? but PsiParameter was expected
e: file:///eval/src/generated/kotlin/com/android/tools/lint/checks/DiffUtilDetector.kt:61:46 Type mismatch: inferred type is PsiElement? but PsiParameter was expected
e: file:///eval/src/generated/kotlin/com/android/tools/lint/checks/DiffUtilDetector.kt:61:71 Type mismatch: inferred type is PsiElement? but PsiParameter was expected
e: file:///eval/src/generated/kotlin/com/android/tools/lint/checks/DiffUtilDetector.kt:61:75 Type mismatch: inferred type is PsiElement? but PsiParameter was expected
e: file:///eval/src/generated/kotlin/com/android/tools/lint/checks/DiffUtilDetector.kt:82:70 Type mismatch: inferred type is PsiElement? but PsiParameter was expected
e: file:///eval/src/generated/kotlin/com/android/tools/lint/checks/DiffUtilDetector.kt:82:74 Type mismatch: inferred type is PsiElement? but PsiParameter was expected
e: file:///eval/src/generated/kotlin/com/android/tools/lint/checks/DiffUtilDetector.kt:82:102 Type mismatch: inferred type is PsiElement? but PsiParameter was expected
e: file:///eval/src/generated/kotlin/com/android/tools/lint/checks/DiffUtilDetector.kt:82:106 Type mismatch: inferred type is PsiElement? but PsiParameter was expected
e: file:///eval/src/generated/kotlin/com/android/tools/lint/checks/DiffUtilDetector.kt:138:44 Smart cast to 'PsiClass' is impossible, because 'current' is a local variable that is captured by a changing closure
e: file:///eval/src/generated/kotlin/com/android/tools/lint/checks/DiffUtilDetector.kt:142:39 Smart cast to 'PsiClass' is impossible, because 'current' is a local variable that is captured by a changing closure
e: file:///eval/src/generated/kotlin/com/android/tools/lint/checks/DiffUtilDetector.kt:152:35 Smart cast to 'PsiClass' is impossible, because 'current' is a local variable that is captured by a changing closure

FAILURE: Build failed with an exception.

* What went wrong:
Execution failed for task ':compileKotlin'.
> A failure occurred while executing org.jetbrains.kotlin.compilerRunner.GradleCompilerRunnerWithWorkers$GradleKotlinCompilerWorkAction
   > Compilation error. See log for more details

* Try:
> Run with --stacktrace option to get the stack trace.
> Run with --info or --debug option to get more log output.
> Run with --scan to get full insights.
> Get more help at https://help.gradle.org.

BUILD FAILED in 8s
