/eval/src/generated/java/com/android/tools/lint/checks/RtlDetector.java:12: error: cannot find symbol
import org.jetbrains.annotations.NonNull;
                                ^
  symbol:   class NonNull
  location: package org.jetbrains.annotations
/eval/src/generated/java/com/android/tools/lint/checks/RtlDetector.java:41: error: cannot find symbol
    public boolean appliesTo(@NonNull ResourceFolderType folderType) {
                              ^
  symbol:   class NonNull
  location: class RtlDetector
/eval/src/generated/java/com/android/tools/lint/checks/RtlDetector.java:46: error: cannot find symbol
    public void visitElement(@NonNull XmlContext context, @NonNull Element element) {
                              ^
  symbol:   class NonNull
  location: class RtlDetector
/eval/src/generated/java/com/android/tools/lint/checks/RtlDetector.java:46: error: cannot find symbol
    public void visitElement(@NonNull XmlContext context, @NonNull Element element) {
                                                           ^
  symbol:   class NonNull
  location: class RtlDetector
/eval/src/generated/java/com/android/tools/lint/checks/RtlDetector.java:51: error: cannot find symbol
    private void checkSymmetry(@NonNull XmlContext context, @NonNull Element element,
                                ^
  symbol:   class NonNull
  location: class RtlDetector
/eval/src/generated/java/com/android/tools/lint/checks/RtlDetector.java:51: error: cannot find symbol
    private void checkSymmetry(@NonNull XmlContext context, @NonNull Element element,
                                                             ^
  symbol:   class NonNull
  location: class RtlDetector
/eval/src/generated/java/com/android/tools/lint/checks/RtlDetector.java:52: error: cannot find symbol
                               @NonNull String leftAttr, @NonNull String rightAttr) {
                                ^
  symbol:   class NonNull
  location: class RtlDetector
/eval/src/generated/java/com/android/tools/lint/checks/RtlDetector.java:52: error: cannot find symbol
                               @NonNull String leftAttr, @NonNull String rightAttr) {
                                                          ^
  symbol:   class NonNull
  location: class RtlDetector
/eval/src/generated/java/com/android/tools/lint/checks/RtlDetector.java:23: error: method create in class Issue cannot be applied to given types;
    public static final Issue ISSUE = Issue.create(
                                           ^
  required: String,String,String,Category,int,Severity,Implementation
  found:    String,String,String,Category,Severity,Implementation
  reason: actual and formal argument lists differ in length
9 errors

FAILURE: Build failed with an exception.

* What went wrong:
Execution failed for task ':compileJava'.
> Compilation failed; see the compiler error output for details.

* Try:
> Run with --info option to get more log output.
> Run with --scan to get full insights.

BUILD FAILED in 8s
