/eval/src/generated/java/com/android/tools/lint/checks/ManifestResourceDetector.java:3: error: cannot find symbol
import com.android.tools.lint.client.api.ResourceRepository;
                                        ^
  symbol:   class ResourceRepository
  location: package com.android.tools.lint.client.api
/eval/src/generated/java/com/android/tools/lint/checks/ManifestResourceDetector.java:41: error: cannot find symbol
        if (url == null || url.framework || url.create) {
                              ^
  symbol:   variable framework
  location: variable url of type ResourceUrl
/eval/src/generated/java/com/android/tools/lint/checks/ManifestResourceDetector.java:41: error: cannot find symbol
        if (url == null || url.framework || url.create) {
                                               ^
  symbol:   variable create
  location: variable url of type ResourceUrl
/eval/src/generated/java/com/android/tools/lint/checks/ManifestResourceDetector.java:60: error: cannot find symbol
        ResourceRepository resources = context.getProject().getResources();
        ^
  symbol:   class ResourceRepository
  location: class ManifestResourceDetector
/eval/src/generated/java/com/android/tools/lint/checks/ManifestResourceDetector.java:60: error: cannot find symbol
        ResourceRepository resources = context.getProject().getResources();
                                                           ^
  symbol:   method getResources()
  location: class Project
/eval/src/generated/java/com/android/tools/lint/checks/ManifestResourceDetector.java:77: error: cannot find symbol
            java.util.List<com.android.resources.Qualifier> qualifiers = config.getQualifiers();
                                                ^
  symbol:   class Qualifier
  location: package com.android.resources
/eval/src/generated/java/com/android/tools/lint/checks/ManifestResourceDetector.java:81: error: cannot find symbol
            for (com.android.resources.Qualifier q : qualifiers) {
                                      ^
  symbol:   class Qualifier
  location: package com.android.resources
/eval/src/generated/java/com/android/tools/lint/checks/ManifestResourceDetector.java:82: error: cannot find symbol
                if (!(q instanceof com.android.resources.VersionQualifier)) {
                                                        ^
  symbol:   class VersionQualifier
  location: package com.android.resources
8 errors

FAILURE: Build failed with an exception.

* What went wrong:
Execution failed for task ':compileJava'.
> Compilation failed; see the compiler error output for details.

* Try:
> Run with --info option to get more log output.
> Run with --scan to get full insights.

BUILD FAILED in 5s
