e: file:///eval/src/generated/kotlin/com/android/tools/lint/checks/AccessibilityForceFocusDetector.kt:3:8 Unresolved reference: android
e: file:///eval/src/generated/kotlin/com/android/tools/lint/checks/AccessibilityForceFocusDetector.kt:4:8 Unresolved reference: android
e: file:///eval/src/generated/kotlin/com/android/tools/lint/checks/AccessibilityForceFocusDetector.kt:11:44 Unresolved reference: JavaElementVisitor
e: file:///eval/src/generated/kotlin/com/android/tools/lint/checks/AccessibilityForceFocusDetector.kt:25:18 Unresolved reference: JavaElementVisitor
e: file:///eval/src/generated/kotlin/com/android/tools/lint/checks/AccessibilityForceFocusDetector.kt:30:25 Type mismatch: inferred type is PsiMethod? but PsiMember was expected
e: file:///eval/src/generated/kotlin/com/android/tools/lint/checks/AccessibilityForceFocusDetector.kt:39:21 Type mismatch: inferred type is UExpression? but UElement was expected
e: file:///eval/src/generated/kotlin/com/android/tools/lint/checks/AccessibilityForceFocusDetector.kt:41:34 Unresolved reference: AccessibilityEvent
e: file:///eval/src/generated/kotlin/com/android/tools/lint/checks/AccessibilityForceFocusDetector.kt:42:34 Unresolved reference: AccessibilityEvent
e: file:///eval/src/generated/kotlin/com/android/tools/lint/checks/AccessibilityForceFocusDetector.kt:49:25 Type mismatch: inferred type is PsiMethod? but PsiMember was expected
e: file:///eval/src/generated/kotlin/com/android/tools/lint/checks/AccessibilityForceFocusDetector.kt:58:21 Type mismatch: inferred type is UExpression? but UElement was expected
e: file:///eval/src/generated/kotlin/com/android/tools/lint/checks/AccessibilityForceFocusDetector.kt:60:31 Unresolved reference: AccessibilityNodeInfo
e: file:///eval/src/generated/kotlin/com/android/tools/lint/checks/AccessibilityForceFocusDetector.kt:71:21 Type mismatch: inferred type is UExpression? but UElement was expected
e: file:///eval/src/generated/kotlin/com/android/tools/lint/checks/AccessibilityForceFocusDetector.kt:73:31 Unresolved reference: AccessibilityNodeInfo

FAILURE: Build failed with an exception.

* What went wrong:
Execution failed for task ':compileKotlin'.
> A failure occurred while executing org.jetbrains.kotlin.compilerRunner.GradleCompilerRunnerWithWorkers$GradleKotlinCompilerWorkAction
   > Compilation error. See log for more details

* Try:
> Run with --stacktrace option to get the stack trace.
> Run with --info or --debug option to get more log output.
> Run with --scan to get full insights.
> Get more help at https://help.gradle.org.

BUILD FAILED in 6s
