/eval/src/generated/java/com/android/tools/lint/checks/NetworkSecurityConfigDetector.java:32: error: cannot find symbol
                            Scope.NETWORK_SECURITY_CONFIG_SCOPE));
                                 ^
  symbol:   variable NETWORK_SECURITY_CONFIG_SCOPE
  location: class Scope
/eval/src/generated/java/com/android/tools/lint/checks/NetworkSecurityConfigDetector.java:19: error: method create in class Issue cannot be applied to given types;
            Issue.create(
                 ^
  required: String,String,String,Category,int,Severity,Implementation
  found:    String,String,String,String,Category,int,Severity,Implementation
  reason: actual and formal argument lists differ in length
2 errors

FAILURE: Build failed with an exception.

* What went wrong:
Execution failed for task ':compileJava'.
> Compilation failed; see the compiler error output for details.

* Try:
> Run with --info option to get more log output.
> Run with --scan to get full insights.

BUILD FAILED in 4s
