/eval/src/generated/java/com/android/tools/lint/checks/DuplicateResourceDetector.java:14: error: cannot find symbol
import org.jetbrains.annotations.NonNull;
                                ^
  symbol:   class NonNull
  location: package org.jetbrains.annotations
/eval/src/generated/java/com/android/tools/lint/checks/DuplicateResourceDetector.java:41: error: cannot find symbol
    public boolean appliesTo(@NonNull ResourceFolderType folderType) {
                              ^
  symbol:   class NonNull
  location: class DuplicateResourceDetector
/eval/src/generated/java/com/android/tools/lint/checks/DuplicateResourceDetector.java:46: error: cannot find symbol
    public void beforeCheckFile(@NonNull Context context) {
                                 ^
  symbol:   class NonNull
  location: class DuplicateResourceDetector
/eval/src/generated/java/com/android/tools/lint/checks/DuplicateResourceDetector.java:51: error: cannot find symbol
    public void afterCheckFile(@NonNull Context context) {
                                ^
  symbol:   class NonNull
  location: class DuplicateResourceDetector
/eval/src/generated/java/com/android/tools/lint/checks/DuplicateResourceDetector.java:56: error: cannot find symbol
    public void visitElement(@NonNull XmlContext context, @NonNull Element element) {
                              ^
  symbol:   class NonNull
  location: class DuplicateResourceDetector
/eval/src/generated/java/com/android/tools/lint/checks/DuplicateResourceDetector.java:56: error: cannot find symbol
    public void visitElement(@NonNull XmlContext context, @NonNull Element element) {
                                                           ^
  symbol:   class NonNull
  location: class DuplicateResourceDetector
6 errors

FAILURE: Build failed with an exception.

* What went wrong:
Execution failed for task ':compileJava'.
> Compilation failed; see the compiler error output for details.

* Try:
> Run with --info option to get more log output.
> Run with --scan to get full insights.

BUILD FAILED in 6s
