/eval/src/generated/java/com/android/tools/lint/checks/OnClickDetector.java:17: error: cannot find symbol
import org.jetbrains.annotations.NonNull;
                                ^
  symbol:   class NonNull
  location: package org.jetbrains.annotations
/eval/src/generated/java/com/android/tools/lint/checks/OnClickDetector.java:59: error: cannot find symbol
    public void visitElement(@NonNull XmlContext context, @NonNull Element element) {
                              ^
  symbol:   class NonNull
  location: class OnClickDetector
/eval/src/generated/java/com/android/tools/lint/checks/OnClickDetector.java:59: error: cannot find symbol
    public void visitElement(@NonNull XmlContext context, @NonNull Element element) {
                                                           ^
  symbol:   class NonNull
  location: class OnClickDetector
/eval/src/generated/java/com/android/tools/lint/checks/OnClickDetector.java:78: error: cannot find symbol
    public void visitMethod(@NonNull JavaContext context, @NonNull UMethod method) {
                             ^
  symbol:   class NonNull
  location: class OnClickDetector
/eval/src/generated/java/com/android/tools/lint/checks/OnClickDetector.java:78: error: cannot find symbol
    public void visitMethod(@NonNull JavaContext context, @NonNull UMethod method) {
                                                           ^
  symbol:   class NonNull
  location: class OnClickDetector
/eval/src/generated/java/com/android/tools/lint/checks/OnClickDetector.java:98: error: cannot find symbol
    public void afterCheckEachProject(@NonNull Project project) {
                                       ^
  symbol:   class NonNull
  location: class OnClickDetector
/eval/src/generated/java/com/android/tools/lint/checks/OnClickDetector.java:77: error: method does not override or implement a method from a supertype
    @Override
    ^
/eval/src/generated/java/com/android/tools/lint/checks/OnClickDetector.java:90: error: incompatible types: PsiType cannot be converted to PsiClass
                if (paramType != null && context.getEvaluator().extendsClass(paramType, "android.view.View", true)) {
                                                                             ^
/eval/src/generated/java/com/android/tools/lint/checks/OnClickDetector.java:97: error: method does not override or implement a method from a supertype
    @Override
    ^
Note: /eval/src/generated/java/com/android/tools/lint/checks/OnClickDetector.java uses or overrides a deprecated API.
Note: Recompile with -Xlint:deprecation for details.
Note: Some messages have been simplified; recompile with -Xdiags:verbose to get full output
9 errors

FAILURE: Build failed with an exception.

* What went wrong:
Execution failed for task ':compileJava'.
> Compilation failed; see the compiler error output for details.

* Try:
> Run with --info option to get more log output.
> Run with --scan to get full insights.

BUILD FAILED in 5s
