/eval/src/generated/java/com/android/tools/lint/checks/RtlDetector.java:21: error: cannot find symbol
public class RtlDetector extends LayoutDetector {
                                 ^
  symbol: class LayoutDetector
/eval/src/generated/java/com/android/tools/lint/checks/RtlDetector.java:24: error: no suitable constructor found for Implementation(Class<RtlDetector>,EnumSet<Scope>)
            new Implementation(
            ^
    constructor Implementation.Implementation(Class<? extends Detector>,EnumSet<Scope>) is not applicable
      (argument mismatch; Class<RtlDetector> cannot be converted to Class<? extends Detector>)
    constructor Implementation.Implementation(Class<? extends Detector>,EnumSet<Scope>,EnumSet<Scope>...) is not applicable
      (argument mismatch; Class<RtlDetector> cannot be converted to Class<? extends Detector>)
/eval/src/generated/java/com/android/tools/lint/checks/RtlDetector.java:64: error: method does not override or implement a method from a supertype
    @Override
    ^
/eval/src/generated/java/com/android/tools/lint/checks/RtlDetector.java:69: error: method does not override or implement a method from a supertype
    @Override
    ^
/eval/src/generated/java/com/android/tools/lint/checks/RtlDetector.java:90: error: method does not override or implement a method from a supertype
    @Override
    ^
/eval/src/generated/java/com/android/tools/lint/checks/RtlDetector.java:105: error: method does not override or implement a method from a supertype
    @Override
    ^
/eval/src/generated/java/com/android/tools/lint/checks/RtlDetector.java:129: error: method does not override or implement a method from a supertype
    @Override
    ^
/eval/src/generated/java/com/android/tools/lint/checks/RtlDetector.java:135: error: method does not override or implement a method from a supertype
    @Override
    ^
/eval/src/generated/java/com/android/tools/lint/checks/RtlDetector.java:218: error: cannot find symbol
        Object leftConstant = ConstantEvaluator.evaluate(context, left);
                              ^
  symbol:   variable ConstantEvaluator
  location: class RtlDetector
/eval/src/generated/java/com/android/tools/lint/checks/RtlDetector.java:219: error: cannot find symbol
        Object rightConstant = ConstantEvaluator.evaluate(context, right);
                               ^
  symbol:   variable ConstantEvaluator
  location: class RtlDetector
10 errors

FAILURE: Build failed with an exception.

* What went wrong:
Execution failed for task ':compileJava'.
> Compilation failed; see the compiler error output for details.

* Try:
> Run with --info option to get more log output.
> Run with --scan to get full insights.

BUILD FAILED in 4s
