/eval/src/generated/java/com/android/tools/lint/checks/ExifInterfaceDetector.java:13: error: cannot find symbol
import org.jetbrains.uast.UElementHandler;
                         ^
  symbol:   class UElementHandler
  location: package org.jetbrains.uast
/eval/src/generated/java/com/android/tools/lint/checks/ExifInterfaceDetector.java:19: error: cannot find symbol
public class ExifInterfaceDetector extends Detector implements SourceCodeScanner {
                                                               ^
  symbol: class SourceCodeScanner
/eval/src/generated/java/com/android/tools/lint/checks/ExifInterfaceDetector.java:42: error: cannot find symbol
    public UElementHandler createUastHandler(JavaContext context) {
           ^
  symbol:   class UElementHandler
  location: class ExifInterfaceDetector
/eval/src/generated/java/com/android/tools/lint/checks/ExifInterfaceDetector.java:43: error: cannot find symbol
        return new UElementHandler() {
                   ^
  symbol:   class UElementHandler
  location: class ExifInterfaceDetector
/eval/src/generated/java/com/android/tools/lint/checks/ExifInterfaceDetector.java:44: error: method does not override or implement a method from a supertype
            @Override
            ^
5 errors

FAILURE: Build failed with an exception.

* What went wrong:
Execution failed for task ':compileJava'.
> Compilation failed; see the compiler error output for details.

* Try:
> Run with --info option to get more log output.
> Run with --scan to get full insights.

BUILD FAILED in 4s
