/eval/src/generated/java/com/android/tools/lint/checks/ManifestResourceDetector.java:9: error: cannot find symbol
import com.android.tools.lint.detector.api.XmlDetector;
                                          ^
  symbol:   class XmlDetector
  location: package com.android.tools.lint.detector.api
/eval/src/generated/java/com/android/tools/lint/checks/ManifestResourceDetector.java:19: error: cannot find symbol
public class ManifestResourceDetector extends XmlDetector {
                                              ^
  symbol: class XmlDetector
/eval/src/generated/java/com/android/tools/lint/checks/ManifestResourceDetector.java:29: error: no suitable constructor found for Implementation(Class<ManifestResourceDetector>,EnumSet<Scope>)
        new Implementation(ManifestResourceDetector.class, Scope.MANIFEST_SCOPE)
        ^
    constructor Implementation.Implementation(Class<? extends Detector>,EnumSet<Scope>) is not applicable
      (argument mismatch; Class<ManifestResourceDetector> cannot be converted to Class<? extends Detector>)
    constructor Implementation.Implementation(Class<? extends Detector>,EnumSet<Scope>,EnumSet<Scope>...) is not applicable
      (argument mismatch; Class<ManifestResourceDetector> cannot be converted to Class<? extends Detector>)
/eval/src/generated/java/com/android/tools/lint/checks/ManifestResourceDetector.java:40: error: method does not override or implement a method from a supertype
    @Override
    ^
/eval/src/generated/java/com/android/tools/lint/checks/ManifestResourceDetector.java:45: error: method does not override or implement a method from a supertype
    @Override
    ^
/eval/src/generated/java/com/android/tools/lint/checks/ManifestResourceDetector.java:50: error: method does not override or implement a method from a supertype
    @Override
    ^
6 errors

FAILURE: Build failed with an exception.

* What went wrong:
Execution failed for task ':compileJava'.
> Compilation failed; see the compiler error output for details.

* Try:
> Run with --info option to get more log output.
> Run with --scan to get full insights.

BUILD FAILED in 4s
