/eval/src/generated/java/com/android/tools/lint/checks/AndroidTvDetector.java:61: error: cannot find symbol
        FileData data = mFileData.get(context.getFile());
                                             ^
  symbol:   method getFile()
  location: variable context of type @org.jetbrains.annotations.NotNull XmlContext
/eval/src/generated/java/com/android/tools/lint/checks/AndroidTvDetector.java:64: error: cannot find symbol
            mFileData.put(context.getFile(), data);
                                 ^
  symbol:   method getFile()
  location: variable context of type @org.jetbrains.annotations.NotNull XmlContext
Note: /eval/src/generated/java/com/android/tools/lint/checks/AndroidTvDetector.java uses or overrides a deprecated API.
Note: Recompile with -Xlint:deprecation for details.
2 errors

FAILURE: Build failed with an exception.

* What went wrong:
Execution failed for task ':compileJava'.
> Compilation failed; see the compiler error output for details.

* Try:
> Run with --info option to get more log output.
> Run with --scan to get full insights.

BUILD FAILED in 5s
