e: file:///eval/src/generated/kotlin/com/android/tools/lint/checks/PackageVisibilityDetector.kt:7:44 Unresolved reference: ManifestScanner
e: file:///eval/src/generated/kotlin/com/android/tools/lint/checks/PackageVisibilityDetector.kt:9:44 Unresolved reference: SdkConstants
e: file:///eval/src/generated/kotlin/com/android/tools/lint/checks/PackageVisibilityDetector.kt:10:44 Unresolved reference: SdkConstants
e: file:///eval/src/generated/kotlin/com/android/tools/lint/checks/PackageVisibilityDetector.kt:11:44 Unresolved reference: SdkConstants
e: file:///eval/src/generated/kotlin/com/android/tools/lint/checks/PackageVisibilityDetector.kt:16:47 Unresolved reference: ManifestScanner
e: file:///eval/src/generated/kotlin/com/android/tools/lint/checks/PackageVisibilityDetector.kt:19:16 Unresolved reference: SdkConstants
e: file:///eval/src/generated/kotlin/com/android/tools/lint/checks/PackageVisibilityDetector.kt:22:43 Unresolved reference: ANDROID_URI
e: file:///eval/src/generated/kotlin/com/android/tools/lint/checks/PackageVisibilityDetector.kt:22:56 Unresolved reference: ATTR_NAME
e: file:///eval/src/generated/kotlin/com/android/tools/lint/checks/PackageVisibilityDetector.kt:24:51 Unresolved reference: ANDROID_URI
e: file:///eval/src/generated/kotlin/com/android/tools/lint/checks/PackageVisibilityDetector.kt:24:64 Unresolved reference: ATTR_NAME

FAILURE: Build failed with an exception.

* What went wrong:
Execution failed for task ':compileKotlin'.
> A failure occurred while executing org.jetbrains.kotlin.compilerRunner.GradleCompilerRunnerWithWorkers$GradleKotlinCompilerWorkAction
   > Compilation error. See log for more details

* Try:
> Run with --stacktrace option to get the stack trace.
> Run with --info or --debug option to get more log output.
> Run with --scan to get full insights.
> Get more help at https://help.gradle.org.

BUILD FAILED in 6s
