e: file:///eval/src/generated/kotlin/com/android/tools/lint/checks/PublicKeyCredentialDetector.kt:5:46 Unresolved reference: CONDITIONAL_AND
e: file:///eval/src/generated/kotlin/com/android/tools/lint/checks/PublicKeyCredentialDetector.kt:6:46 Unresolved reference: GREATER_OR_EQUAL
e: file:///eval/src/generated/kotlin/com/android/tools/lint/checks/PublicKeyCredentialDetector.kt:8:49 Unresolved reference: UastScanner
e: file:///eval/src/generated/kotlin/com/android/tools/lint/checks/PublicKeyCredentialDetector.kt:14:5 'createUastHandler' overrides nothing
e: file:///eval/src/generated/kotlin/com/android/tools/lint/checks/PublicKeyCredentialDetector.kt:14:39 Unresolved reference: UElementHandler
e: file:///eval/src/generated/kotlin/com/android/tools/lint/checks/PublicKeyCredentialDetector.kt:15:25 Unresolved reference: UElementHandler
e: file:///eval/src/generated/kotlin/com/android/tools/lint/checks/PublicKeyCredentialDetector.kt:16:13 'visitCallExpression' overrides nothing
e: file:///eval/src/generated/kotlin/com/android/tools/lint/checks/PublicKeyCredentialDetector.kt:22:25 Unresolved reference: context
e: file:///eval/src/generated/kotlin/com/android/tools/lint/checks/PublicKeyCredentialDetector.kt:24:29 Unresolved reference: context
e: file:///eval/src/generated/kotlin/com/android/tools/lint/checks/PublicKeyCredentialDetector.kt:49:17 Unresolved reference: GREATER_OR_EQUAL
e: file:///eval/src/generated/kotlin/com/android/tools/lint/checks/PublicKeyCredentialDetector.kt:53:17 Unresolved reference: CONDITIONAL_AND

FAILURE: Build failed with an exception.

* What went wrong:
Execution failed for task ':compileKotlin'.
> A failure occurred while executing org.jetbrains.kotlin.compilerRunner.GradleCompilerRunnerWithWorkers$GradleKotlinCompilerWorkAction
   > Compilation error. See log for more details

* Try:
> Run with --stacktrace option to get the stack trace.
> Run with --info or --debug option to get more log output.
> Run with --scan to get full insights.
> Get more help at https://help.gradle.org.

BUILD FAILED in 10s
