/eval/src/generated/java/com/android/tools/lint/checks/UnsafeNativeCodeDetector.java:18: error: cannot find symbol
import org.jetbrains.annotations.NonNull;
                                ^
  symbol:   class NonNull
  location: package org.jetbrains.annotations
/eval/src/generated/java/com/android/tools/lint/checks/UnsafeNativeCodeDetector.java:43: error: cannot find symbol
    public void run(@NonNull Context context) {
                     ^
  symbol:   class NonNull
  location: class UnsafeNativeCodeDetector
/eval/src/generated/java/com/android/tools/lint/checks/UnsafeNativeCodeDetector.java:63: error: cannot find symbol
    private void checkFolder(@NonNull Context context, @NonNull File file) {
                              ^
  symbol:   class NonNull
  location: class UnsafeNativeCodeDetector
/eval/src/generated/java/com/android/tools/lint/checks/UnsafeNativeCodeDetector.java:63: error: cannot find symbol
    private void checkFolder(@NonNull Context context, @NonNull File file) {
                                                        ^
  symbol:   class NonNull
  location: class UnsafeNativeCodeDetector
/eval/src/generated/java/com/android/tools/lint/checks/UnsafeNativeCodeDetector.java:83: error: cannot find symbol
    private boolean isNativeCode(@NonNull File file) {
                                  ^
  symbol:   class NonNull
  location: class UnsafeNativeCodeDetector
5 errors

FAILURE: Build failed with an exception.

* What went wrong:
Execution failed for task ':compileJava'.
> Compilation failed; see the compiler error output for details.

* Try:
> Run with --info option to get more log output.
> Run with --scan to get full insights.

BUILD FAILED in 10s
