/eval/src/generated/java/com/android/tools/lint/checks/AlwaysShowActionDetector.java:10: error: cannot find symbol
import org.jetbrains.uast.UElementHandler;
                         ^
  symbol:   class UElementHandler
  location: package org.jetbrains.uast
/eval/src/generated/java/com/android/tools/lint/checks/AlwaysShowActionDetector.java:20: error: cannot find symbol
public class AlwaysShowActionDetector extends ResourceXmlDetector implements Detector.SourceCodeScanner {
                                                                                     ^
  symbol:   class SourceCodeScanner
  location: class Detector
/eval/src/generated/java/com/android/tools/lint/checks/AlwaysShowActionDetector.java:128: error: cannot find symbol
    public UElementHandler createUastHandler(@NotNull final JavaContext context) {
           ^
  symbol:   class UElementHandler
  location: class AlwaysShowActionDetector
/eval/src/generated/java/com/android/tools/lint/checks/AlwaysShowActionDetector.java:129: error: cannot find symbol
        return new UElementHandler() {
                   ^
  symbol:   class UElementHandler
  location: class AlwaysShowActionDetector
/eval/src/generated/java/com/android/tools/lint/checks/AlwaysShowActionDetector.java:130: error: method does not override or implement a method from a supertype
            @Override
            ^
5 errors

FAILURE: Build failed with an exception.

* What went wrong:
Execution failed for task ':compileJava'.
> Compilation failed; see the compiler error output for details.

* Try:
> Run with --info option to get more log output.
> Run with --scan to get full insights.

BUILD FAILED in 4s
