e: file:///eval/src/generated/kotlin/com/android/tools/lint/checks/AppBundleLocaleChangesDetector.kt:79:38 Type mismatch: inferred type is Project but (TypeVariable(T)) -> TypeVariable(R) was expected
e: file:///eval/src/generated/kotlin/com/android/tools/lint/checks/AppBundleLocaleChangesDetector.kt:98:61 Unresolved reference: PartialResults
e: file:///eval/src/generated/kotlin/com/android/tools/lint/checks/AppBundleLocaleChangesDetector.kt:111:24 Method 'iterator()' is ambiguous for this expression: 
public operator fun BufferedInputStream.iterator(): ByteIterator defined in kotlin.io
public operator fun <T> Enumeration<TypeVariable(T)>.iterator(): Iterator<TypeVariable(T)> defined in kotlin.collections
public operator fun CharSequence.iterator(): CharIterator defined in kotlin.text
public inline operator fun <T> Iterator<TypeVariable(T)>.iterator(): Iterator<TypeVariable(T)> defined in kotlin.collections
public inline operator fun <K, V> Map<out TypeVariable(K), TypeVariable(V)>.iterator(): Iterator<Map.Entry<TypeVariable(K), TypeVariable(V)>> defined in kotlin.collections
public inline operator fun <K, V> MutableMap<TypeVariable(K), TypeVariable(V)>.iterator(): MutableIterator<MutableMap.MutableEntry<TypeVariable(K), TypeVariable(V)>> defined in kotlin.collections
e: file:///eval/src/generated/kotlin/com/android/tools/lint/checks/AppBundleLocaleChangesDetector.kt:118:94 Unresolved reference: getSourceText
e: file:///eval/src/generated/kotlin/com/android/tools/lint/checks/AppBundleLocaleChangesDetector.kt:145:23 Unresolved reference: JAVA_AND_GRADLE_FILES

FAILURE: Build failed with an exception.

* What went wrong:
Execution failed for task ':compileKotlin'.
> A failure occurred while executing org.jetbrains.kotlin.compilerRunner.GradleCompilerRunnerWithWorkers$GradleKotlinCompilerWorkAction
   > Compilation error. See log for more details

* Try:
> Run with --stacktrace option to get the stack trace.
> Run with --info or --debug option to get more log output.
> Run with --scan to get full insights.
> Get more help at https://help.gradle.org.

BUILD FAILED in 9s
