/eval/src/generated/java/com/android/tools/lint/checks/AlwaysShowActionDetector.java:13: error: cannot find symbol
import com.android.tools.lint.detector.api.UastScanner;
                                          ^
  symbol:   class UastScanner
  location: package com.android.tools.lint.detector.api
/eval/src/generated/java/com/android/tools/lint/checks/AlwaysShowActionDetector.java:17: error: cannot find symbol
import org.jetbrains.annotations.NonNull;
                                ^
  symbol:   class NonNull
  location: package org.jetbrains.annotations
/eval/src/generated/java/com/android/tools/lint/checks/AlwaysShowActionDetector.java:19: error: cannot find symbol
import org.jetbrains.uast.UElementHandler;
                         ^
  symbol:   class UElementHandler
  location: package org.jetbrains.uast
/eval/src/generated/java/com/android/tools/lint/checks/AlwaysShowActionDetector.java:28: error: interface expected here
public class AlwaysShowActionDetector extends Detector implements ResourceXmlDetector, UastScanner {
                                                                  ^
/eval/src/generated/java/com/android/tools/lint/checks/AlwaysShowActionDetector.java:28: error: cannot find symbol
public class AlwaysShowActionDetector extends Detector implements ResourceXmlDetector, UastScanner {
                                                                                       ^
  symbol: class UastScanner
/eval/src/generated/java/com/android/tools/lint/checks/AlwaysShowActionDetector.java:118: error: cannot find symbol
    public UElementHandler createUastHandler(@NonNull JavaContext context) {
           ^
  symbol:   class UElementHandler
  location: class AlwaysShowActionDetector
/eval/src/generated/java/com/android/tools/lint/checks/AlwaysShowActionDetector.java:61: error: cannot find symbol
    public void beforeCheckFile(@NonNull Context context) {
                                 ^
  symbol:   class NonNull
  location: class AlwaysShowActionDetector
/eval/src/generated/java/com/android/tools/lint/checks/AlwaysShowActionDetector.java:67: error: cannot find symbol
    public void visitElement(@NonNull XmlContext context, @NonNull Element element) {
                              ^
  symbol:   class NonNull
  location: class AlwaysShowActionDetector
/eval/src/generated/java/com/android/tools/lint/checks/AlwaysShowActionDetector.java:67: error: cannot find symbol
    public void visitElement(@NonNull XmlContext context, @NonNull Element element) {
                                                           ^
  symbol:   class NonNull
  location: class AlwaysShowActionDetector
/eval/src/generated/java/com/android/tools/lint/checks/AlwaysShowActionDetector.java:80: error: cannot find symbol
    public void afterCheckFile(@NonNull Context context) {
                                ^
  symbol:   class NonNull
  location: class AlwaysShowActionDetector
/eval/src/generated/java/com/android/tools/lint/checks/AlwaysShowActionDetector.java:93: error: cannot find symbol
    private static String getShowAsActionValue(@NonNull Element element) {
                                                ^
  symbol:   class NonNull
  location: class AlwaysShowActionDetector
/eval/src/generated/java/com/android/tools/lint/checks/AlwaysShowActionDetector.java:104: error: cannot find symbol
    private static boolean hasFlag(@NonNull String value, @NonNull String flag) {
                                    ^
  symbol:   class NonNull
  location: class AlwaysShowActionDetector
/eval/src/generated/java/com/android/tools/lint/checks/AlwaysShowActionDetector.java:104: error: cannot find symbol
    private static boolean hasFlag(@NonNull String value, @NonNull String flag) {
                                                           ^
  symbol:   class NonNull
  location: class AlwaysShowActionDetector
/eval/src/generated/java/com/android/tools/lint/checks/AlwaysShowActionDetector.java:118: error: cannot find symbol
    public UElementHandler createUastHandler(@NonNull JavaContext context) {
                                              ^
  symbol:   class NonNull
  location: class AlwaysShowActionDetector
/eval/src/generated/java/com/android/tools/lint/checks/AlwaysShowActionDetector.java:136: error: cannot find symbol
    public void afterCheckProject(@NonNull Context context) {
                                   ^
  symbol:   class NonNull
  location: class AlwaysShowActionDetector
/eval/src/generated/java/com/android/tools/lint/checks/AlwaysShowActionDetector.java:62: error: cannot find symbol
        context.putClientProperty(KEY_ALWAYS_COUNT, 0);
               ^
  symbol:   method putClientProperty(String,int)
  location: variable context of type Context
/eval/src/generated/java/com/android/tools/lint/checks/AlwaysShowActionDetector.java:63: error: cannot find symbol
        context.putClientProperty(KEY_IFROOM_COUNT, 0);
               ^
  symbol:   method putClientProperty(String,int)
  location: variable context of type Context
/eval/src/generated/java/com/android/tools/lint/checks/AlwaysShowActionDetector.java:71: error: cannot find symbol
                context.putClientProperty(KEY_ALWAYS_COUNT, (Integer) context.getClientProperty(KEY_ALWAYS_COUNT) + 1);
                                                                             ^
  symbol:   method getClientProperty(String)
  location: variable context of type XmlContext
/eval/src/generated/java/com/android/tools/lint/checks/AlwaysShowActionDetector.java:71: error: cannot find symbol
                context.putClientProperty(KEY_ALWAYS_COUNT, (Integer) context.getClientProperty(KEY_ALWAYS_COUNT) + 1);
                       ^
  symbol:   method putClientProperty(String,int)
  location: variable context of type XmlContext
/eval/src/generated/java/com/android/tools/lint/checks/AlwaysShowActionDetector.java:74: error: cannot find symbol
                context.putClientProperty(KEY_IFROOM_COUNT, (Integer) context.getClientProperty(KEY_IFROOM_COUNT) + 1);
                                                                             ^
  symbol:   method getClientProperty(String)
  location: variable context of type XmlContext
/eval/src/generated/java/com/android/tools/lint/checks/AlwaysShowActionDetector.java:74: error: cannot find symbol
                context.putClientProperty(KEY_IFROOM_COUNT, (Integer) context.getClientProperty(KEY_IFROOM_COUNT) + 1);
                       ^
  symbol:   method putClientProperty(String,int)
  location: variable context of type XmlContext
/eval/src/generated/java/com/android/tools/lint/checks/AlwaysShowActionDetector.java:81: error: cannot find symbol
        Integer always = (Integer) context.getClientProperty(KEY_ALWAYS_COUNT);
                                          ^
  symbol:   method getClientProperty(String)
  location: variable context of type Context
/eval/src/generated/java/com/android/tools/lint/checks/AlwaysShowActionDetector.java:82: error: cannot find symbol
        Integer ifRoom = (Integer) context.getClientProperty(KEY_IFROOM_COUNT);
                                          ^
  symbol:   method getClientProperty(String)
  location: variable context of type Context
/eval/src/generated/java/com/android/tools/lint/checks/AlwaysShowActionDetector.java:119: error: cannot find symbol
        return new UElementHandler() {
                   ^
  symbol:   class UElementHandler
  location: class AlwaysShowActionDetector
/eval/src/generated/java/com/android/tools/lint/checks/AlwaysShowActionDetector.java:121: error: cannot find symbol
            public void visitReferenceExpression(@NonNull UReferenceExpression node) {
                                                  ^
  symbol: class NonNull
/eval/src/generated/java/com/android/tools/lint/checks/AlwaysShowActionDetector.java:120: error: method does not override or implement a method from a supertype
            @Override
            ^
/eval/src/generated/java/com/android/tools/lint/checks/AlwaysShowActionDetector.java:124: error: cannot find symbol
                    String qname = ((PsiField) resolved).getQualifiedName();
                                                        ^
  symbol:   method getQualifiedName()
  location: interface PsiField
Note: /eval/src/generated/java/com/android/tools/lint/checks/AlwaysShowActionDetector.java uses or overrides a deprecated API.
Note: Recompile with -Xlint:deprecation for details.
27 errors

FAILURE: Build failed with an exception.

* What went wrong:
Execution failed for task ':compileJava'.
> Compilation failed; see the compiler error output for details.

* Try:
> Run with --info option to get more log output.
> Run with --scan to get full insights.

BUILD FAILED in 5s
