/eval/src/generated/java/com/android/tools/lint/checks/AlwaysShowActionDetector.java:20: error: cannot find symbol
import org.jetbrains.uast.UReference;
                         ^
  symbol:   class UReference
  location: package org.jetbrains.uast
/eval/src/generated/java/com/android/tools/lint/checks/AlwaysShowActionDetector.java:104: error: cannot find symbol
    public void visitReference(@NonNull JavaContext context, @NonNull UReference reference) {
                                                                      ^
  symbol:   class UReference
  location: class AlwaysShowActionDetector
/eval/src/generated/java/com/android/tools/lint/checks/AlwaysShowActionDetector.java:91: error: method getLocation in class Context cannot be applied to given types;
                context.report(ISSUE, attr, context.getLocation(attr),
                                                   ^
  required: Object,LocationType
  found:    Attr
  reason: actual and formal argument lists differ in length
/eval/src/generated/java/com/android/tools/lint/checks/AlwaysShowActionDetector.java:103: error: method does not override or implement a method from a supertype
    @Override
    ^
4 errors

FAILURE: Build failed with an exception.

* What went wrong:
Execution failed for task ':compileJava'.
> Compilation failed; see the compiler error output for details.

* Try:
> Run with --info option to get more log output.
> Run with --scan to get full insights.

BUILD FAILED in 4s
