/eval/src/generated/java/com/android/tools/lint/checks/IconDetector.java:26: error: cannot find symbol
public class IconDetector extends Detector implements Detector.ResourceFolderDetector {
                                                              ^
  symbol:   class ResourceFolderDetector
  location: class Detector
/eval/src/generated/java/com/android/tools/lint/checks/IconDetector.java:48: error: cannot find symbol
            Density.LDPI,
                   ^
  symbol:   variable LDPI
  location: class Density
/eval/src/generated/java/com/android/tools/lint/checks/IconDetector.java:49: error: cannot find symbol
            Density.MDPI,
                   ^
  symbol:   variable MDPI
  location: class Density
/eval/src/generated/java/com/android/tools/lint/checks/IconDetector.java:50: error: cannot find symbol
            Density.HDPI,
                   ^
  symbol:   variable HDPI
  location: class Density
/eval/src/generated/java/com/android/tools/lint/checks/IconDetector.java:70: error: method does not override or implement a method from a supertype
    @Override
    ^
/eval/src/generated/java/com/android/tools/lint/checks/IconDetector.java:72: error: cannot find symbol
        File folder = context.getFolder();
                             ^
  symbol:   method getFolder()
  location: variable context of type ResourceContext
/eval/src/generated/java/com/android/tools/lint/checks/IconDetector.java:87: error: cannot find symbol
                || density == Density.TVDPI
                                     ^
  symbol:   variable TVDPI
  location: class Density
/eval/src/generated/java/com/android/tools/lint/checks/IconDetector.java:88: error: cannot find symbol
                || density == Density.UNKNOWN) {
                                     ^
  symbol:   variable UNKNOWN
  location: class Density
/eval/src/generated/java/com/android/tools/lint/checks/IconDetector.java:113: error: method noneOf in class EnumSet<E#2> cannot be applied to given types;
                densities = EnumSet.noneOf(Density.class);
                                   ^
  required: Class<E#1>
  found:    Class<Density>
  reason: inference variable E#1 has incompatible bounds
    equality constraints: Density
    lower bounds: Enum<E#1>
  where E#1,E#2 are type-variables:
    E#1 extends Enum<E#1> declared in method <E#1>noneOf(Class<E#1>)
    E#2 extends Enum<E#2> declared in class EnumSet
/eval/src/generated/java/com/android/tools/lint/checks/IconDetector.java:130: error: cannot find symbol
                if (densities.contains(density) && (density != Density.LDPI || includeLdpi)) {
                                                                      ^
  symbol:   variable LDPI
  location: class Density
/eval/src/generated/java/com/android/tools/lint/checks/IconDetector.java:145: error: cannot find symbol
                if (expected == Density.LDPI && !includeLdpi) {
                                       ^
  symbol:   variable LDPI
  location: class Density
Note: /eval/src/generated/java/com/android/tools/lint/checks/IconDetector.java uses or overrides a deprecated API.
Note: Recompile with -Xlint:deprecation for details.
11 errors

FAILURE: Build failed with an exception.

* What went wrong:
Execution failed for task ':compileJava'.
> Compilation failed; see the compiler error output for details.

* Try:
> Run with --info option to get more log output.
> Run with --scan to get full insights.

BUILD FAILED in 5s
