/eval/src/generated/java/com/android/tools/lint/checks/IconDetector.java:27: error: cannot infer type arguments for EnumMap<>
    private static final Map<Density, Integer> EXPECTED_LAUNCHER_SIZE = new EnumMap<>(Density.class);
                                                                        ^
/eval/src/generated/java/com/android/tools/lint/checks/IconDetector.java:29: error: cannot find symbol
        EXPECTED_LAUNCHER_SIZE.put(Density.LDPI, 36);
                                          ^
  symbol:   variable LDPI
  location: class Density
/eval/src/generated/java/com/android/tools/lint/checks/IconDetector.java:30: error: cannot find symbol
        EXPECTED_LAUNCHER_SIZE.put(Density.MDPI, 48);
                                          ^
  symbol:   variable MDPI
  location: class Density
/eval/src/generated/java/com/android/tools/lint/checks/IconDetector.java:31: error: cannot find symbol
        EXPECTED_LAUNCHER_SIZE.put(Density.TVDPI, 64);
                                          ^
  symbol:   variable TVDPI
  location: class Density
/eval/src/generated/java/com/android/tools/lint/checks/IconDetector.java:32: error: cannot find symbol
        EXPECTED_LAUNCHER_SIZE.put(Density.HDPI, 72);
                                          ^
  symbol:   variable HDPI
  location: class Density
/eval/src/generated/java/com/android/tools/lint/checks/IconDetector.java:33: error: cannot find symbol
        EXPECTED_LAUNCHER_SIZE.put(Density.XHDPI, 96);
                                          ^
  symbol:   variable XHDPI
  location: class Density
/eval/src/generated/java/com/android/tools/lint/checks/IconDetector.java:34: error: cannot find symbol
        EXPECTED_LAUNCHER_SIZE.put(Density.XXHDPI, 144);
                                          ^
  symbol:   variable XXHDPI
  location: class Density
/eval/src/generated/java/com/android/tools/lint/checks/IconDetector.java:35: error: cannot find symbol
        EXPECTED_LAUNCHER_SIZE.put(Density.XXXHDPI, 192);
                                          ^
  symbol:   variable XXXHDPI
  location: class Density
/eval/src/generated/java/com/android/tools/lint/checks/IconDetector.java:53: error: method does not override or implement a method from a supertype
    @Override
    ^
9 errors

FAILURE: Build failed with an exception.

* What went wrong:
Execution failed for task ':compileJava'.
> Compilation failed; see the compiler error output for details.

* Try:
> Run with --info option to get more log output.
> Run with --scan to get full insights.

BUILD FAILED in 5s
