e: file:///eval/src/generated/kotlin/com/android/tools/lint/checks/CredentialManagerDigitalAssetLinkDetector.kt:46:31 Type mismatch: inferred type is Project but Issue was expected
e: file:///eval/src/generated/kotlin/com/android/tools/lint/checks/CredentialManagerDigitalAssetLinkDetector.kt:46:78 The boolean literal does not conform to the expected type String
e: file:///eval/src/generated/kotlin/com/android/tools/lint/checks/CredentialManagerDigitalAssetLinkDetector.kt:50:28 Unresolved reference: evaluator
e: file:///eval/src/generated/kotlin/com/android/tools/lint/checks/CredentialManagerDigitalAssetLinkDetector.kt:51:32 Unresolved reference: getElementsByTagName
e: file:///eval/src/generated/kotlin/com/android/tools/lint/checks/CredentialManagerDigitalAssetLinkDetector.kt:52:32 Unresolved reference: childNodes
e: file:///eval/src/generated/kotlin/com/android/tools/lint/checks/CredentialManagerDigitalAssetLinkDetector.kt:56:17 Unresolved reference: nodeType
e: file:///eval/src/generated/kotlin/com/android/tools/lint/checks/CredentialManagerDigitalAssetLinkDetector.kt:57:17 Unresolved reference: nodeName
e: file:///eval/src/generated/kotlin/com/android/tools/lint/checks/CredentialManagerDigitalAssetLinkDetector.kt:58:24 Unresolved reference: attributes
e: file:///eval/src/generated/kotlin/com/android/tools/lint/checks/CredentialManagerDigitalAssetLinkDetector.kt:64:50 Type mismatch: inferred type is Boolean but String was expected
e: file:///eval/src/generated/kotlin/com/android/tools/lint/checks/CredentialManagerDigitalAssetLinkDetector.kt:69:43 Type mismatch: inferred type is Project but Issue was expected
e: file:///eval/src/generated/kotlin/com/android/tools/lint/checks/CredentialManagerDigitalAssetLinkDetector.kt:70:32 Operator '==' cannot be applied to 'String?' and 'Boolean'
e: file:///eval/src/generated/kotlin/com/android/tools/lint/checks/CredentialManagerDigitalAssetLinkDetector.kt:71:32 Operator '==' cannot be applied to 'String?' and 'Boolean'

FAILURE: Build failed with an exception.

* What went wrong:
Execution failed for task ':compileKotlin'.
> A failure occurred while executing org.jetbrains.kotlin.compilerRunner.GradleCompilerRunnerWithWorkers$GradleKotlinCompilerWorkAction
   > Compilation error. See log for more details

* Try:
> Run with --stacktrace option to get the stack trace.
> Run with --info or --debug option to get more log output.
> Run with --scan to get full insights.
> Get more help at https://help.gradle.org.

BUILD FAILED in 6s
