/eval/src/generated/java/com/android/tools/lint/checks/RegistrationDetector.java:64: error: cannot find symbol
        if (declaration.isAbstract() || declaration.isInterface()) {
                       ^
  symbol:   method isAbstract()
  location: variable declaration of type UClass
/eval/src/generated/java/com/android/tools/lint/checks/RegistrationDetector.java:84: error: cannot find symbol
            String pkg = context.getProject().getPackageName();
                                             ^
  symbol:   method getPackageName()
  location: class Project
Note: /eval/src/generated/java/com/android/tools/lint/checks/RegistrationDetector.java uses or overrides a deprecated API.
Note: Recompile with -Xlint:deprecation for details.
2 errors

FAILURE: Build failed with an exception.

* What went wrong:
Execution failed for task ':compileJava'.
> Compilation failed; see the compiler error output for details.

* Try:
> Run with --info option to get more log output.
> Run with --scan to get full insights.

BUILD FAILED in 4s
