/eval/src/generated/java/com/android/tools/lint/checks/IconDetector.java:53: error: method does not override or implement a method from a supertype
    @Override
    ^
/eval/src/generated/java/com/android/tools/lint/checks/IconDetector.java:55: error: cannot find symbol
        File file = context.getFile();
                           ^
  symbol:   method getFile()
  location: variable context of type ResourceContext
/eval/src/generated/java/com/android/tools/lint/checks/IconDetector.java:144: error: patterns in switch statements are a preview feature and are disabled by default.
        switch (density) {
               ^
  (use --enable-preview to enable patterns in switch statements)
/eval/src/generated/java/com/android/tools/lint/checks/IconDetector.java:145: error: cannot find symbol
            case LDPI: return 0.75;
                 ^
  symbol:   variable LDPI
  location: class IconDetector
/eval/src/generated/java/com/android/tools/lint/checks/IconDetector.java:146: error: cannot find symbol
            case MDPI: return 1.0;
                 ^
  symbol:   variable MDPI
  location: class IconDetector
/eval/src/generated/java/com/android/tools/lint/checks/IconDetector.java:147: error: cannot find symbol
            case TVDPI: return 1.33125;
                 ^
  symbol:   variable TVDPI
  location: class IconDetector
/eval/src/generated/java/com/android/tools/lint/checks/IconDetector.java:148: error: cannot find symbol
            case HDPI: return 1.5;
                 ^
  symbol:   variable HDPI
  location: class IconDetector
/eval/src/generated/java/com/android/tools/lint/checks/IconDetector.java:149: error: cannot find symbol
            case XHDPI: return 2.0;
                 ^
  symbol:   variable XHDPI
  location: class IconDetector
/eval/src/generated/java/com/android/tools/lint/checks/IconDetector.java:150: error: cannot find symbol
            case XXHDPI: return 3.0;
                 ^
  symbol:   variable XXHDPI
  location: class IconDetector
/eval/src/generated/java/com/android/tools/lint/checks/IconDetector.java:151: error: cannot find symbol
            case XXXHDPI: return 4.0;
                 ^
  symbol:   variable XXXHDPI
  location: class IconDetector
10 errors

FAILURE: Build failed with an exception.

* What went wrong:
Execution failed for task ':compileJava'.
> Compilation failed; see the compiler error output for details.

* Try:
> Run with --info option to get more log output.
> Run with --scan to get full insights.

BUILD FAILED in 4s
