/eval/src/generated/java/com/android/tools/lint/checks/ResourcePrefixDetector.java:44: error: incompatible types: inference variable T has incompatible bounds
        return Collections.singletonList(XmlScanner.ALL);
                                        ^
    equality constraints: String
    lower bounds: List<String>
  where T is a type-variable:
    T extends Object declared in method <T>singletonList(T)
/eval/src/generated/java/com/android/tools/lint/checks/ResourcePrefixDetector.java:49: error: cannot find symbol
        activePrefix = context.getProject().getResourcePrefix();
                                           ^
  symbol:   method getResourcePrefix()
  location: class Project
/eval/src/generated/java/com/android/tools/lint/checks/ResourcePrefixDetector.java:83: error: cannot find symbol
        ResourceFolderType folderType = context.getFolderType();
                                               ^
  symbol:   method getFolderType()
  location: variable context of type XmlContext
3 errors

FAILURE: Build failed with an exception.

* What went wrong:
Execution failed for task ':compileJava'.
> Compilation failed; see the compiler error output for details.

* Try:
> Run with --info option to get more log output.
> Run with --scan to get full insights.

BUILD FAILED in 8s
