/eval/src/generated/java/com/android/tools/lint/checks/ManifestResourceDetector.java:6: error: cannot find symbol
import com.android.resources.FolderConfiguration;
                            ^
  symbol:   class FolderConfiguration
  location: package com.android.resources
/eval/src/generated/java/com/android/tools/lint/checks/ManifestResourceDetector.java:7: error: cannot find symbol
import com.android.resources.ResourceQualifier;
                            ^
  symbol:   class ResourceQualifier
  location: package com.android.resources
/eval/src/generated/java/com/android/tools/lint/checks/ManifestResourceDetector.java:10: error: cannot find symbol
import com.android.resources.VersionQualifier;
                            ^
  symbol:   class VersionQualifier
  location: package com.android.resources
/eval/src/generated/java/com/android/tools/lint/checks/ManifestResourceDetector.java:118: error: cannot find symbol
    private static boolean isVersionOnly(@NonNull FolderConfiguration config) {
                                                  ^
  symbol:   class FolderConfiguration
  location: class ManifestResourceDetector
/eval/src/generated/java/com/android/tools/lint/checks/ManifestResourceDetector.java:72: error: cannot find symbol
        if (url == null || url.theme || url.framework) {
                              ^
  symbol:   variable theme
  location: variable url of type ResourceUrl
/eval/src/generated/java/com/android/tools/lint/checks/ManifestResourceDetector.java:72: error: cannot find symbol
        if (url == null || url.theme || url.framework) {
                                           ^
  symbol:   variable framework
  location: variable url of type ResourceUrl
/eval/src/generated/java/com/android/tools/lint/checks/ManifestResourceDetector.java:86: error: cannot find symbol
        ResourceRepository resources = context.getProject().getResources();
                                                           ^
  symbol:   method getResources()
  location: class Project
/eval/src/generated/java/com/android/tools/lint/checks/ManifestResourceDetector.java:91: error: incompatible types: ResourceType cannot be converted to ResourceNamespace
        List<ResourceItem> items = resources.getResources(type, url.name);
                                                          ^
/eval/src/generated/java/com/android/tools/lint/checks/ManifestResourceDetector.java:97: error: cannot find symbol
            FolderConfiguration config = item.getConfiguration();
            ^
  symbol:   class FolderConfiguration
  location: class ManifestResourceDetector
/eval/src/generated/java/com/android/tools/lint/checks/ManifestResourceDetector.java:122: error: cannot find symbol
        for (ResourceQualifier qualifier : config.getQualifiers()) {
             ^
  symbol:   class ResourceQualifier
  location: class ManifestResourceDetector
/eval/src/generated/java/com/android/tools/lint/checks/ManifestResourceDetector.java:123: error: cannot find symbol
            if (qualifier.isValid() && !(qualifier instanceof VersionQualifier)) {
                                                              ^
  symbol:   class VersionQualifier
  location: class ManifestResourceDetector
Note: Some messages have been simplified; recompile with -Xdiags:verbose to get full output
11 errors

FAILURE: Build failed with an exception.

* What went wrong:
Execution failed for task ':compileJava'.
> Compilation failed; see the compiler error output for details.

* Try:
> Run with --info option to get more log output.
> Run with --scan to get full insights.

BUILD FAILED in 4s
