/eval/src/generated/java/com/android/tools/lint/checks/TooManyViewsDetector.java:15: error: cannot find symbol
public class TooManyViewsDetector extends LayoutDetector {
                                          ^
  symbol: class LayoutDetector
/eval/src/generated/java/com/android/tools/lint/checks/TooManyViewsDetector.java:27: error: no suitable constructor found for Implementation(Class<TooManyViewsDetector>,EnumSet<Scope>)
            new Implementation(TooManyViewsDetector.class, Scope.RESOURCE_FILE_SCOPE));
            ^
    constructor Implementation.Implementation(Class<? extends Detector>,EnumSet<Scope>) is not applicable
      (argument mismatch; Class<TooManyViewsDetector> cannot be converted to Class<? extends Detector>)
    constructor Implementation.Implementation(Class<? extends Detector>,EnumSet<Scope>,EnumSet<Scope>...) is not applicable
      (argument mismatch; Class<TooManyViewsDetector> cannot be converted to Class<? extends Detector>)
/eval/src/generated/java/com/android/tools/lint/checks/TooManyViewsDetector.java:34: error: method does not override or implement a method from a supertype
    @Override
    ^
/eval/src/generated/java/com/android/tools/lint/checks/TooManyViewsDetector.java:36: error: incompatible types: inference variable T has incompatible bounds
        return Collections.singletonList(XmlScannerConstants.ALL);
                                        ^
    equality constraints: String
    lower bounds: List<String>
  where T is a type-variable:
    T extends Object declared in method <T>singletonList(T)
/eval/src/generated/java/com/android/tools/lint/checks/TooManyViewsDetector.java:39: error: method does not override or implement a method from a supertype
    @Override
    ^
/eval/src/generated/java/com/android/tools/lint/checks/TooManyViewsDetector.java:47: error: method does not override or implement a method from a supertype
    @Override
    ^
/eval/src/generated/java/com/android/tools/lint/checks/TooManyViewsDetector.java:56: error: method does not override or implement a method from a supertype
    @Override
    ^
7 errors

FAILURE: Build failed with an exception.

* What went wrong:
Execution failed for task ':compileJava'.
> Compilation failed; see the compiler error output for details.

* Try:
> Run with --info option to get more log output.
> Run with --scan to get full insights.

BUILD FAILED in 4s
