/eval/src/generated/java/com/android/tools/lint/checks/IconDetector.java:9: error: cannot find symbol
import com.android.tools.lint.detector.api.FileType;
                                          ^
  symbol:   class FileType
  location: package com.android.tools.lint.detector.api
/eval/src/generated/java/com/android/tools/lint/checks/IconDetector.java:100: error: cannot find symbol
    public FileType getApplicableFileType() {
           ^
  symbol:   class FileType
  location: class IconDetector
/eval/src/generated/java/com/android/tools/lint/checks/IconDetector.java:150: error: cannot find symbol
    public void visitClass(@NonNull JavaContext context, @NonNull UClass declaration) {
                                    ^
  symbol:   class JavaContext
  location: class IconDetector
/eval/src/generated/java/com/android/tools/lint/checks/IconDetector.java:161: error: cannot find symbol
    public UElementHandler createUastHandler(@NonNull JavaContext context) {
                                                      ^
  symbol:   class JavaContext
  location: class IconDetector
/eval/src/generated/java/com/android/tools/lint/checks/IconDetector.java:89: error: incompatible types: AndroidVersion cannot be converted to int
        int minSdk = context.getMainProject().getMinSdkVersion();
                                                              ^
/eval/src/generated/java/com/android/tools/lint/checks/IconDetector.java:99: error: method does not override or implement a method from a supertype
    @Override
    ^
/eval/src/generated/java/com/android/tools/lint/checks/IconDetector.java:101: error: cannot find symbol
        return FileType.BINARY_FILE;
               ^
  symbol:   variable FileType
  location: class IconDetector
/eval/src/generated/java/com/android/tools/lint/checks/IconDetector.java:104: error: method does not override or implement a method from a supertype
    @Override
    ^
/eval/src/generated/java/com/android/tools/lint/checks/IconDetector.java:145: error: method getValueLocation in class XmlContext cannot be applied to given types;
        Location location = context.getValueLocation(element, "src");
                                   ^
  required: Attr
  found:    Element,String
  reason: actual and formal argument lists differ in length
9 errors

FAILURE: Build failed with an exception.

* What went wrong:
Execution failed for task ':compileJava'.
> Compilation failed; see the compiler error output for details.

* Try:
> Run with --info option to get more log output.
> Run with --scan to get full insights.

BUILD FAILED in 6s
