/eval/src/generated/java/com/android/tools/lint/checks/BadHostnameVerifierDetector.java:22: error: cannot find symbol
import org.jetbrains.uast.visitor.UElementHandler;
                                 ^
  symbol:   class UElementHandler
  location: package org.jetbrains.uast.visitor
/eval/src/generated/java/com/android/tools/lint/checks/BadHostnameVerifierDetector.java:51: error: cannot find symbol
    public UElementHandler createUastHandler(JavaContext context) {
           ^
  symbol:   class UElementHandler
  location: class BadHostnameVerifierDetector
/eval/src/generated/java/com/android/tools/lint/checks/BadHostnameVerifierDetector.java:52: error: cannot find symbol
        return new UElementHandler() {
                   ^
  symbol:   class UElementHandler
  location: class BadHostnameVerifierDetector
/eval/src/generated/java/com/android/tools/lint/checks/BadHostnameVerifierDetector.java:53: error: method does not override or implement a method from a supertype
            @Override
            ^
/eval/src/generated/java/com/android/tools/lint/checks/BadHostnameVerifierDetector.java:59: error: method does not override or implement a method from a supertype
            @Override
            ^
/eval/src/generated/java/com/android/tools/lint/checks/BadHostnameVerifierDetector.java:93: error: method does not override or implement a method from a supertype
            @Override
            ^
/eval/src/generated/java/com/android/tools/lint/checks/BadHostnameVerifierDetector.java:99: error: method does not override or implement a method from a supertype
            @Override
            ^
7 errors

FAILURE: Build failed with an exception.

* What went wrong:
Execution failed for task ':compileJava'.
> Compilation failed; see the compiler error output for details.

* Try:
> Run with --info option to get more log output.
> Run with --scan to get full insights.

BUILD FAILED in 5s
