/eval/src/generated/java/com/android/tools/lint/checks/EllipsizeMaxLinesDetector.java:12: error: cannot find symbol
import com.android.utils.SdkConstants;
                        ^
  symbol:   class SdkConstants
  location: package com.android.utils
/eval/src/generated/java/com/android/tools/lint/checks/EllipsizeMaxLinesDetector.java:42: error: cannot find symbol
    public Collection<String> getApplicableAttributes() {
           ^
  symbol:   class Collection
  location: class EllipsizeMaxLinesDetector
/eval/src/generated/java/com/android/tools/lint/checks/EllipsizeMaxLinesDetector.java:43: error: cannot find symbol
        return Collections.singletonList(SdkConstants.ATTR_ELLIPSIZE);
                                         ^
  symbol:   variable SdkConstants
  location: class EllipsizeMaxLinesDetector
/eval/src/generated/java/com/android/tools/lint/checks/EllipsizeMaxLinesDetector.java:54: error: cannot find symbol
                SdkConstants.ANDROID_URI,
                ^
  symbol:   variable SdkConstants
  location: class EllipsizeMaxLinesDetector
/eval/src/generated/java/com/android/tools/lint/checks/EllipsizeMaxLinesDetector.java:55: error: cannot find symbol
                SdkConstants.ATTR_MAX_LINES);
                ^
  symbol:   variable SdkConstants
  location: class EllipsizeMaxLinesDetector
5 errors

FAILURE: Build failed with an exception.

* What went wrong:
Execution failed for task ':compileJava'.
> Compilation failed; see the compiler error output for details.

* Try:
> Run with --info option to get more log output.
> Run with --scan to get full insights.

BUILD FAILED in 6s
