e: file:///eval/src/generated/kotlin/com/android/tools/lint/checks/AppBundleLocaleChangesDetector.kt:84:3 'visitReference' overrides nothing
e: file:///eval/src/generated/kotlin/com/android/tools/lint/checks/AppBundleLocaleChangesDetector.kt:114:22 Unresolved reference: setGlobal
e: file:///eval/src/generated/kotlin/com/android/tools/lint/checks/AppBundleLocaleChangesDetector.kt:116:22 Unresolved reference: setGlobal
e: file:///eval/src/generated/kotlin/com/android/tools/lint/checks/AppBundleLocaleChangesDetector.kt:123:24 Unresolved reference: getGlobal
e: file:///eval/src/generated/kotlin/com/android/tools/lint/checks/AppBundleLocaleChangesDetector.kt:124:22 Unresolved reference: getGlobal
e: file:///eval/src/generated/kotlin/com/android/tools/lint/checks/AppBundleLocaleChangesDetector.kt:126:22 Unresolved reference: setGlobal
e: file:///eval/src/generated/kotlin/com/android/tools/lint/checks/AppBundleLocaleChangesDetector.kt:132:39 Unresolved reference: getGlobal
e: file:///eval/src/generated/kotlin/com/android/tools/lint/checks/AppBundleLocaleChangesDetector.kt:133:41 Unresolved reference: getGlobal
e: file:///eval/src/generated/kotlin/com/android/tools/lint/checks/AppBundleLocaleChangesDetector.kt:134:38 Unresolved reference: getGlobal
e: file:///eval/src/generated/kotlin/com/android/tools/lint/checks/AppBundleLocaleChangesDetector.kt:135:39 Unresolved reference: getGlobal
e: file:///eval/src/generated/kotlin/com/android/tools/lint/checks/AppBundleLocaleChangesDetector.kt:154:38 Unresolved reference: setGlobal
e: file:///eval/src/generated/kotlin/com/android/tools/lint/checks/AppBundleLocaleChangesDetector.kt:158:38 Unresolved reference: setGlobal
e: file:///eval/src/generated/kotlin/com/android/tools/lint/checks/AppBundleLocaleChangesDetector.kt:187:13 Type mismatch: inferred type is EnumSet<Scope>! but Scope! was expected
e: file:///eval/src/generated/kotlin/com/android/tools/lint/checks/AppBundleLocaleChangesDetector.kt:187:13 Type mismatch: inferred type is EnumSet<Scope>! but Enum<Scope!>! was expected
e: file:///eval/src/generated/kotlin/com/android/tools/lint/checks/AppBundleLocaleChangesDetector.kt:187:34 Type mismatch: inferred type is EnumSet<Scope>! but Enum<TypeVariable(E)!>! was expected

FAILURE: Build failed with an exception.

* What went wrong:
Execution failed for task ':compileKotlin'.
> A failure occurred while executing org.jetbrains.kotlin.compilerRunner.GradleCompilerRunnerWithWorkers$GradleKotlinCompilerWorkAction
   > Compilation error. See log for more details

* Try:
> Run with --stacktrace option to get the stack trace.
> Run with --info or --debug option to get more log output.
> Run with --scan to get full insights.
> Get more help at https://help.gradle.org.

BUILD FAILED in 4s
