e: file:///eval/src/generated/kotlin/com/android/tools/lint/checks/PictureInPictureDetector.kt:49:13 Unresolved reference: CONSTRUCTOR_NAME
e: file:///eval/src/generated/kotlin/com/android/tools/lint/checks/PictureInPictureDetector.kt:66:28 Unresolved reference. None of the following candidates is applicable because of receiver type mismatch: 
public operator fun MatchGroupCollection.get(name: String): MatchGroup? defined in kotlin.text
e: file:///eval/src/generated/kotlin/com/android/tools/lint/checks/PictureInPictureDetector.kt:66:32 No get method providing array access
e: file:///eval/src/generated/kotlin/com/android/tools/lint/checks/PictureInPictureDetector.kt:67:43 Unresolved reference: empty
e: file:///eval/src/generated/kotlin/com/android/tools/lint/checks/PictureInPictureDetector.kt:73:13 Unresolved reference. None of the following candidates is applicable because of receiver type mismatch: 
public inline operator fun kotlin.text.StringBuilder /* = java.lang.StringBuilder */.set(index: Int, value: Char): Unit defined in kotlin.text
e: file:///eval/src/generated/kotlin/com/android/tools/lint/checks/PictureInPictureDetector.kt:73:17 No set method providing array access
e: file:///eval/src/generated/kotlin/com/android/tools/lint/checks/PictureInPictureDetector.kt:77:28 Unresolved reference. None of the following candidates is applicable because of receiver type mismatch: 
public operator fun MatchGroupCollection.get(name: String): MatchGroup? defined in kotlin.text
e: file:///eval/src/generated/kotlin/com/android/tools/lint/checks/PictureInPictureDetector.kt:77:32 No get method providing array access
e: file:///eval/src/generated/kotlin/com/android/tools/lint/checks/PictureInPictureDetector.kt:92:13 Unresolved reference. None of the following candidates is applicable because of receiver type mismatch: 
public inline operator fun kotlin.text.StringBuilder /* = java.lang.StringBuilder */.set(index: Int, value: Char): Unit defined in kotlin.text
e: file:///eval/src/generated/kotlin/com/android/tools/lint/checks/PictureInPictureDetector.kt:92:17 No set method providing array access
e: file:///eval/src/generated/kotlin/com/android/tools/lint/checks/PictureInPictureDetector.kt:96:47 Unresolved reference: Context
e: file:///eval/src/generated/kotlin/com/android/tools/lint/checks/PictureInPictureDetector.kt:100:49 Unresolved reference: Context
e: file:///eval/src/generated/kotlin/com/android/tools/lint/checks/PictureInPictureDetector.kt:115:28 Overload resolution ambiguity: 
public constructor File(p0: URI!) defined in java.io.File
public constructor File(p0: String!) defined in java.io.File
e: file:///eval/src/generated/kotlin/com/android/tools/lint/checks/PictureInPictureDetector.kt:116:41 Overload resolution ambiguity: 
public final fun create(file: File, start: Position, end: Position?): Location defined in com.android.tools.lint.detector.api.Location.Companion
public final fun create(file: File, contents: String, line: Int): Location defined in com.android.tools.lint.detector.api.Location.Companion
e: file:///eval/src/generated/kotlin/com/android/tools/lint/checks/PictureInPictureDetector.kt:132:29 Unresolved reference: isConstructorCall

FAILURE: Build failed with an exception.

* What went wrong:
Execution failed for task ':compileKotlin'.
> A failure occurred while executing org.jetbrains.kotlin.compilerRunner.GradleCompilerRunnerWithWorkers$GradleKotlinCompilerWorkAction
   > Compilation error. See log for more details

* Try:
> Run with --stacktrace option to get the stack trace.
> Run with --info or --debug option to get more log output.
> Run with --scan to get full insights.
> Get more help at https://help.gradle.org.

BUILD FAILED in 6s
