/eval/src/generated/java/com/android/tools/lint/checks/IconDetector.java:30: error: cannot find symbol
import org.jetbrains.uast.UElementHandler;
                         ^
  symbol:   class UElementHandler
  location: package org.jetbrains.uast
/eval/src/generated/java/com/android/tools/lint/checks/IconDetector.java:156: error: cannot find symbol
    public UElementHandler createUastHandler(JavaContext context) {
           ^
  symbol:   class UElementHandler
  location: class IconDetector
/eval/src/generated/java/com/android/tools/lint/checks/IconDetector.java:166: error: cannot find symbol
    private static class IconHandler extends UElementHandler {
                                             ^
  symbol:   class UElementHandler
  location: class IconDetector
/eval/src/generated/java/com/android/tools/lint/checks/IconDetector.java:69: error: cannot find symbol
        List<File> resourceDirectories = context.getProject().getResourceDirectories();
                                                             ^
  symbol:   method getResourceDirectories()
  location: class Project
/eval/src/generated/java/com/android/tools/lint/checks/IconDetector.java:163: error: method does not override or implement a method from a supertype
    @Override
    ^
/eval/src/generated/java/com/android/tools/lint/checks/IconDetector.java:173: error: method does not override or implement a method from a supertype
        @Override
        ^
/eval/src/generated/java/com/android/tools/lint/checks/IconDetector.java:176: error: method does not override or implement a method from a supertype
        @Override
        ^
/eval/src/generated/java/com/android/tools/lint/checks/IconDetector.java:179: error: method does not override or implement a method from a supertype
        @Override
        ^
/eval/src/generated/java/com/android/tools/lint/checks/IconDetector.java:182: error: method does not override or implement a method from a supertype
        @Override
        ^
9 errors

FAILURE: Build failed with an exception.

* What went wrong:
Execution failed for task ':compileJava'.
> Compilation failed; see the compiler error output for details.

* Try:
> Run with --info option to get more log output.
> Run with --scan to get full insights.

BUILD FAILED in 5s
