/eval/src/generated/java/com/android/tools/lint/checks/AndroidTvDetector.java:7: error: cannot find symbol
import static com.android.xml.AndroidManifest.NODE_INTENT_FILTER;
^
  symbol:   static NODE_INTENT_FILTER
  location: class AndroidManifest
/eval/src/generated/java/com/android/tools/lint/checks/AndroidTvDetector.java:53: error: method does not override or implement a method from a supertype
    @Override
    ^
/eval/src/generated/java/com/android/tools/lint/checks/AndroidTvDetector.java:78: error: method does not override or implement a method from a supertype
    @Override
    ^
/eval/src/generated/java/com/android/tools/lint/checks/AndroidTvDetector.java:94: error: cannot find symbol
                    && NODE_INTENT_FILTER.equals(((Element) child).getTagName())) {
                       ^
  symbol:   variable NODE_INTENT_FILTER
  location: class AndroidTvDetector
4 errors

FAILURE: Build failed with an exception.

* What went wrong:
Execution failed for task ':compileJava'.
> Compilation failed; see the compiler error output for details.

* Try:
> Run with --info option to get more log output.
> Run with --scan to get full insights.

BUILD FAILED in 3s
