/eval/src/generated/java/com/android/tools/lint/checks/JobSchedulerDetector.java:74: error: cannot find symbol
        LintMap map = context.getPartialResults(ISSUE).getMap();
                                                      ^
  symbol:   method getMap()
  location: class PartialResult
/eval/src/generated/java/com/android/tools/lint/checks/JobSchedulerDetector.java:75: error: cannot find symbol
        int count = map.getInteger("service_count") != null ? map.getInteger("service_count") : 0;
                       ^
  symbol:   method getInteger(String)
  location: variable map of type LintMap
/eval/src/generated/java/com/android/tools/lint/checks/JobSchedulerDetector.java:75: error: cannot find symbol
        int count = map.getInteger("service_count") != null ? map.getInteger("service_count") : 0;
                                                                 ^
  symbol:   method getInteger(String)
  location: variable map of type LintMap
/eval/src/generated/java/com/android/tools/lint/checks/JobSchedulerDetector.java:100: error: cannot find symbol
        for (java.util.Map.Entry<com.android.tools.lint.detector.api.Project, LintMap> entry : partialResults.getMaps().entrySet()) {
                                                                                                             ^
  symbol:   method getMaps()
  location: variable partialResults of type PartialResult
/eval/src/generated/java/com/android/tools/lint/checks/JobSchedulerDetector.java:102: error: cannot find symbol
            Integer countVal = map.getInteger("service_count");
                                  ^
  symbol:   method getInteger(String)
  location: variable map of type LintMap
/eval/src/generated/java/com/android/tools/lint/checks/JobSchedulerDetector.java:106: error: method getString in class LintMap cannot be applied to given types;
                String serviceName = map.getString(prefix + "name");
                                        ^
  required: String,String
  found:    String
  reason: actual and formal argument lists differ in length
/eval/src/generated/java/com/android/tools/lint/checks/JobSchedulerDetector.java:107: error: method getString in class LintMap cannot be applied to given types;
                String filePath = map.getString(prefix + "file");
                                     ^
  required: String,String
  found:    String
  reason: actual and formal argument lists differ in length
/eval/src/generated/java/com/android/tools/lint/checks/JobSchedulerDetector.java:108: error: cannot find symbol
                Integer start = map.getInteger(prefix + "start");
                                   ^
  symbol:   method getInteger(String)
  location: variable map of type LintMap
/eval/src/generated/java/com/android/tools/lint/checks/JobSchedulerDetector.java:109: error: cannot find symbol
                Integer end = map.getInteger(prefix + "end");
                                 ^
  symbol:   method getInteger(String)
  location: variable map of type LintMap
/eval/src/generated/java/com/android/tools/lint/checks/JobSchedulerDetector.java:118: error: cannot find symbol
                    CharSequence source = context.getClient().getSourceText(file);
                                                             ^
  symbol:   method getSourceText(File)
  location: class LintClient
10 errors

FAILURE: Build failed with an exception.

* What went wrong:
Execution failed for task ':compileJava'.
> Compilation failed; see the compiler error output for details.

* Try:
> Run with --info option to get more log output.
> Run with --scan to get full insights.

BUILD FAILED in 6s
