e: file:///eval/src/generated/kotlin/com/android/tools/lint/checks/ViewTypeDetector.kt:3:15 Expecting a top level declaration
e: file:///eval/src/generated/kotlin/com/android/tools/lint/checks/ViewTypeDetector.kt:3:18 Expecting a top level declaration
e: file:///eval/src/generated/kotlin/com/android/tools/lint/checks/ViewTypeDetector.kt:3:19 Expecting a top level declaration
e: file:///eval/src/generated/kotlin/com/android/tools/lint/checks/ViewTypeDetector.kt:3:26 Expecting a top level declaration
e: file:///eval/src/generated/kotlin/com/android/tools/lint/checks/ViewTypeDetector.kt:3:27 Expecting a top level declaration
e: file:///eval/src/generated/kotlin/com/android/tools/lint/checks/ViewTypeDetector.kt:3:39 Expecting a top level declaration
e: file:///eval/src/generated/kotlin/com/android/tools/lint/checks/ViewTypeDetector.kt:3:40 Expecting a top level declaration
e: file:///eval/src/generated/kotlin/com/android/tools/lint/checks/ViewTypeDetector.kt:3:51 imports are only allowed in the beginning of file
e: file:///eval/src/generated/kotlin/com/android/tools/lint/checks/ViewTypeDetector.kt:4:15 Expecting a top level declaration
e: file:///eval/src/generated/kotlin/com/android/tools/lint/checks/ViewTypeDetector.kt:4:18 Expecting a top level declaration
e: file:///eval/src/generated/kotlin/com/android/tools/lint/checks/ViewTypeDetector.kt:4:19 Expecting a top level declaration
e: file:///eval/src/generated/kotlin/com/android/tools/lint/checks/ViewTypeDetector.kt:4:26 Expecting a top level declaration
e: file:///eval/src/generated/kotlin/com/android/tools/lint/checks/ViewTypeDetector.kt:4:27 Expecting a top level declaration
e: file:///eval/src/generated/kotlin/com/android/tools/lint/checks/ViewTypeDetector.kt:4:39 Expecting a top level declaration
e: file:///eval/src/generated/kotlin/com/android/tools/lint/checks/ViewTypeDetector.kt:4:40 Expecting a top level declaration
e: file:///eval/src/generated/kotlin/com/android/tools/lint/checks/ViewTypeDetector.kt:4:48 imports are only allowed in the beginning of file
e: file:///eval/src/generated/kotlin/com/android/tools/lint/checks/ViewTypeDetector.kt:5:15 Expecting a top level declaration
e: file:///eval/src/generated/kotlin/com/android/tools/lint/checks/ViewTypeDetector.kt:5:18 Expecting a top level declaration
e: file:///eval/src/generated/kotlin/com/android/tools/lint/checks/ViewTypeDetector.kt:5:19 Expecting a top level declaration
e: file:///eval/src/generated/kotlin/com/android/tools/lint/checks/ViewTypeDetector.kt:5:26 Expecting a top level declaration
e: file:///eval/src/generated/kotlin/com/android/tools/lint/checks/ViewTypeDetector.kt:5:27 Expecting a top level declaration
e: file:///eval/src/generated/kotlin/com/android/tools/lint/checks/ViewTypeDetector.kt:5:39 Expecting a top level declaration
e: file:///eval/src/generated/kotlin/com/android/tools/lint/checks/ViewTypeDetector.kt:5:40 Expecting a top level declaration
e: file:///eval/src/generated/kotlin/com/android/tools/lint/checks/ViewTypeDetector.kt:5:49 imports are only allowed in the beginning of file
e: file:///eval/src/generated/kotlin/com/android/tools/lint/checks/ViewTypeDetector.kt:37:31 Expecting a top level declaration
e: file:///eval/src/generated/kotlin/com/android/tools/lint/checks/ViewTypeDetector.kt:37:39 Expecting a top level declaration
e: file:///eval/src/generated/kotlin/com/android/tools/lint/checks/ViewTypeDetector.kt:37:59 Expecting a top level declaration
e: file:///eval/src/generated/kotlin/com/android/tools/lint/checks/ViewTypeDetector.kt:37:70 Expecting a top level declaration
e: file:///eval/src/generated/kotlin/com/android/tools/lint/checks/ViewTypeDetector.kt:37:78 Expecting a top level declaration
e: file:///eval/src/generated/kotlin/com/android/tools/lint/checks/ViewTypeDetector.kt:37:79 Expecting a top level declaration
e: file:///eval/src/generated/kotlin/com/android/tools/lint/checks/ViewTypeDetector.kt:37:91 Expecting a top level declaration
e: file:///eval/src/generated/kotlin/com/android/tools/lint/checks/ViewTypeDetector.kt:38:67 Expecting an expression
e: file:///eval/src/generated/kotlin/com/android/tools/lint/checks/ViewTypeDetector.kt:38:67 Expecting ')'
e: file:///eval/src/generated/kotlin/com/android/tools/lint/checks/ViewTypeDetector.kt:38:70 Unexpected tokens (use ';' to separate expressions on the same line)
e: file:///eval/src/generated/kotlin/com/android/tools/lint/checks/ViewTypeDetector.kt:38:71 Expecting an element
e: file:///eval/src/generated/kotlin/com/android/tools/lint/checks/ViewTypeDetector.kt:40:16 Expecting an element
e: file:///eval/src/generated/kotlin/com/android/tools/lint/checks/ViewTypeDetector.kt:40:28 Expecting an element
e: file:///eval/src/generated/kotlin/com/android/tools/lint/checks/ViewTypeDetector.kt:40:28 Unexpected tokens (use ';' to separate expressions on the same line)
e: file:///eval/src/generated/kotlin/com/android/tools/lint/checks/ViewTypeDetector.kt:40:51 Expecting an element
e: file:///eval/src/generated/kotlin/com/android/tools/lint/checks/ViewTypeDetector.kt:42:69 Expecting an element
e: file:///eval/src/generated/kotlin/com/android/tools/lint/checks/ViewTypeDetector.kt:42:73 Expecting an element
e: file:///eval/src/generated/kotlin/com/android/tools/lint/checks/ViewTypeDetector.kt:43:32 Expecting an element
e: file:///eval/src/generated/kotlin/com/android/tools/lint/checks/ViewTypeDetector.kt:43:39 Expecting an element
e: file:///eval/src/generated/kotlin/com/android/tools/lint/checks/ViewTypeDetector.kt:43:65 Expecting an expression
e: file:///eval/src/generated/kotlin/com/android/tools/lint/checks/ViewTypeDetector.kt:43:69 Expecting an element
e: file:///eval/src/generated/kotlin/com/android/tools/lint/checks/ViewTypeDetector.kt:44:60 Expecting an element
e: file:///eval/src/generated/kotlin/com/android/tools/lint/checks/ViewTypeDetector.kt:44:76 Expecting an element
e: file:///eval/src/generated/kotlin/com/android/tools/lint/checks/ViewTypeDetector.kt:44:80 Expecting an element
e: file:///eval/src/generated/kotlin/com/android/tools/lint/checks/ViewTypeDetector.kt:45:26 Expecting an element
e: file:///eval/src/generated/kotlin/com/android/tools/lint/checks/ViewTypeDetector.kt:45:33 Expecting an element
e: file:///eval/src/generated/kotlin/com/android/tools/lint/checks/ViewTypeDetector.kt:45:60 Expecting an expression
e: file:///eval/src/generated/kotlin/com/android/tools/lint/checks/ViewTypeDetector.kt:45:64 Expecting an element
e: file:///eval/src/generated/kotlin/com/android/tools/lint/checks/ViewTypeDetector.kt:46:62 Expecting an element
e: file:///eval/src/generated/kotlin/com/android/tools/lint/checks/ViewTypeDetector.kt:46:84 Expecting an element
e: file:///eval/src/generated/kotlin/com/android/tools/lint/checks/ViewTypeDetector.kt:46:102 Expecting an element
e: file:///eval/src/generated/kotlin/com/android/tools/lint/checks/ViewTypeDetector.kt:46:106 Expecting an element
e: file:///eval/src/generated/kotlin/com/android/tools/lint/checks/ViewTypeDetector.kt:3:8 Unresolved reference: static
e: file:///eval/src/generated/kotlin/com/android/tools/lint/checks/ViewTypeDetector.kt:4:8 Unresolved reference: static
e: file:///eval/src/generated/kotlin/com/android/tools/lint/checks/ViewTypeDetector.kt:5:8 Unresolved reference: static
e: file:///eval/src/generated/kotlin/com/android/tools/lint/checks/ViewTypeDetector.kt:33:27 Unresolved reference: UastUtils
e: file:///eval/src/generated/kotlin/com/android/tools/lint/checks/ViewTypeDetector.kt:38:5 Unresolved reference: public
e: file:///eval/src/generated/kotlin/com/android/tools/lint/checks/ViewTypeDetector.kt:38:5 Variable expected
e: file:///eval/src/generated/kotlin/com/android/tools/lint/checks/ViewTypeDetector.kt:38:19 Unresolved reference: final
e: file:///eval/src/generated/kotlin/com/android/tools/lint/checks/ViewTypeDetector.kt:38:31 Unresolved reference: FIND_VIEW_BY_ID_CAST
e: file:///eval/src/generated/kotlin/com/android/tools/lint/checks/ViewTypeDetector.kt:39:5 Unresolved reference: private
e: file:///eval/src/generated/kotlin/com/android/tools/lint/checks/ViewTypeDetector.kt:39:5 Variable expected
e: file:///eval/src/generated/kotlin/com/android/tools/lint/checks/ViewTypeDetector.kt:39:20 Unresolved reference: final
e: file:///eval/src/generated/kotlin/com/android/tools/lint/checks/ViewTypeDetector.kt:39:33 Unresolved reference: FIND_VIEW_BY_ID
e: file:///eval/src/generated/kotlin/com/android/tools/lint/checks/ViewTypeDetector.kt:40:5 Unresolved reference: private
e: file:///eval/src/generated/kotlin/com/android/tools/lint/checks/ViewTypeDetector.kt:42:5 This annotation is not applicable to target 'expression'
e: file:///eval/src/generated/kotlin/com/android/tools/lint/checks/ViewTypeDetector.kt:42:15 Unresolved reference: public
e: file:///eval/src/generated/kotlin/com/android/tools/lint/checks/ViewTypeDetector.kt:42:30 Unresolved reference: appliesTo
e: file:///eval/src/generated/kotlin/com/android/tools/lint/checks/ViewTypeDetector.kt:42:40 Classifier 'ResourceFolderType' does not have a companion object, and thus must be initialized here
e: file:///eval/src/generated/kotlin/com/android/tools/lint/checks/ViewTypeDetector.kt:43:5 This annotation is not applicable to target 'expression'
e: file:///eval/src/generated/kotlin/com/android/tools/lint/checks/ViewTypeDetector.kt:43:15 Unresolved reference: public
e: file:///eval/src/generated/kotlin/com/android/tools/lint/checks/ViewTypeDetector.kt:44:5 This annotation is not applicable to target 'expression'
e: file:///eval/src/generated/kotlin/com/android/tools/lint/checks/ViewTypeDetector.kt:44:15 Unresolved reference: public
e: file:///eval/src/generated/kotlin/com/android/tools/lint/checks/ViewTypeDetector.kt:44:27 Unresolved reference: visitAttribute
e: file:///eval/src/generated/kotlin/com/android/tools/lint/checks/ViewTypeDetector.kt:44:42 Classifier 'XmlContext' does not have a companion object, and thus must be initialized here
e: file:///eval/src/generated/kotlin/com/android/tools/lint/checks/ViewTypeDetector.kt:44:62 Classifier 'Attr' does not have a companion object, and thus must be initialized here
e: file:///eval/src/generated/kotlin/com/android/tools/lint/checks/ViewTypeDetector.kt:45:5 This annotation is not applicable to target 'expression'
e: file:///eval/src/generated/kotlin/com/android/tools/lint/checks/ViewTypeDetector.kt:45:15 Unresolved reference: public
e: file:///eval/src/generated/kotlin/com/android/tools/lint/checks/ViewTypeDetector.kt:46:5 This annotation is not applicable to target 'expression'
e: file:///eval/src/generated/kotlin/com/android/tools/lint/checks/ViewTypeDetector.kt:46:15 Unresolved reference: public
e: file:///eval/src/generated/kotlin/com/android/tools/lint/checks/ViewTypeDetector.kt:46:27 Unresolved reference: visitMethodCall
e: file:///eval/src/generated/kotlin/com/android/tools/lint/checks/ViewTypeDetector.kt:46:55 Unresolved reference: context
e: file:///eval/src/generated/kotlin/com/android/tools/lint/checks/ViewTypeDetector.kt:46:64 Classifier 'UCallExpression' does not have a companion object, and thus must be initialized here
e: file:///eval/src/generated/kotlin/com/android/tools/lint/checks/ViewTypeDetector.kt:46:86 Classifier 'PsiMethod' does not have a companion object, and thus must be initialized here

FAILURE: Build failed with an exception.

* What went wrong:
Execution failed for task ':compileKotlin'.
> A failure occurred while executing org.jetbrains.kotlin.compilerRunner.GradleCompilerRunnerWithWorkers$GradleKotlinCompilerWorkAction
   > Compilation error. See log for more details

* Try:
> Run with --stacktrace option to get the stack trace.
> Run with --info or --debug option to get more log output.
> Run with --scan to get full insights.
> Get more help at https://help.gradle.org.

BUILD FAILED in 6s
