/eval/src/generated/java/com/android/tools/lint/checks/JobSchedulerDetector.java:10: error: cannot find symbol
import com.android.tools.lint.detector.api.JavaEvaluator;
                                          ^
  symbol:   class JavaEvaluator
  location: package com.android.tools.lint.detector.api
/eval/src/generated/java/com/android/tools/lint/checks/JobSchedulerDetector.java:13: error: cannot find symbol
import com.android.tools.lint.detector.api.UastScanner;
                                          ^
  symbol:   class UastScanner
  location: package com.android.tools.lint.detector.api
/eval/src/generated/java/com/android/tools/lint/checks/JobSchedulerDetector.java:20: error: cannot find symbol
import org.jetbrains.annotations.NonNull;
                                ^
  symbol:   class NonNull
  location: package org.jetbrains.annotations
/eval/src/generated/java/com/android/tools/lint/checks/JobSchedulerDetector.java:32: error: cannot find symbol
public class JobSchedulerDetector extends Detector implements UastScanner, XmlScanner {
                                                              ^
  symbol: class UastScanner
/eval/src/generated/java/com/android/tools/lint/checks/JobSchedulerDetector.java:50: error: cannot find symbol
    public void beforeCheckProject(@NonNull Context context) {
                                    ^
  symbol:   class NonNull
  location: class JobSchedulerDetector
/eval/src/generated/java/com/android/tools/lint/checks/JobSchedulerDetector.java:66: error: cannot find symbol
    public void visitConstructor(@NonNull JavaContext context, @NonNull UCallExpression node, @NonNull PsiMethod method) {
                                  ^
  symbol:   class NonNull
  location: class JobSchedulerDetector
/eval/src/generated/java/com/android/tools/lint/checks/JobSchedulerDetector.java:66: error: cannot find symbol
    public void visitConstructor(@NonNull JavaContext context, @NonNull UCallExpression node, @NonNull PsiMethod method) {
                                                                ^
  symbol:   class NonNull
  location: class JobSchedulerDetector
/eval/src/generated/java/com/android/tools/lint/checks/JobSchedulerDetector.java:66: error: cannot find symbol
    public void visitConstructor(@NonNull JavaContext context, @NonNull UCallExpression node, @NonNull PsiMethod method) {
                                                                                               ^
  symbol:   class NonNull
  location: class JobSchedulerDetector
/eval/src/generated/java/com/android/tools/lint/checks/JobSchedulerDetector.java:118: error: cannot find symbol
    public void visitElement(@NonNull XmlContext context, @NonNull Element element) {
                              ^
  symbol:   class NonNull
  location: class JobSchedulerDetector
/eval/src/generated/java/com/android/tools/lint/checks/JobSchedulerDetector.java:118: error: cannot find symbol
    public void visitElement(@NonNull XmlContext context, @NonNull Element element) {
                                                           ^
  symbol:   class NonNull
  location: class JobSchedulerDetector
/eval/src/generated/java/com/android/tools/lint/checks/JobSchedulerDetector.java:136: error: cannot find symbol
    public void afterCheckProject(@NonNull Context context) {
                                   ^
  symbol:   class NonNull
  location: class JobSchedulerDetector
/eval/src/generated/java/com/android/tools/lint/checks/JobSchedulerDetector.java:78: error: cannot find symbol
        JavaEvaluator evaluator = context.getEvaluator();
        ^
  symbol:   class JavaEvaluator
  location: class JobSchedulerDetector
/eval/src/generated/java/com/android/tools/lint/checks/JobSchedulerDetector.java:94: error: cannot find symbol
            if ("android.content.ComponentName".equals(call.getQualifiedName())) {
                                                           ^
  symbol:   method getQualifiedName()
  location: variable call of type UCallExpression
/eval/src/generated/java/com/android/tools/lint/checks/JobSchedulerDetector.java:101: error: incompatible types: PsiType[] cannot be converted to PsiClassType[]
                        PsiClassType[] params = classType.getParameters();
                                                                       ^
/eval/src/generated/java/com/android/tools/lint/checks/JobSchedulerDetector.java:112: error: method does not override or implement a method from a supertype
    @Override
    ^
/eval/src/generated/java/com/android/tools/lint/checks/JobSchedulerDetector.java:124: error: cannot find symbol
        String fqcn = context.getFqcn(name);
                             ^
  symbol:   method getFqcn(String)
  location: variable context of type XmlContext
Note: /eval/src/generated/java/com/android/tools/lint/checks/JobSchedulerDetector.java uses or overrides a deprecated API.
Note: Recompile with -Xlint:deprecation for details.
16 errors

FAILURE: Build failed with an exception.

* What went wrong:
Execution failed for task ':compileJava'.
> Compilation failed; see the compiler error output for details.

* Try:
> Run with --info option to get more log output.
> Run with --scan to get full insights.

BUILD FAILED in 5s
