/eval/src/generated/java/com/android/tools/lint/checks/NetworkSecurityConfigDetector.java:12: error: cannot find symbol
public class NetworkSecurityConfigDetector extends ResourceXmlDetector implements XmlScanner {
                                                                                  ^
  symbol: class XmlScanner
/eval/src/generated/java/com/android/tools/lint/checks/NetworkSecurityConfigDetector.java:27: error: cannot find symbol
                            Scope.RESOURCE_XML_SCOPE))
                                 ^
  symbol:   variable RESOURCE_XML_SCOPE
  location: class Scope
/eval/src/generated/java/com/android/tools/lint/checks/NetworkSecurityConfigDetector.java:28: error: cannot find symbol
            .setMoreInfo("https://goo.gle/AcceptsUserCertificates");
            ^
  symbol:   method setMoreInfo(String)
  location: class Issue
/eval/src/generated/java/com/android/tools/lint/checks/NetworkSecurityConfigDetector.java:35: error: method does not override or implement a method from a supertype
    @Override
    ^
4 errors

FAILURE: Build failed with an exception.

* What went wrong:
Execution failed for task ':compileJava'.
> Compilation failed; see the compiler error output for details.

* Try:
> Run with --info option to get more log output.
> Run with --scan to get full insights.

BUILD FAILED in 4s
