/eval/src/generated/java/com/android/tools/lint/checks/AlwaysShowActionDetector.java:25: error: cannot find symbol
public class AlwaysShowActionDetector extends ResourceXmlDetector implements Detector.UastScanner {
                                              ^
  symbol: class ResourceXmlDetector
/eval/src/generated/java/com/android/tools/lint/checks/AlwaysShowActionDetector.java:25: error: AlwaysShowActionDetector is not abstract and does not override abstract method analyzeCallGraph(Context,CallGraphResult) in SourceCodeScanner
public class AlwaysShowActionDetector extends ResourceXmlDetector implements Detector.UastScanner {
       ^
/eval/src/generated/java/com/android/tools/lint/checks/AlwaysShowActionDetector.java:28: error: no suitable constructor found for Implementation(Class<AlwaysShowActionDetector>,EnumSet<Scope>)
            new Implementation(AlwaysShowActionDetector.class, EnumSet.of(Scope.JAVA_FILE, Scope.RESOURCE_FILE));
            ^
    constructor Implementation.Implementation(Class<? extends Detector>,EnumSet<Scope>) is not applicable
      (argument mismatch; Class<AlwaysShowActionDetector> cannot be converted to Class<? extends Detector>)
    constructor Implementation.Implementation(Class<? extends Detector>,EnumSet<Scope>,EnumSet<Scope>...) is not applicable
      (argument mismatch; Class<AlwaysShowActionDetector> cannot be converted to Class<? extends Detector>)
/eval/src/generated/java/com/android/tools/lint/checks/AlwaysShowActionDetector.java:57: error: method does not override or implement a method from a supertype
    @Override
    ^
/eval/src/generated/java/com/android/tools/lint/checks/AlwaysShowActionDetector.java:62: error: method does not override or implement a method from a supertype
    @Override
    ^
/eval/src/generated/java/com/android/tools/lint/checks/AlwaysShowActionDetector.java:88: error: method does not override or implement a method from a supertype
    @Override
    ^
/eval/src/generated/java/com/android/tools/lint/checks/AlwaysShowActionDetector.java:96: error: method does not override or implement a method from a supertype
    @Override
    ^
7 errors

FAILURE: Build failed with an exception.

* What went wrong:
Execution failed for task ':compileJava'.
> Compilation failed; see the compiler error output for details.

* Try:
> Run with --info option to get more log output.
> Run with --scan to get full insights.

BUILD FAILED in 4s
