/eval/src/generated/java/com/android/tools/lint/checks/EllipsizeMaxLinesDetector.java:12: error: cannot find symbol
import org.jetbrains.annotations.NonNull;
                                ^
  symbol:   class NonNull
  location: package org.jetbrains.annotations
/eval/src/generated/java/com/android/tools/lint/checks/EllipsizeMaxLinesDetector.java:34: error: cannot find symbol
    public boolean appliesTo(@NonNull ResourceFolderType folderType) {
                              ^
  symbol:   class NonNull
  location: class EllipsizeMaxLinesDetector
/eval/src/generated/java/com/android/tools/lint/checks/EllipsizeMaxLinesDetector.java:44: error: cannot find symbol
    public void visitElement(@NonNull XmlContext context, @NonNull Element element) {
                              ^
  symbol:   class NonNull
  location: class EllipsizeMaxLinesDetector
/eval/src/generated/java/com/android/tools/lint/checks/EllipsizeMaxLinesDetector.java:44: error: cannot find symbol
    public void visitElement(@NonNull XmlContext context, @NonNull Element element) {
                                                           ^
  symbol:   class NonNull
  location: class EllipsizeMaxLinesDetector
/eval/src/generated/java/com/android/tools/lint/checks/EllipsizeMaxLinesDetector.java:45: error: cannot find symbol
        Attr maxLinesAttr = element.getAttributeNodeNS(SdkConstants.ANDROID_URI, SdkConstants.ATTR_MAX_LINES);
                                                                                             ^
  symbol:   variable ATTR_MAX_LINES
  location: class SdkConstants
/eval/src/generated/java/com/android/tools/lint/checks/EllipsizeMaxLinesDetector.java:46: error: cannot find symbol
        Attr ellipsizeAttr = element.getAttributeNodeNS(SdkConstants.ANDROID_URI, SdkConstants.ATTR_ELLIPSIZE);
                                                                                              ^
  symbol:   variable ATTR_ELLIPSIZE
  location: class SdkConstants
6 errors

FAILURE: Build failed with an exception.

* What went wrong:
Execution failed for task ':compileJava'.
> Compilation failed; see the compiler error output for details.

* Try:
> Run with --info option to get more log output.
> Run with --scan to get full insights.

BUILD FAILED in 4s
