/eval/src/generated/java/com/android/tools/lint/checks/ResourcePrefixDetector.java:42: error: incompatible types: inference variable T has incompatible bounds
        return Collections.singletonList(XmlScanner.ALL);
                                        ^
    equality constraints: String
    lower bounds: List<String>
  where T is a type-variable:
    T extends Object declared in method <T>singletonList(T)
/eval/src/generated/java/com/android/tools/lint/checks/ResourcePrefixDetector.java:57: error: cannot find symbol
        String prefix = context.getProject().getResourcePrefix();
                                            ^
  symbol:   method getResourcePrefix()
  location: class Project
/eval/src/generated/java/com/android/tools/lint/checks/ResourcePrefixDetector.java:84: error: cannot find symbol
        String prefix = context.getProject().getResourcePrefix();
                                            ^
  symbol:   method getResourcePrefix()
  location: class Project
/eval/src/generated/java/com/android/tools/lint/checks/ResourcePrefixDetector.java:114: error: cannot find symbol
        String prefix = context.getProject().getResourcePrefix();
                                            ^
  symbol:   method getResourcePrefix()
  location: class Project
4 errors

FAILURE: Build failed with an exception.

* What went wrong:
Execution failed for task ':compileJava'.
> Compilation failed; see the compiler error output for details.

* Try:
> Run with --info option to get more log output.
> Run with --scan to get full insights.

BUILD FAILED in 5s
