e: file:///eval/src/generated/kotlin/com/android/tools/lint/checks/EmptySuperDetector.kt:15:27 Unresolved reference: UElementHandler
e: file:///eval/src/generated/kotlin/com/android/tools/lint/checks/EmptySuperDetector.kt:41:57 Unresolved reference: UElementHandler
e: file:///eval/src/generated/kotlin/com/android/tools/lint/checks/EmptySuperDetector.kt:42:21 Unresolved reference: UElementHandler
e: file:///eval/src/generated/kotlin/com/android/tools/lint/checks/EmptySuperDetector.kt:45:7 'visitMethod' overrides nothing
e: file:///eval/src/generated/kotlin/com/android/tools/lint/checks/EmptySuperDetector.kt:46:47 Overload resolution ambiguity: 
public abstract fun getAllAnnotations(owner: PsiModifierListOwner, inHierarchy: Boolean): Array<PsiAnnotation> defined in com.android.tools.lint.client.api.JavaEvaluator
public abstract fun getAllAnnotations(owner: UAnnotated, inHierarchy: Boolean = ...): List<UAnnotation> defined in com.android.tools.lint.client.api.JavaEvaluator
e: file:///eval/src/generated/kotlin/com/android/tools/lint/checks/EmptySuperDetector.kt:46:83 Cannot infer a type for this parameter. Please specify it explicitly.
e: file:///eval/src/generated/kotlin/com/android/tools/lint/checks/EmptySuperDetector.kt:54:7 'visitCallExpression' overrides nothing
e: file:///eval/src/generated/kotlin/com/android/tools/lint/checks/EmptySuperDetector.kt:57:48 Type mismatch: inferred type is UCallExpression but PsiElement was expected

FAILURE: Build failed with an exception.

* What went wrong:
Execution failed for task ':compileKotlin'.
> A failure occurred while executing org.jetbrains.kotlin.compilerRunner.GradleCompilerRunnerWithWorkers$GradleKotlinCompilerWorkAction
   > Compilation error. See log for more details

* Try:
> Run with --stacktrace option to get the stack trace.
> Run with --info or --debug option to get more log output.
> Run with --scan to get full insights.
> Get more help at https://help.gradle.org.

BUILD FAILED in 6s
