/eval/src/generated/java/com/android/tools/lint/checks/NegativeMarginDetector.java:8: error: cannot find symbol
import com.android.tools.lint.detector.api.ResourceFolderType;
                                          ^
  symbol:   class ResourceFolderType
  location: package com.android.tools.lint.detector.api
/eval/src/generated/java/com/android/tools/lint/checks/NegativeMarginDetector.java:63: error: cannot find symbol
    public boolean appliesTo(ResourceFolderType folderType) {
                             ^
  symbol:   class ResourceFolderType
  location: class NegativeMarginDetector
/eval/src/generated/java/com/android/tools/lint/checks/NegativeMarginDetector.java:125: error: cannot find symbol
    private static void report(XmlContext context, Node scope, String attrName, String value) {
                                                   ^
  symbol:   class Node
  location: class NegativeMarginDetector
/eval/src/generated/java/com/android/tools/lint/checks/NegativeMarginDetector.java:64: error: cannot find symbol
        return folderType == ResourceFolderType.LAYOUT || folderType == ResourceFolderType.VALUES;
                             ^
  symbol:   variable ResourceFolderType
  location: class NegativeMarginDetector
/eval/src/generated/java/com/android/tools/lint/checks/NegativeMarginDetector.java:64: error: cannot find symbol
        return folderType == ResourceFolderType.LAYOUT || folderType == ResourceFolderType.VALUES;
                                                                        ^
  symbol:   variable ResourceFolderType
  location: class NegativeMarginDetector
5 errors

FAILURE: Build failed with an exception.

* What went wrong:
Execution failed for task ':compileJava'.
> Compilation failed; see the compiler error output for details.

* Try:
> Run with --info option to get more log output.
> Run with --scan to get full insights.

BUILD FAILED in 4s
