/eval/src/generated/java/com/android/tools/lint/checks/IconDetector.java:33: error: cannot find symbol
public class IconDetector extends Detector implements SourceCodeScanner, XmlScanner {
                                                      ^
  symbol: class SourceCodeScanner
/eval/src/generated/java/com/android/tools/lint/checks/IconDetector.java:33: error: cannot find symbol
public class IconDetector extends Detector implements SourceCodeScanner, XmlScanner {
                                                                         ^
  symbol: class XmlScanner
/eval/src/generated/java/com/android/tools/lint/checks/IconDetector.java:87: error: incompatible types: String cannot be converted to LocationType
                        context.report(ISSUE, element, context.getLocation(element, attr.getNodeName()),
                                                                                                    ^
/eval/src/generated/java/com/android/tools/lint/checks/IconDetector.java:90: error: incompatible types: String cannot be converted to LocationType
                        context.report(ISSUE, element, context.getLocation(element, attr.getNodeName()),
                                                                                                    ^
Note: Some messages have been simplified; recompile with -Xdiags:verbose to get full output
4 errors

FAILURE: Build failed with an exception.

* What went wrong:
Execution failed for task ':compileJava'.
> Compilation failed; see the compiler error output for details.

* Try:
> Run with --info option to get more log output.
> Run with --scan to get full insights.

BUILD FAILED in 4s
