/eval/src/generated/java/com/android/tools/lint/checks/WearStandaloneAppDetector.java:5: error: cannot find symbol
import static com.android.SdkConstants.TAG_METADATA;
^
  symbol:   static TAG_METADATA
  location: class SdkConstants
/eval/src/generated/java/com/android/tools/lint/checks/WearStandaloneAppDetector.java:28: error: method create in class Issue cannot be applied to given types;
            Issue.create(
                 ^
  required: String,String,String,Category,int,Severity,Implementation
  found:    String,String,String,Category,int,Severity,Implementation,String
  reason: actual and formal argument lists differ in length
/eval/src/generated/java/com/android/tools/lint/checks/WearStandaloneAppDetector.java:55: error: cannot find symbol
                    && TAG_METADATA.equals(child.getNodeName())) {
                       ^
  symbol:   variable TAG_METADATA
  location: class WearStandaloneAppDetector
3 errors

FAILURE: Build failed with an exception.

* What went wrong:
Execution failed for task ':compileJava'.
> Compilation failed; see the compiler error output for details.

* Try:
> Run with --info option to get more log output.
> Run with --scan to get full insights.

BUILD FAILED in 4s
