/eval/src/generated/java/com/android/tools/lint/checks/DuplicateIdDetector.java:54: error: cannot find symbol
    public boolean appliesTo(LayoutDetector.ResourceFileType folderType) {
                                           ^
  symbol:   class ResourceFileType
  location: class LayoutDetector
/eval/src/generated/java/com/android/tools/lint/checks/DuplicateIdDetector.java:55: error: cannot find symbol
        return folderType == LayoutDetector.ResourceFileType.LAYOUT;
                                           ^
  symbol:   variable ResourceFileType
  location: class LayoutDetector
/eval/src/generated/java/com/android/tools/lint/checks/DuplicateIdDetector.java:111: error: method does not override or implement a method from a supertype
    @Override
    ^
/eval/src/generated/java/com/android/tools/lint/checks/DuplicateIdDetector.java:119: error: method does not override or implement a method from a supertype
    @Override
    ^
/eval/src/generated/java/com/android/tools/lint/checks/DuplicateIdDetector.java:227: error: incompatible types: Position cannot be converted to CharSequence
                            primary.getStart(),
                                            ^
Note: Some messages have been simplified; recompile with -Xdiags:verbose to get full output
5 errors

FAILURE: Build failed with an exception.

* What went wrong:
Execution failed for task ':compileJava'.
> Compilation failed; see the compiler error output for details.

* Try:
> Run with --info option to get more log output.
> Run with --scan to get full insights.

BUILD FAILED in 4s
