/eval/src/generated/java/com/android/tools/lint/checks/AndroidTvDetector.java:6: error: cannot find symbol
import static com.android.xml.AndroidManifest.CATEGORY_LEANBACK_LAUNCHER;
^
  symbol:   static CATEGORY_LEANBACK_LAUNCHER
  location: class AndroidManifest
/eval/src/generated/java/com/android/tools/lint/checks/AndroidTvDetector.java:10: error: cannot find symbol
import static com.android.xml.AndroidManifest.NODE_INTENT_FILTER;
^
  symbol:   static NODE_INTENT_FILTER
  location: class AndroidManifest
/eval/src/generated/java/com/android/tools/lint/checks/AndroidTvDetector.java:64: error: method getLocation in class Context cannot be applied to given types;
                    context.getLocation(mLeanbackElement),
                           ^
  required: Object,LocationType
  found:    Element
  reason: actual and formal argument lists differ in length
/eval/src/generated/java/com/android/tools/lint/checks/AndroidTvDetector.java:82: error: cannot find symbol
            if (CATEGORY_LEANBACK_LAUNCHER.equals(name)) {
                ^
  symbol:   variable CATEGORY_LEANBACK_LAUNCHER
  location: class AndroidTvDetector
/eval/src/generated/java/com/android/tools/lint/checks/AndroidTvDetector.java:84: error: cannot find symbol
                if (parent != null && NODE_INTENT_FILTER.equals(parent.getNodeName())) {
                                      ^
  symbol:   variable NODE_INTENT_FILTER
  location: class AndroidTvDetector
5 errors

FAILURE: Build failed with an exception.

* What went wrong:
Execution failed for task ':compileJava'.
> Compilation failed; see the compiler error output for details.

* Try:
> Run with --info option to get more log output.
> Run with --scan to get full insights.

BUILD FAILED in 3s
