/eval/src/generated/java/com/android/tools/lint/checks/LayoutConsistencyDetector.java:14: error: cannot find symbol
import com.android.tools.lint.detector.api.ResourceReference;
                                          ^
  symbol:   class ResourceReference
  location: package com.android.tools.lint.detector.api
/eval/src/generated/java/com/android/tools/lint/checks/LayoutConsistencyDetector.java:147: error: cannot find symbol
    public void visitResourceReference(@NonNull JavaContext context, @NonNull ResourceReference reference) {
                                                                              ^
  symbol:   class ResourceReference
  location: class LayoutConsistencyDetector
/eval/src/generated/java/com/android/tools/lint/checks/LayoutConsistencyDetector.java:146: error: method does not override or implement a method from a supertype
    @Override
    ^
3 errors

FAILURE: Build failed with an exception.

* What went wrong:
Execution failed for task ':compileJava'.
> Compilation failed; see the compiler error output for details.

* Try:
> Run with --info option to get more log output.
> Run with --scan to get full insights.

BUILD FAILED in 4s
