/eval/src/generated/java/com/android/tools/lint/checks/VectorDetector.java:138: error: cannot find symbol
        LintMap map = new LintMap.Builder().put(KEY_MIN_SDK, requiredApi).build();
                                 ^
  symbol:   class Builder
  location: class LintMap
/eval/src/generated/java/com/android/tools/lint/checks/VectorDetector.java:139: error: no suitable method found for report(Issue,Location,String,LintMap)
        context.report(ISSUE, location, message, map);
               ^
    method Context.report(Issue,Location,String,LintFix) is not applicable
      (argument mismatch; LintMap cannot be converted to LintFix)
    method XmlContext.report(Issue,Node,Location,String) is not applicable
      (argument mismatch; Location cannot be converted to Node)
Note: Some messages have been simplified; recompile with -Xdiags:verbose to get full output
2 errors

FAILURE: Build failed with an exception.

* What went wrong:
Execution failed for task ':compileJava'.
> Compilation failed; see the compiler error output for details.

* Try:
> Run with --info option to get more log output.
> Run with --scan to get full insights.

BUILD FAILED in 4s
