e: file:///eval/src/generated/kotlin/com/android/tools/lint/checks/AppBundleLocaleChangesDetector.kt:57:28 Unresolved reference: getProperty
e: file:///eval/src/generated/kotlin/com/android/tools/lint/checks/AppBundleLocaleChangesDetector.kt:60:21 Unresolved reference: putProperty
e: file:///eval/src/generated/kotlin/com/android/tools/lint/checks/AppBundleLocaleChangesDetector.kt:105:5 'visitBuildGradle' overrides nothing
e: file:///eval/src/generated/kotlin/com/android/tools/lint/checks/AppBundleLocaleChangesDetector.kt:106:28 Unresolved reference: source
e: file:///eval/src/generated/kotlin/com/android/tools/lint/checks/AppBundleLocaleChangesDetector.kt:109:37 Unresolved reference: putProperty
e: file:///eval/src/generated/kotlin/com/android/tools/lint/checks/AppBundleLocaleChangesDetector.kt:119:36 Unresolved reference: getProperty
e: file:///eval/src/generated/kotlin/com/android/tools/lint/checks/AppBundleLocaleChangesDetector.kt:121:36 Unresolved reference: getProperty
e: file:///eval/src/generated/kotlin/com/android/tools/lint/checks/AppBundleLocaleChangesDetector.kt:132:21 Unresolved reference: putProperty
e: file:///eval/src/generated/kotlin/com/android/tools/lint/checks/AppBundleLocaleChangesDetector.kt:133:21 Unresolved reference: putProperty

FAILURE: Build failed with an exception.

* What went wrong:
Execution failed for task ':compileKotlin'.
> A failure occurred while executing org.jetbrains.kotlin.compilerRunner.GradleCompilerRunnerWithWorkers$GradleKotlinCompilerWorkAction
   > Compilation error. See log for more details

* Try:
> Run with --stacktrace option to get the stack trace.
> Run with --info or --debug option to get more log output.
> Run with --scan to get full insights.
> Get more help at https://help.gradle.org.

BUILD FAILED in 6s
