e: file:///eval/src/generated/kotlin/com/android/tools/lint/checks/WearableConfigurationActionDetector.kt:12:9 Unresolved reference: SdkConstants
e: file:///eval/src/generated/kotlin/com/android/tools/lint/checks/WearableConfigurationActionDetector.kt:13:9 Unresolved reference: SdkConstants
e: file:///eval/src/generated/kotlin/com/android/tools/lint/checks/WearableConfigurationActionDetector.kt:23:13 Unresolved reference: SdkConstants
e: file:///eval/src/generated/kotlin/com/android/tools/lint/checks/WearableConfigurationActionDetector.kt:24:13 Unresolved reference: SdkConstants
e: file:///eval/src/generated/kotlin/com/android/tools/lint/checks/WearableConfigurationActionDetector.kt:38:72 Type mismatch: inferred type is Context but XmlContext was expected
e: file:///eval/src/generated/kotlin/com/android/tools/lint/checks/WearableConfigurationActionDetector.kt:51:58 Unresolved reference: SdkConstants
e: file:///eval/src/generated/kotlin/com/android/tools/lint/checks/WearableConfigurationActionDetector.kt:54:54 Unresolved reference: SdkConstants
e: file:///eval/src/generated/kotlin/com/android/tools/lint/checks/WearableConfigurationActionDetector.kt:55:55 Unresolved reference: SdkConstants
e: file:///eval/src/generated/kotlin/com/android/tools/lint/checks/WearableConfigurationActionDetector.kt:64:57 Unresolved reference: SdkConstants
e: file:///eval/src/generated/kotlin/com/android/tools/lint/checks/WearableConfigurationActionDetector.kt:69:17 Unresolved reference: SdkConstants
e: file:///eval/src/generated/kotlin/com/android/tools/lint/checks/WearableConfigurationActionDetector.kt:70:17 Unresolved reference: SdkConstants
e: file:///eval/src/generated/kotlin/com/android/tools/lint/checks/WearableConfigurationActionDetector.kt:78:21 Unresolved reference: SdkConstants
e: file:///eval/src/generated/kotlin/com/android/tools/lint/checks/WearableConfigurationActionDetector.kt:79:21 Unresolved reference: SdkConstants
e: file:///eval/src/generated/kotlin/com/android/tools/lint/checks/WearableConfigurationActionDetector.kt:102:62 Unresolved reference: SdkConstants
e: file:///eval/src/generated/kotlin/com/android/tools/lint/checks/WearableConfigurationActionDetector.kt:106:21 Unresolved reference: SdkConstants
e: file:///eval/src/generated/kotlin/com/android/tools/lint/checks/WearableConfigurationActionDetector.kt:118:27 Unresolved reference: SdkConstants
e: file:///eval/src/generated/kotlin/com/android/tools/lint/checks/WearableConfigurationActionDetector.kt:139:39 Unresolved reference: SdkConstants

FAILURE: Build failed with an exception.

* What went wrong:
Execution failed for task ':compileKotlin'.
> A failure occurred while executing org.jetbrains.kotlin.compilerRunner.GradleCompilerRunnerWithWorkers$GradleKotlinCompilerWorkAction
   > Compilation error. See log for more details

* Try:
> Run with --stacktrace option to get the stack trace.
> Run with --info or --debug option to get more log output.
> Run with --scan to get full insights.
> Get more help at https://help.gradle.org.

BUILD FAILED in 8s
