/eval/src/generated/java/com/android/tools/lint/checks/TooManyViewsDetector.java:4: error: cannot find symbol
import static com.android.SdkConstants.TAG_MERGE;
^
  symbol:   static TAG_MERGE
  location: class SdkConstants
/eval/src/generated/java/com/android/tools/lint/checks/TooManyViewsDetector.java:5: error: cannot find symbol
import static com.android.SdkConstants.TAG_REQUEST_FOCUS;
^
  symbol:   static TAG_REQUEST_FOCUS
  location: class SdkConstants
/eval/src/generated/java/com/android/tools/lint/checks/TooManyViewsDetector.java:68: error: cannot find symbol
        if (TAG_INCLUDE.equals(tag) || TAG_REQUEST_FOCUS.equals(tag)) {
                                       ^
  symbol:   variable TAG_REQUEST_FOCUS
  location: class TooManyViewsDetector
/eval/src/generated/java/com/android/tools/lint/checks/TooManyViewsDetector.java:73: error: cannot find symbol
        if (!TAG_MERGE.equals(tag)) {
             ^
  symbol:   variable TAG_MERGE
  location: class TooManyViewsDetector
Note: /eval/src/generated/java/com/android/tools/lint/checks/TooManyViewsDetector.java uses or overrides a deprecated API.
Note: Recompile with -Xlint:deprecation for details.
4 errors

FAILURE: Build failed with an exception.

* What went wrong:
Execution failed for task ':compileJava'.
> Compilation failed; see the compiler error output for details.

* Try:
> Run with --info option to get more log output.
> Run with --scan to get full insights.

BUILD FAILED in 4s
