/eval/src/generated/java/com/android/tools/lint/checks/IconDetector.java:70: error: cannot find symbol
        Set<Density> required = EnumSet.of(Density.MDPI, Density.HDPI, Density.XHDPI, Density.XXHDPI, Density.XXXHDPI);
                                                  ^
  symbol:   variable MDPI
  location: class Density
/eval/src/generated/java/com/android/tools/lint/checks/IconDetector.java:70: error: cannot find symbol
        Set<Density> required = EnumSet.of(Density.MDPI, Density.HDPI, Density.XHDPI, Density.XXHDPI, Density.XXXHDPI);
                                                                ^
  symbol:   variable HDPI
  location: class Density
/eval/src/generated/java/com/android/tools/lint/checks/IconDetector.java:70: error: cannot find symbol
        Set<Density> required = EnumSet.of(Density.MDPI, Density.HDPI, Density.XHDPI, Density.XXHDPI, Density.XXXHDPI);
                                                                              ^
  symbol:   variable XHDPI
  location: class Density
/eval/src/generated/java/com/android/tools/lint/checks/IconDetector.java:70: error: cannot find symbol
        Set<Density> required = EnumSet.of(Density.MDPI, Density.HDPI, Density.XHDPI, Density.XXHDPI, Density.XXXHDPI);
                                                                                             ^
  symbol:   variable XXHDPI
  location: class Density
/eval/src/generated/java/com/android/tools/lint/checks/IconDetector.java:70: error: cannot find symbol
        Set<Density> required = EnumSet.of(Density.MDPI, Density.HDPI, Density.XHDPI, Density.XXHDPI, Density.XXXHDPI);
                                                                                                             ^
  symbol:   variable XXXHDPI
  location: class Density
/eval/src/generated/java/com/android/tools/lint/checks/IconDetector.java:72: error: cannot find symbol
            required.add(Density.LDPI);
                                ^
  symbol:   variable LDPI
  location: class Density
/eval/src/generated/java/com/android/tools/lint/checks/IconDetector.java:78: error: no suitable method found for copyOf(Set<Density>)
            Set<Density> missing = EnumSet.copyOf(required);
                                          ^
    method EnumSet.<E#1>copyOf(EnumSet<E#1>) is not applicable
      (cannot infer type-variable(s) E#1
        (argument mismatch; Set<Density> cannot be converted to EnumSet<E#1>))
    method EnumSet.<E#2>copyOf(Collection<E#2>) is not applicable
      (inference variable E#2 has incompatible bounds
        equality constraints: Density
        lower bounds: Enum<E#2>)
  where E#1,E#2 are type-variables:
    E#1 extends Enum<E#1> declared in method <E#1>copyOf(EnumSet<E#1>)
    E#2 extends Enum<E#2> declared in method <E#2>copyOf(Collection<E#2>)
/eval/src/generated/java/com/android/tools/lint/checks/IconDetector.java:122: error: cannot find symbol
        if (context.getConfiguration() != null && context.getConfiguration().getDensityQualifier() != null) {
                                                                            ^
  symbol:   method getDensityQualifier()
  location: class Configuration
/eval/src/generated/java/com/android/tools/lint/checks/IconDetector.java:123: error: cannot find symbol
            Density density = context.getConfiguration().getDensityQualifier().getValue();
                                                        ^
  symbol:   method getDensityQualifier()
  location: class Configuration
/eval/src/generated/java/com/android/tools/lint/checks/IconDetector.java:125: error: method noneOf in class EnumSet<E#2> cannot be applied to given types;
                iconDensities.computeIfAbsent(baseName, k -> EnumSet.noneOf(Density.class)).add(density);
                                                                    ^
  required: Class<E#1>
  found:    Class<Density>
  reason: inference variable E#1 has incompatible bounds
    equality constraints: Density
    lower bounds: Enum<E#1>
  where E#1,E#2 are type-variables:
    E#1 extends Enum<E#1> declared in method <E#1>noneOf(Class<E#1>)
    E#2 extends Enum<E#2> declared in class EnumSet
10 errors

FAILURE: Build failed with an exception.

* What went wrong:
Execution failed for task ':compileJava'.
> Compilation failed; see the compiler error output for details.

* Try:
> Run with --info option to get more log output.
> Run with --scan to get full insights.

BUILD FAILED in 6s
