/eval/src/generated/java/com/android/tools/lint/checks/LayoutConsistencyDetector.java:5: error: cannot find symbol
import com.android.resources.ResourceReference;
                            ^
  symbol:   class ResourceReference
  location: package com.android.resources
/eval/src/generated/java/com/android/tools/lint/checks/LayoutConsistencyDetector.java:29: error: cannot find symbol
public class LayoutConsistencyDetector extends LayoutDetector {
                                               ^
  symbol: class LayoutDetector
/eval/src/generated/java/com/android/tools/lint/checks/LayoutConsistencyDetector.java:147: error: cannot find symbol
            @NonNull ResourceReference reference,
                     ^
  symbol:   class ResourceReference
  location: class LayoutConsistencyDetector
/eval/src/generated/java/com/android/tools/lint/checks/LayoutConsistencyDetector.java:187: error: cannot find symbol
        final File file;
              ^
  symbol:   class File
  location: class LayoutVariant
/eval/src/generated/java/com/android/tools/lint/checks/LayoutConsistencyDetector.java:191: error: cannot find symbol
        LayoutVariant(File file, String folderName, Set<String> ids) {
                      ^
  symbol:   class File
  location: class LayoutVariant
/eval/src/generated/java/com/android/tools/lint/checks/LayoutConsistencyDetector.java:35: error: no suitable constructor found for Implementation(Class<LayoutConsistencyDetector>,EnumSet<Scope>)
            new Implementation(
            ^
    constructor Implementation.Implementation(Class<? extends Detector>,EnumSet<Scope>) is not applicable
      (argument mismatch; Class<LayoutConsistencyDetector> cannot be converted to Class<? extends Detector>)
    constructor Implementation.Implementation(Class<? extends Detector>,EnumSet<Scope>,EnumSet<Scope>...) is not applicable
      (argument mismatch; Class<LayoutConsistencyDetector> cannot be converted to Class<? extends Detector>)
/eval/src/generated/java/com/android/tools/lint/checks/LayoutConsistencyDetector.java:55: error: method does not override or implement a method from a supertype
    @Override
    ^
/eval/src/generated/java/com/android/tools/lint/checks/LayoutConsistencyDetector.java:60: error: method does not override or implement a method from a supertype
    @Override
    ^
/eval/src/generated/java/com/android/tools/lint/checks/LayoutConsistencyDetector.java:70: error: cannot find symbol
        File file = context.getFile();
        ^
  symbol:   class File
  location: class LayoutConsistencyDetector
/eval/src/generated/java/com/android/tools/lint/checks/LayoutConsistencyDetector.java:70: error: cannot find symbol
        File file = context.getFile();
                           ^
  symbol:   method getFile()
  location: variable context of type XmlContext
/eval/src/generated/java/com/android/tools/lint/checks/LayoutConsistencyDetector.java:71: error: cannot find symbol
        File parent = file.getParentFile();
        ^
  symbol:   class File
  location: class LayoutConsistencyDetector
/eval/src/generated/java/com/android/tools/lint/checks/LayoutConsistencyDetector.java:88: error: method does not override or implement a method from a supertype
    @Override
    ^
/eval/src/generated/java/com/android/tools/lint/checks/LayoutConsistencyDetector.java:139: error: method does not override or implement a method from a supertype
    @Override
    ^
/eval/src/generated/java/com/android/tools/lint/checks/LayoutConsistencyDetector.java:144: error: method does not override or implement a method from a supertype
    @Override
    ^
14 errors

FAILURE: Build failed with an exception.

* What went wrong:
Execution failed for task ':compileJava'.
> Compilation failed; see the compiler error output for details.

* Try:
> Run with --info option to get more log output.
> Run with --scan to get full insights.

BUILD FAILED in 4s
