e: file:///eval/src/generated/kotlin/com/android/tools/lint/checks/PictureInPictureDetector.kt:59:5 'supportsPartialResults' overrides nothing
e: file:///eval/src/generated/kotlin/com/android/tools/lint/checks/PictureInPictureDetector.kt:80:31 Unresolved reference: getMap
e: file:///eval/src/generated/kotlin/com/android/tools/lint/checks/PictureInPictureDetector.kt:89:32 Unresolved reference: sourcePsiElement
e: file:///eval/src/generated/kotlin/com/android/tools/lint/checks/PictureInPictureDetector.kt:111:17 Unresolved reference: setMap
e: file:///eval/src/generated/kotlin/com/android/tools/lint/checks/PictureInPictureDetector.kt:123:28 Unresolved reference: getMaps
e: file:///eval/src/generated/kotlin/com/android/tools/lint/checks/PictureInPictureDetector.kt:123:61 Unresolved reference: isEmpty
e: file:///eval/src/generated/kotlin/com/android/tools/lint/checks/PictureInPictureDetector.kt:127:27 Unresolved reference: getMap
e: file:///eval/src/generated/kotlin/com/android/tools/lint/checks/PictureInPictureDetector.kt:155:30 None of the following functions can be called with the arguments supplied: 
public final fun create(file: File, start: Position, end: Position?): Location defined in com.android.tools.lint.detector.api.Location.Companion
public final fun create(file: File, contents: String, line: Int): Location defined in com.android.tools.lint.detector.api.Location.Companion

FAILURE: Build failed with an exception.

* What went wrong:
Execution failed for task ':compileKotlin'.
> A failure occurred while executing org.jetbrains.kotlin.compilerRunner.GradleCompilerRunnerWithWorkers$GradleKotlinCompilerWorkAction
   > Compilation error. See log for more details

* Try:
> Run with --stacktrace option to get the stack trace.
> Run with --info or --debug option to get more log output.
> Run with --scan to get full insights.
> Get more help at https://help.gradle.org.

BUILD FAILED in 6s
