e: file:///eval/src/generated/kotlin/com/android/tools/lint/checks/ResourceCycleDetector.kt:9:33 Unresolved reference: ATTR_REF
e: file:///eval/src/generated/kotlin/com/android/tools/lint/checks/ResourceCycleDetector.kt:12:41 Unresolved reference: ResourceUrl
e: file:///eval/src/generated/kotlin/com/android/tools/lint/checks/ResourceCycleDetector.kt:30:43 Unresolved reference: ResourceUrl
e: file:///eval/src/generated/kotlin/com/android/tools/lint/checks/ResourceCycleDetector.kt:30:73 Unresolved reference: ResourceUrl
e: file:///eval/src/generated/kotlin/com/android/tools/lint/checks/ResourceCycleDetector.kt:45:75 Unresolved reference: ALL
e: file:///eval/src/generated/kotlin/com/android/tools/lint/checks/ResourceCycleDetector.kt:48:86 Unresolved reference: ATTR_REF
e: file:///eval/src/generated/kotlin/com/android/tools/lint/checks/ResourceCycleDetector.kt:54:52 Unresolved reference: type
e: file:///eval/src/generated/kotlin/com/android/tools/lint/checks/ResourceCycleDetector.kt:55:31 Unresolved reference: name
e: file:///eval/src/generated/kotlin/com/android/tools/lint/checks/ResourceCycleDetector.kt:59:30 Unresolved reference: ResourceUrl
e: file:///eval/src/generated/kotlin/com/android/tools/lint/checks/ResourceCycleDetector.kt:66:13 Unresolved reference: ResourceUrl
e: file:///eval/src/generated/kotlin/com/android/tools/lint/checks/ResourceCycleDetector.kt:66:44 Cannot infer a type for this parameter. Please specify it explicitly.
e: file:///eval/src/generated/kotlin/com/android/tools/lint/checks/ResourceCycleDetector.kt:67:73 Unresolved reference: type
e: file:///eval/src/generated/kotlin/com/android/tools/lint/checks/ResourceCycleDetector.kt:76:22 Unresolved reference: ResourceUrl
e: file:///eval/src/generated/kotlin/com/android/tools/lint/checks/ResourceCycleDetector.kt:77:20 Unresolved reference: packageName
e: file:///eval/src/generated/kotlin/com/android/tools/lint/checks/ResourceCycleDetector.kt:85:31 Unresolved reference: type
e: file:///eval/src/generated/kotlin/com/android/tools/lint/checks/ResourceCycleDetector.kt:86:31 Unresolved reference: type
e: file:///eval/src/generated/kotlin/com/android/tools/lint/checks/ResourceCycleDetector.kt:88:31 Unresolved reference: type
e: file:///eval/src/generated/kotlin/com/android/tools/lint/checks/ResourceCycleDetector.kt:89:31 Unresolved reference: type
e: file:///eval/src/generated/kotlin/com/android/tools/lint/checks/ResourceCycleDetector.kt:91:31 Unresolved reference: type
e: file:///eval/src/generated/kotlin/com/android/tools/lint/checks/ResourceCycleDetector.kt:92:31 Unresolved reference: type
e: file:///eval/src/generated/kotlin/com/android/tools/lint/checks/ResourceCycleDetector.kt:94:31 Unresolved reference: type
e: file:///eval/src/generated/kotlin/com/android/tools/lint/checks/ResourceCycleDetector.kt:95:31 Unresolved reference: type
e: file:///eval/src/generated/kotlin/com/android/tools/lint/checks/ResourceCycleDetector.kt:96:25 Unresolved reference: ATTR_REF
e: file:///eval/src/generated/kotlin/com/android/tools/lint/checks/ResourceCycleDetector.kt:97:31 Unresolved reference: type
e: file:///eval/src/generated/kotlin/com/android/tools/lint/checks/ResourceCycleDetector.kt:98:31 Unresolved reference: type
e: file:///eval/src/generated/kotlin/com/android/tools/lint/checks/ResourceCycleDetector.kt:111:69 Unresolved reference: ResourceUrl
e: file:///eval/src/generated/kotlin/com/android/tools/lint/checks/ResourceCycleDetector.kt:119:13 Unresolved reference: ResourceUrl
e: file:///eval/src/generated/kotlin/com/android/tools/lint/checks/ResourceCycleDetector.kt:121:35 Unresolved reference: resourceType
e: file:///eval/src/generated/kotlin/com/android/tools/lint/checks/ResourceCycleDetector.kt:122:13 Unresolved reference: ResourceUrl
e: file:///eval/src/generated/kotlin/com/android/tools/lint/checks/ResourceCycleDetector.kt:126:36 Unresolved reference: ResourceUrl
e: file:///eval/src/generated/kotlin/com/android/tools/lint/checks/ResourceCycleDetector.kt:126:53 Unresolved reference: ResourceUrl
e: file:///eval/src/generated/kotlin/com/android/tools/lint/checks/ResourceCycleDetector.kt:131:37 Unresolved reference: ResourceUrl
e: file:///eval/src/generated/kotlin/com/android/tools/lint/checks/ResourceCycleDetector.kt:132:36 Unresolved reference: ResourceUrl
e: file:///eval/src/generated/kotlin/com/android/tools/lint/checks/ResourceCycleDetector.kt:133:37 Unresolved reference: ResourceUrl
e: file:///eval/src/generated/kotlin/com/android/tools/lint/checks/ResourceCycleDetector.kt:134:35 Unresolved reference: ResourceUrl
e: file:///eval/src/generated/kotlin/com/android/tools/lint/checks/ResourceCycleDetector.kt:136:37 Unresolved reference: ResourceUrl
e: file:///eval/src/generated/kotlin/com/android/tools/lint/checks/ResourceCycleDetector.kt:141:67 Unresolved reference: first
e: file:///eval/src/generated/kotlin/com/android/tools/lint/checks/ResourceCycleDetector.kt:150:23 Unresolved reference: ResourceUrl
e: file:///eval/src/generated/kotlin/com/android/tools/lint/checks/ResourceCycleDetector.kt:165:31 Overload resolution ambiguity: 
public inline fun <T> Iterable<TypeVariable(T)>.forEach(action: (TypeVariable(T)) -> Unit): Unit defined in kotlin.collections
public inline fun <K, V> Map<out TypeVariable(K), TypeVariable(V)>.forEach(action: (Map.Entry<TypeVariable(K), TypeVariable(V)>) -> Unit): Unit defined in kotlin.collections
e: file:///eval/src/generated/kotlin/com/android/tools/lint/checks/ResourceCycleDetector.kt:165:41 Cannot infer a type for this parameter. Please specify it explicitly.

FAILURE: Build failed with an exception.

* What went wrong:
Execution failed for task ':compileKotlin'.
> A failure occurred while executing org.jetbrains.kotlin.compilerRunner.GradleCompilerRunnerWithWorkers$GradleKotlinCompilerWorkAction
   > Compilation error. See log for more details

* Try:
> Run with --stacktrace option to get the stack trace.
> Run with --info or --debug option to get more log output.
> Run with --scan to get full insights.
> Get more help at https://help.gradle.org.

BUILD FAILED in 6s
