/eval/src/generated/java/com/android/tools/lint/checks/BadHostnameVerifierDetector.java:24: error: cannot find symbol
public class BadHostnameVerifierDetector extends Detector implements SourceCodeScanner {
                                                                     ^
  symbol: class SourceCodeScanner
/eval/src/generated/java/com/android/tools/lint/checks/BadHostnameVerifierDetector.java:82: error: cannot find symbol
        if (UastUtils.isTrue(node.getReturnExpression())) {
                     ^
  symbol:   method isTrue(UExpression)
  location: class UastUtils
/eval/src/generated/java/com/android/tools/lint/checks/BadHostnameVerifierDetector.java:89: error: cannot find symbol
        if (thrown != null && UastUtils.isSubclassOf(thrown.getExpressionType(), "javax.net.ssl.SSLException")) {
                                                           ^
  symbol:   method getExpressionType()
  location: variable thrown of type UElement
Note: /eval/src/generated/java/com/android/tools/lint/checks/BadHostnameVerifierDetector.java uses or overrides a deprecated API.
Note: Recompile with -Xlint:deprecation for details.
3 errors

FAILURE: Build failed with an exception.

* What went wrong:
Execution failed for task ':compileJava'.
> Compilation failed; see the compiler error output for details.

* Try:
> Run with --info option to get more log output.
> Run with --scan to get full insights.

BUILD FAILED in 4s
