e: file:///eval/src/generated/kotlin/com/android/tools/lint/checks/ResourceCycleDetector.kt:4:41 Unresolved reference: ResourceUrl
e: file:///eval/src/generated/kotlin/com/android/tools/lint/checks/ResourceCycleDetector.kt:32:38 Unresolved reference: ResourceUrl
e: file:///eval/src/generated/kotlin/com/android/tools/lint/checks/ResourceCycleDetector.kt:32:62 Unresolved reference: ResourceUrl
e: file:///eval/src/generated/kotlin/com/android/tools/lint/checks/ResourceCycleDetector.kt:33:50 Unresolved reference: ResourceUrl
e: file:///eval/src/generated/kotlin/com/android/tools/lint/checks/ResourceCycleDetector.kt:63:48 Unresolved reference: ResourceUrl
e: file:///eval/src/generated/kotlin/com/android/tools/lint/checks/ResourceCycleDetector.kt:65:25 Unresolved reference: ResourceUrl
e: file:///eval/src/generated/kotlin/com/android/tools/lint/checks/ResourceCycleDetector.kt:66:23 Unresolved reference: packageName
e: file:///eval/src/generated/kotlin/com/android/tools/lint/checks/ResourceCycleDetector.kt:67:23 Unresolved reference: isCreate
e: file:///eval/src/generated/kotlin/com/android/tools/lint/checks/ResourceCycleDetector.kt:68:47 Unresolved reference: type
e: file:///eval/src/generated/kotlin/com/android/tools/lint/checks/ResourceCycleDetector.kt:73:36 Unresolved reference: ResourceUrl
e: file:///eval/src/generated/kotlin/com/android/tools/lint/checks/ResourceCycleDetector.kt:74:34 Unresolved reference: ResourceUrl
e: file:///eval/src/generated/kotlin/com/android/tools/lint/checks/ResourceCycleDetector.kt:75:34 Unresolved reference: ResourceUrl
e: file:///eval/src/generated/kotlin/com/android/tools/lint/checks/ResourceCycleDetector.kt:77:23 Unresolved reference: ResourceUrl
e: file:///eval/src/generated/kotlin/com/android/tools/lint/checks/ResourceCycleDetector.kt:103:59 Unresolved reference: ResourceUrl
e: file:///eval/src/generated/kotlin/com/android/tools/lint/checks/ResourceCycleDetector.kt:120:76 Unresolved reference: ResourceUrl
e: file:///eval/src/generated/kotlin/com/android/tools/lint/checks/ResourceCycleDetector.kt:121:59 Type mismatch: inferred type is File! but String! was expected
e: file:///eval/src/generated/kotlin/com/android/tools/lint/checks/ResourceCycleDetector.kt:125:39 Unresolved reference: getResourceType
e: file:///eval/src/generated/kotlin/com/android/tools/lint/checks/ResourceCycleDetector.kt:126:17 Unresolved reference: ResourceUrl
e: file:///eval/src/generated/kotlin/com/android/tools/lint/checks/ResourceCycleDetector.kt:131:63 Unresolved reference: ResourceUrl
e: file:///eval/src/generated/kotlin/com/android/tools/lint/checks/ResourceCycleDetector.kt:138:28 Unresolved reference: ResourceUrl

FAILURE: Build failed with an exception.

* What went wrong:
Execution failed for task ':compileKotlin'.
> A failure occurred while executing org.jetbrains.kotlin.compilerRunner.GradleCompilerRunnerWithWorkers$GradleKotlinCompilerWorkAction
   > Compilation error. See log for more details

* Try:
> Run with --stacktrace option to get the stack trace.
> Run with --info or --debug option to get more log output.
> Run with --scan to get full insights.
> Get more help at https://help.gradle.org.

BUILD FAILED in 7s
