/eval/src/generated/java/com/android/tools/lint/checks/UnsafeNativeCodeDetector.java:194: error: variable LOAD is already defined in class UnsafeNativeCodeDetector
        public static final Issue LOAD = ISSUE;
                                  ^
/eval/src/generated/java/com/android/tools/lint/checks/UnsafeNativeCodeDetector.java:48: error: incompatible types: inference variable T has incompatible bounds
        return Arrays.asList(LOAD, LOAD_LIBRARY);
                            ^
    equality constraints: String
    lower bounds: String,Issue
  where T is a type-variable:
    T extends Object declared in method <T>asList(T...)
/eval/src/generated/java/com/android/tools/lint/checks/UnsafeNativeCodeDetector.java:112: error: cannot find symbol
        checkDirectories(context, context.getProject().getAssetDirectories());
                                                      ^
  symbol:   method getAssetDirectories()
  location: class Project
/eval/src/generated/java/com/android/tools/lint/checks/UnsafeNativeCodeDetector.java:113: error: cannot find symbol
        checkDirectories(context, context.getProject().getResourceDirectories());
                                                      ^
  symbol:   method getResourceDirectories()
  location: class Project
4 errors

FAILURE: Build failed with an exception.

* What went wrong:
Execution failed for task ':compileJava'.
> Compilation failed; see the compiler error output for details.

* Try:
> Run with --info option to get more log output.
> Run with --scan to get full insights.

BUILD FAILED in 5s
