/eval/src/generated/java/com/android/tools/lint/checks/UnsafeNativeCodeDetector.java:34: error: method does not override or implement a method from a supertype
    @Override
    ^
/eval/src/generated/java/com/android/tools/lint/checks/UnsafeNativeCodeDetector.java:41: error: cannot find symbol
        String path = context.getRelativePath();
                             ^
  symbol:   method getRelativePath()
  location: variable context of type Context
/eval/src/generated/java/com/android/tools/lint/checks/UnsafeNativeCodeDetector.java:52: error: method getLocation in class Context cannot be applied to given types;
            context.report(ISSUE, context.getLocation(file),
                                         ^
  required: Object,LocationType
  found:    File
  reason: actual and formal argument lists differ in length
3 errors

FAILURE: Build failed with an exception.

* What went wrong:
Execution failed for task ':compileJava'.
> Compilation failed; see the compiler error output for details.

* Try:
> Run with --info option to get more log output.
> Run with --scan to get full insights.

BUILD FAILED in 5s
