/eval/src/generated/java/com/android/tools/lint/checks/TooManyViewsDetector.java:12: error: cannot find symbol
import org.jetbrains.annotations.NonNull;
                                ^
  symbol:   class NonNull
  location: package org.jetbrains.annotations
/eval/src/generated/java/com/android/tools/lint/checks/TooManyViewsDetector.java:45: error: cannot find symbol
    public void visitElement(@NonNull XmlContext context, @NonNull Element element) {
                              ^
  symbol:   class NonNull
  location: class TooManyViewsDetector
/eval/src/generated/java/com/android/tools/lint/checks/TooManyViewsDetector.java:45: error: cannot find symbol
    public void visitElement(@NonNull XmlContext context, @NonNull Element element) {
                                                           ^
  symbol:   class NonNull
  location: class TooManyViewsDetector
/eval/src/generated/java/com/android/tools/lint/checks/TooManyViewsDetector.java:50: error: cannot find symbol
    public void afterCheckFile(@NonNull Context context) {
                                ^
  symbol:   class NonNull
  location: class TooManyViewsDetector
/eval/src/generated/java/com/android/tools/lint/checks/TooManyViewsDetector.java:72: error: cannot find symbol
    private static int countElements(@NonNull Element element) {
                                      ^
  symbol:   class NonNull
  location: class TooManyViewsDetector
/eval/src/generated/java/com/android/tools/lint/checks/TooManyViewsDetector.java:59: error: cannot find symbol
        Element root = xmlContext.getDocument().getDocumentElement();
                                 ^
  symbol:   method getDocument()
  location: variable xmlContext of type XmlContext
6 errors

FAILURE: Build failed with an exception.

* What went wrong:
Execution failed for task ':compileJava'.
> Compilation failed; see the compiler error output for details.

* Try:
> Run with --info option to get more log output.
> Run with --scan to get full insights.

BUILD FAILED in 4s
