/eval/src/generated/java/com/android/tools/lint/checks/TooManyViewsDetector.java:33: error: method does not override or implement a method from a supertype
    @Override
    ^
/eval/src/generated/java/com/android/tools/lint/checks/TooManyViewsDetector.java:57: error: no suitable method found for report(Issue,Element,Location,String,int,int)
            context.report(ISSUE, element, context.getLocation(element),
                   ^
    method Context.report(Issue,Location,String,LintFix) is not applicable
      (actual and formal argument lists differ in length)
    method Context.report(Incident) is not applicable
      (actual and formal argument lists differ in length)
    method Context.report(Incident,Constraint) is not applicable
      (actual and formal argument lists differ in length)
    method Context.report(Incident,LintMap) is not applicable
      (actual and formal argument lists differ in length)
    method Context.report(Issue,Location,String) is not applicable
      (actual and formal argument lists differ in length)
    method XmlContext.report(Issue,Node,Location,String,LintFix) is not applicable
      (actual and formal argument lists differ in length)
    method XmlContext.report(Issue,Node,Location,String) is not applicable
      (actual and formal argument lists differ in length)
2 errors

FAILURE: Build failed with an exception.

* What went wrong:
Execution failed for task ':compileJava'.
> Compilation failed; see the compiler error output for details.

* Try:
> Run with --info option to get more log output.
> Run with --scan to get full insights.

BUILD FAILED in 4s
