e: file:///eval/src/generated/kotlin/com/android/tools/lint/checks/EmptySuperDetector.kt:13:27 Unresolved reference: AbstractUastVisitor
e: file:///eval/src/generated/kotlin/com/android/tools/lint/checks/EmptySuperDetector.kt:16:27 Unresolved reference: UElementHandler
e: file:///eval/src/generated/kotlin/com/android/tools/lint/checks/EmptySuperDetector.kt:20:27 Unresolved reference: UastUtils
e: file:///eval/src/generated/kotlin/com/android/tools/lint/checks/EmptySuperDetector.kt:47:57 Unresolved reference: UElementHandler
e: file:///eval/src/generated/kotlin/com/android/tools/lint/checks/EmptySuperDetector.kt:48:21 Unresolved reference: UElementHandler
e: file:///eval/src/generated/kotlin/com/android/tools/lint/checks/EmptySuperDetector.kt:51:7 'visitMethod' overrides nothing
e: file:///eval/src/generated/kotlin/com/android/tools/lint/checks/EmptySuperDetector.kt:57:21 Type mismatch: inferred type is `<no name provided>` but UastVisitor was expected
e: file:///eval/src/generated/kotlin/com/android/tools/lint/checks/EmptySuperDetector.kt:57:30 Unresolved reference: AbstractUastVisitor
e: file:///eval/src/generated/kotlin/com/android/tools/lint/checks/EmptySuperDetector.kt:58:11 'visitCallExpression' overrides nothing
e: file:///eval/src/generated/kotlin/com/android/tools/lint/checks/EmptySuperDetector.kt:59:17 Unresolved reference: UastUtils
e: file:///eval/src/generated/kotlin/com/android/tools/lint/checks/EmptySuperDetector.kt:60:28 Unresolved reference: visitCallExpression
e: file:///eval/src/generated/kotlin/com/android/tools/lint/checks/EmptySuperDetector.kt:63:26 Unresolved reference: visitCallExpression
e: file:///eval/src/generated/kotlin/com/android/tools/lint/checks/EmptySuperDetector.kt:68:7 'visitCallExpression' overrides nothing
e: file:///eval/src/generated/kotlin/com/android/tools/lint/checks/EmptySuperDetector.kt:69:22 Unresolved reference: UastUtils
e: file:///eval/src/generated/kotlin/com/android/tools/lint/checks/EmptySuperDetector.kt:70:32 Unresolved reference: javaPsi

FAILURE: Build failed with an exception.

* What went wrong:
Execution failed for task ':compileKotlin'.
> A failure occurred while executing org.jetbrains.kotlin.compilerRunner.GradleCompilerRunnerWithWorkers$GradleKotlinCompilerWorkAction
   > Compilation error. See log for more details

* Try:
> Run with --stacktrace option to get the stack trace.
> Run with --info or --debug option to get more log output.
> Run with --scan to get full insights.
> Get more help at https://help.gradle.org.

BUILD FAILED in 6s
