/eval/src/generated/java/com/android/tools/lint/checks/ExifInterfaceDetector.java:19: error: cannot find symbol
import org.jetbrains.uast.UElementHandler;
                         ^
  symbol:   class UElementHandler
  location: package org.jetbrains.uast
/eval/src/generated/java/com/android/tools/lint/checks/ExifInterfaceDetector.java:55: error: cannot find symbol
    public UElementHandler createUastHandler(JavaContext context) {
           ^
  symbol:   class UElementHandler
  location: class ExifInterfaceDetector
/eval/src/generated/java/com/android/tools/lint/checks/ExifInterfaceDetector.java:56: error: cannot find symbol
        return new UElementHandler() {
                   ^
  symbol:   class UElementHandler
  location: class ExifInterfaceDetector
/eval/src/generated/java/com/android/tools/lint/checks/ExifInterfaceDetector.java:57: error: method does not override or implement a method from a supertype
            @Override
            ^
/eval/src/generated/java/com/android/tools/lint/checks/ExifInterfaceDetector.java:62: error: method does not override or implement a method from a supertype
            @Override
            ^
/eval/src/generated/java/com/android/tools/lint/checks/ExifInterfaceDetector.java:67: error: method does not override or implement a method from a supertype
            @Override
            ^
/eval/src/generated/java/com/android/tools/lint/checks/ExifInterfaceDetector.java:72: error: method does not override or implement a method from a supertype
            @Override
            ^
/eval/src/generated/java/com/android/tools/lint/checks/ExifInterfaceDetector.java:83: error: cannot find symbol
            qualifiedName = ((UImportStatement) node).getQualifiedName();
                                                     ^
  symbol:   method getQualifiedName()
  location: interface UImportStatement
8 errors

FAILURE: Build failed with an exception.

* What went wrong:
Execution failed for task ':compileJava'.
> Compilation failed; see the compiler error output for details.

* Try:
> Run with --info option to get more log output.
> Run with --scan to get full insights.

BUILD FAILED in 4s
