/eval/src/generated/java/com/android/tools/lint/checks/IconDetector.java:5: error: cannot find symbol
import com.android.resources.DensityQualifier;
                            ^
  symbol:   class DensityQualifier
  location: package com.android.resources
/eval/src/generated/java/com/android/tools/lint/checks/IconDetector.java:6: error: cannot find symbol
import com.android.resources.FolderConfiguration;
                            ^
  symbol:   class FolderConfiguration
  location: package com.android.resources
/eval/src/generated/java/com/android/tools/lint/checks/IconDetector.java:35: error: cannot find symbol
public class IconDetector extends Detector implements SourceCodeScanner, XmlScanner {
                                                      ^
  symbol: class SourceCodeScanner
/eval/src/generated/java/com/android/tools/lint/checks/IconDetector.java:35: error: cannot find symbol
public class IconDetector extends Detector implements SourceCodeScanner, XmlScanner {
                                                                         ^
  symbol: class XmlScanner
/eval/src/generated/java/com/android/tools/lint/checks/IconDetector.java:51: error: type argument Density is not within bounds of type-variable E
    private final Map<String, EnumSet<Density>> iconDensities = new HashMap<>();
                                      ^
  where E is a type-variable:
    E extends Enum<E> declared in class EnumSet
/eval/src/generated/java/com/android/tools/lint/checks/IconDetector.java:63: error: type argument Density is not within bounds of type-variable E
        EnumSet<Density> required = EnumSet.of(Density.MEDIUM, Density.HIGH, Density.XHIGH, Density.XXHIGH, Density.XXXHIGH);
                ^
  where E is a type-variable:
    E extends Enum<E> declared in class EnumSet
/eval/src/generated/java/com/android/tools/lint/checks/IconDetector.java:63: error: no suitable method found for of(Density,Density,Density,Density,Density)
        EnumSet<Density> required = EnumSet.of(Density.MEDIUM, Density.HIGH, Density.XHIGH, Density.XXHIGH, Density.XXXHIGH);
                                           ^
    method EnumSet.<E#1>of(E#1) is not applicable
      (cannot infer type-variable(s) E#1
        (actual and formal argument lists differ in length))
    method EnumSet.<E#2>of(E#2,E#2) is not applicable
      (cannot infer type-variable(s) E#2
        (actual and formal argument lists differ in length))
    method EnumSet.<E#3>of(E#3,E#3,E#3) is not applicable
      (cannot infer type-variable(s) E#3
        (actual and formal argument lists differ in length))
    method EnumSet.<E#4>of(E#4,E#4,E#4,E#4) is not applicable
      (cannot infer type-variable(s) E#4
        (actual and formal argument lists differ in length))
    method EnumSet.<E#5>of(E#5,E#5,E#5,E#5,E#5) is not applicable
      (inference variable E#5 has incompatible bounds
        lower bounds: Enum<E#5>
        lower bounds: Density)
    method EnumSet.<E#6>of(E#6,E#6...) is not applicable
      (inference variable E#6 has incompatible bounds
        lower bounds: Enum<E#6>
        lower bounds: Density)
  where E#1,E#2,E#3,E#4,E#5,E#6 are type-variables:
    E#1 extends Enum<E#1> declared in method <E#1>of(E#1)
    E#2 extends Enum<E#2> declared in method <E#2>of(E#2,E#2)
    E#3 extends Enum<E#3> declared in method <E#3>of(E#3,E#3,E#3)
    E#4 extends Enum<E#4> declared in method <E#4>of(E#4,E#4,E#4,E#4)
    E#5 extends Enum<E#5> declared in method <E#5>of(E#5,E#5,E#5,E#5,E#5)
    E#6 extends Enum<E#6> declared in method <E#6>of(E#6,E#6...)
/eval/src/generated/java/com/android/tools/lint/checks/IconDetector.java:68: error: type argument Density is not within bounds of type-variable E
        for (Map.Entry<String, EnumSet<Density>> entry : iconDensities.entrySet()) {
                                       ^
  where E is a type-variable:
    E extends Enum<E> declared in class EnumSet
/eval/src/generated/java/com/android/tools/lint/checks/IconDetector.java:70: error: type argument Density is not within bounds of type-variable E
            EnumSet<Density> found = entry.getValue();
                    ^
  where E is a type-variable:
    E extends Enum<E> declared in class EnumSet
/eval/src/generated/java/com/android/tools/lint/checks/IconDetector.java:71: error: type argument Density is not within bounds of type-variable E
            EnumSet<Density> missing = EnumSet.copyOf(required);
                    ^
  where E is a type-variable:
    E extends Enum<E> declared in class EnumSet
/eval/src/generated/java/com/android/tools/lint/checks/IconDetector.java:71: error: no suitable method found for copyOf(EnumSet<Density>)
            EnumSet<Density> missing = EnumSet.copyOf(required);
                                              ^
    method EnumSet.<E#1>copyOf(EnumSet<E#1>) is not applicable
      (inference variable E#1 has incompatible bounds
        equality constraints: Density
        lower bounds: Enum<E#1>)
    method EnumSet.<E#2>copyOf(Collection<E#2>) is not applicable
      (inference variable E#2 has incompatible bounds
        equality constraints: Density
        lower bounds: Enum<E#2>)
  where E#1,E#2 are type-variables:
    E#1 extends Enum<E#1> declared in method <E#1>copyOf(EnumSet<E#1>)
    E#2 extends Enum<E#2> declared in method <E#2>copyOf(Collection<E#2>)
/eval/src/generated/java/com/android/tools/lint/checks/IconDetector.java:114: error: cannot find symbol
        FolderConfiguration config = context.getFolderConfiguration();
        ^
  symbol:   class FolderConfiguration
  location: class IconDetector
/eval/src/generated/java/com/android/tools/lint/checks/IconDetector.java:116: error: cannot find symbol
        DensityQualifier densityQualifier = config.getDensityQualifier();
        ^
  symbol:   class DensityQualifier
  location: class IconDetector
/eval/src/generated/java/com/android/tools/lint/checks/IconDetector.java:122: error: type argument Density is not within bounds of type-variable E
        EnumSet<Density> relevant = EnumSet.of(Density.MEDIUM, Density.HIGH, Density.XHIGH, Density.XXHIGH, Density.XXXHIGH);
                ^
  where E is a type-variable:
    E extends Enum<E> declared in class EnumSet
/eval/src/generated/java/com/android/tools/lint/checks/IconDetector.java:122: error: no suitable method found for of(Density,Density,Density,Density,Density)
        EnumSet<Density> relevant = EnumSet.of(Density.MEDIUM, Density.HIGH, Density.XHIGH, Density.XXHIGH, Density.XXXHIGH);
                                           ^
    method EnumSet.<E#1>of(E#1) is not applicable
      (cannot infer type-variable(s) E#1
        (actual and formal argument lists differ in length))
    method EnumSet.<E#2>of(E#2,E#2) is not applicable
      (cannot infer type-variable(s) E#2
        (actual and formal argument lists differ in length))
    method EnumSet.<E#3>of(E#3,E#3,E#3) is not applicable
      (cannot infer type-variable(s) E#3
        (actual and formal argument lists differ in length))
    method EnumSet.<E#4>of(E#4,E#4,E#4,E#4) is not applicable
      (cannot infer type-variable(s) E#4
        (actual and formal argument lists differ in length))
    method EnumSet.<E#5>of(E#5,E#5,E#5,E#5,E#5) is not applicable
      (inference variable E#5 has incompatible bounds
        lower bounds: Enum<E#5>
        lower bounds: Density)
    method EnumSet.<E#6>of(E#6,E#6...) is not applicable
      (inference variable E#6 has incompatible bounds
        lower bounds: Enum<E#6>
        lower bounds: Density)
  where E#1,E#2,E#3,E#4,E#5,E#6 are type-variables:
    E#1 extends Enum<E#1> declared in method <E#1>of(E#1)
    E#2 extends Enum<E#2> declared in method <E#2>of(E#2,E#2)
    E#3 extends Enum<E#3> declared in method <E#3>of(E#3,E#3,E#3)
    E#4 extends Enum<E#4> declared in method <E#4>of(E#4,E#4,E#4,E#4)
    E#5 extends Enum<E#5> declared in method <E#5>of(E#5,E#5,E#5,E#5,E#5)
    E#6 extends Enum<E#6> declared in method <E#6>of(E#6,E#6...)
/eval/src/generated/java/com/android/tools/lint/checks/IconDetector.java:126: error: method noneOf in class EnumSet<E#2> cannot be applied to given types;
            iconDensities.computeIfAbsent(baseName, k -> EnumSet.noneOf(Density.class)).add(density);
                                                                ^
  required: Class<E#1>
  found:    Class<Density>
  reason: inference variable E#1 has incompatible bounds
    equality constraints: Density
    lower bounds: Enum<E#1>
  where E#1,E#2 are type-variables:
    E#1 extends Enum<E#1> declared in method <E#1>noneOf(Class<E#1>)
    E#2 extends Enum<E#2> declared in class EnumSet
16 errors

FAILURE: Build failed with an exception.

* What went wrong:
Execution failed for task ':compileJava'.
> Compilation failed; see the compiler error output for details.

* Try:
> Run with --info option to get more log output.
> Run with --scan to get full insights.

BUILD FAILED in 7s
