/eval/src/generated/java/com/android/tools/lint/checks/IconDetector.java:28: error: cannot find symbol
public class IconDetector extends Detector implements Detector.SourceCodeScanner, Detector.XmlScanner, Detector.ResourceFolderScanner {
                                                              ^
  symbol:   class SourceCodeScanner
  location: class Detector
/eval/src/generated/java/com/android/tools/lint/checks/IconDetector.java:64: error: method does not override or implement a method from a supertype
    @Override
    ^
/eval/src/generated/java/com/android/tools/lint/checks/IconDetector.java:66: error: cannot find symbol
        java.io.File folder = context.getFolder();
                                     ^
  symbol:   method getFolder()
  location: variable context of type ResourceContext
/eval/src/generated/java/com/android/tools/lint/checks/IconDetector.java:93: error: method getLocation in class Context cannot be applied to given types;
                Incident incident = new Incident(ISSUE, message, context.getLocation(ninePatchFile));
                                                                        ^
  required: Object,LocationType
  found:    File
  reason: actual and formal argument lists differ in length
4 errors

FAILURE: Build failed with an exception.

* What went wrong:
Execution failed for task ':compileJava'.
> Compilation failed; see the compiler error output for details.

* Try:
> Run with --info option to get more log output.
> Run with --scan to get full insights.

BUILD FAILED in 6s
