/eval/src/generated/java/com/android/tools/lint/checks/OverdrawDetector.java:13: error: cannot find symbol
import static com.android.tools.lint.detector.api.ResourceFolderType.LAYOUT;
                                                 ^
  symbol:   class ResourceFolderType
  location: package com.android.tools.lint.detector.api
/eval/src/generated/java/com/android/tools/lint/checks/OverdrawDetector.java:13: error: static import only from classes and interfaces
import static com.android.tools.lint.detector.api.ResourceFolderType.LAYOUT;
^
/eval/src/generated/java/com/android/tools/lint/checks/OverdrawDetector.java:44: error: cannot find symbol
        return folderType == LAYOUT;
                             ^
  symbol:   variable LAYOUT
  location: class OverdrawDetector
/eval/src/generated/java/com/android/tools/lint/checks/OverdrawDetector.java:99: error: method does not override or implement a method from a supertype
    @Override
    ^
/eval/src/generated/java/com/android/tools/lint/checks/OverdrawDetector.java:119: error: method does not override or implement a method from a supertype
    @Override
    ^
5 errors

FAILURE: Build failed with an exception.

* What went wrong:
Execution failed for task ':compileJava'.
> Compilation failed; see the compiler error output for details.

* Try:
> Run with --info option to get more log output.
> Run with --scan to get full insights.

BUILD FAILED in 4s
