/eval/src/generated/java/com/android/tools/lint/checks/DuplicateIdDetector.java:25: error: cannot find symbol
                            DuplicateIdDetector.class, Scope.LAYOUT_RESOURCE_FILE_SCOPE));
                                                            ^
  symbol:   variable LAYOUT_RESOURCE_FILE_SCOPE
  location: class Scope
/eval/src/generated/java/com/android/tools/lint/checks/DuplicateIdDetector.java:44: error: method does not override or implement a method from a supertype
    @Override
    ^
/eval/src/generated/java/com/android/tools/lint/checks/DuplicateIdDetector.java:49: error: method does not override or implement a method from a supertype
    @Override
    ^
/eval/src/generated/java/com/android/tools/lint/checks/DuplicateIdDetector.java:95: error: method does not override or implement a method from a supertype
    @Override
    ^
4 errors

FAILURE: Build failed with an exception.

* What went wrong:
Execution failed for task ':compileJava'.
> Compilation failed; see the compiler error output for details.

* Try:
> Run with --info option to get more log output.
> Run with --scan to get full insights.

BUILD FAILED in 7s
