e: file:///eval/src/generated/kotlin/com/android/tools/lint/checks/WearableConfigurationActionDetector.kt:3:44 Unresolved reference: AndroidManifestConstants
e: file:///eval/src/generated/kotlin/com/android/tools/lint/checks/WearableConfigurationActionDetector.kt:23:19 Unresolved reference: MERGED_MANIFEST_SCOPE
e: file:///eval/src/generated/kotlin/com/android/tools/lint/checks/WearableConfigurationActionDetector.kt:56:29 Unresolved reference: isFile
e: file:///eval/src/generated/kotlin/com/android/tools/lint/checks/WearableConfigurationActionDetector.kt:58:58 Type mismatch: inferred type is Document but CharSequence was expected
e: file:///eval/src/generated/kotlin/com/android/tools/lint/checks/WearableConfigurationActionDetector.kt:58:74 Type mismatch: inferred type is Project but File was expected
e: file:///eval/src/generated/kotlin/com/android/tools/lint/checks/WearableConfigurationActionDetector.kt:61:45 Unresolved reference: AndroidManifestConstants
e: file:///eval/src/generated/kotlin/com/android/tools/lint/checks/WearableConfigurationActionDetector.kt:65:50 Unresolved reference: AndroidManifestConstants
e: file:///eval/src/generated/kotlin/com/android/tools/lint/checks/WearableConfigurationActionDetector.kt:70:17 Unresolved reference: AndroidManifestConstants
e: file:///eval/src/generated/kotlin/com/android/tools/lint/checks/WearableConfigurationActionDetector.kt:71:17 Unresolved reference: AndroidManifestConstants
e: file:///eval/src/generated/kotlin/com/android/tools/lint/checks/WearableConfigurationActionDetector.kt:80:13 Unresolved reference: AndroidManifestConstants
e: file:///eval/src/generated/kotlin/com/android/tools/lint/checks/WearableConfigurationActionDetector.kt:81:13 Unresolved reference: AndroidManifestConstants
e: file:///eval/src/generated/kotlin/com/android/tools/lint/checks/WearableConfigurationActionDetector.kt:89:21 Unresolved reference: AndroidManifestConstants
e: file:///eval/src/generated/kotlin/com/android/tools/lint/checks/WearableConfigurationActionDetector.kt:90:21 Unresolved reference: AndroidManifestConstants
e: file:///eval/src/generated/kotlin/com/android/tools/lint/checks/WearableConfigurationActionDetector.kt:121:45 Unresolved reference: AndroidManifestConstants
e: file:///eval/src/generated/kotlin/com/android/tools/lint/checks/WearableConfigurationActionDetector.kt:125:17 Unresolved reference: AndroidManifestConstants
e: file:///eval/src/generated/kotlin/com/android/tools/lint/checks/WearableConfigurationActionDetector.kt:126:17 Unresolved reference: AndroidManifestConstants
e: file:///eval/src/generated/kotlin/com/android/tools/lint/checks/WearableConfigurationActionDetector.kt:129:17 Unresolved reference: AndroidManifestConstants
e: file:///eval/src/generated/kotlin/com/android/tools/lint/checks/WearableConfigurationActionDetector.kt:130:17 Unresolved reference: AndroidManifestConstants
e: file:///eval/src/generated/kotlin/com/android/tools/lint/checks/WearableConfigurationActionDetector.kt:140:44 Unresolved reference: AndroidManifestConstants
e: file:///eval/src/generated/kotlin/com/android/tools/lint/checks/WearableConfigurationActionDetector.kt:146:55 Unresolved reference: AndroidManifestConstants
e: file:///eval/src/generated/kotlin/com/android/tools/lint/checks/WearableConfigurationActionDetector.kt:150:21 Unresolved reference: AndroidManifestConstants
e: file:///eval/src/generated/kotlin/com/android/tools/lint/checks/WearableConfigurationActionDetector.kt:151:21 Unresolved reference: AndroidManifestConstants
e: file:///eval/src/generated/kotlin/com/android/tools/lint/checks/WearableConfigurationActionDetector.kt:158:58 Unresolved reference: AndroidManifestConstants
e: file:///eval/src/generated/kotlin/com/android/tools/lint/checks/WearableConfigurationActionDetector.kt:162:21 Unresolved reference: AndroidManifestConstants
e: file:///eval/src/generated/kotlin/com/android/tools/lint/checks/WearableConfigurationActionDetector.kt:163:21 Unresolved reference: AndroidManifestConstants

FAILURE: Build failed with an exception.

* What went wrong:
Execution failed for task ':compileKotlin'.
> A failure occurred while executing org.jetbrains.kotlin.compilerRunner.GradleCompilerRunnerWithWorkers$GradleKotlinCompilerWorkAction
   > Compilation error. See log for more details

* Try:
> Run with --stacktrace option to get the stack trace.
> Run with --info or --debug option to get more log output.
> Run with --scan to get full insights.
> Get more help at https://help.gradle.org.

BUILD FAILED in 7s
