/eval/src/generated/java/com/android/tools/lint/checks/IconDetector.java:106: error: cannot find symbol
        if (context.getFolderType() == ResourceFolderType.DRAWABLE) {
                   ^
  symbol:   method getFolderType()
  location: variable context of type ResourceContext
/eval/src/generated/java/com/android/tools/lint/checks/IconDetector.java:114: error: method getLocation in class Context cannot be applied to given types;
                            context.getLocation(context.file),
                                   ^
  required: Object,LocationType
  found:    File
  reason: actual and formal argument lists differ in length
2 errors

FAILURE: Build failed with an exception.

* What went wrong:
Execution failed for task ':compileJava'.
> Compilation failed; see the compiler error output for details.

* Try:
> Run with --info option to get more log output.
> Run with --scan to get full insights.

BUILD FAILED in 5s
