e: file:///eval/src/generated/kotlin/com/android/tools/lint/checks/AppCompatCustomViewDetector.kt:10:44 Unresolved reference: UastScanner
e: file:///eval/src/generated/kotlin/com/android/tools/lint/checks/AppCompatCustomViewDetector.kt:14:27 Unresolved reference: UElementHandler
e: file:///eval/src/generated/kotlin/com/android/tools/lint/checks/AppCompatCustomViewDetector.kt:16:49 Unresolved reference: UastScanner
e: file:///eval/src/generated/kotlin/com/android/tools/lint/checks/AppCompatCustomViewDetector.kt:22:59 Unresolved reference: UElementHandler
e: file:///eval/src/generated/kotlin/com/android/tools/lint/checks/AppCompatCustomViewDetector.kt:23:25 Unresolved reference: UElementHandler
e: file:///eval/src/generated/kotlin/com/android/tools/lint/checks/AppCompatCustomViewDetector.kt:24:13 'visitClass' overrides nothing
e: file:///eval/src/generated/kotlin/com/android/tools/lint/checks/AppCompatCustomViewDetector.kt:30:48 Unresolved reference. None of the following candidates is applicable because of receiver type mismatch: 
public fun File.resolve(relative: File): File defined in kotlin.io
public fun File.resolve(relative: String): File defined in kotlin.io
e: file:///eval/src/generated/kotlin/com/android/tools/lint/checks/AppCompatCustomViewDetector.kt:37:25 Type mismatch: inferred type is UTypeReferenceExpression but Location was expected

FAILURE: Build failed with an exception.

* What went wrong:
Execution failed for task ':compileKotlin'.
> A failure occurred while executing org.jetbrains.kotlin.compilerRunner.GradleCompilerRunnerWithWorkers$GradleKotlinCompilerWorkAction
   > Compilation error. See log for more details

* Try:
> Run with --stacktrace option to get the stack trace.
> Run with --info or --debug option to get more log output.
> Run with --scan to get full insights.
> Get more help at https://help.gradle.org.

BUILD FAILED in 6s
