/eval/src/generated/java/com/android/tools/lint/checks/RequiredAttributeDetector.java:16: error: cannot find symbol
import org.jetbrains.annotations.NonNull;
                                ^
  symbol:   class NonNull
  location: package org.jetbrains.annotations
/eval/src/generated/java/com/android/tools/lint/checks/RequiredAttributeDetector.java:45: error: cannot find symbol
    public boolean appliesTo(@NonNull ResourceFolderType folderType) {
                              ^
  symbol:   class NonNull
  location: class RequiredAttributeDetector
/eval/src/generated/java/com/android/tools/lint/checks/RequiredAttributeDetector.java:50: error: cannot find symbol
    public void afterCheckRootProject(@NonNull Context context) {
                                       ^
  symbol:   class NonNull
  location: class RequiredAttributeDetector
/eval/src/generated/java/com/android/tools/lint/checks/RequiredAttributeDetector.java:60: error: cannot find symbol
    public void visitElement(@NonNull XmlContext context, @NonNull Element element) {
                              ^
  symbol:   class NonNull
  location: class RequiredAttributeDetector
/eval/src/generated/java/com/android/tools/lint/checks/RequiredAttributeDetector.java:60: error: cannot find symbol
    public void visitElement(@NonNull XmlContext context, @NonNull Element element) {
                                                           ^
  symbol:   class NonNull
  location: class RequiredAttributeDetector
/eval/src/generated/java/com/android/tools/lint/checks/RequiredAttributeDetector.java:97: error: cannot find symbol
    private boolean isGridLayout(@NonNull String tag) {
                                  ^
  symbol:   class NonNull
  location: class RequiredAttributeDetector
/eval/src/generated/java/com/android/tools/lint/checks/RequiredAttributeDetector.java:107: error: cannot find symbol
    public void visitMethodCall(@NonNull JavaContext context, @NonNull UCallExpression call, @Nullable PsiMethod method) {
                                 ^
  symbol:   class NonNull
  location: class RequiredAttributeDetector
/eval/src/generated/java/com/android/tools/lint/checks/RequiredAttributeDetector.java:107: error: cannot find symbol
    public void visitMethodCall(@NonNull JavaContext context, @NonNull UCallExpression call, @Nullable PsiMethod method) {
                                                               ^
  symbol:   class NonNull
  location: class RequiredAttributeDetector
8 errors

FAILURE: Build failed with an exception.

* What went wrong:
Execution failed for task ':compileJava'.
> Compilation failed; see the compiler error output for details.

* Try:
> Run with --info option to get more log output.
> Run with --scan to get full insights.

BUILD FAILED in 4s
