/eval/src/generated/java/com/android/tools/lint/checks/RtlDetector.java:24: error: cannot find symbol
            Category.BIDI,
                    ^
  symbol:   variable BIDI
  location: class Category
/eval/src/generated/java/com/android/tools/lint/checks/RtlDetector.java:35: error: incompatible types: inference variable T has incompatible bounds
        return Collections.singleton(ALL);
                                    ^
    equality constraints: String
    lower bounds: List<String>
  where T is a type-variable:
    T extends Object declared in method <T>singleton(T)
2 errors

FAILURE: Build failed with an exception.

* What went wrong:
Execution failed for task ':compileJava'.
> Compilation failed; see the compiler error output for details.

* Try:
> Run with --info option to get more log output.
> Run with --scan to get full insights.

BUILD FAILED in 6s
