/eval/src/generated/java/com/android/tools/lint/checks/AndroidTvDetector.java:39: error: method does not override or implement a method from a supertype
    @Override
    ^
/eval/src/generated/java/com/android/tools/lint/checks/AndroidTvDetector.java:42: error: cannot find symbol
        manifestElement = context.getDocument().getDocumentElement();
                                 ^
  symbol:   method getDocument()
  location: variable context of type XmlContext
/eval/src/generated/java/com/android/tools/lint/checks/AndroidTvDetector.java:53: error: method does not override or implement a method from a supertype
    @Override
    ^
3 errors

FAILURE: Build failed with an exception.

* What went wrong:
Execution failed for task ':compileJava'.
> Compilation failed; see the compiler error output for details.

* Try:
> Run with --info option to get more log output.
> Run with --scan to get full insights.

BUILD FAILED in 4s
