/eval/src/generated/java/com/android/tools/lint/checks/IconDetector.java:9: error: cannot find symbol
import com.android.tools.lint.detector.api.ResourceFolderInfo;
                                          ^
  symbol:   class ResourceFolderInfo
  location: package com.android.tools.lint.detector.api
/eval/src/generated/java/com/android/tools/lint/checks/IconDetector.java:43: error: cannot find symbol
    public void checkFolder(ResourceFolderInfo folder) {
                            ^
  symbol:   class ResourceFolderInfo
  location: class IconDetector
/eval/src/generated/java/com/android/tools/lint/checks/IconDetector.java:37: error: method does not override or implement a method from a supertype
    @Override
    ^
/eval/src/generated/java/com/android/tools/lint/checks/IconDetector.java:42: error: method does not override or implement a method from a supertype
    @Override
    ^
4 errors

FAILURE: Build failed with an exception.

* What went wrong:
Execution failed for task ':compileJava'.
> Compilation failed; see the compiler error output for details.

* Try:
> Run with --info option to get more log output.
> Run with --scan to get full insights.

BUILD FAILED in 5s
