/eval/src/generated/java/com/android/tools/lint/checks/BadHostnameVerifierDetector.java:9: error: cannot find symbol
import com.android.tools.lint.detector.api.JavaEvaluator;
                                          ^
  symbol:   class JavaEvaluator
  location: package com.android.tools.lint.detector.api
/eval/src/generated/java/com/android/tools/lint/checks/BadHostnameVerifierDetector.java:19: error: cannot find symbol
import org.jetbrains.uast.util.UastUtils;
                              ^
  symbol:   class UastUtils
  location: package org.jetbrains.uast.util
/eval/src/generated/java/com/android/tools/lint/checks/BadHostnameVerifierDetector.java:53: error: cannot find symbol
                UClass containingClass = node.getContainingUClass();
                                             ^
  symbol:   method getContainingUClass()
  location: variable node of type UMethod
/eval/src/generated/java/com/android/tools/lint/checks/BadHostnameVerifierDetector.java:58: error: cannot find symbol
                JavaEvaluator evaluator = context.getEvaluator();
                ^
  symbol: class JavaEvaluator
/eval/src/generated/java/com/android/tools/lint/checks/BadHostnameVerifierDetector.java:88: error: cannot find symbol
            List<UReturnExpression> returns = UastUtils.findAllDescendants(block, UReturnExpression.class);
                                              ^
  symbol:   variable UastUtils
  location: class BadHostnameVerifierDetector
/eval/src/generated/java/com/android/tools/lint/checks/BadHostnameVerifierDetector.java:105: error: cannot find symbol
        Object value = context.getEvaluator().evaluate(expr);
                                             ^
  symbol:   method evaluate(UExpression)
  location: class JavaEvaluator
6 errors

FAILURE: Build failed with an exception.

* What went wrong:
Execution failed for task ':compileJava'.
> Compilation failed; see the compiler error output for details.

* Try:
> Run with --info option to get more log output.
> Run with --scan to get full insights.

BUILD FAILED in 5s
