/eval/src/generated/java/com/android/tools/lint/checks/RegistrationDetector.java:77: error: cannot find symbol
        Map<String, Boolean> registered = (Map<String, Boolean>) context.getDriver().getProperty(KEY_REGISTERED);
                                                                                    ^
  symbol:   method getProperty(String)
  location: class LintDriver
/eval/src/generated/java/com/android/tools/lint/checks/RegistrationDetector.java:80: error: cannot find symbol
            context.getDriver().putProperty(KEY_REGISTERED, registered);
                               ^
  symbol:   method putProperty(String,Map<String,Boolean>)
  location: class LintDriver
/eval/src/generated/java/com/android/tools/lint/checks/RegistrationDetector.java:112: error: cannot find symbol
                    Map<String, Boolean> registered = (Map<String, Boolean>) context.getDriver().getProperty(KEY_REGISTERED);
                                                                                                ^
  symbol:   method getProperty(String)
  location: class LintDriver
/eval/src/generated/java/com/android/tools/lint/checks/RegistrationDetector.java:115: error: cannot find symbol
                        context.getDriver().putProperty(KEY_REGISTERED, registered);
                                           ^
  symbol:   method putProperty(String,Map<String,Boolean>)
  location: class LintDriver
4 errors

FAILURE: Build failed with an exception.

* What went wrong:
Execution failed for task ':compileJava'.
> Compilation failed; see the compiler error output for details.

* Try:
> Run with --info option to get more log output.
> Run with --scan to get full insights.

BUILD FAILED in 4s
