/eval/src/generated/java/com/android/tools/lint/checks/IconDetector.java:4: error: cannot find symbol
import com.android.ide.common.resources.configuration.Density;
                                                     ^
  symbol:   class Density
  location: package com.android.ide.common.resources.configuration
/eval/src/generated/java/com/android/tools/lint/checks/IconDetector.java:52: error: cannot find symbol
        Density density = densityQualifier.getValue();
        ^
  symbol:   class Density
  location: class IconDetector
/eval/src/generated/java/com/android/tools/lint/checks/IconDetector.java:54: error: cannot find symbol
                || density == Density.NODPI
                              ^
  symbol:   variable Density
  location: class IconDetector
/eval/src/generated/java/com/android/tools/lint/checks/IconDetector.java:55: error: cannot find symbol
                || density == Density.ANYDPI) {
                              ^
  symbol:   variable Density
  location: class IconDetector
/eval/src/generated/java/com/android/tools/lint/checks/IconDetector.java:64: error: cannot find symbol
        BufferedImage image = context.getImage();
                                     ^
  symbol:   method getImage()
  location: variable context of type ResourceContext
/eval/src/generated/java/com/android/tools/lint/checks/IconDetector.java:72: error: package Density does not exist
        int expectedSize = Math.round(48f * dpi / Density.MEDIUM.getDpiValue());
                                                         ^
6 errors

FAILURE: Build failed with an exception.

* What went wrong:
Execution failed for task ':compileJava'.
> Compilation failed; see the compiler error output for details.

* Try:
> Run with --info option to get more log output.
> Run with --scan to get full insights.

BUILD FAILED in 4s
