/eval/src/generated/java/com/android/tools/lint/checks/ManifestResourceDetector.java:8: error: cannot find symbol
import com.android.tools.lint.detector.api.ResourceUrl;
                                          ^
  symbol:   class ResourceUrl
  location: package com.android.tools.lint.detector.api
/eval/src/generated/java/com/android/tools/lint/checks/ManifestResourceDetector.java:53: error: cannot find symbol
        ResourceUrl url = ResourceUrl.parse(value);
        ^
  symbol:   class ResourceUrl
  location: class ManifestResourceDetector
/eval/src/generated/java/com/android/tools/lint/checks/ManifestResourceDetector.java:53: error: cannot find symbol
        ResourceUrl url = ResourceUrl.parse(value);
                          ^
  symbol:   variable ResourceUrl
  location: class ManifestResourceDetector
3 errors

FAILURE: Build failed with an exception.

* What went wrong:
Execution failed for task ':compileJava'.
> Compilation failed; see the compiler error output for details.

* Try:
> Run with --info option to get more log output.
> Run with --scan to get full insights.

BUILD FAILED in 4s
