/eval/src/generated/java/com/android/tools/lint/checks/IconDetector.java:185: error: cannot find symbol
    public Collection<String> getApplicableElements() {
           ^
  symbol:   class Collection
  location: class IconDetector
/eval/src/generated/java/com/android/tools/lint/checks/IconDetector.java:48: error: cannot find symbol
            Arrays.asList(Density.LDPI, Density.MDPI, Density.HDPI, Density.XHDPI);
                                 ^
  symbol:   variable LDPI
  location: class Density
/eval/src/generated/java/com/android/tools/lint/checks/IconDetector.java:48: error: cannot find symbol
            Arrays.asList(Density.LDPI, Density.MDPI, Density.HDPI, Density.XHDPI);
                                               ^
  symbol:   variable MDPI
  location: class Density
/eval/src/generated/java/com/android/tools/lint/checks/IconDetector.java:48: error: cannot find symbol
            Arrays.asList(Density.LDPI, Density.MDPI, Density.HDPI, Density.XHDPI);
                                                             ^
  symbol:   variable HDPI
  location: class Density
/eval/src/generated/java/com/android/tools/lint/checks/IconDetector.java:48: error: cannot find symbol
            Arrays.asList(Density.LDPI, Density.MDPI, Density.HDPI, Density.XHDPI);
                                                                           ^
  symbol:   variable XHDPI
  location: class Density
/eval/src/generated/java/com/android/tools/lint/checks/IconDetector.java:70: error: type argument Density is not within bounds of type-variable E
    private final Map<String, EnumSet<Density>> mDensities = new HashMap<>();
                                      ^
  where E is a type-variable:
    E extends Enum<E> declared in class EnumSet
/eval/src/generated/java/com/android/tools/lint/checks/IconDetector.java:83: error: cannot find symbol
        ResourceFolderType folderType = context.getResourceFolderType();
                                               ^
  symbol:   method getResourceFolderType()
  location: variable context of type Context
/eval/src/generated/java/com/android/tools/lint/checks/IconDetector.java:88: error: cannot find symbol
        File file = context.getFile();
                           ^
  symbol:   method getFile()
  location: variable context of type Context
/eval/src/generated/java/com/android/tools/lint/checks/IconDetector.java:102: error: method noneOf in class EnumSet<E#2> cannot be applied to given types;
        mDensities.computeIfAbsent(baseName, k -> EnumSet.noneOf(Density.class)).add(density);
                                                         ^
  required: Class<E#1>
  found:    Class<Density>
  reason: inference variable E#1 has incompatible bounds
    equality constraints: Density
    lower bounds: Enum<E#1>
  where E#1,E#2 are type-variables:
    E#1 extends Enum<E#1> declared in method <E#1>noneOf(Class<E#1>)
    E#2 extends Enum<E#2> declared in class EnumSet
/eval/src/generated/java/com/android/tools/lint/checks/IconDetector.java:108: error: type argument Density is not within bounds of type-variable E
        EnumSet<Density> required = getRequiredDensities();
                ^
  where E is a type-variable:
    E extends Enum<E> declared in class EnumSet
/eval/src/generated/java/com/android/tools/lint/checks/IconDetector.java:111: error: type argument Density is not within bounds of type-variable E
            EnumSet<Density> densities = mDensities.get(name);
                    ^
  where E is a type-variable:
    E extends Enum<E> declared in class EnumSet
/eval/src/generated/java/com/android/tools/lint/checks/IconDetector.java:116: error: type argument Density is not within bounds of type-variable E
            EnumSet<Density> missing = EnumSet.copyOf(required);
                    ^
  where E is a type-variable:
    E extends Enum<E> declared in class EnumSet
/eval/src/generated/java/com/android/tools/lint/checks/IconDetector.java:116: error: no suitable method found for copyOf(EnumSet<Density>)
            EnumSet<Density> missing = EnumSet.copyOf(required);
                                              ^
    method EnumSet.<E#1>copyOf(EnumSet<E#1>) is not applicable
      (inference variable E#1 has incompatible bounds
        equality constraints: Density
        lower bounds: Enum<E#1>)
    method EnumSet.<E#2>copyOf(Collection<E#2>) is not applicable
      (inference variable E#2 has incompatible bounds
        equality constraints: Density
        lower bounds: Enum<E#2>)
  where E#1,E#2 are type-variables:
    E#1 extends Enum<E#1> declared in method <E#1>copyOf(EnumSet<E#1>)
    E#2 extends Enum<E#2> declared in method <E#2>copyOf(Collection<E#2>)
/eval/src/generated/java/com/android/tools/lint/checks/IconDetector.java:134: error: cannot find symbol
            LintMap map = LintMap.obtain();
                                 ^
  symbol:   method obtain()
  location: class LintMap
/eval/src/generated/java/com/android/tools/lint/checks/IconDetector.java:135: error: cannot find symbol
            map.putString("name", name);
               ^
  symbol:   method putString(String,String)
  location: variable map of type LintMap
/eval/src/generated/java/com/android/tools/lint/checks/IconDetector.java:136: error: cannot find symbol
            map.putString("densities", joinDensities(densities));
               ^
  symbol:   method putString(String,String)
  location: variable map of type LintMap
/eval/src/generated/java/com/android/tools/lint/checks/IconDetector.java:138: error: no suitable constructor found for Incident(Issue,Location,String,LintMap)
            Incident incident = new Incident(ISSUE, Location.create(file), message, map);
                                ^
    constructor Incident.Incident(Issue,String,Location,LintFix) is not applicable
      (argument mismatch; Location cannot be converted to String)
    constructor Incident.Incident(Issue,Location,String,LintFix) is not applicable
      (argument mismatch; LintMap cannot be converted to LintFix)
    constructor Incident.Incident(Issue,Object,Location,String) is not applicable
      (argument mismatch; String cannot be converted to Location)
/eval/src/generated/java/com/android/tools/lint/checks/IconDetector.java:151: error: type argument Density is not within bounds of type-variable E
        EnumSet<Density> densities = EnumSet.noneOf(Density.class);
                ^
  where E is a type-variable:
    E extends Enum<E> declared in class EnumSet
/eval/src/generated/java/com/android/tools/lint/checks/IconDetector.java:151: error: method noneOf in class EnumSet<E#2> cannot be applied to given types;
        EnumSet<Density> densities = EnumSet.noneOf(Density.class);
                                            ^
  required: Class<E#1>
  found:    Class<Density>
  reason: inference variable E#1 has incompatible bounds
    equality constraints: Density
    lower bounds: Enum<E#1>
  where E#1,E#2 are type-variables:
    E#1 extends Enum<E#1> declared in method <E#1>noneOf(Class<E#1>)
    E#2 extends Enum<E#2> declared in class EnumSet
/eval/src/generated/java/com/android/tools/lint/checks/IconDetector.java:159: error: type argument Density is not within bounds of type-variable E
        EnumSet<Density> required = getRequiredDensities();
                ^
  where E is a type-variable:
    E extends Enum<E> declared in class EnumSet
/eval/src/generated/java/com/android/tools/lint/checks/IconDetector.java:160: error: type argument Density is not within bounds of type-variable E
        EnumSet<Density> missing = EnumSet.copyOf(required);
                ^
  where E is a type-variable:
    E extends Enum<E> declared in class EnumSet
/eval/src/generated/java/com/android/tools/lint/checks/IconDetector.java:160: error: no suitable method found for copyOf(EnumSet<Density>)
        EnumSet<Density> missing = EnumSet.copyOf(required);
                                          ^
    method EnumSet.<E#1>copyOf(EnumSet<E#1>) is not applicable
      (inference variable E#1 has incompatible bounds
        equality constraints: Density
        lower bounds: Enum<E#1>)
    method EnumSet.<E#2>copyOf(Collection<E#2>) is not applicable
      (inference variable E#2 has incompatible bounds
        equality constraints: Density
        lower bounds: Enum<E#2>)
  where E#1,E#2 are type-variables:
    E#1 extends Enum<E#1> declared in method <E#1>copyOf(EnumSet<E#1>)
    E#2 extends Enum<E#2> declared in method <E#2>copyOf(Collection<E#2>)
/eval/src/generated/java/com/android/tools/lint/checks/IconDetector.java:256: error: type argument Density is not within bounds of type-variable E
    private static EnumSet<Density> getRequiredDensities() {
                           ^
  where E is a type-variable:
    E extends Enum<E> declared in class EnumSet
/eval/src/generated/java/com/android/tools/lint/checks/IconDetector.java:257: error: type argument Density is not within bounds of type-variable E
        EnumSet<Density> required = EnumSet.of(Density.MDPI, Density.HDPI, Density.XHDPI);
                ^
  where E is a type-variable:
    E extends Enum<E> declared in class EnumSet
/eval/src/generated/java/com/android/tools/lint/checks/IconDetector.java:257: error: cannot find symbol
        EnumSet<Density> required = EnumSet.of(Density.MDPI, Density.HDPI, Density.XHDPI);
                                                      ^
  symbol:   variable MDPI
  location: class Density
/eval/src/generated/java/com/android/tools/lint/checks/IconDetector.java:257: error: cannot find symbol
        EnumSet<Density> required = EnumSet.of(Density.MDPI, Density.HDPI, Density.XHDPI);
                                                                    ^
  symbol:   variable HDPI
  location: class Density
/eval/src/generated/java/com/android/tools/lint/checks/IconDetector.java:257: error: cannot find symbol
        EnumSet<Density> required = EnumSet.of(Density.MDPI, Density.HDPI, Density.XHDPI);
                                                                                  ^
  symbol:   variable XHDPI
  location: class Density
/eval/src/generated/java/com/android/tools/lint/checks/IconDetector.java:259: error: cannot find symbol
            required.add(Density.LDPI);
                                ^
  symbol:   variable LDPI
  location: class Density
/eval/src/generated/java/com/android/tools/lint/checks/IconDetector.java:292: error: cannot find symbol
                return Density.LDPI;
                              ^
  symbol:   variable LDPI
  location: class Density
/eval/src/generated/java/com/android/tools/lint/checks/IconDetector.java:294: error: cannot find symbol
                return Density.MDPI;
                              ^
  symbol:   variable MDPI
  location: class Density
/eval/src/generated/java/com/android/tools/lint/checks/IconDetector.java:296: error: cannot find symbol
                return Density.TVDPI;
                              ^
  symbol:   variable TVDPI
  location: class Density
/eval/src/generated/java/com/android/tools/lint/checks/IconDetector.java:298: error: cannot find symbol
                return Density.HDPI;
                              ^
  symbol:   variable HDPI
  location: class Density
/eval/src/generated/java/com/android/tools/lint/checks/IconDetector.java:300: error: cannot find symbol
                return Density.XHDPI;
                              ^
  symbol:   variable XHDPI
  location: class Density
/eval/src/generated/java/com/android/tools/lint/checks/IconDetector.java:302: error: cannot find symbol
                return Density.XXHDPI;
                              ^
  symbol:   variable XXHDPI
  location: class Density
/eval/src/generated/java/com/android/tools/lint/checks/IconDetector.java:304: error: cannot find symbol
                return Density.XXXHDPI;
                              ^
  symbol:   variable XXXHDPI
  location: class Density
/eval/src/generated/java/com/android/tools/lint/checks/IconDetector.java:333: error: type argument Density is not within bounds of type-variable E
    private static String formatDensities(EnumSet<Density> densities) {
                                                  ^
  where E is a type-variable:
    E extends Enum<E> declared in class EnumSet
/eval/src/generated/java/com/android/tools/lint/checks/IconDetector.java:340: error: cannot find symbol
                sb.append(density.name().toLowerCase(Locale.ROOT));
                                 ^
  symbol:   method name()
  location: variable density of type Density
/eval/src/generated/java/com/android/tools/lint/checks/IconDetector.java:346: error: type argument Density is not within bounds of type-variable E
    private static String joinDensities(EnumSet<Density> densities) {
                                                ^
  where E is a type-variable:
    E extends Enum<E> declared in class EnumSet
/eval/src/generated/java/com/android/tools/lint/checks/IconDetector.java:352: error: cannot find symbol
            sb.append(density.name().toLowerCase(Locale.ROOT));
                             ^
  symbol:   method name()
  location: variable density of type Density
Note: Some messages have been simplified; recompile with -Xdiags:verbose to get full output
39 errors

FAILURE: Build failed with an exception.

* What went wrong:
Execution failed for task ':compileJava'.
> Compilation failed; see the compiler error output for details.

* Try:
> Run with --info option to get more log output.
> Run with --scan to get full insights.

BUILD FAILED in 4s
