/eval/src/generated/java/com/android/tools/lint/checks/AndroidTvDetector.java:13: error: cannot find symbol
import org.jetbrains.annotations.NonNull;
                                ^
  symbol:   class NonNull
  location: package org.jetbrains.annotations
/eval/src/generated/java/com/android/tools/lint/checks/AndroidTvDetector.java:52: error: cannot find symbol
    public void beforeCheckFile(@NonNull Context context) {
                                 ^
  symbol:   class NonNull
  location: class AndroidTvDetector
/eval/src/generated/java/com/android/tools/lint/checks/AndroidTvDetector.java:57: error: cannot find symbol
    public void visitElement(@NonNull XmlContext context, @NonNull Element element) {
                              ^
  symbol:   class NonNull
  location: class AndroidTvDetector
/eval/src/generated/java/com/android/tools/lint/checks/AndroidTvDetector.java:57: error: cannot find symbol
    public void visitElement(@NonNull XmlContext context, @NonNull Element element) {
                                                           ^
  symbol:   class NonNull
  location: class AndroidTvDetector
/eval/src/generated/java/com/android/tools/lint/checks/AndroidTvDetector.java:76: error: cannot find symbol
    private static boolean hasLeanbackLauncherIntentFilter(@NonNull Element activity) {
                                                            ^
  symbol:   class NonNull
  location: class AndroidTvDetector
/eval/src/generated/java/com/android/tools/lint/checks/AndroidTvDetector.java:93: error: cannot find symbol
    public void afterCheckFile(@NonNull Context context) {
                                ^
  symbol:   class NonNull
  location: class AndroidTvDetector
/eval/src/generated/java/com/android/tools/lint/checks/AndroidTvDetector.java:53: error: cannot find symbol
        context.putClientData(KEY_STATE, new FileState());
               ^
  symbol:   method putClientData(String,FileState)
  location: variable context of type Context
/eval/src/generated/java/com/android/tools/lint/checks/AndroidTvDetector.java:58: error: cannot find symbol
        FileState state = (FileState) context.getClientData(KEY_STATE);
                                             ^
  symbol:   method getClientData(String)
  location: variable context of type XmlContext
/eval/src/generated/java/com/android/tools/lint/checks/AndroidTvDetector.java:65: error: cannot find symbol
            state.appHasBanner = element.hasAttributeNS(SdkConstants.ANDROID_URI, SdkConstants.ATTR_BANNER);
                                                                                              ^
  symbol:   variable ATTR_BANNER
  location: class SdkConstants
/eval/src/generated/java/com/android/tools/lint/checks/AndroidTvDetector.java:94: error: cannot find symbol
        FileState state = (FileState) context.getClientData(KEY_STATE);
                                             ^
  symbol:   method getClientData(String)
  location: variable context of type Context
/eval/src/generated/java/com/android/tools/lint/checks/AndroidTvDetector.java:104: error: cannot find symbol
            if (!activity.hasAttributeNS(SdkConstants.ANDROID_URI, SdkConstants.ATTR_BANNER)) {
                                                                               ^
  symbol:   variable ATTR_BANNER
  location: class SdkConstants
/eval/src/generated/java/com/android/tools/lint/checks/AndroidTvDetector.java:105: error: method getLocation in class Context cannot be applied to given types;
                context.report(ISSUE, context.getLocation(activity),
                                             ^
  required: Object,LocationType
  found:    Element
  reason: actual and formal argument lists differ in length
12 errors

FAILURE: Build failed with an exception.

* What went wrong:
Execution failed for task ':compileJava'.
> Compilation failed; see the compiler error output for details.

* Try:
> Run with --info option to get more log output.
> Run with --scan to get full insights.

BUILD FAILED in 5s
