/eval/src/generated/java/com/android/tools/lint/checks/AlwaysShowActionDetector.java:24: error: cannot find symbol
public class AlwaysShowActionDetector extends ResourceXmlDetector
                                              ^
  symbol: class ResourceXmlDetector
/eval/src/generated/java/com/android/tools/lint/checks/AlwaysShowActionDetector.java:25: error: cannot find symbol
        implements SourceCodeScanner, XmlScanner {
                   ^
  symbol: class SourceCodeScanner
/eval/src/generated/java/com/android/tools/lint/checks/AlwaysShowActionDetector.java:25: error: cannot find symbol
        implements SourceCodeScanner, XmlScanner {
                                      ^
  symbol: class XmlScanner
/eval/src/generated/java/com/android/tools/lint/checks/AlwaysShowActionDetector.java:40: error: cannot find symbol
                            Scope.RESOURCE_XML_SCOPE,
                                 ^
  symbol:   variable RESOURCE_XML_SCOPE
  location: class Scope
/eval/src/generated/java/com/android/tools/lint/checks/AlwaysShowActionDetector.java:49: error: method does not override or implement a method from a supertype
    @Override
    ^
/eval/src/generated/java/com/android/tools/lint/checks/AlwaysShowActionDetector.java:54: error: method does not override or implement a method from a supertype
    @Override
    ^
/eval/src/generated/java/com/android/tools/lint/checks/AlwaysShowActionDetector.java:59: error: method does not override or implement a method from a supertype
    @Override
    ^
/eval/src/generated/java/com/android/tools/lint/checks/AlwaysShowActionDetector.java:65: error: method does not override or implement a method from a supertype
    @Override
    ^
/eval/src/generated/java/com/android/tools/lint/checks/AlwaysShowActionDetector.java:81: error: method does not override or implement a method from a supertype
    @Override
    ^
/eval/src/generated/java/com/android/tools/lint/checks/AlwaysShowActionDetector.java:92: error: no suitable method found for getLocation(no arguments)
                            : xmlContext.getLocation();
                                        ^
    method Context.getLocation(Object,LocationType) is not applicable
      (actual and formal argument lists differ in length)
    method XmlContext.getLocation(Node) is not applicable
      (actual and formal argument lists differ in length)
    method XmlContext.getLocation(Node,int,int) is not applicable
      (actual and formal argument lists differ in length)
/eval/src/generated/java/com/android/tools/lint/checks/AlwaysShowActionDetector.java:100: error: method does not override or implement a method from a supertype
    @Override
    ^
/eval/src/generated/java/com/android/tools/lint/checks/AlwaysShowActionDetector.java:105: error: method does not override or implement a method from a supertype
    @Override
    ^
/eval/src/generated/java/com/android/tools/lint/checks/AlwaysShowActionDetector.java:126: error: method does not override or implement a method from a supertype
    @Override
    ^
13 errors

FAILURE: Build failed with an exception.

* What went wrong:
Execution failed for task ':compileJava'.
> Compilation failed; see the compiler error output for details.

* Try:
> Run with --info option to get more log output.
> Run with --scan to get full insights.

BUILD FAILED in 3s
