e: file:///eval/src/generated/kotlin/com/android/tools/lint/checks/DiffUtilDetector.kt:20:61 Unresolved reference: javaPsi
e: file:///eval/src/generated/kotlin/com/android/tools/lint/checks/DiffUtilDetector.kt:34:39 Type mismatch: inferred type is DiffUtilDetector.SuspiciousEqualityVisitor but UastVisitor was expected
e: file:///eval/src/generated/kotlin/com/android/tools/lint/checks/DiffUtilDetector.kt:39:81 Unresolved reference: AbstractUastVisitor
e: file:///eval/src/generated/kotlin/com/android/tools/lint/checks/DiffUtilDetector.kt:40:9 'visitBinaryExpression' overrides nothing
e: file:///eval/src/generated/kotlin/com/android/tools/lint/checks/DiffUtilDetector.kt:62:26 Unresolved reference: visitBinaryExpression
e: file:///eval/src/generated/kotlin/com/android/tools/lint/checks/DiffUtilDetector.kt:65:9 'visitCallExpression' overrides nothing
e: file:///eval/src/generated/kotlin/com/android/tools/lint/checks/DiffUtilDetector.kt:67:62 Unresolved reference: visitCallExpression
e: file:///eval/src/generated/kotlin/com/android/tools/lint/checks/DiffUtilDetector.kt:68:73 Unresolved reference: visitCallExpression
e: file:///eval/src/generated/kotlin/com/android/tools/lint/checks/DiffUtilDetector.kt:77:26 Unresolved reference: visitCallExpression
e: file:///eval/src/generated/kotlin/com/android/tools/lint/checks/DiffUtilDetector.kt:87:42 Unresolved reference: isPrimitiveType
e: file:///eval/src/generated/kotlin/com/android/tools/lint/checks/DiffUtilDetector.kt:88:45 Unresolved reference: isPrimitiveType
e: file:///eval/src/generated/kotlin/com/android/tools/lint/checks/DiffUtilDetector.kt:120:38 Unresolved reference: isPrimitiveType

FAILURE: Build failed with an exception.

* What went wrong:
Execution failed for task ':compileKotlin'.
> A failure occurred while executing org.jetbrains.kotlin.compilerRunner.GradleCompilerRunnerWithWorkers$GradleKotlinCompilerWorkAction
   > Compilation error. See log for more details

* Try:
> Run with --stacktrace option to get the stack trace.
> Run with --info or --debug option to get more log output.
> Run with --scan to get full insights.
> Get more help at https://help.gradle.org.

BUILD FAILED in 6s
