/eval/src/generated/java/com/android/tools/lint/checks/IconDetector.java:15: error: cannot find symbol
import com.android.tools.lint.model.LintModelCondition;
                                   ^
  symbol:   class LintModelCondition
  location: package com.android.tools.lint.model
/eval/src/generated/java/com/android/tools/lint/checks/IconDetector.java:24: error: cannot find symbol
import org.jetbrains.uast.UElementHandler;
                         ^
  symbol:   class UElementHandler
  location: package org.jetbrains.uast
/eval/src/generated/java/com/android/tools/lint/checks/IconDetector.java:68: error: cannot find symbol
    public boolean filterIncident(Context context, Incident incident, LintModelCondition condition) {
                                                                      ^
  symbol:   class LintModelCondition
  location: class IconDetector
/eval/src/generated/java/com/android/tools/lint/checks/IconDetector.java:109: error: cannot find symbol
    public UElementHandler createUastHandler(JavaContext context) {
           ^
  symbol:   class UElementHandler
  location: class IconDetector
/eval/src/generated/java/com/android/tools/lint/checks/IconDetector.java:44: error: no suitable method found for of(EnumSet<Scope>,EnumSet<Scope>,EnumSet<Scope>)
                            EnumSet.of(Scope.MANIFEST_SCOPE, Scope.RESOURCE_FILE_SCOPE, Scope.JAVA_FILE_SCOPE)));
                                   ^
    method EnumSet.<E#1>of(E#1) is not applicable
      (cannot infer type-variable(s) E#1
        (actual and formal argument lists differ in length))
    method EnumSet.<E#2>of(E#2,E#2) is not applicable
      (cannot infer type-variable(s) E#2
        (actual and formal argument lists differ in length))
    method EnumSet.<E#3>of(E#3,E#3,E#3) is not applicable
      (inference variable E#3 has incompatible bounds
        lower bounds: Enum<E#3>
        lower bounds: EnumSet<Scope>)
    method EnumSet.<E#4>of(E#4,E#4,E#4,E#4) is not applicable
      (cannot infer type-variable(s) E#4
        (actual and formal argument lists differ in length))
    method EnumSet.<E#5>of(E#5,E#5,E#5,E#5,E#5) is not applicable
      (cannot infer type-variable(s) E#5
        (actual and formal argument lists differ in length))
    method EnumSet.<E#6>of(E#6,E#6...) is not applicable
      (inference variable E#6 has incompatible bounds
        lower bounds: Enum<E#6>
        lower bounds: EnumSet<Scope>)
  where E#1,E#2,E#3,E#4,E#5,E#6 are type-variables:
    E#1 extends Enum<E#1> declared in method <E#1>of(E#1)
    E#2 extends Enum<E#2> declared in method <E#2>of(E#2,E#2)
    E#3 extends Enum<E#3> declared in method <E#3>of(E#3,E#3,E#3)
    E#4 extends Enum<E#4> declared in method <E#4>of(E#4,E#4,E#4,E#4)
    E#5 extends Enum<E#5> declared in method <E#5>of(E#5,E#5,E#5,E#5,E#5)
    E#6 extends Enum<E#6> declared in method <E#6>of(E#6,E#6...)
/eval/src/generated/java/com/android/tools/lint/checks/IconDetector.java:52: error: appliesTo(Context,File) in IconDetector cannot override appliesTo(Context,File) in Detector
    public boolean appliesTo(Context context, File file) {
                   ^
  overridden method is final
/eval/src/generated/java/com/android/tools/lint/checks/IconDetector.java:110: error: cannot find symbol
        return new UElementHandler() {
                   ^
  symbol:   class UElementHandler
  location: class IconDetector
/eval/src/generated/java/com/android/tools/lint/checks/IconDetector.java:111: error: method does not override or implement a method from a supertype
            @Override
            ^
/eval/src/generated/java/com/android/tools/lint/checks/IconDetector.java:116: error: method does not override or implement a method from a supertype
            @Override
            ^
/eval/src/generated/java/com/android/tools/lint/checks/IconDetector.java:121: error: method does not override or implement a method from a supertype
            @Override
            ^
/eval/src/generated/java/com/android/tools/lint/checks/IconDetector.java:126: error: method does not override or implement a method from a supertype
            @Override
            ^
/eval/src/generated/java/com/android/tools/lint/checks/IconDetector.java:138: error: method does not override or implement a method from a supertype
    @Override
    ^
/eval/src/generated/java/com/android/tools/lint/checks/IconDetector.java:143: error: method does not override or implement a method from a supertype
    @Override
    ^
/eval/src/generated/java/com/android/tools/lint/checks/IconDetector.java:148: error: method does not override or implement a method from a supertype
    @Override
    ^
14 errors

FAILURE: Build failed with an exception.

* What went wrong:
Execution failed for task ':compileJava'.
> Compilation failed; see the compiler error output for details.

* Try:
> Run with --info option to get more log output.
> Run with --scan to get full insights.

BUILD FAILED in 4s
