/eval/src/generated/java/com/android/tools/lint/checks/OverdrawDetector.java:31: error: cannot find symbol
        implements SourceCodeScanner, XmlScanner {
                   ^
  symbol: class SourceCodeScanner
/eval/src/generated/java/com/android/tools/lint/checks/OverdrawDetector.java:31: error: cannot find symbol
        implements SourceCodeScanner, XmlScanner {
                                      ^
  symbol: class XmlScanner
/eval/src/generated/java/com/android/tools/lint/checks/OverdrawDetector.java:81: error: appliesTo(Context,File) in OverdrawDetector cannot override appliesTo(Context,File) in Detector
    public boolean appliesTo(@NonNull Context context, @NonNull File file) {
                   ^
  overridden method is final
/eval/src/generated/java/com/android/tools/lint/checks/OverdrawDetector.java:82: error: cannot find symbol
        return super.appliesTo(context, file) || context.getMainProject().isJavaFile(file);
                                                                         ^
  symbol:   method isJavaFile(File)
  location: class Project
/eval/src/generated/java/com/android/tools/lint/checks/OverdrawDetector.java:178: error: method does not override or implement a method from a supertype
    @Override
    ^
/eval/src/generated/java/com/android/tools/lint/checks/OverdrawDetector.java:188: error: method does not override or implement a method from a supertype
    @Override
    ^
Note: /eval/src/generated/java/com/android/tools/lint/checks/OverdrawDetector.java uses or overrides a deprecated API.
Note: Recompile with -Xlint:deprecation for details.
6 errors

FAILURE: Build failed with an exception.

* What went wrong:
Execution failed for task ':compileJava'.
> Compilation failed; see the compiler error output for details.

* Try:
> Run with --info option to get more log output.
> Run with --scan to get full insights.

BUILD FAILED in 7s
