/eval/src/generated/java/com/android/tools/lint/checks/ViewConstructorDetector.java:11: error: cannot find symbol
public class ViewConstructorDetector extends Detector implements UastScanner {
                                                                 ^
  symbol: class UastScanner
/eval/src/generated/java/com/android/tools/lint/checks/ViewConstructorDetector.java:37: error: cannot find symbol
    public UElementHandler createUastHandler(@NotNull JavaContext context) {
           ^
  symbol:   class UElementHandler
  location: class ViewConstructorDetector
/eval/src/generated/java/com/android/tools/lint/checks/ViewConstructorDetector.java:38: error: cannot find symbol
        return new UElementHandler() {
                   ^
  symbol:   class UElementHandler
  location: class ViewConstructorDetector
/eval/src/generated/java/com/android/tools/lint/checks/ViewConstructorDetector.java:39: error: method does not override or implement a method from a supertype
            @Override
            ^
/eval/src/generated/java/com/android/tools/lint/checks/ViewConstructorDetector.java:41: error: cannot find symbol
                if (node.isInterface() || node.isAbstract()) {
                                              ^
  symbol:   method isAbstract()
  location: variable node of type @org.jetbrains.annotations.NotNull UClass
/eval/src/generated/java/com/android/tools/lint/checks/ViewConstructorDetector.java:51: error: cannot find symbol
                JavaEvaluator evaluator = context.getEvaluator();
                ^
  symbol: class JavaEvaluator
/eval/src/generated/java/com/android/tools/lint/checks/ViewConstructorDetector.java:57: error: incompatible types: PsiMethod cannot be converted to UMethod
                for (UMethod constructor : node.getConstructors()) {
                                                               ^
Note: /eval/src/generated/java/com/android/tools/lint/checks/ViewConstructorDetector.java uses or overrides a deprecated API.
Note: Recompile with -Xlint:deprecation for details.
7 errors

FAILURE: Build failed with an exception.

* What went wrong:
Execution failed for task ':compileJava'.
> Compilation failed; see the compiler error output for details.

* Try:
> Run with --info option to get more log output.
> Run with --scan to get full insights.

BUILD FAILED in 4s
