/eval/src/generated/java/com/android/tools/lint/checks/NetworkSecurityConfigDetector.java:4: error: cannot find symbol
import static com.android.SdkConstants.TAG_CERTIFICATES;
^
  symbol:   static TAG_CERTIFICATES
  location: class SdkConstants
/eval/src/generated/java/com/android/tools/lint/checks/NetworkSecurityConfigDetector.java:5: error: cannot find symbol
import static com.android.SdkConstants.TAG_DEBUG_OVERRIDES;
^
  symbol:   static TAG_DEBUG_OVERRIDES
  location: class SdkConstants
/eval/src/generated/java/com/android/tools/lint/checks/NetworkSecurityConfigDetector.java:6: error: cannot find symbol
import static com.android.SdkConstants.TAG_NETWORK_SECURITY_CONFIG;
^
  symbol:   static TAG_NETWORK_SECURITY_CONFIG
  location: class SdkConstants
/eval/src/generated/java/com/android/tools/lint/checks/NetworkSecurityConfigDetector.java:38: error: cannot find symbol
                            NetworkSecurityConfigDetector.class, Scope.RESOURCE_XML_SCOPE));
                                                                      ^
  symbol:   variable RESOURCE_XML_SCOPE
  location: class Scope
/eval/src/generated/java/com/android/tools/lint/checks/NetworkSecurityConfigDetector.java:40: error: method does not override or implement a method from a supertype
    @Override
    ^
/eval/src/generated/java/com/android/tools/lint/checks/NetworkSecurityConfigDetector.java:54: error: cannot find symbol
        if (root == null || !TAG_NETWORK_SECURITY_CONFIG.equals(root.getTagName())) {
                             ^
  symbol:   variable TAG_NETWORK_SECURITY_CONFIG
  location: class NetworkSecurityConfigDetector
/eval/src/generated/java/com/android/tools/lint/checks/NetworkSecurityConfigDetector.java:62: error: cannot find symbol
        boolean inDebug = insideDebugOverrides || TAG_DEBUG_OVERRIDES.equals(tag);
                                                  ^
  symbol:   variable TAG_DEBUG_OVERRIDES
  location: class NetworkSecurityConfigDetector
/eval/src/generated/java/com/android/tools/lint/checks/NetworkSecurityConfigDetector.java:64: error: cannot find symbol
        if (!inDebug && TAG_CERTIFICATES.equals(tag)) {
                        ^
  symbol:   variable TAG_CERTIFICATES
  location: class NetworkSecurityConfigDetector
8 errors

FAILURE: Build failed with an exception.

* What went wrong:
Execution failed for task ':compileJava'.
> Compilation failed; see the compiler error output for details.

* Try:
> Run with --info option to get more log output.
> Run with --scan to get full insights.

BUILD FAILED in 5s
