/eval/src/generated/java/com/android/tools/lint/checks/VectorDetector.java:97: error: cannot find symbol
        LintMap map = LintMap.create();
                             ^
  symbol:   method create()
  location: class LintMap
/eval/src/generated/java/com/android/tools/lint/checks/VectorDetector.java:103: error: filterIncident(Context,Incident,LintMap) in VectorDetector cannot override filterIncident(Context,Incident,LintMap) in Detector
    public void filterIncident(
                ^
  return type void is not compatible with boolean
/eval/src/generated/java/com/android/tools/lint/checks/VectorDetector.java:102: error: method does not override or implement a method from a supertype
    @Override
    ^
/eval/src/generated/java/com/android/tools/lint/checks/VectorDetector.java:107: error: cannot find symbol
        Boolean useSupportLibrary = context.getProject().getVectorDrawablesUseSupportLibrary();
                                                        ^
  symbol:   method getVectorDrawablesUseSupportLibrary()
  location: class Project
4 errors

FAILURE: Build failed with an exception.

* What went wrong:
Execution failed for task ':compileJava'.
> Compilation failed; see the compiler error output for details.

* Try:
> Run with --info option to get more log output.
> Run with --scan to get full insights.

BUILD FAILED in 8s
