/eval/src/generated/java/com/android/tools/lint/checks/IconDetector.java:28: error: no suitable constructor found for Implementation(Class<IconDetector>,Scope)
            new Implementation(IconDetector.class, Scope.RESOURCE_FOLDER));
            ^
    constructor Implementation.Implementation(Class<? extends Detector>,EnumSet<Scope>) is not applicable
      (argument mismatch; Scope cannot be converted to EnumSet<Scope>)
    constructor Implementation.Implementation(Class<? extends Detector>,EnumSet<Scope>,EnumSet<Scope>...) is not applicable
      (argument mismatch; Scope cannot be converted to EnumSet<Scope>)
/eval/src/generated/java/com/android/tools/lint/checks/IconDetector.java:30: error: method does not override or implement a method from a supertype
    @Override
    ^
/eval/src/generated/java/com/android/tools/lint/checks/IconDetector.java:64: error: method getLocation in class Context cannot be applied to given types;
                Location location = context.getLocation(ninePatchFile);
                                           ^
  required: Object,LocationType
  found:    File
  reason: actual and formal argument lists differ in length
/eval/src/generated/java/com/android/tools/lint/checks/IconDetector.java:65: error: method getLocation in class Context cannot be applied to given types;
                Location secondary = context.getLocation(pngFile);
                                            ^
  required: Object,LocationType
  found:    File
  reason: actual and formal argument lists differ in length
4 errors

FAILURE: Build failed with an exception.

* What went wrong:
Execution failed for task ':compileJava'.
> Compilation failed; see the compiler error output for details.

* Try:
> Run with --info option to get more log output.
> Run with --scan to get full insights.

BUILD FAILED in 5s
