/eval/src/generated/java/com/android/tools/lint/checks/UnsafeNativeCodeDetector.java:16: error: cannot find symbol
public class UnsafeNativeCodeDetector extends Detector implements Detector.ResourceFolderDetector {
                                                                          ^
  symbol:   class ResourceFolderDetector
  location: class Detector
/eval/src/generated/java/com/android/tools/lint/checks/UnsafeNativeCodeDetector.java:23: error: cannot find symbol
            Scope.ALL_RESOURCE_FILES_SCOPE);
                 ^
  symbol:   variable ALL_RESOURCE_FILES_SCOPE
  location: class Scope
/eval/src/generated/java/com/android/tools/lint/checks/UnsafeNativeCodeDetector.java:42: error: method does not override or implement a method from a supertype
    @Override
    ^
3 errors

FAILURE: Build failed with an exception.

* What went wrong:
Execution failed for task ':compileJava'.
> Compilation failed; see the compiler error output for details.

* Try:
> Run with --info option to get more log output.
> Run with --scan to get full insights.

BUILD FAILED in 5s
