e: file:///eval/src/generated/kotlin/com/android/tools/lint/checks/PublicKeyCredentialDetector.kt:15:59 Unresolved reference: UElementHandler
e: file:///eval/src/generated/kotlin/com/android/tools/lint/checks/PublicKeyCredentialDetector.kt:16:25 Unresolved reference: UElementHandler
e: file:///eval/src/generated/kotlin/com/android/tools/lint/checks/PublicKeyCredentialDetector.kt:17:13 'visitCallExpression' overrides nothing
e: file:///eval/src/generated/kotlin/com/android/tools/lint/checks/PublicKeyCredentialDetector.kt:43:45 None of the following functions can be called with the arguments supplied: 
public abstract fun getAllAnnotations(owner: PsiModifierListOwner, inHierarchy: Boolean): Array<PsiAnnotation> defined in com.android.tools.lint.client.api.JavaEvaluator
public abstract fun getAllAnnotations(owner: UAnnotated, inHierarchy: Boolean = ...): List<UAnnotation> defined in com.android.tools.lint.client.api.JavaEvaluator
e: file:///eval/src/generated/kotlin/com/android/tools/lint/checks/PublicKeyCredentialDetector.kt:55:68 Unresolved reference: getFieldValue
e: file:///eval/src/generated/kotlin/com/android/tools/lint/checks/PublicKeyCredentialDetector.kt:83:23 Unresolved reference: GREATER_OR_EQUAL
e: file:///eval/src/generated/kotlin/com/android/tools/lint/checks/PublicKeyCredentialDetector.kt:83:49 Unresolved reference: GREATER
e: file:///eval/src/generated/kotlin/com/android/tools/lint/checks/PublicKeyCredentialDetector.kt:86:53 Unresolved reference: GREATER_OR_EQUAL
e: file:///eval/src/generated/kotlin/com/android/tools/lint/checks/PublicKeyCredentialDetector.kt:86:103 Unresolved reference: GREATER
e: file:///eval/src/generated/kotlin/com/android/tools/lint/checks/PublicKeyCredentialDetector.kt:90:30 Unresolved reference: LESS_OR_EQUAL
e: file:///eval/src/generated/kotlin/com/android/tools/lint/checks/PublicKeyCredentialDetector.kt:90:53 Unresolved reference: LESS
e: file:///eval/src/generated/kotlin/com/android/tools/lint/checks/PublicKeyCredentialDetector.kt:93:52 Unresolved reference: LESS_OR_EQUAL
e: file:///eval/src/generated/kotlin/com/android/tools/lint/checks/PublicKeyCredentialDetector.kt:93:98 Unresolved reference: LESS

FAILURE: Build failed with an exception.

* What went wrong:
Execution failed for task ':compileKotlin'.
> A failure occurred while executing org.jetbrains.kotlin.compilerRunner.GradleCompilerRunnerWithWorkers$GradleKotlinCompilerWorkAction
   > Compilation error. See log for more details

* Try:
> Run with --stacktrace option to get the stack trace.
> Run with --info or --debug option to get more log output.
> Run with --scan to get full insights.
> Get more help at https://help.gradle.org.

BUILD FAILED in 10s
