/eval/src/generated/java/com/android/tools/lint/checks/IconDetector.java:70: error: method getLocation in class Context cannot be applied to given types;
                    context.report(ISSUE, context.getLocation(file),
                                                 ^
  required: Object,LocationType
  found:    File
  reason: actual and formal argument lists differ in length
/eval/src/generated/java/com/android/tools/lint/checks/IconDetector.java:75: error: method getLocation in class Context cannot be applied to given types;
                    context.report(ISSUE, context.getLocation(file),
                                                 ^
  required: Object,LocationType
  found:    File
  reason: actual and formal argument lists differ in length
/eval/src/generated/java/com/android/tools/lint/checks/IconDetector.java:86: error: method getLocation in class Context cannot be applied to given types;
                        context.report(ISSUE, context.getLocation(file),
                                                     ^
  required: Object,LocationType
  found:    File
  reason: actual and formal argument lists differ in length
/eval/src/generated/java/com/android/tools/lint/checks/IconDetector.java:91: error: method getLocation in class Context cannot be applied to given types;
                        context.report(ISSUE, context.getLocation(file),
                                                     ^
  required: Object,LocationType
  found:    File
  reason: actual and formal argument lists differ in length
4 errors

FAILURE: Build failed with an exception.

* What went wrong:
Execution failed for task ':compileJava'.
> Compilation failed; see the compiler error output for details.

* Try:
> Run with --info option to get more log output.
> Run with --scan to get full insights.

BUILD FAILED in 4s
