/eval/src/generated/java/com/android/tools/lint/checks/OverdrawDetector.java:58: error: cannot find symbol
            new Implementation(OverdrawDetector.class, Scope.ALL_SCOPE));
                                                            ^
  symbol:   variable ALL_SCOPE
  location: class Scope
/eval/src/generated/java/com/android/tools/lint/checks/OverdrawDetector.java:64: error: appliesTo(Context,File) in OverdrawDetector cannot override appliesTo(Context,File) in Detector
    public boolean appliesTo(@NonNull Context context, @NonNull File file) {
                   ^
  overridden method is final
/eval/src/generated/java/com/android/tools/lint/checks/OverdrawDetector.java:114: error: method does not override or implement a method from a supertype
    @Override
    ^
/eval/src/generated/java/com/android/tools/lint/checks/OverdrawDetector.java:132: error: method does not override or implement a method from a supertype
    @Override
    ^
4 errors

FAILURE: Build failed with an exception.

* What went wrong:
Execution failed for task ':compileJava'.
> Compilation failed; see the compiler error output for details.

* Try:
> Run with --info option to get more log output.
> Run with --scan to get full insights.

BUILD FAILED in 4s
