/eval/src/generated/java/com/android/tools/lint/checks/VectorDetector.java:4: error: cannot find symbol
import static com.android.SdkConstants.ATTR_FILL_TYPE;
^
  symbol:   static ATTR_FILL_TYPE
  location: class SdkConstants
/eval/src/generated/java/com/android/tools/lint/checks/VectorDetector.java:6: error: cannot find symbol
import static com.android.SdkConstants.TAG_MASK;
^
  symbol:   static TAG_MASK
  location: class SdkConstants
/eval/src/generated/java/com/android/tools/lint/checks/VectorDetector.java:9: error: cannot find symbol
import static com.android.SdkConstants.VALUE_EVEN_ODD;
^
  symbol:   static VALUE_EVEN_ODD
  location: class SdkConstants
/eval/src/generated/java/com/android/tools/lint/checks/VectorDetector.java:74: error: cannot find symbol
        } else if (TAG_MASK.equals(tagName)) {
                   ^
  symbol:   variable TAG_MASK
  location: class VectorDetector
/eval/src/generated/java/com/android/tools/lint/checks/VectorDetector.java:81: error: cannot find symbol
            String fillType = element.getAttributeNS(ANDROID_URI, ATTR_FILL_TYPE);
                                                                  ^
  symbol:   variable ATTR_FILL_TYPE
  location: class VectorDetector
/eval/src/generated/java/com/android/tools/lint/checks/VectorDetector.java:82: error: cannot find symbol
            if (VALUE_EVEN_ODD.equals(fillType)) {
                ^
  symbol:   variable VALUE_EVEN_ODD
  location: class VectorDetector
/eval/src/generated/java/com/android/tools/lint/checks/VectorDetector.java:106: error: method does not override or implement a method from a supertype
    @Override
    ^
/eval/src/generated/java/com/android/tools/lint/checks/VectorDetector.java:128: error: incompatible types: AndroidVersion cannot be converted to int
        int minSdk = project.getMinSdkVersion();
                                             ^
8 errors

FAILURE: Build failed with an exception.

* What went wrong:
Execution failed for task ':compileJava'.
> Compilation failed; see the compiler error output for details.

* Try:
> Run with --info option to get more log output.
> Run with --scan to get full insights.

BUILD FAILED in 5s
