/eval/src/generated/java/com/android/tools/lint/checks/AlwaysShowActionDetector.java:69: error: method does not override or implement a method from a supertype
    @Override
    ^
/eval/src/generated/java/com/android/tools/lint/checks/AlwaysShowActionDetector.java:93: error: method does not override or implement a method from a supertype
    @Override
    ^
/eval/src/generated/java/com/android/tools/lint/checks/AlwaysShowActionDetector.java:124: error: cannot find symbol
        String name = reference.getReferenceName();
                               ^
  symbol:   method getReferenceName()
  location: variable reference of type UReferenceExpression
3 errors

FAILURE: Build failed with an exception.

* What went wrong:
Execution failed for task ':compileJava'.
> Compilation failed; see the compiler error output for details.

* Try:
> Run with --info option to get more log output.
> Run with --scan to get full insights.

BUILD FAILED in 3s
