/eval/src/generated/java/com/android/tools/lint/checks/AllowAllHostnameVerifierDetector.java:15: error: cannot find symbol
import org.jetbrains.uast.UBooleanLiteral;
                         ^
  symbol:   class UBooleanLiteral
  location: package org.jetbrains.uast
/eval/src/generated/java/com/android/tools/lint/checks/AllowAllHostnameVerifierDetector.java:21: error: cannot find symbol
public class AllowAllHostnameVerifierDetector extends Detector implements Detector.SourceCodeScanner {
                                                                                  ^
  symbol:   class SourceCodeScanner
  location: class Detector
/eval/src/generated/java/com/android/tools/lint/checks/AllowAllHostnameVerifierDetector.java:82: error: cannot find symbol
        if (expression instanceof UBooleanLiteral) {
                                  ^
  symbol:   class UBooleanLiteral
  location: class AllowAllHostnameVerifierDetector
/eval/src/generated/java/com/android/tools/lint/checks/AllowAllHostnameVerifierDetector.java:83: error: cannot find symbol
            return Boolean.TRUE.equals(((UBooleanLiteral) expression).getValue());
                                         ^
  symbol:   class UBooleanLiteral
  location: class AllowAllHostnameVerifierDetector
4 errors

FAILURE: Build failed with an exception.

* What went wrong:
Execution failed for task ':compileJava'.
> Compilation failed; see the compiler error output for details.

* Try:
> Run with --info option to get more log output.
> Run with --scan to get full insights.

BUILD FAILED in 4s
