/eval/src/generated/java/com/android/tools/lint/checks/ExifInterfaceDetector.java:21: error: cannot find symbol
import org.jetbrains.uast.UElementHandler;
                         ^
  symbol:   class UElementHandler
  location: package org.jetbrains.uast
/eval/src/generated/java/com/android/tools/lint/checks/ExifInterfaceDetector.java:59: error: cannot find symbol
    public UElementHandler createUastHandler(JavaContext context) {
           ^
  symbol:   class UElementHandler
  location: class ExifInterfaceDetector
/eval/src/generated/java/com/android/tools/lint/checks/ExifInterfaceDetector.java:76: error: cannot find symbol
    private static class ExifInterfaceVisitor extends UElementHandler {
                                                      ^
  symbol:   class UElementHandler
  location: class ExifInterfaceDetector
/eval/src/generated/java/com/android/tools/lint/checks/ExifInterfaceDetector.java:83: error: method does not override or implement a method from a supertype
        @Override
        ^
/eval/src/generated/java/com/android/tools/lint/checks/ExifInterfaceDetector.java:94: error: method does not override or implement a method from a supertype
        @Override
        ^
/eval/src/generated/java/com/android/tools/lint/checks/ExifInterfaceDetector.java:115: error: method does not override or implement a method from a supertype
        @Override
        ^
/eval/src/generated/java/com/android/tools/lint/checks/ExifInterfaceDetector.java:124: error: method does not override or implement a method from a supertype
        @Override
        ^
7 errors

FAILURE: Build failed with an exception.

* What went wrong:
Execution failed for task ':compileJava'.
> Compilation failed; see the compiler error output for details.

* Try:
> Run with --info option to get more log output.
> Run with --scan to get full insights.

BUILD FAILED in 5s
