/eval/src/generated/java/com/android/tools/lint/checks/IconDetector.java:3: error: cannot find symbol
import com.android.resources.DensityQualifier;
                            ^
  symbol:   class DensityQualifier
  location: package com.android.resources
/eval/src/generated/java/com/android/tools/lint/checks/IconDetector.java:5: error: cannot find symbol
import com.android.resources.ResourceQualifier;
                            ^
  symbol:   class ResourceQualifier
  location: package com.android.resources
/eval/src/generated/java/com/android/tools/lint/checks/IconDetector.java:12: error: cannot find symbol
import com.android.tools.lint.detector.api.ResourceFolder;
                                          ^
  symbol:   class ResourceFolder
  location: package com.android.tools.lint.detector.api
/eval/src/generated/java/com/android/tools/lint/checks/IconDetector.java:36: error: method does not override or implement a method from a supertype
    @Override
    ^
/eval/src/generated/java/com/android/tools/lint/checks/IconDetector.java:41: error: method does not override or implement a method from a supertype
    @Override
    ^
/eval/src/generated/java/com/android/tools/lint/checks/IconDetector.java:43: error: cannot find symbol
        ResourceFolder folder = context.getResourceFolder();
        ^
  symbol:   class ResourceFolder
  location: class IconDetector
/eval/src/generated/java/com/android/tools/lint/checks/IconDetector.java:43: error: getResourceFolder() has protected access in ResourceContext
        ResourceFolder folder = context.getResourceFolder();
                                       ^
/eval/src/generated/java/com/android/tools/lint/checks/IconDetector.java:49: error: cannot find symbol
        for (ResourceQualifier qualifier : folder.getQualifiers()) {
             ^
  symbol:   class ResourceQualifier
  location: class IconDetector
/eval/src/generated/java/com/android/tools/lint/checks/IconDetector.java:50: error: cannot find symbol
            if (qualifier instanceof DensityQualifier) {
                                     ^
  symbol:   class DensityQualifier
  location: class IconDetector
9 errors

FAILURE: Build failed with an exception.

* What went wrong:
Execution failed for task ':compileJava'.
> Compilation failed; see the compiler error output for details.

* Try:
> Run with --info option to get more log output.
> Run with --scan to get full insights.

BUILD FAILED in 5s
