/eval/src/generated/java/com/android/tools/lint/checks/VectorDetector.java:59: error: cannot find symbol
        if (context.getMinSdk() != null && context.getMinSdk().getApiLevel() >= 24) return;
                   ^
  symbol:   method getMinSdk()
  location: variable context of type XmlContext
/eval/src/generated/java/com/android/tools/lint/checks/VectorDetector.java:59: error: cannot find symbol
        if (context.getMinSdk() != null && context.getMinSdk().getApiLevel() >= 24) return;
                                                  ^
  symbol:   method getMinSdk()
  location: variable context of type XmlContext
/eval/src/generated/java/com/android/tools/lint/checks/VectorDetector.java:74: error: incompatible types: String cannot be converted to LocationType
                context.report(ISSUE, element, context.getLocation(element, "fillType"),
                                                                            ^
Note: Some messages have been simplified; recompile with -Xdiags:verbose to get full output
3 errors

FAILURE: Build failed with an exception.

* What went wrong:
Execution failed for task ':compileJava'.
> Compilation failed; see the compiler error output for details.

* Try:
> Run with --info option to get more log output.
> Run with --scan to get full insights.

BUILD FAILED in 4s
