/eval/src/generated/java/com/android/tools/lint/checks/ManifestResourceDetector.java:6: error: cannot find symbol
import com.android.ide.common.resources.ResourceUrl;
                                       ^
  symbol:   class ResourceUrl
  location: package com.android.ide.common.resources
/eval/src/generated/java/com/android/tools/lint/checks/ManifestResourceDetector.java:38: error: cannot find symbol
        return ALL_ATTRIBUTES;
               ^
  symbol:   variable ALL_ATTRIBUTES
  location: class ManifestResourceDetector
/eval/src/generated/java/com/android/tools/lint/checks/ManifestResourceDetector.java:52: error: cannot find symbol
        ResourceUrl url = ResourceUrl.parse(value);
        ^
  symbol:   class ResourceUrl
  location: class ManifestResourceDetector
/eval/src/generated/java/com/android/tools/lint/checks/ManifestResourceDetector.java:52: error: cannot find symbol
        ResourceUrl url = ResourceUrl.parse(value);
                          ^
  symbol:   variable ResourceUrl
  location: class ManifestResourceDetector
/eval/src/generated/java/com/android/tools/lint/checks/ManifestResourceDetector.java:58: error: incompatible types: boolean cannot be converted to ResourceRepositoryScope
                context.getDriver().getClient().getResources(context.getProject(), true);
                                                                                   ^
/eval/src/generated/java/com/android/tools/lint/checks/ManifestResourceDetector.java:87: error: cannot find symbol
                            config.getQualifiersString()));
                                  ^
  symbol:   method getQualifiersString()
  location: variable config of type FolderConfiguration
Note: Some messages have been simplified; recompile with -Xdiags:verbose to get full output
6 errors

FAILURE: Build failed with an exception.

* What went wrong:
Execution failed for task ':compileJava'.
> Compilation failed; see the compiler error output for details.

* Try:
> Run with --info option to get more log output.
> Run with --scan to get full insights.

BUILD FAILED in 4s
