/eval/src/generated/java/com/android/tools/lint/checks/EllipsizeMaxLinesDetector.java:49: error: cannot find symbol
        if (element.hasAttributeNS(ANDROID_URI, ELLIPSIZE)
                                   ^
  symbol:   variable ANDROID_URI
  location: class EllipsizeMaxLinesDetector
/eval/src/generated/java/com/android/tools/lint/checks/EllipsizeMaxLinesDetector.java:50: error: cannot find symbol
                && element.hasAttributeNS(ANDROID_URI, MAX_LINES)) {
                                          ^
  symbol:   variable ANDROID_URI
  location: class EllipsizeMaxLinesDetector
/eval/src/generated/java/com/android/tools/lint/checks/EllipsizeMaxLinesDetector.java:51: error: cannot find symbol
            String maxLines = element.getAttributeNS(ANDROID_URI, MAX_LINES);
                                                     ^
  symbol:   variable ANDROID_URI
  location: class EllipsizeMaxLinesDetector
3 errors

FAILURE: Build failed with an exception.

* What went wrong:
Execution failed for task ':compileJava'.
> Compilation failed; see the compiler error output for details.

* Try:
> Run with --info option to get more log output.
> Run with --scan to get full insights.

BUILD FAILED in 6s
