/eval/src/generated/java/com/android/tools/lint/checks/HandlerDetector.java:35: error: cannot find symbol
            Category.MEMORY,
                    ^
  symbol:   variable MEMORY
  location: class Category
/eval/src/generated/java/com/android/tools/lint/checks/HandlerDetector.java:65: error: cannot find symbol
        if (context.getEvaluator().isStaticInnerClass(node.getJavaPsi())) {
                                  ^
  symbol:   method isStaticInnerClass(PsiClass)
  location: class JavaEvaluator
/eval/src/generated/java/com/android/tools/lint/checks/HandlerDetector.java:102: error: cannot find symbol
                if (!context.getEvaluator().isMemberInSubClass(resolved, ANDROID_OS_HANDLER, false)) {
                                           ^
  symbol:   method isMemberInSubClass(PsiMethod,String,boolean)
  location: class JavaEvaluator
/eval/src/generated/java/com/android/tools/lint/checks/HandlerDetector.java:128: error: cannot find symbol
                            && context.getEvaluator().isMemberInSubClass(resolved, ANDROID_OS_LOOPER, false)) {
                                                     ^
  symbol:   method isMemberInSubClass(PsiMethod,String,boolean)
  location: class JavaEvaluator
4 errors

FAILURE: Build failed with an exception.

* What went wrong:
Execution failed for task ':compileJava'.
> Compilation failed; see the compiler error output for details.

* Try:
> Run with --info option to get more log output.
> Run with --scan to get full insights.

BUILD FAILED in 4s
