/eval/src/generated/java/com/android/tools/lint/checks/UnsafeNativeCodeDetector.java:16: error: cannot find symbol
import org.jetbrains.annotations.NonNull;
                                ^
  symbol:   class NonNull
  location: package org.jetbrains.annotations
/eval/src/generated/java/com/android/tools/lint/checks/UnsafeNativeCodeDetector.java:49: error: cannot find symbol
    public void visitMethodCall(@NonNull JavaContext context, @NonNull UCallExpression node, @NonNull PsiMethod method) {
                                 ^
  symbol:   class NonNull
  location: class UnsafeNativeCodeDetector
/eval/src/generated/java/com/android/tools/lint/checks/UnsafeNativeCodeDetector.java:49: error: cannot find symbol
    public void visitMethodCall(@NonNull JavaContext context, @NonNull UCallExpression node, @NonNull PsiMethod method) {
                                                               ^
  symbol:   class NonNull
  location: class UnsafeNativeCodeDetector
/eval/src/generated/java/com/android/tools/lint/checks/UnsafeNativeCodeDetector.java:49: error: cannot find symbol
    public void visitMethodCall(@NonNull JavaContext context, @NonNull UCallExpression node, @NonNull PsiMethod method) {
                                                                                              ^
  symbol:   class NonNull
  location: class UnsafeNativeCodeDetector
/eval/src/generated/java/com/android/tools/lint/checks/UnsafeNativeCodeDetector.java:67: error: cannot find symbol
    public void afterCheckEachProject(@NonNull Context context) {
                                       ^
  symbol:   class NonNull
  location: class UnsafeNativeCodeDetector
5 errors

FAILURE: Build failed with an exception.

* What went wrong:
Execution failed for task ':compileJava'.
> Compilation failed; see the compiler error output for details.

* Try:
> Run with --info option to get more log output.
> Run with --scan to get full insights.

BUILD FAILED in 3s
