/eval/src/generated/java/com/android/tools/lint/checks/AndroidAutoDetector.java:18: error: cannot find symbol
import org.jetbrains.annotations.NonNull;
                                ^
  symbol:   class NonNull
  location: package org.jetbrains.annotations
/eval/src/generated/java/com/android/tools/lint/checks/AndroidAutoDetector.java:47: error: cannot find symbol
    public void beforeCheckProject(@NonNull Context context) {
                                    ^
  symbol:   class NonNull
  location: class AndroidAutoDetector
/eval/src/generated/java/com/android/tools/lint/checks/AndroidAutoDetector.java:62: error: cannot find symbol
    public void visitClass(@NonNull JavaContext context, @NonNull UClass declaration) {
                            ^
  symbol:   class NonNull
  location: class AndroidAutoDetector
/eval/src/generated/java/com/android/tools/lint/checks/AndroidAutoDetector.java:62: error: cannot find symbol
    public void visitClass(@NonNull JavaContext context, @NonNull UClass declaration) {
                                                          ^
  symbol:   class NonNull
  location: class AndroidAutoDetector
/eval/src/generated/java/com/android/tools/lint/checks/AndroidAutoDetector.java:115: error: incompatible types: List<UParameter> cannot be converted to UParameter[]
                    UParameter[] parameters = method.getUastParameters();
                                                                      ^
Note: /eval/src/generated/java/com/android/tools/lint/checks/AndroidAutoDetector.java uses or overrides a deprecated API.
Note: Recompile with -Xlint:deprecation for details.
5 errors

FAILURE: Build failed with an exception.

* What went wrong:
Execution failed for task ':compileJava'.
> Compilation failed; see the compiler error output for details.

* Try:
> Run with --info option to get more log output.
> Run with --scan to get full insights.

BUILD FAILED in 5s
