/eval/src/generated/java/com/android/tools/lint/checks/RegistrationDetector.java:60: error: cannot find symbol
        if (declaration.isAbstract()) {
                       ^
  symbol:   method isAbstract()
  location: variable declaration of type UClass
/eval/src/generated/java/com/android/tools/lint/checks/RegistrationDetector.java:79: error: cannot find symbol
            String pkg = context.getPackageName();
                                ^
  symbol:   method getPackageName()
  location: variable context of type XmlContext
/eval/src/generated/java/com/android/tools/lint/checks/RegistrationDetector.java:91: error: method does not override or implement a method from a supertype
    @Override
    ^
3 errors

FAILURE: Build failed with an exception.

* What went wrong:
Execution failed for task ':compileJava'.
> Compilation failed; see the compiler error output for details.

* Try:
> Run with --info option to get more log output.
> Run with --scan to get full insights.

BUILD FAILED in 4s
