/eval/src/generated/java/com/android/tools/lint/checks/IconDetector.java:10: error: cannot find symbol
import com.android.tools.lint.detector.api.ResourceFolderContext;
                                          ^
  symbol:   class ResourceFolderContext
  location: package com.android.tools.lint.detector.api
/eval/src/generated/java/com/android/tools/lint/checks/IconDetector.java:32: error: cannot find symbol
    public void checkFolder(@NonNull ResourceFolderContext context, @NonNull File folder) {
                                     ^
  symbol:   class ResourceFolderContext
  location: class IconDetector
/eval/src/generated/java/com/android/tools/lint/checks/IconDetector.java:31: error: method does not override or implement a method from a supertype
    @Override
    ^
3 errors

FAILURE: Build failed with an exception.

* What went wrong:
Execution failed for task ':compileJava'.
> Compilation failed; see the compiler error output for details.

* Try:
> Run with --info option to get more log output.
> Run with --scan to get full insights.

BUILD FAILED in 4s
