e: file:///eval/src/generated/kotlin/com/android/tools/lint/checks/CredentialManagerDigitalAssetLinkDetector.kt:53:17 Unresolved reference: partialResults
e: file:///eval/src/generated/kotlin/com/android/tools/lint/checks/CredentialManagerDigitalAssetLinkDetector.kt:57:21 Operator '==' cannot be applied to 'String?' and 'Boolean'
e: file:///eval/src/generated/kotlin/com/android/tools/lint/checks/CredentialManagerDigitalAssetLinkDetector.kt:57:36 Function invocation 'map()' expected
e: file:///eval/src/generated/kotlin/com/android/tools/lint/checks/CredentialManagerDigitalAssetLinkDetector.kt:58:32 Function invocation 'maps()' expected
e: file:///eval/src/generated/kotlin/com/android/tools/lint/checks/CredentialManagerDigitalAssetLinkDetector.kt:58:37 Unresolved reference: values
e: file:///eval/src/generated/kotlin/com/android/tools/lint/checks/CredentialManagerDigitalAssetLinkDetector.kt:58:50 Expression expected, but a package name found
e: file:///eval/src/generated/kotlin/com/android/tools/lint/checks/CredentialManagerDigitalAssetLinkDetector.kt:59:24 Function invocation 'map()' expected
e: file:///eval/src/generated/kotlin/com/android/tools/lint/checks/CredentialManagerDigitalAssetLinkDetector.kt:59:50 Type mismatch: inferred type is Boolean but String was expected
e: file:///eval/src/generated/kotlin/com/android/tools/lint/checks/CredentialManagerDigitalAssetLinkDetector.kt:63:21 Unresolved reference: partialResults
e: file:///eval/src/generated/kotlin/com/android/tools/lint/checks/CredentialManagerDigitalAssetLinkDetector.kt:67:43 Unresolved reference: manifest
e: file:///eval/src/generated/kotlin/com/android/tools/lint/checks/CredentialManagerDigitalAssetLinkDetector.kt:68:35 Unresolved reference: findSubTag
e: file:///eval/src/generated/kotlin/com/android/tools/lint/checks/CredentialManagerDigitalAssetLinkDetector.kt:70:48 Overload resolution ambiguity: 
public inline fun <T> Iterable<TypeVariable(T)>.forEach(action: (TypeVariable(T)) -> Unit): Unit defined in kotlin.collections
public inline fun <K, V> Map<out TypeVariable(K), TypeVariable(V)>.forEach(action: (Map.Entry<TypeVariable(K), TypeVariable(V)>) -> Unit): Unit defined in kotlin.collections
e: file:///eval/src/generated/kotlin/com/android/tools/lint/checks/CredentialManagerDigitalAssetLinkDetector.kt:70:58 Cannot infer a type for this parameter. Please specify it explicitly.
e: file:///eval/src/generated/kotlin/com/android/tools/lint/checks/CredentialManagerDigitalAssetLinkDetector.kt:74:17 'return' is not allowed here

FAILURE: Build failed with an exception.

* What went wrong:
Execution failed for task ':compileKotlin'.
> A failure occurred while executing org.jetbrains.kotlin.compilerRunner.GradleCompilerRunnerWithWorkers$GradleKotlinCompilerWorkAction
   > Compilation error. See log for more details

* Try:
> Run with --stacktrace option to get the stack trace.
> Run with --info or --debug option to get more log output.
> Run with --scan to get full insights.
> Get more help at https://help.gradle.org.

BUILD FAILED in 5s
