/eval/src/generated/java/com/android/tools/lint/checks/OnClickDetector.java:78: error: cannot find symbol
        for (com.android.tools.lint.detector.api.JavaContext javaContext : context.getDriver().getJavaContexts()) {
                                                                                              ^
  symbol:   method getJavaContexts()
  location: class LintDriver
/eval/src/generated/java/com/android/tools/lint/checks/OnClickDetector.java:87: error: incompatible types: bad type in conditional expression
        PsiClass psiClass = javaContext.getUastFile() != null ? javaContext.getUastFile().getPsi() : null;
                                                                                                ^
    PsiFile cannot be converted to PsiClass
Note: /eval/src/generated/java/com/android/tools/lint/checks/OnClickDetector.java uses or overrides a deprecated API.
Note: Recompile with -Xlint:deprecation for details.
2 errors

FAILURE: Build failed with an exception.

* What went wrong:
Execution failed for task ':compileJava'.
> Compilation failed; see the compiler error output for details.

* Try:
> Run with --info option to get more log output.
> Run with --scan to get full insights.

BUILD FAILED in 5s
