/eval/src/generated/java/com/android/tools/lint/checks/TextFieldDetector.java:8: error: cannot find symbol
import static com.android.SdkConstants.EXTRACT_EDIT_TEXT;
^
  symbol:   static EXTRACT_EDIT_TEXT
  location: class SdkConstants
/eval/src/generated/java/com/android/tools/lint/checks/TextFieldDetector.java:46: error: cannot find symbol
            EXTRACT_EDIT_TEXT
            ^
  symbol:   variable EXTRACT_EDIT_TEXT
  location: class TextFieldDetector
/eval/src/generated/java/com/android/tools/lint/checks/TextFieldDetector.java:164: error: cannot find symbol
        context.report(ISSUE, element, context.getAttributeLocation(element, ATTR_INPUT_TYPE),
                                              ^
  symbol:   method getAttributeLocation(Element,String)
  location: variable context of type XmlContext
3 errors

FAILURE: Build failed with an exception.

* What went wrong:
Execution failed for task ':compileJava'.
> Compilation failed; see the compiler error output for details.

* Try:
> Run with --info option to get more log output.
> Run with --scan to get full insights.

BUILD FAILED in 4s
