/eval/src/generated/java/com/android/tools/lint/checks/AndroidAutoDetector.java:39: error: cannot find symbol
                            EnumSet.of(Scope.RESOURCE_XML_SCOPE, Scope.JAVA_FILE_SCOPE)));
                                            ^
  symbol:   variable RESOURCE_XML_SCOPE
  location: class Scope
/eval/src/generated/java/com/android/tools/lint/checks/AndroidAutoDetector.java:42: error: appliesTo(Context,File) in AndroidAutoDetector cannot override appliesTo(Context,File) in Detector
    public boolean appliesTo(Context context, File file) {
                   ^
  overridden method is final
/eval/src/generated/java/com/android/tools/lint/checks/AndroidAutoDetector.java:92: error: method does not override or implement a method from a supertype
    @Override
    ^
3 errors

FAILURE: Build failed with an exception.

* What went wrong:
Execution failed for task ':compileJava'.
> Compilation failed; see the compiler error output for details.

* Try:
> Run with --info option to get more log output.
> Run with --scan to get full insights.

BUILD FAILED in 3s
