/eval/src/generated/java/com/android/tools/lint/checks/IconDetector.java:62: error: method noneOf in class EnumSet<E#2> cannot be applied to given types;
        Set<Density> relevant = EnumSet.noneOf(Density.class);
                                       ^
  required: Class<E#1>
  found:    Class<Density>
  reason: inference variable E#1 has incompatible bounds
    equality constraints: Density
    lower bounds: Enum<E#1>
  where E#1,E#2 are type-variables:
    E#1 extends Enum<E#1> declared in method <E#1>noneOf(Class<E#1>)
    E#2 extends Enum<E#2> declared in class EnumSet
/eval/src/generated/java/com/android/tools/lint/checks/IconDetector.java:68: error: cannot find symbol
            } else if (density != Density.NODPI && density != Density.ANYDPI && density != Density.TVDPI) {
                                                                                                  ^
  symbol:   variable TVDPI
  location: class Density
/eval/src/generated/java/com/android/tools/lint/checks/IconDetector.java:81: error: no suitable method found for copyOf(Set<Density>)
            Set<Density> missing = EnumSet.copyOf(relevant);
                                          ^
    method EnumSet.<E#1>copyOf(EnumSet<E#1>) is not applicable
      (cannot infer type-variable(s) E#1
        (argument mismatch; Set<Density> cannot be converted to EnumSet<E#1>))
    method EnumSet.<E#2>copyOf(Collection<E#2>) is not applicable
      (inference variable E#2 has incompatible bounds
        equality constraints: Density
        lower bounds: Enum<E#2>)
  where E#1,E#2 are type-variables:
    E#1 extends Enum<E#1> declared in method <E#1>copyOf(EnumSet<E#1>)
    E#2 extends Enum<E#2> declared in method <E#2>copyOf(Collection<E#2>)
/eval/src/generated/java/com/android/tools/lint/checks/IconDetector.java:108: error: no suitable method found for getConfig(String)
        FolderConfiguration config = FolderConfiguration.getConfig(folderName);
                                                        ^
    method FolderConfiguration.getConfig(String[]) is not applicable
      (argument mismatch; String cannot be converted to String[])
    method FolderConfiguration.getConfig(Iterable<String>) is not applicable
      (argument mismatch; String cannot be converted to Iterable<String>)
/eval/src/generated/java/com/android/tools/lint/checks/IconDetector.java:130: error: cannot find symbol
        File[] files = context.getDir().listFiles();
                              ^
  symbol:   method getDir()
  location: variable context of type ResourceContext
Note: /eval/src/generated/java/com/android/tools/lint/checks/IconDetector.java uses or overrides a deprecated API.
Note: Recompile with -Xlint:deprecation for details.
5 errors

FAILURE: Build failed with an exception.

* What went wrong:
Execution failed for task ':compileJava'.
> Compilation failed; see the compiler error output for details.

* Try:
> Run with --info option to get more log output.
> Run with --scan to get full insights.

BUILD FAILED in 5s
