/eval/src/generated/java/com/android/tools/lint/checks/BadHostnameVerifierDetector.java:49: error: cannot find symbol
            if ("verify".equals(method.getName()) && method.getParameterCount() == 2) {
                                                           ^
  symbol:   method getParameterCount()
  location: variable method of type UMethod
/eval/src/generated/java/com/android/tools/lint/checks/BadHostnameVerifierDetector.java:55: error: method visitReturnExpression in class <anonymous AbstractUastVisitor> cannot be applied to given types;
                            visitReturnExpression(context, node);
                            ^
  required: UReturnExpression
  found:    JavaContext,UReturnExpression
  reason: actual and formal argument lists differ in length
/eval/src/generated/java/com/android/tools/lint/checks/BadHostnameVerifierDetector.java:61: error: method visitCallExpression in class <anonymous AbstractUastVisitor> cannot be applied to given types;
                            visitCallExpression(context, node);
                            ^
  required: UCallExpression
  found:    JavaContext,UCallExpression
  reason: actual and formal argument lists differ in length
/eval/src/generated/java/com/android/tools/lint/checks/BadHostnameVerifierDetector.java:67: error: method visitThrowExpression in class <anonymous AbstractUastVisitor> cannot be applied to given types;
                            visitThrowExpression(context, node);
                            ^
  required: UThrowExpression
  found:    JavaContext,UThrowExpression
  reason: actual and formal argument lists differ in length
4 errors

FAILURE: Build failed with an exception.

* What went wrong:
Execution failed for task ':compileJava'.
> Compilation failed; see the compiler error output for details.

* Try:
> Run with --info option to get more log output.
> Run with --scan to get full insights.

BUILD FAILED in 5s
