e: file:///eval/src/generated/kotlin/com/android/tools/lint/checks/KotlincFE10Detector.kt:12:44 Unresolved reference: UElementHandler
e: file:///eval/src/generated/kotlin/com/android/tools/lint/checks/KotlincFE10Detector.kt:33:34 Type mismatch: inferred type is String but Category? was expected
e: file:///eval/src/generated/kotlin/com/android/tools/lint/checks/KotlincFE10Detector.kt:74:57 Unresolved reference: UElementHandler
e: file:///eval/src/generated/kotlin/com/android/tools/lint/checks/KotlincFE10Detector.kt:75:21 Unresolved reference: UElementHandler
e: file:///eval/src/generated/kotlin/com/android/tools/lint/checks/KotlincFE10Detector.kt:76:7 'visitClassLiteralExpression' overrides nothing
e: file:///eval/src/generated/kotlin/com/android/tools/lint/checks/KotlincFE10Detector.kt:80:7 'visitCallableReferenceExpression' overrides nothing
e: file:///eval/src/generated/kotlin/com/android/tools/lint/checks/KotlincFE10Detector.kt:84:7 'visitParameter' overrides nothing
e: file:///eval/src/generated/kotlin/com/android/tools/lint/checks/KotlincFE10Detector.kt:88:7 'visitTypeReferenceExpression' overrides nothing
e: file:///eval/src/generated/kotlin/com/android/tools/lint/checks/KotlincFE10Detector.kt:92:7 'visitSimpleNameReferenceExpression' overrides nothing
e: file:///eval/src/generated/kotlin/com/android/tools/lint/checks/KotlincFE10Detector.kt:96:7 'visitCallExpression' overrides nothing
e: file:///eval/src/generated/kotlin/com/android/tools/lint/checks/KotlincFE10Detector.kt:102:47 None of the following functions can be called with the arguments supplied: 
public open fun getQualifiedName(psiClass: PsiClass): String? defined in com.android.tools.lint.client.api.JavaEvaluator
public open fun getQualifiedName(psiClassType: PsiClassType): String? defined in com.android.tools.lint.client.api.JavaEvaluator

FAILURE: Build failed with an exception.

* What went wrong:
Execution failed for task ':compileKotlin'.
> A failure occurred while executing org.jetbrains.kotlin.compilerRunner.GradleCompilerRunnerWithWorkers$GradleKotlinCompilerWorkAction
   > Compilation error. See log for more details

* Try:
> Run with --stacktrace option to get the stack trace.
> Run with --info or --debug option to get more log output.
> Run with --scan to get full insights.
> Get more help at https://help.gradle.org.

BUILD FAILED in 6s
