e: file:///eval/src/generated/kotlin/com/android/tools/lint/checks/PictureInPictureDetector.kt:12:44 Unresolved reference: UElementHandler
e: file:///eval/src/generated/kotlin/com/android/tools/lint/checks/PictureInPictureDetector.kt:24:5 'getApplicableUElementTypes' overrides nothing
e: file:///eval/src/generated/kotlin/com/android/tools/lint/checks/PictureInPictureDetector.kt:27:59 Unresolved reference: UElementHandler
e: file:///eval/src/generated/kotlin/com/android/tools/lint/checks/PictureInPictureDetector.kt:28:18 Unresolved reference: UElementHandler
e: file:///eval/src/generated/kotlin/com/android/tools/lint/checks/PictureInPictureDetector.kt:29:13 'visitCallExpression' overrides nothing
e: file:///eval/src/generated/kotlin/com/android/tools/lint/checks/PictureInPictureDetector.kt:69:66 None of the following functions can be called with the arguments supplied: 
public open fun evaluate(context: JavaContext?, node: PsiElement): Any? defined in com.android.tools.lint.detector.api.ConstantEvaluator
public open fun evaluate(context: JavaContext?, element: UElement): Any? defined in com.android.tools.lint.detector.api.ConstantEvaluator
e: file:///eval/src/generated/kotlin/com/android/tools/lint/checks/PictureInPictureDetector.kt:87:70 None of the following functions can be called with the arguments supplied: 
public open fun evaluate(context: JavaContext?, node: PsiElement): Any? defined in com.android.tools.lint.detector.api.ConstantEvaluator
public open fun evaluate(context: JavaContext?, element: UElement): Any? defined in com.android.tools.lint.detector.api.ConstantEvaluator

FAILURE: Build failed with an exception.

* What went wrong:
Execution failed for task ':compileKotlin'.
> A failure occurred while executing org.jetbrains.kotlin.compilerRunner.GradleCompilerRunnerWithWorkers$GradleKotlinCompilerWorkAction
   > Compilation error. See log for more details

* Try:
> Run with --stacktrace option to get the stack trace.
> Run with --info or --debug option to get more log output.
> Run with --scan to get full insights.
> Get more help at https://help.gradle.org.

BUILD FAILED in 7s
