/eval/src/generated/java/com/android/tools/lint/checks/AndroidAutoDetector.java:31: error: cannot find symbol
public class AndroidAutoDetector extends Detector implements XmlScanner, Detector.SourceCodeScanner {
                                                                                 ^
  symbol:   class SourceCodeScanner
  location: class Detector
/eval/src/generated/java/com/android/tools/lint/checks/AndroidAutoDetector.java:49: error: cannot find symbol
                    EnumSet.of(Scope.JAVA_FILE, Scope.MANIFEST_FILE))
                                                     ^
  symbol:   variable MANIFEST_FILE
  location: class Scope
Note: /eval/src/generated/java/com/android/tools/lint/checks/AndroidAutoDetector.java uses or overrides a deprecated API.
Note: Recompile with -Xlint:deprecation for details.
2 errors

FAILURE: Build failed with an exception.

* What went wrong:
Execution failed for task ':compileJava'.
> Compilation failed; see the compiler error output for details.

* Try:
> Run with --info option to get more log output.
> Run with --scan to get full insights.

BUILD FAILED in 4s
