/eval/src/generated/java/com/android/tools/lint/checks/IconDetector.java:5: error: cannot find symbol
import org.jetbrains.annotations.NonNull;
                                ^
  symbol:   class NonNull
  location: package org.jetbrains.annotations
/eval/src/generated/java/com/android/tools/lint/checks/IconDetector.java:31: error: cannot find symbol
    public void visitBinaryResource(@NonNull Context context, @NonNull ResourceFolderInfo folderInfo, @NonNull String name, @NonNull File file) {
                                                                       ^
  symbol:   class ResourceFolderInfo
  location: class IconDetector
/eval/src/generated/java/com/android/tools/lint/checks/IconDetector.java:31: error: cannot find symbol
    public void visitBinaryResource(@NonNull Context context, @NonNull ResourceFolderInfo folderInfo, @NonNull String name, @NonNull File file) {
                                     ^
  symbol:   class NonNull
  location: class IconDetector
/eval/src/generated/java/com/android/tools/lint/checks/IconDetector.java:31: error: cannot find symbol
    public void visitBinaryResource(@NonNull Context context, @NonNull ResourceFolderInfo folderInfo, @NonNull String name, @NonNull File file) {
                                                               ^
  symbol:   class NonNull
  location: class IconDetector
/eval/src/generated/java/com/android/tools/lint/checks/IconDetector.java:31: error: cannot find symbol
    public void visitBinaryResource(@NonNull Context context, @NonNull ResourceFolderInfo folderInfo, @NonNull String name, @NonNull File file) {
                                                                                                       ^
  symbol:   class NonNull
  location: class IconDetector
/eval/src/generated/java/com/android/tools/lint/checks/IconDetector.java:31: error: cannot find symbol
    public void visitBinaryResource(@NonNull Context context, @NonNull ResourceFolderInfo folderInfo, @NonNull String name, @NonNull File file) {
                                                                                                                             ^
  symbol:   class NonNull
  location: class IconDetector
/eval/src/generated/java/com/android/tools/lint/checks/IconDetector.java:30: error: method does not override or implement a method from a supertype
    @Override
    ^
7 errors

FAILURE: Build failed with an exception.

* What went wrong:
Execution failed for task ':compileJava'.
> Compilation failed; see the compiler error output for details.

* Try:
> Run with --info option to get more log output.
> Run with --scan to get full insights.

BUILD FAILED in 4s
