/eval/src/generated/java/com/android/tools/lint/checks/OverdrawDetector.java:16: error: cannot find symbol
import org.jetbrains.uast.UElementHandler;
                         ^
  symbol:   class UElementHandler
  location: package org.jetbrains.uast
/eval/src/generated/java/com/android/tools/lint/checks/OverdrawDetector.java:18: error: cannot find symbol
import org.jetbrains.uast.util.UastUtils;
                              ^
  symbol:   class UastUtils
  location: package org.jetbrains.uast.util
/eval/src/generated/java/com/android/tools/lint/checks/OverdrawDetector.java:55: error: cannot find symbol
    public UElementHandler createUastHandler(final JavaContext context) {
           ^
  symbol:   class UElementHandler
  location: class OverdrawDetector
/eval/src/generated/java/com/android/tools/lint/checks/OverdrawDetector.java:39: error: incompatible types: Scope cannot be converted to EnumSet<Scope>
        new Implementation(OverdrawDetector.class, Scope.JAVA_FILE, Scope.RESOURCE_FILE)
                                                        ^
/eval/src/generated/java/com/android/tools/lint/checks/OverdrawDetector.java:56: error: cannot find symbol
        return new UElementHandler() {
                   ^
  symbol:   class UElementHandler
  location: class OverdrawDetector
/eval/src/generated/java/com/android/tools/lint/checks/OverdrawDetector.java:57: error: method does not override or implement a method from a supertype
            @Override
            ^
/eval/src/generated/java/com/android/tools/lint/checks/OverdrawDetector.java:64: error: cannot find symbol
                        String resourceUrl = context.getResourceUrl(arg);
                                                    ^
  symbol:   method getResourceUrl(UExpression)
  location: variable context of type JavaContext
/eval/src/generated/java/com/android/tools/lint/checks/OverdrawDetector.java:67: error: cannot find symbol
                            UClass containingClass = UastUtils.getContainingUClass(node);
                                                     ^
  symbol: variable UastUtils
Note: /eval/src/generated/java/com/android/tools/lint/checks/OverdrawDetector.java uses or overrides a deprecated API.
Note: Recompile with -Xlint:deprecation for details.
Note: Some messages have been simplified; recompile with -Xdiags:verbose to get full output
8 errors

FAILURE: Build failed with an exception.

* What went wrong:
Execution failed for task ':compileJava'.
> Compilation failed; see the compiler error output for details.

* Try:
> Run with --info option to get more log output.
> Run with --scan to get full insights.

BUILD FAILED in 5s
