/eval/src/generated/java/com/android/tools/lint/checks/BadHostnameVerifierDetector.java:74: error: method does not override or implement a method from a supertype
    @Override
    ^
/eval/src/generated/java/com/android/tools/lint/checks/BadHostnameVerifierDetector.java:81: error: method does not override or implement a method from a supertype
    @Override
    ^
/eval/src/generated/java/com/android/tools/lint/checks/BadHostnameVerifierDetector.java:96: error: method does not override or implement a method from a supertype
    @Override
    ^
/eval/src/generated/java/com/android/tools/lint/checks/BadHostnameVerifierDetector.java:103: error: cannot find symbol
        Object value = returnValue != null ? context.getEvaluator().evaluate(returnValue) : null;
                                                                   ^
  symbol:   method evaluate(UExpression)
  location: class JavaEvaluator
/eval/src/generated/java/com/android/tools/lint/checks/BadHostnameVerifierDetector.java:111: error: method does not override or implement a method from a supertype
    @Override
    ^
/eval/src/generated/java/com/android/tools/lint/checks/BadHostnameVerifierDetector.java:118: error: method does not override or implement a method from a supertype
    @Override
    ^
6 errors

FAILURE: Build failed with an exception.

* What went wrong:
Execution failed for task ':compileJava'.
> Compilation failed; see the compiler error output for details.

* Try:
> Run with --info option to get more log output.
> Run with --scan to get full insights.

BUILD FAILED in 3s
