/eval/src/generated/java/com/android/tools/lint/checks/IconDetector.java:16: error: cannot find symbol
import com.android.tools.lint.detector.api.ResourceValue;
                                          ^
  symbol:   class ResourceValue
  location: package com.android.tools.lint.detector.api
/eval/src/generated/java/com/android/tools/lint/checks/IconDetector.java:20: error: cannot find symbol
import com.android.tools.lint.detector.api.UElementHandler;
                                          ^
  symbol:   class UElementHandler
  location: package com.android.tools.lint.detector.api
/eval/src/generated/java/com/android/tools/lint/checks/IconDetector.java:120: error: cannot find symbol
    public UElementHandler createUastHandler(@NonNull JavaContext context) {
           ^
  symbol:   class UElementHandler
  location: class IconDetector
/eval/src/generated/java/com/android/tools/lint/checks/IconDetector.java:307: error: cannot find symbol
    private class IconUastHandler extends UElementHandler {
                                          ^
  symbol:   class UElementHandler
  location: class IconDetector
/eval/src/generated/java/com/android/tools/lint/checks/IconDetector.java:67: error: cannot find symbol
            .setMoreInfo("https://developer.android.com/guide/practices/screens_support.html");
            ^
  symbol:   method setMoreInfo(String)
  location: class Issue
/eval/src/generated/java/com/android/tools/lint/checks/IconDetector.java:95: error: incompatible types: inference variable T has incompatible bounds
        return Collections.singletonList(XmlScannerConstants.ALL);
                                        ^
    equality constraints: String
    lower bounds: List<String>
  where T is a type-variable:
    T extends Object declared in method <T>singletonList(T)
/eval/src/generated/java/com/android/tools/lint/checks/IconDetector.java:103: error: cannot find symbol
            ResourceValue value = ResourceEvaluator.getResource(context, attribute);
            ^
  symbol:   class ResourceValue
  location: class IconDetector
/eval/src/generated/java/com/android/tools/lint/checks/IconDetector.java:103: error: no suitable method found for getResource(XmlContext,Attr)
            ResourceValue value = ResourceEvaluator.getResource(context, attribute);
                                                   ^
    method ResourceEvaluator.getResource(JavaEvaluator,PsiElement) is not applicable
      (argument mismatch; XmlContext cannot be converted to JavaEvaluator)
    method ResourceEvaluator.getResource(JavaEvaluator,UElement) is not applicable
      (argument mismatch; XmlContext cannot be converted to JavaEvaluator)
/eval/src/generated/java/com/android/tools/lint/checks/IconDetector.java:187: error: method does not override or implement a method from a supertype
    @Override
    ^
/eval/src/generated/java/com/android/tools/lint/checks/IconDetector.java:205: error: cannot find symbol
        List<File> resourceFiles = project.getResourceFiles();
                                          ^
  symbol:   method getResourceFiles()
  location: variable project of type Project
/eval/src/generated/java/com/android/tools/lint/checks/IconDetector.java:232: error: cannot find symbol
        List<File> resourceFiles = project.getResourceFiles();
                                          ^
  symbol:   method getResourceFiles()
  location: variable project of type Project
/eval/src/generated/java/com/android/tools/lint/checks/IconDetector.java:314: error: method does not override or implement a method from a supertype
        @Override
        ^
/eval/src/generated/java/com/android/tools/lint/checks/IconDetector.java:321: error: method does not override or implement a method from a supertype
        @Override
        ^
/eval/src/generated/java/com/android/tools/lint/checks/IconDetector.java:327: error: method does not override or implement a method from a supertype
        @Override
        ^
/eval/src/generated/java/com/android/tools/lint/checks/IconDetector.java:333: error: method does not override or implement a method from a supertype
        @Override
        ^
/eval/src/generated/java/com/android/tools/lint/checks/IconDetector.java:336: error: method does not override or implement a method from a supertype
        @Override
        ^
/eval/src/generated/java/com/android/tools/lint/checks/IconDetector.java:340: error: cannot find symbol
            ResourceValue value = ResourceEvaluator.getResource(mContext, node);
            ^
  symbol:   class ResourceValue
  location: class IconDetector.IconUastHandler
/eval/src/generated/java/com/android/tools/lint/checks/IconDetector.java:340: error: no suitable method found for getResource(JavaContext,UElement)
            ResourceValue value = ResourceEvaluator.getResource(mContext, node);
                                                   ^
    method ResourceEvaluator.getResource(JavaEvaluator,PsiElement) is not applicable
      (argument mismatch; JavaContext cannot be converted to JavaEvaluator)
    method ResourceEvaluator.getResource(JavaEvaluator,UElement) is not applicable
      (argument mismatch; JavaContext cannot be converted to JavaEvaluator)
Note: Some messages have been simplified; recompile with -Xdiags:verbose to get full output
18 errors

FAILURE: Build failed with an exception.

* What went wrong:
Execution failed for task ':compileJava'.
> Compilation failed; see the compiler error output for details.

* Try:
> Run with --info option to get more log output.
> Run with --scan to get full insights.

BUILD FAILED in 4s
