/eval/src/generated/java/com/android/tools/lint/checks/RegistrationDetector.java:14: error: cannot find symbol
import com.android.tools.lint.detector.api.XmlUtils;
                                          ^
  symbol:   class XmlUtils
  location: package com.android.tools.lint.detector.api
/eval/src/generated/java/com/android/tools/lint/checks/RegistrationDetector.java:39: error: no suitable method found for of(EnumSet<Scope>,EnumSet<Scope>)
                    EnumSet.of(Scope.MANIFEST_SCOPE, Scope.JAVA_FILE_SCOPE)),
                           ^
    method EnumSet.<E#1>of(E#1) is not applicable
      (cannot infer type-variable(s) E#1
        (actual and formal argument lists differ in length))
    method EnumSet.<E#2>of(E#2,E#2) is not applicable
      (inference variable E#2 has incompatible bounds
        lower bounds: Enum<E#2>
        lower bounds: EnumSet<Scope>)
    method EnumSet.<E#3>of(E#3,E#3,E#3) is not applicable
      (cannot infer type-variable(s) E#3
        (actual and formal argument lists differ in length))
    method EnumSet.<E#4>of(E#4,E#4,E#4,E#4) is not applicable
      (cannot infer type-variable(s) E#4
        (actual and formal argument lists differ in length))
    method EnumSet.<E#5>of(E#5,E#5,E#5,E#5,E#5) is not applicable
      (cannot infer type-variable(s) E#5
        (actual and formal argument lists differ in length))
    method EnumSet.<E#6>of(E#6,E#6...) is not applicable
      (inference variable E#6 has incompatible bounds
        lower bounds: Enum<E#6>
        lower bounds: EnumSet<Scope>)
  where E#1,E#2,E#3,E#4,E#5,E#6 are type-variables:
    E#1 extends Enum<E#1> declared in method <E#1>of(E#1)
    E#2 extends Enum<E#2> declared in method <E#2>of(E#2,E#2)
    E#3 extends Enum<E#3> declared in method <E#3>of(E#3,E#3,E#3)
    E#4 extends Enum<E#4> declared in method <E#4>of(E#4,E#4,E#4,E#4)
    E#5 extends Enum<E#5> declared in method <E#5>of(E#5,E#5,E#5,E#5,E#5)
    E#6 extends Enum<E#6> declared in method <E#6>of(E#6,E#6...)
/eval/src/generated/java/com/android/tools/lint/checks/RegistrationDetector.java:26: error: method create in class Issue cannot be applied to given types;
    public static final Issue ISSUE = Issue.create(
                                           ^
  required: String,String,String,Category,int,Severity,Implementation
  found:    String,String,String,Category,int,Severity,Implementation,String
  reason: actual and formal argument lists differ in length
/eval/src/generated/java/com/android/tools/lint/checks/RegistrationDetector.java:55: error: cannot find symbol
        String name = XmlUtils.trimAttributeValue(element.getAttribute(SdkConstants.ATTR_NAME));
                      ^
  symbol:   variable XmlUtils
  location: class RegistrationDetector
/eval/src/generated/java/com/android/tools/lint/checks/RegistrationDetector.java:67: error: method does not override or implement a method from a supertype
    @Override
    ^
/eval/src/generated/java/com/android/tools/lint/checks/RegistrationDetector.java:101: error: cannot find symbol
        String packageName = context.getDocument().getDocumentElement().getAttribute("package");
                                    ^
  symbol:   method getDocument()
  location: variable context of type XmlContext
Note: /eval/src/generated/java/com/android/tools/lint/checks/RegistrationDetector.java uses or overrides a deprecated API.
Note: Recompile with -Xlint:deprecation for details.
6 errors

FAILURE: Build failed with an exception.

* What went wrong:
Execution failed for task ':compileJava'.
> Compilation failed; see the compiler error output for details.

* Try:
> Run with --info option to get more log output.
> Run with --scan to get full insights.

BUILD FAILED in 4s
