/eval/src/generated/java/com/android/tools/lint/checks/UnsafeNativeCodeDetector.java:11: error: cannot find symbol
import com.android.tools.lint.detector.api.ResourceFolderDetector;
                                          ^
  symbol:   class ResourceFolderDetector
  location: package com.android.tools.lint.detector.api
/eval/src/generated/java/com/android/tools/lint/checks/UnsafeNativeCodeDetector.java:23: error: cannot find symbol
public class UnsafeNativeCodeDetector extends ResourceFolderDetector
                                              ^
  symbol: class ResourceFolderDetector
/eval/src/generated/java/com/android/tools/lint/checks/UnsafeNativeCodeDetector.java:65: error: cannot find symbol
    public Collection<Detector.FileType> getApplicableFiles() {
                              ^
  symbol:   class FileType
  location: class Detector
/eval/src/generated/java/com/android/tools/lint/checks/UnsafeNativeCodeDetector.java:23: error: UnsafeNativeCodeDetector is not abstract and does not override abstract method getApplicableFiles() in OtherFileScanner
public class UnsafeNativeCodeDetector extends ResourceFolderDetector
       ^
/eval/src/generated/java/com/android/tools/lint/checks/UnsafeNativeCodeDetector.java:65: error: getApplicableFiles() in UnsafeNativeCodeDetector cannot implement getApplicableFiles() in OtherFileScanner
    public Collection<Detector.FileType> getApplicableFiles() {
                                         ^
  return type Collection<FileType> is not compatible with EnumSet<Scope>
/eval/src/generated/java/com/android/tools/lint/checks/UnsafeNativeCodeDetector.java:29: error: incompatible types: Class<UnsafeNativeCodeDetector> cannot be converted to Class<? extends Detector>
            UnsafeNativeCodeDetector.class,
                                    ^
/eval/src/generated/java/com/android/tools/lint/checks/UnsafeNativeCodeDetector.java:49: error: method does not override or implement a method from a supertype
    @Override
    ^
/eval/src/generated/java/com/android/tools/lint/checks/UnsafeNativeCodeDetector.java:54: error: method does not override or implement a method from a supertype
    @Override
    ^
/eval/src/generated/java/com/android/tools/lint/checks/UnsafeNativeCodeDetector.java:64: error: method does not override or implement a method from a supertype
    @Override
    ^
/eval/src/generated/java/com/android/tools/lint/checks/UnsafeNativeCodeDetector.java:66: error: cannot find symbol
        return Collections.singletonList(Detector.FileType.BINARY);
                                                 ^
  symbol:   variable FileType
  location: class Detector
/eval/src/generated/java/com/android/tools/lint/checks/UnsafeNativeCodeDetector.java:69: error: method does not override or implement a method from a supertype
    @Override
    ^
/eval/src/generated/java/com/android/tools/lint/checks/UnsafeNativeCodeDetector.java:79: error: method does not override or implement a method from a supertype
    @Override
    ^
/eval/src/generated/java/com/android/tools/lint/checks/UnsafeNativeCodeDetector.java:81: error: cannot find symbol
        File file = context.getFile();
                           ^
  symbol:   method getFile()
  location: variable context of type Context
Note: Some messages have been simplified; recompile with -Xdiags:verbose to get full output
13 errors

FAILURE: Build failed with an exception.

* What went wrong:
Execution failed for task ':compileJava'.
> Compilation failed; see the compiler error output for details.

* Try:
> Run with --info option to get more log output.
> Run with --scan to get full insights.

BUILD FAILED in 5s
