/eval/src/generated/java/com/android/tools/lint/checks/RegistrationDetector.java:38: error: cannot find symbol
    public UElementHandler createUastHandler(Context context) {
           ^
  symbol:   class UElementHandler
  location: class RegistrationDetector
/eval/src/generated/java/com/android/tools/lint/checks/RegistrationDetector.java:37: error: method does not override or implement a method from a supertype
    @Override
    ^
/eval/src/generated/java/com/android/tools/lint/checks/RegistrationDetector.java:39: error: cannot find symbol
        final JavaEvaluator evaluator = context.getEvaluator();
              ^
  symbol:   class JavaEvaluator
  location: class RegistrationDetector
/eval/src/generated/java/com/android/tools/lint/checks/RegistrationDetector.java:39: error: cannot find symbol
        final JavaEvaluator evaluator = context.getEvaluator();
                                               ^
  symbol:   method getEvaluator()
  location: variable context of type Context
/eval/src/generated/java/com/android/tools/lint/checks/RegistrationDetector.java:40: error: cannot find symbol
        return new UElementHandler() {
                   ^
  symbol:   class UElementHandler
  location: class RegistrationDetector
/eval/src/generated/java/com/android/tools/lint/checks/RegistrationDetector.java:41: error: method does not override or implement a method from a supertype
            @Override
            ^
/eval/src/generated/java/com/android/tools/lint/checks/RegistrationDetector.java:43: error: cannot find symbol
                if (node.isAbstract() || node.isInterface() || node.isEnum() || node.isAnnotationType()) {
                        ^
  symbol:   method isAbstract()
  location: variable node of type UClass
/eval/src/generated/java/com/android/tools/lint/checks/RegistrationDetector.java:67: error: cannot find symbol
        File manifest = context.getProject().getManifest();
                                            ^
  symbol:   method getManifest()
  location: class Project
/eval/src/generated/java/com/android/tools/lint/checks/RegistrationDetector.java:73: error: cannot find symbol
                Document document = new XmlParser().parse(manifest);
                                        ^
  symbol:   class XmlParser
  location: class RegistrationDetector
/eval/src/generated/java/com/android/tools/lint/checks/RegistrationDetector.java:110: error: method getLocation in class Context cannot be applied to given types;
                context.report(ISSUE, node, context.getLocation(node),
                                                   ^
  required: Object,LocationType
  found:    UClass
  reason: actual and formal argument lists differ in length
Note: /eval/src/generated/java/com/android/tools/lint/checks/RegistrationDetector.java uses or overrides a deprecated API.
Note: Recompile with -Xlint:deprecation for details.
10 errors

FAILURE: Build failed with an exception.

* What went wrong:
Execution failed for task ':compileJava'.
> Compilation failed; see the compiler error output for details.

* Try:
> Run with --info option to get more log output.
> Run with --scan to get full insights.

BUILD FAILED in 5s
