/eval/src/generated/java/com/android/tools/lint/checks/DuplicateIdDetector.java:28: error: cannot find symbol
        return Collections.singletonList(ATTR_ID);
                                         ^
  symbol:   variable ATTR_ID
  location: class DuplicateIdDetector
/eval/src/generated/java/com/android/tools/lint/checks/DuplicateIdDetector.java:48: error: cannot find symbol
        Map<String, Location> ids = (Map<String, Location>) context.getClientProperty(KEY_IDS);
                                                                   ^
  symbol:   method getClientProperty(String)
  location: variable context of type @org.jetbrains.annotations.NotNull XmlContext
/eval/src/generated/java/com/android/tools/lint/checks/DuplicateIdDetector.java:51: error: cannot find symbol
            context.putClientProperty(KEY_IDS, ids);
                   ^
  symbol:   method putClientProperty(String,Map<String,Location>)
  location: variable context of type @org.jetbrains.annotations.NotNull XmlContext
3 errors

FAILURE: Build failed with an exception.

* What went wrong:
Execution failed for task ':compileJava'.
> Compilation failed; see the compiler error output for details.

* Try:
> Run with --info option to get more log output.
> Run with --scan to get full insights.

BUILD FAILED in 5s
