/eval/src/generated/java/com/android/tools/lint/checks/IconDetector.java:9: error: cannot find symbol
import com.android.tools.lint.detector.api.Detector.SourceCodeScanner;
                                                   ^
  symbol:   class SourceCodeScanner
  location: class Detector
/eval/src/generated/java/com/android/tools/lint/checks/IconDetector.java:37: error: cannot find symbol
public class IconDetector extends Detector implements SourceCodeScanner, XmlScanner {
                                                      ^
  symbol: class SourceCodeScanner
/eval/src/generated/java/com/android/tools/lint/checks/IconDetector.java:63: error: cannot find symbol
        List<File> files = project.getResourceFiles();
                                  ^
  symbol:   method getResourceFiles()
  location: variable project of type Project
3 errors

FAILURE: Build failed with an exception.

* What went wrong:
Execution failed for task ':compileJava'.
> Compilation failed; see the compiler error output for details.

* Try:
> Run with --info option to get more log output.
> Run with --scan to get full insights.

BUILD FAILED in 4s
