e: file:///eval/src/generated/kotlin/com/android/tools/lint/checks/DiffUtilDetector.kt:24:27 Unresolved reference: getExpressionType
e: file:///eval/src/generated/kotlin/com/android/tools/lint/checks/DiffUtilDetector.kt:25:35 Unresolved reference: AbstractUVisitor
e: file:///eval/src/generated/kotlin/com/android/tools/lint/checks/DiffUtilDetector.kt:33:38 Unresolved reference: SourceCodeScanner
e: file:///eval/src/generated/kotlin/com/android/tools/lint/checks/DiffUtilDetector.kt:48:35 Type mismatch: inferred type is DiffUtilDetector.SuspiciousEqualityVisitor but UastVisitor was expected
e: file:///eval/src/generated/kotlin/com/android/tools/lint/checks/DiffUtilDetector.kt:54:9 Unresolved reference: AbstractUVisitor
e: file:///eval/src/generated/kotlin/com/android/tools/lint/checks/DiffUtilDetector.kt:56:9 'visitBinaryExpression' overrides nothing
e: file:///eval/src/generated/kotlin/com/android/tools/lint/checks/DiffUtilDetector.kt:75:26 Unresolved reference: visitBinaryExpression
e: file:///eval/src/generated/kotlin/com/android/tools/lint/checks/DiffUtilDetector.kt:78:9 'visitCallExpression' overrides nothing
e: file:///eval/src/generated/kotlin/com/android/tools/lint/checks/DiffUtilDetector.kt:90:26 Unresolved reference: visitCallExpression
e: file:///eval/src/generated/kotlin/com/android/tools/lint/checks/DiffUtilDetector.kt:158:48 Type mismatch: inferred type is PsiType but String? was expected
e: file:///eval/src/generated/kotlin/com/android/tools/lint/checks/DiffUtilDetector.kt:159:23 Incompatible types: PsiPrimitiveType and String?

FAILURE: Build failed with an exception.

* What went wrong:
Execution failed for task ':compileKotlin'.
> A failure occurred while executing org.jetbrains.kotlin.compilerRunner.GradleCompilerRunnerWithWorkers$GradleKotlinCompilerWorkAction
   > Compilation error. See log for more details

* Try:
> Run with --stacktrace option to get the stack trace.
> Run with --info or --debug option to get more log output.
> Run with --scan to get full insights.
> Get more help at https://help.gradle.org.

BUILD FAILED in 6s
