/eval/src/generated/java/com/android/tools/lint/checks/WearStandaloneAppDetector.java:56: error: cannot find symbol
        if (!context.isManifestFile()) {
                    ^
  symbol:   method isManifestFile()
  location: variable context of type XmlContext
/eval/src/generated/java/com/android/tools/lint/checks/WearStandaloneAppDetector.java:81: error: cannot find symbol
        if (context.isManifestFile() && mApplicationElement != null && !mFoundStandaloneFlag) {
                   ^
  symbol:   method isManifestFile()
  location: variable context of type Context
/eval/src/generated/java/com/android/tools/lint/checks/WearStandaloneAppDetector.java:82: error: method getLocation in class Context cannot be applied to given types;
            context.report(ISSUE, mApplicationElement, context.getLocation(mApplicationElement),
                                                              ^
  required: Object,LocationType
  found:    Element
  reason: actual and formal argument lists differ in length
3 errors

FAILURE: Build failed with an exception.

* What went wrong:
Execution failed for task ':compileJava'.
> Compilation failed; see the compiler error output for details.

* Try:
> Run with --info option to get more log output.
> Run with --scan to get full insights.

BUILD FAILED in 4s
