/eval/src/generated/java/com/android/tools/lint/checks/ManifestResourceDetector.java:10: error: cannot find symbol
import com.android.ide.common.resources.ResourceUrl;
                                       ^
  symbol:   class ResourceUrl
  location: package com.android.ide.common.resources
/eval/src/generated/java/com/android/tools/lint/checks/ManifestResourceDetector.java:11: error: cannot find symbol
import com.android.resources.FolderConfiguration;
                            ^
  symbol:   class FolderConfiguration
  location: package com.android.resources
/eval/src/generated/java/com/android/tools/lint/checks/ManifestResourceDetector.java:43: error: incompatible types: inference variable T has incompatible bounds
        return Collections.singletonList(ALL);
                                        ^
    equality constraints: String
    lower bounds: List<String>
  where T is a type-variable:
    T extends Object declared in method <T>singletonList(T)
/eval/src/generated/java/com/android/tools/lint/checks/ManifestResourceDetector.java:53: error: cannot find symbol
        ResourceUrl url = ResourceUrl.parse(value);
        ^
  symbol:   class ResourceUrl
  location: class ManifestResourceDetector
/eval/src/generated/java/com/android/tools/lint/checks/ManifestResourceDetector.java:53: error: cannot find symbol
        ResourceUrl url = ResourceUrl.parse(value);
                          ^
  symbol:   variable ResourceUrl
  location: class ManifestResourceDetector
/eval/src/generated/java/com/android/tools/lint/checks/ManifestResourceDetector.java:74: error: cannot find symbol
            FolderConfiguration config = item.getSource().getFolderConfiguration();
            ^
  symbol:   class FolderConfiguration
  location: class ManifestResourceDetector
/eval/src/generated/java/com/android/tools/lint/checks/ManifestResourceDetector.java:74: error: cannot find symbol
            FolderConfiguration config = item.getSource().getFolderConfiguration();
                                                         ^
  symbol:   method getFolderConfiguration()
  location: class PathString
7 errors

FAILURE: Build failed with an exception.

* What went wrong:
Execution failed for task ':compileJava'.
> Compilation failed; see the compiler error output for details.

* Try:
> Run with --info option to get more log output.
> Run with --scan to get full insights.

BUILD FAILED in 4s
