/eval/src/generated/java/com/android/tools/lint/checks/DuplicateResourceDetector.java:34: error: cannot find symbol
    public boolean appliesTo(com.android.ide.common.resources.ResourceFolderType folderType) {
                                                             ^
  symbol:   class ResourceFolderType
  location: package com.android.ide.common.resources
/eval/src/generated/java/com/android/tools/lint/checks/DuplicateResourceDetector.java:35: error: cannot find symbol
        return folderType != com.android.ide.common.resources.ResourceFolderType.RAW
                                                             ^
  symbol:   class ResourceFolderType
  location: package com.android.ide.common.resources
/eval/src/generated/java/com/android/tools/lint/checks/DuplicateResourceDetector.java:36: error: cannot find symbol
                && folderType != com.android.ide.common.resources.ResourceFolderType.MIPMAP;
                                                                 ^
  symbol:   class ResourceFolderType
  location: package com.android.ide.common.resources
3 errors

FAILURE: Build failed with an exception.

* What went wrong:
Execution failed for task ':compileJava'.
> Compilation failed; see the compiler error output for details.

* Try:
> Run with --info option to get more log output.
> Run with --scan to get full insights.

BUILD FAILED in 3s
