/eval/src/generated/java/com/android/tools/lint/checks/ManifestResourceDetector.java:10: error: cannot find symbol
import com.android.resources.ResourceNamespace;
                            ^
  symbol:   class ResourceNamespace
  location: package com.android.resources
/eval/src/generated/java/com/android/tools/lint/checks/ManifestResourceDetector.java:116: error: cannot find symbol
        Collection<ResourceItem> items = repository.getResources(ResourceNamespace.RES_AUTO, type, name);
                                                                 ^
  symbol:   variable ResourceNamespace
  location: class ManifestResourceDetector
/eval/src/generated/java/com/android/tools/lint/checks/ManifestResourceDetector.java:118: error: cannot find symbol
            items = repository.getResources(ResourceNamespace.TODO, type, name);
                                            ^
  symbol:   variable ResourceNamespace
  location: class ManifestResourceDetector
Note: /eval/src/generated/java/com/android/tools/lint/checks/ManifestResourceDetector.java uses or overrides a deprecated API.
Note: Recompile with -Xlint:deprecation for details.
3 errors

FAILURE: Build failed with an exception.

* What went wrong:
Execution failed for task ':compileJava'.
> Compilation failed; see the compiler error output for details.

* Try:
> Run with --info option to get more log output.
> Run with --scan to get full insights.

BUILD FAILED in 5s
