/eval/src/generated/java/com/android/tools/lint/checks/EllipsizeMaxLinesDetector.java:11: error: cannot find symbol
import static com.android.SdkConstants.ATTR_ELLIPSIZE;
^
  symbol:   static ATTR_ELLIPSIZE
  location: class SdkConstants
/eval/src/generated/java/com/android/tools/lint/checks/EllipsizeMaxLinesDetector.java:12: error: cannot find symbol
import static com.android.SdkConstants.ATTR_MAX_LINES;
^
  symbol:   static ATTR_MAX_LINES
  location: class SdkConstants
/eval/src/generated/java/com/android/tools/lint/checks/EllipsizeMaxLinesDetector.java:29: error: cannot find symbol
        return Collections.singletonList(ATTR_MAX_LINES);
                                         ^
  symbol:   variable ATTR_MAX_LINES
  location: class EllipsizeMaxLinesDetector
/eval/src/generated/java/com/android/tools/lint/checks/EllipsizeMaxLinesDetector.java:38: error: cannot find symbol
        Attr ellipsizeAttr = element.getAttributeNodeNS(ANDROID_URI, ATTR_ELLIPSIZE);
                                                                     ^
  symbol:   variable ATTR_ELLIPSIZE
  location: class EllipsizeMaxLinesDetector
4 errors

FAILURE: Build failed with an exception.

* What went wrong:
Execution failed for task ':compileJava'.
> Compilation failed; see the compiler error output for details.

* Try:
> Run with --info option to get more log output.
> Run with --scan to get full insights.

BUILD FAILED in 4s
