/eval/src/generated/java/com/android/tools/lint/checks/AllowAllHostnameVerifierDetector.java:51: error: cannot find symbol
                    .setMoreInfo("https://goo.gle/AllowAllHostnameVerifier");
                    ^
  symbol:   method setMoreInfo(String)
  location: class Issue
/eval/src/generated/java/com/android/tools/lint/checks/AllowAllHostnameVerifierDetector.java:129: error: cannot find symbol
        UMethod uMethod = context.getUastContext().getMethod(method);
                                 ^
  symbol:   method getUastContext()
  location: variable context of type JavaContext
/eval/src/generated/java/com/android/tools/lint/checks/AllowAllHostnameVerifierDetector.java:155: error: non-static method evaluate(UElement) cannot be referenced from a static context
            Object value = expression != null ? ConstantEvaluator.evaluate(expression) : null;
                                                                 ^
Note: /eval/src/generated/java/com/android/tools/lint/checks/AllowAllHostnameVerifierDetector.java uses or overrides a deprecated API.
Note: Recompile with -Xlint:deprecation for details.
3 errors

FAILURE: Build failed with an exception.

* What went wrong:
Execution failed for task ':compileJava'.
> Compilation failed; see the compiler error output for details.

* Try:
> Run with --info option to get more log output.
> Run with --scan to get full insights.

BUILD FAILED in 4s
