/eval/src/generated/java/com/android/tools/lint/checks/UnsafeNativeCodeDetector.java:3: error: package androidx.annotation does not exist
import androidx.annotation.NonNull;
                          ^
/eval/src/generated/java/com/android/tools/lint/checks/UnsafeNativeCodeDetector.java:18: error: cannot find symbol
public class UnsafeNativeCodeDetector extends Detector implements Detector.SourceCodeScanner {
                                                                          ^
  symbol:   class SourceCodeScanner
  location: class Detector
/eval/src/generated/java/com/android/tools/lint/checks/UnsafeNativeCodeDetector.java:37: error: cannot find symbol
    @NonNull
     ^
  symbol:   class NonNull
  location: class UnsafeNativeCodeDetector
/eval/src/generated/java/com/android/tools/lint/checks/UnsafeNativeCodeDetector.java:43: error: cannot find symbol
    public void visitMethodCall(@NonNull JavaContext context, @NonNull UCallExpression call,
                                 ^
  symbol:   class NonNull
  location: class UnsafeNativeCodeDetector
/eval/src/generated/java/com/android/tools/lint/checks/UnsafeNativeCodeDetector.java:43: error: cannot find symbol
    public void visitMethodCall(@NonNull JavaContext context, @NonNull UCallExpression call,
                                                               ^
  symbol:   class NonNull
  location: class UnsafeNativeCodeDetector
/eval/src/generated/java/com/android/tools/lint/checks/UnsafeNativeCodeDetector.java:44: error: cannot find symbol
            @NonNull com.intellij.psi.PsiMethod method) {
             ^
  symbol:   class NonNull
  location: class UnsafeNativeCodeDetector
6 errors

FAILURE: Build failed with an exception.

* What went wrong:
Execution failed for task ':compileJava'.
> Compilation failed; see the compiler error output for details.

* Try:
> Run with --info option to get more log output.
> Run with --scan to get full insights.

BUILD FAILED in 4s
