/eval/src/generated/java/com/android/tools/lint/checks/IconDetector.java:90: error: cannot find symbol
    public void visitClass(JavaContext context, UClass declaration) {
                           ^
  symbol:   class JavaContext
  location: class IconDetector
/eval/src/generated/java/com/android/tools/lint/checks/IconDetector.java:100: error: cannot find symbol
    public UElementHandler createUastHandler(JavaContext context) {
                                             ^
  symbol:   class JavaContext
  location: class IconDetector
/eval/src/generated/java/com/android/tools/lint/checks/IconDetector.java:169: error: constructor Location in class Location cannot be applied to given types;
                                new Incident(ISSUE, new Location(file), message));
                                                    ^
  required: File,Position,Position
  found:    File
  reason: actual and formal argument lists differ in length
3 errors

FAILURE: Build failed with an exception.

* What went wrong:
Execution failed for task ':compileJava'.
> Compilation failed; see the compiler error output for details.

* Try:
> Run with --info option to get more log output.
> Run with --scan to get full insights.

BUILD FAILED in 3s
