/eval/src/generated/java/com/android/tools/lint/checks/ResourcePrefixDetector.java:42: error: cannot find symbol
        prefix = context.getProject().getResourcePrefix();
                                     ^
  symbol:   method getResourcePrefix()
  location: class Project
/eval/src/generated/java/com/android/tools/lint/checks/ResourcePrefixDetector.java:68: error: method getLocation in class Context cannot be applied to given types;
            context.report(ISSUE, context.getLocation(file), message);
                                         ^
  required: Object,LocationType
  found:    File
  reason: actual and formal argument lists differ in length
/eval/src/generated/java/com/android/tools/lint/checks/ResourcePrefixDetector.java:102: error: method getLocation in class Context cannot be applied to given types;
            context.report(ISSUE, context.getLocation(context.file), message);
                                         ^
  required: Object,LocationType
  found:    File
  reason: actual and formal argument lists differ in length
3 errors

FAILURE: Build failed with an exception.

* What went wrong:
Execution failed for task ':compileJava'.
> Compilation failed; see the compiler error output for details.

* Try:
> Run with --info option to get more log output.
> Run with --scan to get full insights.

BUILD FAILED in 4s
