/eval/src/generated/java/com/android/tools/lint/checks/UnsafeNativeCodeDetector.java:10: error: cannot find symbol
import com.android.tools.lint.detector.api.TextType;
                                          ^
  symbol:   class TextType
  location: package com.android.tools.lint.detector.api
/eval/src/generated/java/com/android/tools/lint/checks/UnsafeNativeCodeDetector.java:41: error: method does not override or implement a method from a supertype
    @Override
    ^
/eval/src/generated/java/com/android/tools/lint/checks/UnsafeNativeCodeDetector.java:46: error: method does not override or implement a method from a supertype
    @Override
    ^
/eval/src/generated/java/com/android/tools/lint/checks/UnsafeNativeCodeDetector.java:48: error: cannot find symbol
        if (node.isConstructor()) {
                ^
  symbol:   method isConstructor()
  location: variable node of type UCallExpression
/eval/src/generated/java/com/android/tools/lint/checks/UnsafeNativeCodeDetector.java:64: error: cannot find symbol
            String message = ISSUE.getBriefDescription(TextType.TEXT);
                                                       ^
  symbol:   variable TextType
  location: class UnsafeNativeCodeDetector
5 errors

FAILURE: Build failed with an exception.

* What went wrong:
Execution failed for task ':compileJava'.
> Compilation failed; see the compiler error output for details.

* Try:
> Run with --info option to get more log output.
> Run with --scan to get full insights.

BUILD FAILED in 4s
