/eval/src/generated/java/com/android/tools/lint/checks/RegistrationDetector.java:7: error: cannot find symbol
import org.jetbrains.uast.UElementHandler;
                         ^
  symbol:   class UElementHandler
  location: package org.jetbrains.uast
/eval/src/generated/java/com/android/tools/lint/checks/RegistrationDetector.java:8: error: cannot find symbol
import org.jetbrains.uast.UastModifier;
                         ^
  symbol:   class UastModifier
  location: package org.jetbrains.uast
/eval/src/generated/java/com/android/tools/lint/checks/RegistrationDetector.java:90: error: cannot find symbol
    public UElementHandler createUastHandler(JavaContext context) {
           ^
  symbol:   class UElementHandler
  location: class RegistrationDetector
/eval/src/generated/java/com/android/tools/lint/checks/RegistrationDetector.java:39: error: cannot find symbol
        File manifest = context.getMainProject().getManifest();
                                                ^
  symbol:   method getManifest()
  location: class Project
/eval/src/generated/java/com/android/tools/lint/checks/RegistrationDetector.java:45: error: cannot find symbol
            Document doc = XmlParser.parse(manifest);
                           ^
  symbol:   variable XmlParser
  location: class RegistrationDetector
/eval/src/generated/java/com/android/tools/lint/checks/RegistrationDetector.java:91: error: cannot find symbol
        return new UElementHandler() {
                   ^
  symbol:   class UElementHandler
  location: class RegistrationDetector
/eval/src/generated/java/com/android/tools/lint/checks/RegistrationDetector.java:92: error: method does not override or implement a method from a supertype
            @Override
            ^
/eval/src/generated/java/com/android/tools/lint/checks/RegistrationDetector.java:94: error: cannot find symbol
                if (node.hasModifier(UastModifier.ABSTRACT)) {
                                     ^
  symbol: variable UastModifier
/eval/src/generated/java/com/android/tools/lint/checks/RegistrationDetector.java:102: error: cannot find symbol
                if (node.getUastParent() instanceof UClass && !node.hasModifier(UastModifier.STATIC)) {
                                                                                ^
  symbol: variable UastModifier
/eval/src/generated/java/com/android/tools/lint/checks/RegistrationDetector.java:106: error: cannot find symbol
                JavaEvaluator evaluator = context.getEvaluator();
                ^
  symbol: class JavaEvaluator
Note: /eval/src/generated/java/com/android/tools/lint/checks/RegistrationDetector.java uses or overrides a deprecated API.
Note: Recompile with -Xlint:deprecation for details.
10 errors

FAILURE: Build failed with an exception.

* What went wrong:
Execution failed for task ':compileJava'.
> Compilation failed; see the compiler error output for details.

* Try:
> Run with --info option to get more log output.
> Run with --scan to get full insights.

BUILD FAILED in 4s
