/eval/src/generated/java/com/android/tools/lint/checks/JobSchedulerDetector.java:81: error: cannot find symbol
                PsiClass psiClass = context.getEvaluator().getTypeClass(context.getEvaluator().getType(classArg));
                                                                                              ^
  symbol:   method getType(UExpression)
  location: class JavaEvaluator
/eval/src/generated/java/com/android/tools/lint/checks/JobSchedulerDetector.java:90: error: method does not override or implement a method from a supertype
    @Override
    ^
/eval/src/generated/java/com/android/tools/lint/checks/JobSchedulerDetector.java:118: error: cannot find symbol
        File manifest = context.getProject().getManifest();
                                            ^
  symbol:   method getManifest()
  location: class Project
3 errors

FAILURE: Build failed with an exception.

* What went wrong:
Execution failed for task ':compileJava'.
> Compilation failed; see the compiler error output for details.

* Try:
> Run with --info option to get more log output.
> Run with --scan to get full insights.

BUILD FAILED in 4s
