/eval/src/generated/java/com/android/tools/lint/checks/IconDetector.java:37: error: cannot find symbol
        new Implementation(IconDetector.class, Scope.BINARY_RESOURCE)
                                                    ^
  symbol:   variable BINARY_RESOURCE
  location: class Scope
/eval/src/generated/java/com/android/tools/lint/checks/IconDetector.java:51: error: getApplicableFiles() in IconDetector cannot override getApplicableFiles() in Detector
    public List<String> getApplicableFiles() {
                        ^
  return type @org.jetbrains.annotations.Nullable List<String> is not compatible with EnumSet<Scope>
/eval/src/generated/java/com/android/tools/lint/checks/IconDetector.java:50: error: method does not override or implement a method from a supertype
    @Override
    ^
/eval/src/generated/java/com/android/tools/lint/checks/IconDetector.java:52: error: cannot find symbol
        return Arrays.asList(EXTENSION_PNG, EXTENSION_WEBP, EXTENSION_JPG, EXTENSION_GIF);
                             ^
  symbol:   variable EXTENSION_PNG
  location: class IconDetector
/eval/src/generated/java/com/android/tools/lint/checks/IconDetector.java:52: error: cannot find symbol
        return Arrays.asList(EXTENSION_PNG, EXTENSION_WEBP, EXTENSION_JPG, EXTENSION_GIF);
                                            ^
  symbol:   variable EXTENSION_WEBP
  location: class IconDetector
/eval/src/generated/java/com/android/tools/lint/checks/IconDetector.java:52: error: cannot find symbol
        return Arrays.asList(EXTENSION_PNG, EXTENSION_WEBP, EXTENSION_JPG, EXTENSION_GIF);
                                                            ^
  symbol:   variable EXTENSION_JPG
  location: class IconDetector
/eval/src/generated/java/com/android/tools/lint/checks/IconDetector.java:52: error: cannot find symbol
        return Arrays.asList(EXTENSION_PNG, EXTENSION_WEBP, EXTENSION_JPG, EXTENSION_GIF);
                                                                           ^
  symbol:   variable EXTENSION_GIF
  location: class IconDetector
/eval/src/generated/java/com/android/tools/lint/checks/IconDetector.java:55: error: method does not override or implement a method from a supertype
    @Override
    ^
/eval/src/generated/java/com/android/tools/lint/checks/IconDetector.java:57: error: cannot find symbol
        File file = context.getFile();
                           ^
  symbol:   method getFile()
  location: variable context of type @org.jetbrains.annotations.NotNull Context
9 errors

FAILURE: Build failed with an exception.

* What went wrong:
Execution failed for task ':compileJava'.
> Compilation failed; see the compiler error output for details.

* Try:
> Run with --info option to get more log output.
> Run with --scan to get full insights.

BUILD FAILED in 4s
