/eval/src/generated/java/com/android/tools/lint/checks/IconDetector.java:8: error: cannot find symbol
import com.android.tools.lint.detector.api.ResourceFolderContext;
                                          ^
  symbol:   class ResourceFolderContext
  location: package com.android.tools.lint.detector.api
/eval/src/generated/java/com/android/tools/lint/checks/IconDetector.java:9: error: cannot find symbol
import com.android.tools.lint.detector.api.ResourceFolderDetector;
                                          ^
  symbol:   class ResourceFolderDetector
  location: package com.android.tools.lint.detector.api
/eval/src/generated/java/com/android/tools/lint/checks/IconDetector.java:14: error: cannot find symbol
import org.jetbrains.annotations.NonNull;
                                ^
  symbol:   class NonNull
  location: package org.jetbrains.annotations
/eval/src/generated/java/com/android/tools/lint/checks/IconDetector.java:16: error: cannot find symbol
public class IconDetector extends ResourceFolderDetector {
                                  ^
  symbol: class ResourceFolderDetector
/eval/src/generated/java/com/android/tools/lint/checks/IconDetector.java:41: error: cannot find symbol
    public void checkFolder(@NonNull ResourceFolderContext context) {
                                     ^
  symbol:   class ResourceFolderContext
  location: class IconDetector
/eval/src/generated/java/com/android/tools/lint/checks/IconDetector.java:36: error: cannot find symbol
    public boolean appliesTo(@NonNull ResourceFolderType folderType) {
                              ^
  symbol:   class NonNull
  location: class IconDetector
/eval/src/generated/java/com/android/tools/lint/checks/IconDetector.java:41: error: cannot find symbol
    public void checkFolder(@NonNull ResourceFolderContext context) {
                             ^
  symbol:   class NonNull
  location: class IconDetector
/eval/src/generated/java/com/android/tools/lint/checks/IconDetector.java:69: error: cannot find symbol
    private static boolean isBitmapFile(@NonNull String name) {
                                         ^
  symbol:   class NonNull
  location: class IconDetector
/eval/src/generated/java/com/android/tools/lint/checks/IconDetector.java:29: error: no suitable constructor found for Implementation(Class<IconDetector>,EnumSet<Scope>)
            new Implementation(
            ^
    constructor Implementation.Implementation(Class<? extends Detector>,EnumSet<Scope>) is not applicable
      (argument mismatch; Class<IconDetector> cannot be converted to Class<? extends Detector>)
    constructor Implementation.Implementation(Class<? extends Detector>,EnumSet<Scope>,EnumSet<Scope>...) is not applicable
      (argument mismatch; Class<IconDetector> cannot be converted to Class<? extends Detector>)
/eval/src/generated/java/com/android/tools/lint/checks/IconDetector.java:35: error: method does not override or implement a method from a supertype
    @Override
    ^
/eval/src/generated/java/com/android/tools/lint/checks/IconDetector.java:40: error: method does not override or implement a method from a supertype
    @Override
    ^
11 errors

FAILURE: Build failed with an exception.

* What went wrong:
Execution failed for task ':compileJava'.
> Compilation failed; see the compiler error output for details.

* Try:
> Run with --info option to get more log output.
> Run with --scan to get full insights.

BUILD FAILED in 7s
