/eval/src/generated/java/com/android/tools/lint/checks/InefficientWeightDetector.java:30: error: no suitable constructor found for Implementation(Class<InefficientWeightDetector>,Scope)
            new Implementation(InefficientWeightDetector.class, Scope.RESOURCE_FILE)
            ^
    constructor Implementation.Implementation(Class<? extends Detector>,EnumSet<Scope>) is not applicable
      (argument mismatch; Scope cannot be converted to EnumSet<Scope>)
    constructor Implementation.Implementation(Class<? extends Detector>,EnumSet<Scope>,EnumSet<Scope>...) is not applicable
      (argument mismatch; Scope cannot be converted to EnumSet<Scope>)
/eval/src/generated/java/com/android/tools/lint/checks/InefficientWeightDetector.java:40: error: cannot find symbol
        return Collections.singletonList(SdkConstants.TAG_LINEAR_LAYOUT);
                                                     ^
  symbol:   variable TAG_LINEAR_LAYOUT
  location: class SdkConstants
/eval/src/generated/java/com/android/tools/lint/checks/InefficientWeightDetector.java:59: error: cannot find symbol
                if (childElement.getTagName().endsWith(SdkConstants.SUFFIX_LAYOUT)) {
                                                                   ^
  symbol:   variable SUFFIX_LAYOUT
  location: class SdkConstants
3 errors

FAILURE: Build failed with an exception.

* What went wrong:
Execution failed for task ':compileJava'.
> Compilation failed; see the compiler error output for details.

* Try:
> Run with --info option to get more log output.
> Run with --scan to get full insights.

BUILD FAILED in 4s
