/eval/src/generated/java/com/android/tools/lint/checks/WearStandaloneAppDetector.java:27: error: cannot find symbol
public class WearStandaloneAppDetector extends Detector implements Detector.ManifestScanner {
                                                                           ^
  symbol:   class ManifestScanner
  location: class Detector
/eval/src/generated/java/com/android/tools/lint/checks/WearStandaloneAppDetector.java:46: error: cannot find symbol
    public Collection<String> getApplicableElements() {
           ^
  symbol:   class Collection
  location: class WearStandaloneAppDetector
/eval/src/generated/java/com/android/tools/lint/checks/WearStandaloneAppDetector.java:115: error: method getAttribute in interface Element cannot be applied to given types;
        String value = element.getAttribute(ANDROID_URI, localName);
                              ^
  required: String
  found:    String,String
  reason: actual and formal argument lists differ in length
3 errors

FAILURE: Build failed with an exception.

* What went wrong:
Execution failed for task ':compileJava'.
> Compilation failed; see the compiler error output for details.

* Try:
> Run with --info option to get more log output.
> Run with --scan to get full insights.

BUILD FAILED in 4s
