e: file:///eval/src/generated/kotlin/com/android/tools/lint/checks/CredentialManagerDigitalAssetLinkDetector.kt:15:44 Unresolved reference: SourcePosition
e: file:///eval/src/generated/kotlin/com/android/tools/lint/checks/CredentialManagerDigitalAssetLinkDetector.kt:65:67 Type mismatch: inferred type is Project but (TypeVariable(T)) -> TypeVariable(R) was expected
e: file:///eval/src/generated/kotlin/com/android/tools/lint/checks/CredentialManagerDigitalAssetLinkDetector.kt:92:38 Type mismatch: inferred type is Project but (TypeVariable(T)) -> TypeVariable(R) was expected
e: file:///eval/src/generated/kotlin/com/android/tools/lint/checks/CredentialManagerDigitalAssetLinkDetector.kt:98:30 Overload resolution ambiguity: 
public constructor File(p0: URI!) defined in java.io.File
public constructor File(p0: String!) defined in java.io.File
e: file:///eval/src/generated/kotlin/com/android/tools/lint/checks/CredentialManagerDigitalAssetLinkDetector.kt:100:35 Unresolved reference: SourcePosition
e: file:///eval/src/generated/kotlin/com/android/tools/lint/checks/CredentialManagerDigitalAssetLinkDetector.kt:100:68 Unresolved reference: SourcePosition
e: file:///eval/src/generated/kotlin/com/android/tools/lint/checks/CredentialManagerDigitalAssetLinkDetector.kt:136:39 Unresolved reference: SourcePosition
e: file:///eval/src/generated/kotlin/com/android/tools/lint/checks/CredentialManagerDigitalAssetLinkDetector.kt:136:84 Unresolved reference: SourcePosition

FAILURE: Build failed with an exception.

* What went wrong:
Execution failed for task ':compileKotlin'.
> A failure occurred while executing org.jetbrains.kotlin.compilerRunner.GradleCompilerRunnerWithWorkers$GradleKotlinCompilerWorkAction
   > Compilation error. See log for more details

* Try:
> Run with --stacktrace option to get the stack trace.
> Run with --info or --debug option to get more log output.
> Run with --scan to get full insights.
> Get more help at https://help.gradle.org.

BUILD FAILED in 10s
