/eval/src/generated/java/com/android/tools/lint/checks/InefficientWeightDetector.java:36: error: method getAttributeNode in interface Element cannot be applied to given types;
        Attr weightAttr = element.getAttributeNode(SdkConstants.ANDROID_URI, SdkConstants.ATTR_LAYOUT_WEIGHT);
                                 ^
  required: String
  found:    String,String
  reason: actual and formal argument lists differ in length
/eval/src/generated/java/com/android/tools/lint/checks/InefficientWeightDetector.java:57: error: cannot find symbol
                if (tag.equals(SdkConstants.LINEAR_LAYOUT) || tag.endsWith(SdkConstants.DOT_LINEAR_LAYOUT)) {
                                                                                       ^
  symbol:   variable DOT_LINEAR_LAYOUT
  location: class SdkConstants
/eval/src/generated/java/com/android/tools/lint/checks/InefficientWeightDetector.java:58: error: method getAttributeNode in interface Element cannot be applied to given types;
                    Attr parentWeightAttr = parentElement.getAttributeNode(SdkConstants.ANDROID_URI, SdkConstants.ATTR_LAYOUT_WEIGHT);
                                                         ^
  required: String
  found:    String,String
  reason: actual and formal argument lists differ in length
3 errors

FAILURE: Build failed with an exception.

* What went wrong:
Execution failed for task ':compileJava'.
> Compilation failed; see the compiler error output for details.

* Try:
> Run with --info option to get more log output.
> Run with --scan to get full insights.

BUILD FAILED in 4s
