/eval/src/generated/java/com/android/tools/lint/checks/RegistrationDetector.java:9: error: cannot find symbol
import com.android.tools.lint.detector.api.JavaEvaluator;
                                          ^
  symbol:   class JavaEvaluator
  location: package com.android.tools.lint.detector.api
/eval/src/generated/java/com/android/tools/lint/checks/RegistrationDetector.java:12: error: cannot find symbol
import com.android.tools.lint.detector.api.UElementHandler;
                                          ^
  symbol:   class UElementHandler
  location: package com.android.tools.lint.detector.api
/eval/src/generated/java/com/android/tools/lint/checks/RegistrationDetector.java:15: error: cannot find symbol
import org.jetbrains.annotations.NonNull;
                                ^
  symbol:   class NonNull
  location: package org.jetbrains.annotations
/eval/src/generated/java/com/android/tools/lint/checks/RegistrationDetector.java:71: error: cannot find symbol
    public UElementHandler createUastHandler(@NonNull JavaContext context) {
           ^
  symbol:   class UElementHandler
  location: class RegistrationDetector
/eval/src/generated/java/com/android/tools/lint/checks/RegistrationDetector.java:51: error: cannot find symbol
    public void visitElement(@NonNull XmlContext context, @NonNull Element element) {
                              ^
  symbol:   class NonNull
  location: class RegistrationDetector
/eval/src/generated/java/com/android/tools/lint/checks/RegistrationDetector.java:51: error: cannot find symbol
    public void visitElement(@NonNull XmlContext context, @NonNull Element element) {
                                                           ^
  symbol:   class NonNull
  location: class RegistrationDetector
/eval/src/generated/java/com/android/tools/lint/checks/RegistrationDetector.java:71: error: cannot find symbol
    public UElementHandler createUastHandler(@NonNull JavaContext context) {
                                              ^
  symbol:   class NonNull
  location: class RegistrationDetector
/eval/src/generated/java/com/android/tools/lint/checks/RegistrationDetector.java:108: error: cannot find symbol
    private Set<String> getRegisteredSet(@NonNull Context context) {
                                          ^
  symbol:   class NonNull
  location: class RegistrationDetector
/eval/src/generated/java/com/android/tools/lint/checks/RegistrationDetector.java:107: error: cannot find symbol
    @NonNull
     ^
  symbol:   class NonNull
  location: class RegistrationDetector
/eval/src/generated/java/com/android/tools/lint/checks/RegistrationDetector.java:118: error: cannot find symbol
    private static String resolveClassName(@NonNull String name, @NonNull String pkg) {
                                            ^
  symbol:   class NonNull
  location: class RegistrationDetector
/eval/src/generated/java/com/android/tools/lint/checks/RegistrationDetector.java:118: error: cannot find symbol
    private static String resolveClassName(@NonNull String name, @NonNull String pkg) {
                                                                  ^
  symbol:   class NonNull
  location: class RegistrationDetector
/eval/src/generated/java/com/android/tools/lint/checks/RegistrationDetector.java:117: error: cannot find symbol
    @NonNull
     ^
  symbol:   class NonNull
  location: class RegistrationDetector
/eval/src/generated/java/com/android/tools/lint/checks/RegistrationDetector.java:39: error: incompatible types: Scope cannot be converted to EnumSet<Scope>
            new Implementation(RegistrationDetector.class, Scope.JAVA_FILE, Scope.MANIFEST));
                                                                ^
/eval/src/generated/java/com/android/tools/lint/checks/RegistrationDetector.java:54: error: cannot find symbol
            String pkg = context.getPackageName();
                                ^
  symbol:   method getPackageName()
  location: variable context of type XmlContext
/eval/src/generated/java/com/android/tools/lint/checks/RegistrationDetector.java:72: error: cannot find symbol
        return new UElementHandler() {
                   ^
  symbol:   class UElementHandler
  location: class RegistrationDetector
/eval/src/generated/java/com/android/tools/lint/checks/RegistrationDetector.java:74: error: cannot find symbol
            public void visitClass(@NonNull UClass node) {
                                    ^
  symbol: class NonNull
/eval/src/generated/java/com/android/tools/lint/checks/RegistrationDetector.java:73: error: method does not override or implement a method from a supertype
            @Override
            ^
/eval/src/generated/java/com/android/tools/lint/checks/RegistrationDetector.java:75: error: cannot find symbol
                if (node.isAbstract()) {
                        ^
  symbol:   method isAbstract()
  location: variable node of type UClass
/eval/src/generated/java/com/android/tools/lint/checks/RegistrationDetector.java:84: error: cannot find symbol
                JavaEvaluator evaluator = context.getEvaluator();
                ^
  symbol: class JavaEvaluator
/eval/src/generated/java/com/android/tools/lint/checks/RegistrationDetector.java:99: error: reference to getLocation is ambiguous
                    context.report(ISSUE, context.getLocation(node),
                                                 ^
  both method getLocation(PsiElement) in JavaContext and method getLocation(UElement) in JavaContext match
Note: Some messages have been simplified; recompile with -Xdiags:verbose to get full output
20 errors

FAILURE: Build failed with an exception.

* What went wrong:
Execution failed for task ':compileJava'.
> Compilation failed; see the compiler error output for details.

* Try:
> Run with --info option to get more log output.
> Run with --scan to get full insights.

BUILD FAILED in 4s
