/eval/src/generated/java/com/android/tools/lint/checks/ManifestResourceDetector.java:68: error: cannot find symbol
        com.android.resources.ResourceNamespace namespace;
                             ^
  symbol:   class ResourceNamespace
  location: package com.android.resources
/eval/src/generated/java/com/android/tools/lint/checks/ManifestResourceDetector.java:70: error: cannot find symbol
            namespace = com.android.resources.ResourceNamespace.RES_AUTO;
                                             ^
  symbol:   class ResourceNamespace
  location: package com.android.resources
/eval/src/generated/java/com/android/tools/lint/checks/ManifestResourceDetector.java:72: error: cannot find symbol
            namespace = com.android.resources.ResourceNamespace.fromPackageName(url.namespace);
                                             ^
  symbol:   class ResourceNamespace
  location: package com.android.resources
Note: /eval/src/generated/java/com/android/tools/lint/checks/ManifestResourceDetector.java uses or overrides a deprecated API.
Note: Recompile with -Xlint:deprecation for details.
3 errors

FAILURE: Build failed with an exception.

* What went wrong:
Execution failed for task ':compileJava'.
> Compilation failed; see the compiler error output for details.

* Try:
> Run with --info option to get more log output.
> Run with --scan to get full insights.

BUILD FAILED in 16s
