/eval/src/generated/java/com/android/tools/lint/checks/ParcelDetector.java:6: error: cannot find symbol
import com.intellij.psi.PsiTypesUtil;
                       ^
  symbol:   class PsiTypesUtil
  location: package com.intellij.psi
/eval/src/generated/java/com/android/tools/lint/checks/ParcelDetector.java:10: error: cannot find symbol
import org.jetbrains.uast.UElementHandler;
                         ^
  symbol:   class UElementHandler
  location: package org.jetbrains.uast
/eval/src/generated/java/com/android/tools/lint/checks/ParcelDetector.java:33: error: cannot find symbol
    public UElementHandler createUastHandler(@NotNull JavaContext context) {
           ^
  symbol:   class UElementHandler
  location: class ParcelDetector
/eval/src/generated/java/com/android/tools/lint/checks/ParcelDetector.java:34: error: cannot find symbol
        return new UElementHandler() {
                   ^
  symbol:   class UElementHandler
  location: class ParcelDetector
/eval/src/generated/java/com/android/tools/lint/checks/ParcelDetector.java:35: error: method does not override or implement a method from a supertype
            @Override
            ^
/eval/src/generated/java/com/android/tools/lint/checks/ParcelDetector.java:37: error: cannot find symbol
                if (node.isInterface() || node.isAbstract()) {
                                              ^
  symbol:   method isAbstract()
  location: variable node of type @org.jetbrains.annotations.NotNull UClass
/eval/src/generated/java/com/android/tools/lint/checks/ParcelDetector.java:54: error: reference to getLocation is ambiguous
                    context.report(ISSUE, node, context.getLocation(node),
                                                       ^
  both method getLocation(PsiElement) in JavaContext and method getLocation(UElement) in JavaContext match
/eval/src/generated/java/com/android/tools/lint/checks/ParcelDetector.java:59: error: cannot find symbol
                if (!creatorField.isPublic() || !creatorField.isStatic() || !creatorField.isFinal()) {
                                 ^
  symbol:   method isPublic()
  location: variable creatorField of type UField
/eval/src/generated/java/com/android/tools/lint/checks/ParcelDetector.java:66: error: cannot find symbol
                PsiClass typeClass = PsiTypesUtil.getPsiClass(type);
                                     ^
  symbol: variable PsiTypesUtil
9 errors

FAILURE: Build failed with an exception.

* What went wrong:
Execution failed for task ':compileJava'.
> Compilation failed; see the compiler error output for details.

* Try:
> Run with --info option to get more log output.
> Run with --scan to get full insights.

BUILD FAILED in 5s
