/eval/src/generated/java/com/android/tools/lint/checks/AutofillDetector.java:16: error: method create in class Issue cannot be applied to given types;
    public static final Issue ISSUE = Issue.create(
                                           ^
  required: String,String,String,Category,int,Severity,Implementation
  found:    String,String,String,Category,Severity,Implementation
  reason: actual and formal argument lists differ in length
/eval/src/generated/java/com/android/tools/lint/checks/AutofillDetector.java:44: error: cannot find symbol
        int targetSdk = context.getTargetSdk();
                               ^
  symbol:   method getTargetSdk()
  location: variable context of type XmlContext
2 errors

FAILURE: Build failed with an exception.

* What went wrong:
Execution failed for task ':compileJava'.
> Compilation failed; see the compiler error output for details.

* Try:
> Run with --info option to get more log output.
> Run with --scan to get full insights.

BUILD FAILED in 4s
