/eval/src/generated/java/com/android/tools/lint/checks/RtlDetector.java:35: error: cannot find symbol
import org.jetbrains.uast.UElementHandler;
                         ^
  symbol:   class UElementHandler
  location: package org.jetbrains.uast
/eval/src/generated/java/com/android/tools/lint/checks/RtlDetector.java:116: error: cannot find symbol
    public UElementHandler createUastHandler(@NonNull JavaContext context) {
           ^
  symbol:   class UElementHandler
  location: class RtlDetector
/eval/src/generated/java/com/android/tools/lint/checks/RtlDetector.java:117: error: cannot find symbol
        return new UElementHandler() {
                   ^
  symbol:   class UElementHandler
  location: class RtlDetector
/eval/src/generated/java/com/android/tools/lint/checks/RtlDetector.java:118: error: method does not override or implement a method from a supertype
            @Override
            ^
/eval/src/generated/java/com/android/tools/lint/checks/RtlDetector.java:129: error: cannot find symbol
                String path = context.getFile().getPath();
                                     ^
  symbol:   method getFile()
  location: variable context of type JavaContext
/eval/src/generated/java/com/android/tools/lint/checks/RtlDetector.java:140: error: method does not override or implement a method from a supertype
    @Override
    ^
/eval/src/generated/java/com/android/tools/lint/checks/RtlDetector.java:162: error: incompatible types: UElement cannot be converted to Location
                context.report(ISSUE, ref.node, ref.location, message);
                                         ^
Note: Some messages have been simplified; recompile with -Xdiags:verbose to get full output
7 errors

FAILURE: Build failed with an exception.

* What went wrong:
Execution failed for task ':compileJava'.
> Compilation failed; see the compiler error output for details.

* Try:
> Run with --info option to get more log output.
> Run with --scan to get full insights.

BUILD FAILED in 4s
