/eval/src/generated/java/com/android/tools/lint/checks/AlwaysShowActionDetector.java:112: error: cannot find symbol
    public UElementHandler createUastHandler(@NonNull JavaContext context) {
           ^
  symbol:   class UElementHandler
  location: class AlwaysShowActionDetector
/eval/src/generated/java/com/android/tools/lint/checks/AlwaysShowActionDetector.java:58: error: cannot find symbol
    public void visitElement(@NonNull XmlContext context, @NonNull Element element) {
                              ^
  symbol:   class NonNull
  location: class AlwaysShowActionDetector
/eval/src/generated/java/com/android/tools/lint/checks/AlwaysShowActionDetector.java:58: error: cannot find symbol
    public void visitElement(@NonNull XmlContext context, @NonNull Element element) {
                                                           ^
  symbol:   class NonNull
  location: class AlwaysShowActionDetector
/eval/src/generated/java/com/android/tools/lint/checks/AlwaysShowActionDetector.java:89: error: cannot find symbol
    public void afterCheckFile(@NonNull Context context) {
                                ^
  symbol:   class NonNull
  location: class AlwaysShowActionDetector
/eval/src/generated/java/com/android/tools/lint/checks/AlwaysShowActionDetector.java:112: error: cannot find symbol
    public UElementHandler createUastHandler(@NonNull JavaContext context) {
                                              ^
  symbol:   class NonNull
  location: class AlwaysShowActionDetector
/eval/src/generated/java/com/android/tools/lint/checks/AlwaysShowActionDetector.java:144: error: cannot find symbol
    public void afterCheckProject(@NonNull Context context) {
                                   ^
  symbol:   class NonNull
  location: class AlwaysShowActionDetector
/eval/src/generated/java/com/android/tools/lint/checks/AlwaysShowActionDetector.java:76: error: cannot find symbol
            Integer count = (Integer) context.getClientProperty(ALWAYS_COUNT);
                                             ^
  symbol:   method getClientProperty(String)
  location: variable context of type XmlContext
/eval/src/generated/java/com/android/tools/lint/checks/AlwaysShowActionDetector.java:77: error: cannot find symbol
            context.putClientProperty(ALWAYS_COUNT, count == null ? 1 : count + 1);
                   ^
  symbol:   method putClientProperty(String,int)
  location: variable context of type XmlContext
/eval/src/generated/java/com/android/tools/lint/checks/AlwaysShowActionDetector.java:78: error: cannot find symbol
            if (context.getClientProperty(FIRST_ALWAYS_ELEMENT) == null) {
                       ^
  symbol:   method getClientProperty(String)
  location: variable context of type XmlContext
/eval/src/generated/java/com/android/tools/lint/checks/AlwaysShowActionDetector.java:79: error: cannot find symbol
                context.putClientProperty(FIRST_ALWAYS_ELEMENT, element);
                       ^
  symbol:   method putClientProperty(String,Element)
  location: variable context of type XmlContext
/eval/src/generated/java/com/android/tools/lint/checks/AlwaysShowActionDetector.java:83: error: cannot find symbol
            Integer count = (Integer) context.getClientProperty(IFROOM_COUNT);
                                             ^
  symbol:   method getClientProperty(String)
  location: variable context of type XmlContext
/eval/src/generated/java/com/android/tools/lint/checks/AlwaysShowActionDetector.java:84: error: cannot find symbol
            context.putClientProperty(IFROOM_COUNT, count == null ? 1 : count + 1);
                   ^
  symbol:   method putClientProperty(String,int)
  location: variable context of type XmlContext
/eval/src/generated/java/com/android/tools/lint/checks/AlwaysShowActionDetector.java:94: error: cannot find symbol
        Integer always = (Integer) context.getClientProperty(ALWAYS_COUNT);
                                          ^
  symbol:   method getClientProperty(String)
  location: variable context of type Context
/eval/src/generated/java/com/android/tools/lint/checks/AlwaysShowActionDetector.java:95: error: cannot find symbol
        Integer ifRoom = (Integer) context.getClientProperty(IFROOM_COUNT);
                                          ^
  symbol:   method getClientProperty(String)
  location: variable context of type Context
/eval/src/generated/java/com/android/tools/lint/checks/AlwaysShowActionDetector.java:100: error: cannot find symbol
            Element first = (Element) context.getClientProperty(FIRST_ALWAYS_ELEMENT);
                                             ^
  symbol:   method getClientProperty(String)
  location: variable context of type Context
/eval/src/generated/java/com/android/tools/lint/checks/AlwaysShowActionDetector.java:113: error: cannot find symbol
        return new UElementHandler() {
                   ^
  symbol:   class UElementHandler
  location: class AlwaysShowActionDetector
/eval/src/generated/java/com/android/tools/lint/checks/AlwaysShowActionDetector.java:115: error: cannot find symbol
            public void visitReferenceExpression(@NonNull UReferenceExpression node) {
                                                  ^
  symbol: class NonNull
/eval/src/generated/java/com/android/tools/lint/checks/AlwaysShowActionDetector.java:114: error: method does not override or implement a method from a supertype
            @Override
            ^
/eval/src/generated/java/com/android/tools/lint/checks/AlwaysShowActionDetector.java:116: error: cannot find symbol
                String refName = node.getReferenceName();
                                     ^
  symbol:   method getReferenceName()
  location: variable node of type UReferenceExpression
/eval/src/generated/java/com/android/tools/lint/checks/AlwaysShowActionDetector.java:124: error: cannot find symbol
                    String qName = field.getQualifiedName();
                                        ^
  symbol:   method getQualifiedName()
  location: variable field of type PsiField
Note: /eval/src/generated/java/com/android/tools/lint/checks/AlwaysShowActionDetector.java uses or overrides a deprecated API.
Note: Recompile with -Xlint:deprecation for details.
20 errors

FAILURE: Build failed with an exception.

* What went wrong:
Execution failed for task ':compileJava'.
> Compilation failed; see the compiler error output for details.

* Try:
> Run with --info option to get more log output.
> Run with --scan to get full insights.

BUILD FAILED in 6s
