/eval/src/generated/java/com/android/tools/lint/checks/IconDetector.java:6: error: cannot find symbol
import com.android.tools.lint.detector.api.Image;
                                          ^
  symbol:   class Image
  location: package com.android.tools.lint.detector.api
/eval/src/generated/java/com/android/tools/lint/checks/IconDetector.java:36: error: cannot find symbol
            new Implementation(IconDetector.class, Scope.IMAGE_FILE_SCOPE));
                                                        ^
  symbol:   variable IMAGE_FILE_SCOPE
  location: class Scope
/eval/src/generated/java/com/android/tools/lint/checks/IconDetector.java:40: error: cannot find symbol
        return Scope.IMAGE_FILE_SCOPE;
                    ^
  symbol:   variable IMAGE_FILE_SCOPE
  location: class Scope
/eval/src/generated/java/com/android/tools/lint/checks/IconDetector.java:43: error: method does not override or implement a method from a supertype
    @Override
    ^
/eval/src/generated/java/com/android/tools/lint/checks/IconDetector.java:69: error: cannot find symbol
            Image image = context.getImage();
            ^
  symbol:   class Image
  location: class IconDetector
/eval/src/generated/java/com/android/tools/lint/checks/IconDetector.java:69: error: cannot find symbol
            Image image = context.getImage();
                                 ^
  symbol:   method getImage()
  location: variable context of type Context
/eval/src/generated/java/com/android/tools/lint/checks/IconDetector.java:81: error: method getLocation in class Context cannot be applied to given types;
                context.report(ISSUE, context.getLocation(file), message);
                                             ^
  required: Object,LocationType
  found:    File
  reason: actual and formal argument lists differ in length
7 errors

FAILURE: Build failed with an exception.

* What went wrong:
Execution failed for task ':compileJava'.
> Compilation failed; see the compiler error output for details.

* Try:
> Run with --info option to get more log output.
> Run with --scan to get full insights.

BUILD FAILED in 4s
