/eval/src/generated/java/com/android/tools/lint/checks/AndroidTvDetector.java:24: error: method create in class Issue cannot be applied to given types;
    public static final Issue ISSUE = Issue.create(
                                           ^
  required: String,String,String,Category,int,Severity,Implementation
  found:    String,String,String,String,Category,int,Severity,Implementation
  reason: actual and formal argument lists differ in length
/eval/src/generated/java/com/android/tools/lint/checks/AndroidTvDetector.java:47: error: cannot find symbol
        if (!element.hasAttributeNS(SdkConstants.ANDROID_URI, SdkConstants.ATTR_BANNER)) {
                                                                          ^
  symbol:   variable ATTR_BANNER
  location: class SdkConstants
2 errors

FAILURE: Build failed with an exception.

* What went wrong:
Execution failed for task ':compileJava'.
> Compilation failed; see the compiler error output for details.

* Try:
> Run with --info option to get more log output.
> Run with --scan to get full insights.

BUILD FAILED in 4s
