/eval/src/generated/java/com/android/tools/lint/checks/RequiredAttributeDetector.java:9: error: cannot find symbol
import com.android.tools.lint.detector.api.ResourceFolderType;
                                          ^
  symbol:   class ResourceFolderType
  location: package com.android.tools.lint.detector.api
/eval/src/generated/java/com/android/tools/lint/checks/RequiredAttributeDetector.java:77: error: cannot find symbol
    public boolean appliesTo(ResourceFolderType folderType) {
                             ^
  symbol:   class ResourceFolderType
  location: class RequiredAttributeDetector
/eval/src/generated/java/com/android/tools/lint/checks/RequiredAttributeDetector.java:78: error: cannot find symbol
        return folderType == ResourceFolderType.LAYOUT || folderType == ResourceFolderType.VALUES;
                             ^
  symbol:   variable ResourceFolderType
  location: class RequiredAttributeDetector
/eval/src/generated/java/com/android/tools/lint/checks/RequiredAttributeDetector.java:78: error: cannot find symbol
        return folderType == ResourceFolderType.LAYOUT || folderType == ResourceFolderType.VALUES;
                                                                        ^
  symbol:   variable ResourceFolderType
  location: class RequiredAttributeDetector
/eval/src/generated/java/com/android/tools/lint/checks/RequiredAttributeDetector.java:88: error: cannot find symbol
        ResourceFolderType folderType = context.getResourceFolderType();
        ^
  symbol:   class ResourceFolderType
  location: class RequiredAttributeDetector
/eval/src/generated/java/com/android/tools/lint/checks/RequiredAttributeDetector.java:89: error: cannot find symbol
        if (folderType == ResourceFolderType.VALUES) {
                          ^
  symbol:   variable ResourceFolderType
  location: class RequiredAttributeDetector
/eval/src/generated/java/com/android/tools/lint/checks/RequiredAttributeDetector.java:91: error: cannot find symbol
        } else if (folderType == ResourceFolderType.LAYOUT) {
                                 ^
  symbol:   variable ResourceFolderType
  location: class RequiredAttributeDetector
/eval/src/generated/java/com/android/tools/lint/checks/RequiredAttributeDetector.java:236: error: incompatible types: Element cannot be converted to SourcePosition
        context.report(ISSUE, Location.create(file, element), message);
                                                    ^
Note: /eval/src/generated/java/com/android/tools/lint/checks/RequiredAttributeDetector.java uses or overrides a deprecated API.
Note: Recompile with -Xlint:deprecation for details.
Note: Some messages have been simplified; recompile with -Xdiags:verbose to get full output
8 errors

FAILURE: Build failed with an exception.

* What went wrong:
Execution failed for task ':compileJava'.
> Compilation failed; see the compiler error output for details.

* Try:
> Run with --info option to get more log output.
> Run with --scan to get full insights.

BUILD FAILED in 4s
