/eval/src/generated/java/com/android/tools/lint/checks/RequiredAttributeDetector.java:23: error: cannot find symbol
public class RequiredAttributeDetector extends LayoutDetector implements SourceCodeScanner, XmlScanner {
                                               ^
  symbol: class LayoutDetector
/eval/src/generated/java/com/android/tools/lint/checks/RequiredAttributeDetector.java:23: error: RequiredAttributeDetector is not abstract and does not override abstract method analyzeCallGraph(Context,CallGraphResult) in SourceCodeScanner
public class RequiredAttributeDetector extends LayoutDetector implements SourceCodeScanner, XmlScanner {
       ^
/eval/src/generated/java/com/android/tools/lint/checks/RequiredAttributeDetector.java:40: error: incompatible types: Class<RequiredAttributeDetector> cannot be converted to Class<? extends Detector>
            new Implementation(RequiredAttributeDetector.class, Scope.RESOURCE_FILE_SCOPE, Scope.JAVA_FILE_SCOPE));
                                                        ^
/eval/src/generated/java/com/android/tools/lint/checks/RequiredAttributeDetector.java:42: error: method does not override or implement a method from a supertype
    @Override
    ^
/eval/src/generated/java/com/android/tools/lint/checks/RequiredAttributeDetector.java:47: error: method does not override or implement a method from a supertype
    @Override
    ^
Note: Some messages have been simplified; recompile with -Xdiags:verbose to get full output
5 errors

FAILURE: Build failed with an exception.

* What went wrong:
Execution failed for task ':compileJava'.
> Compilation failed; see the compiler error output for details.

* Try:
> Run with --info option to get more log output.
> Run with --scan to get full insights.

BUILD FAILED in 4s
