/eval/src/generated/java/com/android/tools/lint/checks/WearStandaloneAppDetector.java:3: error: cannot find symbol
import static com.android.SdkConstants.ANDROID_HARDWARE_TYPE_WATCH;
^
  symbol:   static ANDROID_HARDWARE_TYPE_WATCH
  location: class SdkConstants
/eval/src/generated/java/com/android/tools/lint/checks/WearStandaloneAppDetector.java:26: error: method create in class Issue cannot be applied to given types;
    public static final Issue INVALID_WEAR_FEATURE_ATTRIBUTE = Issue.create(
                                                                    ^
  required: String,String,String,Category,int,Severity,Implementation
  found:    String,String,String,Category,int,Severity,Implementation,String
  reason: actual and formal argument lists differ in length
/eval/src/generated/java/com/android/tools/lint/checks/WearStandaloneAppDetector.java:50: error: cannot find symbol
        if (ANDROID_HARDWARE_TYPE_WATCH.equals(name)) {
            ^
  symbol:   variable ANDROID_HARDWARE_TYPE_WATCH
  location: class WearStandaloneAppDetector
3 errors

FAILURE: Build failed with an exception.

* What went wrong:
Execution failed for task ':compileJava'.
> Compilation failed; see the compiler error output for details.

* Try:
> Run with --info option to get more log output.
> Run with --scan to get full insights.

BUILD FAILED in 4s
