e: file:///eval/src/generated/kotlin/com/android/tools/lint/checks/KotlincFE10Detector.kt:16:27 Unresolved reference: UElementHandler
e: file:///eval/src/generated/kotlin/com/android/tools/lint/checks/KotlincFE10Detector.kt:33:47 Type mismatch: inferred type is String but Category? was expected
e: file:///eval/src/generated/kotlin/com/android/tools/lint/checks/KotlincFE10Detector.kt:33:69 The integer literal does not conform to the expected type String
e: file:///eval/src/generated/kotlin/com/android/tools/lint/checks/KotlincFE10Detector.kt:33:74 Type mismatch: inferred type is String but Int was expected
e: file:///eval/src/generated/kotlin/com/android/tools/lint/checks/KotlincFE10Detector.kt:33:96 Too many arguments for public constructor Category(parent: Category?, name: String, priority: Int) defined in com.android.tools.lint.detector.api.Category
e: file:///eval/src/generated/kotlin/com/android/tools/lint/checks/KotlincFE10Detector.kt:59:57 Unresolved reference: UElementHandler
e: file:///eval/src/generated/kotlin/com/android/tools/lint/checks/KotlincFE10Detector.kt:60:21 Unresolved reference: UElementHandler
e: file:///eval/src/generated/kotlin/com/android/tools/lint/checks/KotlincFE10Detector.kt:61:7 'visitClassLiteralExpression' overrides nothing
e: file:///eval/src/generated/kotlin/com/android/tools/lint/checks/KotlincFE10Detector.kt:65:7 'visitCallableReferenceExpression' overrides nothing
e: file:///eval/src/generated/kotlin/com/android/tools/lint/checks/KotlincFE10Detector.kt:66:61 None of the following functions can be called with the arguments supplied: 
public open fun getQualifiedName(psiClass: PsiClass): String? defined in com.android.tools.lint.client.api.JavaEvaluator
public open fun getQualifiedName(psiClassType: PsiClassType): String? defined in com.android.tools.lint.client.api.JavaEvaluator
e: file:///eval/src/generated/kotlin/com/android/tools/lint/checks/KotlincFE10Detector.kt:67:39 Type mismatch: inferred type is Unit? but String? was expected
e: file:///eval/src/generated/kotlin/com/android/tools/lint/checks/KotlincFE10Detector.kt:70:7 'visitParameter' overrides nothing
e: file:///eval/src/generated/kotlin/com/android/tools/lint/checks/KotlincFE10Detector.kt:74:7 'visitTypeReferenceExpression' overrides nothing
e: file:///eval/src/generated/kotlin/com/android/tools/lint/checks/KotlincFE10Detector.kt:78:7 'visitSimpleNameReferenceExpression' overrides nothing
e: file:///eval/src/generated/kotlin/com/android/tools/lint/checks/KotlincFE10Detector.kt:79:61 None of the following functions can be called with the arguments supplied: 
public open fun getQualifiedName(psiClass: PsiClass): String? defined in com.android.tools.lint.client.api.JavaEvaluator
public open fun getQualifiedName(psiClassType: PsiClassType): String? defined in com.android.tools.lint.client.api.JavaEvaluator
e: file:///eval/src/generated/kotlin/com/android/tools/lint/checks/KotlincFE10Detector.kt:80:39 Type mismatch: inferred type is Unit? but String? was expected
e: file:///eval/src/generated/kotlin/com/android/tools/lint/checks/KotlincFE10Detector.kt:83:7 'visitCallExpression' overrides nothing
e: file:///eval/src/generated/kotlin/com/android/tools/lint/checks/KotlincFE10Detector.kt:84:61 None of the following functions can be called with the arguments supplied: 
public open fun getQualifiedName(psiClass: PsiClass): String? defined in com.android.tools.lint.client.api.JavaEvaluator
public open fun getQualifiedName(psiClassType: PsiClassType): String? defined in com.android.tools.lint.client.api.JavaEvaluator
e: file:///eval/src/generated/kotlin/com/android/tools/lint/checks/KotlincFE10Detector.kt:85:39 Type mismatch: inferred type is Unit? but String? was expected

FAILURE: Build failed with an exception.

* What went wrong:
Execution failed for task ':compileKotlin'.
> A failure occurred while executing org.jetbrains.kotlin.compilerRunner.GradleCompilerRunnerWithWorkers$GradleKotlinCompilerWorkAction
   > Compilation error. See log for more details

* Try:
> Run with --stacktrace option to get the stack trace.
> Run with --info or --debug option to get more log output.
> Run with --scan to get full insights.
> Get more help at https://help.gradle.org.

BUILD FAILED in 6s
