e: file:///eval/src/generated/kotlin/com/android/tools/lint/checks/PictureInPictureDetector.kt:75:29 Unresolved reference: putInt
e: file:///eval/src/generated/kotlin/com/android/tools/lint/checks/PictureInPictureDetector.kt:76:29 Unresolved reference: putInt
e: file:///eval/src/generated/kotlin/com/android/tools/lint/checks/PictureInPictureDetector.kt:77:29 Unresolved reference: putInt
e: file:///eval/src/generated/kotlin/com/android/tools/lint/checks/PictureInPictureDetector.kt:77:58 Operator call corresponds to a dot-qualified call 'count.plus(1)' which is not allowed on a nullable receiver 'count'.
e: file:///eval/src/generated/kotlin/com/android/tools/lint/checks/PictureInPictureDetector.kt:78:29 Unresolved reference: putBoolean
e: file:///eval/src/generated/kotlin/com/android/tools/lint/checks/PictureInPictureDetector.kt:85:33 Unresolved reference: putBoolean
e: file:///eval/src/generated/kotlin/com/android/tools/lint/checks/PictureInPictureDetector.kt:92:33 Unresolved reference: putBoolean
e: file:///eval/src/generated/kotlin/com/android/tools/lint/checks/PictureInPictureDetector.kt:98:16 Unresolved reference: putMap
e: file:///eval/src/generated/kotlin/com/android/tools/lint/checks/PictureInPictureDetector.kt:99:17 Unresolved reference: setMap
e: file:///eval/src/generated/kotlin/com/android/tools/lint/checks/PictureInPictureDetector.kt:108:29 Unresolved reference: keyNames
e: file:///eval/src/generated/kotlin/com/android/tools/lint/checks/PictureInPictureDetector.kt:110:17 Only safe (?.) or non-null asserted (!!.) calls are allowed on a nullable receiver of type Boolean?
e: file:///eval/src/generated/kotlin/com/android/tools/lint/checks/PictureInPictureDetector.kt:114:17 Type mismatch: inferred type is Boolean? but Boolean was expected
e: file:///eval/src/generated/kotlin/com/android/tools/lint/checks/PictureInPictureDetector.kt:114:33 Type mismatch: inferred type is Boolean? but Boolean was expected
e: file:///eval/src/generated/kotlin/com/android/tools/lint/checks/PictureInPictureDetector.kt:117:21 Only safe (?.) or non-null asserted (!!.) calls are allowed on a nullable receiver of type Boolean?
e: file:///eval/src/generated/kotlin/com/android/tools/lint/checks/PictureInPictureDetector.kt:118:21 Only safe (?.) or non-null asserted (!!.) calls are allowed on a nullable receiver of type Boolean?
e: file:///eval/src/generated/kotlin/com/android/tools/lint/checks/PictureInPictureDetector.kt:122:32 Overload resolution ambiguity: 
public constructor File(p0: URI!) defined in java.io.File
public constructor File(p0: String!) defined in java.io.File
e: file:///eval/src/generated/kotlin/com/android/tools/lint/checks/PictureInPictureDetector.kt:123:31 Type mismatch: inferred type is Int? but Int was expected
e: file:///eval/src/generated/kotlin/com/android/tools/lint/checks/PictureInPictureDetector.kt:126:31 Operator call corresponds to a dot-qualified call 'startLine.compareTo(0)' which is not allowed on a nullable receiver 'startLine'.
e: file:///eval/src/generated/kotlin/com/android/tools/lint/checks/PictureInPictureDetector.kt:126:46 Operator call corresponds to a dot-qualified call 'endLine.compareTo(0)' which is not allowed on a nullable receiver 'endLine'.
e: file:///eval/src/generated/kotlin/com/android/tools/lint/checks/PictureInPictureDetector.kt:128:40 Unresolved reference: getRangeLocation

FAILURE: Build failed with an exception.

* What went wrong:
Execution failed for task ':compileKotlin'.
> A failure occurred while executing org.jetbrains.kotlin.compilerRunner.GradleCompilerRunnerWithWorkers$GradleKotlinCompilerWorkAction
   > Compilation error. See log for more details

* Try:
> Run with --stacktrace option to get the stack trace.
> Run with --info or --debug option to get more log output.
> Run with --scan to get full insights.
> Get more help at https://help.gradle.org.

BUILD FAILED in 6s
