/eval/src/generated/java/com/android/tools/lint/checks/JobSchedulerDetector.java:33: error: cannot find symbol
public class JobSchedulerDetector extends Detector implements SourceCodeScanner {
                                                              ^
  symbol: class SourceCodeScanner
/eval/src/generated/java/com/android/tools/lint/checks/JobSchedulerDetector.java:83: error: cannot find symbol
        context.getPartialResults(ISSUE).getMap().put(className, context.getLocation(node));
                                        ^
  symbol:   method getMap()
  location: class PartialResult
/eval/src/generated/java/com/android/tools/lint/checks/JobSchedulerDetector.java:89: error: cannot find symbol
        Map<String, Object> map = partialResults.getMap();
                                                ^
  symbol:   method getMap()
  location: variable partialResults of type PartialResult
/eval/src/generated/java/com/android/tools/lint/checks/JobSchedulerDetector.java:165: error: cannot find symbol
        String classString = context.getEvaluator().getConstantString(second);
                                                   ^
  symbol:   method getConstantString(UExpression)
  location: class JavaEvaluator
/eval/src/generated/java/com/android/tools/lint/checks/JobSchedulerDetector.java:171: error: cannot find symbol
            String pkg = context.getEvaluator().getConstantString(args.get(0));
                                               ^
  symbol:   method getConstantString(UExpression)
  location: class JavaEvaluator
5 errors

FAILURE: Build failed with an exception.

* What went wrong:
Execution failed for task ':compileJava'.
> Compilation failed; see the compiler error output for details.

* Try:
> Run with --info option to get more log output.
> Run with --scan to get full insights.

BUILD FAILED in 5s
