/eval/src/generated/java/com/android/tools/lint/checks/OverdrawDetector.java:62: error: cannot find symbol
                            Scope.JAVA_AND_RESOURCE_FILES_MASK));
                                 ^
  symbol:   variable JAVA_AND_RESOURCE_FILES_MASK
  location: class Scope
/eval/src/generated/java/com/android/tools/lint/checks/OverdrawDetector.java:141: error: method does not override or implement a method from a supertype
    @Override
    ^
/eval/src/generated/java/com/android/tools/lint/checks/OverdrawDetector.java:148: error: method does not override or implement a method from a supertype
    @Override
    ^
3 errors

FAILURE: Build failed with an exception.

* What went wrong:
Execution failed for task ':compileJava'.
> Compilation failed; see the compiler error output for details.

* Try:
> Run with --info option to get more log output.
> Run with --scan to get full insights.

BUILD FAILED in 6s
