/eval/src/generated/java/com/android/tools/lint/checks/AccessibilityDetector.java:26: error: cannot find symbol
import static com.android.SdkConstants.VALUE_NULL;
^
  symbol:   static VALUE_NULL
  location: class SdkConstants
/eval/src/generated/java/com/android/tools/lint/checks/AccessibilityDetector.java:44: error: cannot find symbol
            Category.ACCESSIBILITY,
                    ^
  symbol:   variable ACCESSIBILITY
  location: class Category
/eval/src/generated/java/com/android/tools/lint/checks/AccessibilityDetector.java:70: error: cannot find symbol
            if (VALUE_NULL.equals(contentDescription)) {
                ^
  symbol:   variable VALUE_NULL
  location: class AccessibilityDetector
3 errors

FAILURE: Build failed with an exception.

* What went wrong:
Execution failed for task ':compileJava'.
> Compilation failed; see the compiler error output for details.

* Try:
> Run with --info option to get more log output.
> Run with --scan to get full insights.

BUILD FAILED in 4s
