/eval/src/generated/java/com/android/tools/lint/checks/JobSchedulerDetector.java:9: error: cannot find symbol
import com.android.tools.lint.detector.api.JavaEvaluator;
                                          ^
  symbol:   class JavaEvaluator
  location: package com.android.tools.lint.detector.api
/eval/src/generated/java/com/android/tools/lint/checks/JobSchedulerDetector.java:12: error: cannot find symbol
import com.android.tools.lint.detector.api.PositionXmlParser;
                                          ^
  symbol:   class PositionXmlParser
  location: package com.android.tools.lint.detector.api
/eval/src/generated/java/com/android/tools/lint/checks/JobSchedulerDetector.java:78: error: method does not override or implement a method from a supertype
    @Override
    ^
/eval/src/generated/java/com/android/tools/lint/checks/JobSchedulerDetector.java:98: error: cannot find symbol
            JavaEvaluator evaluator = context.getEvaluator();
            ^
  symbol:   class JavaEvaluator
  location: class JobSchedulerDetector
/eval/src/generated/java/com/android/tools/lint/checks/JobSchedulerDetector.java:178: error: cannot find symbol
                document = PositionXmlParser.parse(manifest);
                           ^
  symbol:   variable PositionXmlParser
  location: class JobSchedulerDetector
5 errors

FAILURE: Build failed with an exception.

* What went wrong:
Execution failed for task ':compileJava'.
> Compilation failed; see the compiler error output for details.

* Try:
> Run with --info option to get more log output.
> Run with --scan to get full insights.

BUILD FAILED in 3s
