e: file:///eval/src/generated/kotlin/com/android/tools/lint/checks/PictureInPictureDetector.kt:68:36 No value passed for parameter 'issue'
e: file:///eval/src/generated/kotlin/com/android/tools/lint/checks/PictureInPictureDetector.kt:68:39 Unresolved reference: mapLocation
e: file:///eval/src/generated/kotlin/com/android/tools/lint/checks/PictureInPictureDetector.kt:79:38 No value passed for parameter 'issue'
e: file:///eval/src/generated/kotlin/com/android/tools/lint/checks/PictureInPictureDetector.kt:79:41 Unresolved reference: mapBoolean
e: file:///eval/src/generated/kotlin/com/android/tools/lint/checks/PictureInPictureDetector.kt:85:36 No value passed for parameter 'issue'
e: file:///eval/src/generated/kotlin/com/android/tools/lint/checks/PictureInPictureDetector.kt:85:39 Unresolved reference: mapBoolean
e: file:///eval/src/generated/kotlin/com/android/tools/lint/checks/PictureInPictureDetector.kt:95:3 'afterCheckEachProject' overrides nothing
e: file:///eval/src/generated/kotlin/com/android/tools/lint/checks/PictureInPictureDetector.kt:96:52 Type mismatch: inferred type is Project but Issue was expected
e: file:///eval/src/generated/kotlin/com/android/tools/lint/checks/PictureInPictureDetector.kt:98:44 Unresolved reference: getMissingLevel
e: file:///eval/src/generated/kotlin/com/android/tools/lint/checks/PictureInPictureDetector.kt:99:39 Unresolved reference: getNonOccurrenceCount
e: file:///eval/src/generated/kotlin/com/android/tools/lint/checks/PictureInPictureDetector.kt:100:44 Unresolved reference: getNonOccurrenceCount

FAILURE: Build failed with an exception.

* What went wrong:
Execution failed for task ':compileKotlin'.
> A failure occurred while executing org.jetbrains.kotlin.compilerRunner.GradleCompilerRunnerWithWorkers$GradleKotlinCompilerWorkAction
   > Compilation error. See log for more details

* Try:
> Run with --stacktrace option to get the stack trace.
> Run with --info or --debug option to get more log output.
> Run with --scan to get full insights.
> Get more help at https://help.gradle.org.

BUILD FAILED in 7s
