e: file:///eval/src/generated/kotlin/com/android/tools/lint/checks/WearableConfigurationActionDetector.kt:42:42 None of the following functions can be called with the arguments supplied: 
public open fun parse(p0: File!): Document! defined in javax.xml.parsers.DocumentBuilder
public open fun parse(p0: InputStream!): Document! defined in javax.xml.parsers.DocumentBuilder
public open fun parse(p0: String!): Document! defined in javax.xml.parsers.DocumentBuilder
public abstract fun parse(p0: InputSource!): Document! defined in javax.xml.parsers.DocumentBuilder
e: file:///eval/src/generated/kotlin/com/android/tools/lint/checks/WearableConfigurationActionDetector.kt:47:29 Unresolved reference: documentElement
e: file:///eval/src/generated/kotlin/com/android/tools/lint/checks/WearableConfigurationActionDetector.kt:71:33 Overload resolution ambiguity: 
public fun CharSequence.startsWith(char: Char, ignoreCase: Boolean = ...): Boolean defined in kotlin.text
public fun CharSequence.startsWith(prefix: CharSequence, ignoreCase: Boolean = ...): Boolean defined in kotlin.text
public fun String.startsWith(prefix: String, ignoreCase: Boolean = ...): Boolean defined in kotlin.text
e: file:///eval/src/generated/kotlin/com/android/tools/lint/checks/WearableConfigurationActionDetector.kt:71:107 Type mismatch: inferred type is AndroidVersion! but Int was expected
e: file:///eval/src/generated/kotlin/com/android/tools/lint/checks/WearableConfigurationActionDetector.kt:76:56 The integer literal does not conform to the expected type AndroidVersion!

FAILURE: Build failed with an exception.

* What went wrong:
Execution failed for task ':compileKotlin'.
> A failure occurred while executing org.jetbrains.kotlin.compilerRunner.GradleCompilerRunnerWithWorkers$GradleKotlinCompilerWorkAction
   > Compilation error. See log for more details

* Try:
> Run with --stacktrace option to get the stack trace.
> Run with --info or --debug option to get more log output.
> Run with --scan to get full insights.
> Get more help at https://help.gradle.org.

BUILD FAILED in 7s
