/eval/src/generated/java/com/android/tools/lint/checks/ExifInterfaceDetector.java:22: error: cannot find symbol
import org.jetbrains.uast.UElementHandler;
                         ^
  symbol:   class UElementHandler
  location: package org.jetbrains.uast
/eval/src/generated/java/com/android/tools/lint/checks/ExifInterfaceDetector.java:63: error: cannot find symbol
    public UElementHandler createUastHandler(@NonNull JavaContext context) {
           ^
  symbol:   class UElementHandler
  location: class ExifInterfaceDetector
/eval/src/generated/java/com/android/tools/lint/checks/ExifInterfaceDetector.java:64: error: cannot find symbol
        return new UElementHandler() {
                   ^
  symbol:   class UElementHandler
  location: class ExifInterfaceDetector
/eval/src/generated/java/com/android/tools/lint/checks/ExifInterfaceDetector.java:65: error: method does not override or implement a method from a supertype
            @Override
            ^
/eval/src/generated/java/com/android/tools/lint/checks/ExifInterfaceDetector.java:79: error: method does not override or implement a method from a supertype
            @Override
            ^
/eval/src/generated/java/com/android/tools/lint/checks/ExifInterfaceDetector.java:101: error: method does not override or implement a method from a supertype
            @Override
            ^
/eval/src/generated/java/com/android/tools/lint/checks/ExifInterfaceDetector.java:103: error: incompatible types: UElement cannot be converted to PsiJavaCodeReferenceElement
                PsiJavaCodeReferenceElement reference = node.getImportReference();
                                                                               ^
/eval/src/generated/java/com/android/tools/lint/checks/ExifInterfaceDetector.java:115: error: method does not override or implement a method from a supertype
            @Override
            ^
/eval/src/generated/java/com/android/tools/lint/checks/ExifInterfaceDetector.java:119: error: cannot find symbol
                    PsiElement resolved = typeReference.resolve();
                                                       ^
  symbol:   method resolve()
  location: variable typeReference of type UTypeReferenceExpression
9 errors

FAILURE: Build failed with an exception.

* What went wrong:
Execution failed for task ':compileJava'.
> Compilation failed; see the compiler error output for details.

* Try:
> Run with --info option to get more log output.
> Run with --scan to get full insights.

BUILD FAILED in 5s
