/eval/src/generated/java/com/android/tools/lint/checks/ExifInterfaceDetector.java:107: error: cannot find symbol
    private static boolean isExifInterfaceClass(PsiElement element) {
                                                ^
  symbol:   class PsiElement
  location: class ExifInterfaceDetector
/eval/src/generated/java/com/android/tools/lint/checks/ExifInterfaceDetector.java:65: error: cannot find symbol
                if (node.isConstructor()) {
                        ^
  symbol:   method isConstructor()
  location: variable node of type UCallExpression
/eval/src/generated/java/com/android/tools/lint/checks/ExifInterfaceDetector.java:100: error: cannot find symbol
                        && isExifInterfaceClass(typeReference.resolve())) {
                                                             ^
  symbol:   method resolve()
  location: variable typeReference of type UTypeReferenceExpression
3 errors

FAILURE: Build failed with an exception.

* What went wrong:
Execution failed for task ':compileJava'.
> Compilation failed; see the compiler error output for details.

* Try:
> Run with --info option to get more log output.
> Run with --scan to get full insights.

BUILD FAILED in 5s
