/eval/src/generated/java/com/android/tools/lint/checks/RegistrationDetector.java:14: error: cannot find symbol
import com.android.tools.lint.detector.api.UastScanner;
                                          ^
  symbol:   class UastScanner
  location: package com.android.tools.lint.detector.api
/eval/src/generated/java/com/android/tools/lint/checks/RegistrationDetector.java:31: error: cannot find symbol
public class RegistrationDetector extends Detector implements UastScanner {
                                                              ^
  symbol: class UastScanner
/eval/src/generated/java/com/android/tools/lint/checks/RegistrationDetector.java:60: error: cannot find symbol
        if (declaration.isAbstract()) {
                       ^
  symbol:   method isAbstract()
  location: variable declaration of type UClass
/eval/src/generated/java/com/android/tools/lint/checks/RegistrationDetector.java:65: error: reference to getLocation is ambiguous
            mPendingClasses.put(qualifiedName, context.getLocation(declaration));
                                                      ^
  both method getLocation(PsiElement) in JavaContext and method getLocation(UElement) in JavaContext match
/eval/src/generated/java/com/android/tools/lint/checks/RegistrationDetector.java:76: error: cannot find symbol
        File manifest = context.getMainProject().getManifest();
                                                ^
  symbol:   method getManifest()
  location: class Project
5 errors

FAILURE: Build failed with an exception.

* What went wrong:
Execution failed for task ':compileJava'.
> Compilation failed; see the compiler error output for details.

* Try:
> Run with --info option to get more log output.
> Run with --scan to get full insights.

BUILD FAILED in 5s
