/eval/src/generated/java/com/android/tools/lint/checks/ManifestResourceDetector.java:4: error: cannot find symbol
import com.android.resources.FolderConfiguration;
                            ^
  symbol:   class FolderConfiguration
  location: package com.android.resources
/eval/src/generated/java/com/android/tools/lint/checks/ManifestResourceDetector.java:5: error: cannot find symbol
import com.android.resources.ResourceQualifier;
                            ^
  symbol:   class ResourceQualifier
  location: package com.android.resources
/eval/src/generated/java/com/android/tools/lint/checks/ManifestResourceDetector.java:7: error: cannot find symbol
import com.android.resources.VersionQualifier;
                            ^
  symbol:   class VersionQualifier
  location: package com.android.resources
/eval/src/generated/java/com/android/tools/lint/checks/ManifestResourceDetector.java:12: error: cannot find symbol
import com.android.tools.lint.detector.api.ResourceUrl;
                                          ^
  symbol:   class ResourceUrl
  location: package com.android.tools.lint.detector.api
/eval/src/generated/java/com/android/tools/lint/checks/ManifestResourceDetector.java:18: error: package com.android.tools.lint.res does not exist
import com.android.tools.lint.res.ResourceFile;
                                 ^
/eval/src/generated/java/com/android/tools/lint/checks/ManifestResourceDetector.java:19: error: package com.android.tools.lint.res does not exist
import com.android.tools.lint.res.ResourceItem;
                                 ^
/eval/src/generated/java/com/android/tools/lint/checks/ManifestResourceDetector.java:20: error: package com.android.tools.lint.res does not exist
import com.android.tools.lint.res.ResourceRepository;
                                 ^
/eval/src/generated/java/com/android/tools/lint/checks/ManifestResourceDetector.java:85: error: cannot find symbol
    private static boolean hasConfigurationVariation(@NonNull List<ResourceItem> items) {
                                                                   ^
  symbol:   class ResourceItem
  location: class ManifestResourceDetector
/eval/src/generated/java/com/android/tools/lint/checks/ManifestResourceDetector.java:54: error: cannot find symbol
        ResourceUrl url = ResourceUrl.parse(value);
        ^
  symbol:   class ResourceUrl
  location: class ManifestResourceDetector
/eval/src/generated/java/com/android/tools/lint/checks/ManifestResourceDetector.java:54: error: cannot find symbol
        ResourceUrl url = ResourceUrl.parse(value);
                          ^
  symbol:   variable ResourceUrl
  location: class ManifestResourceDetector
/eval/src/generated/java/com/android/tools/lint/checks/ManifestResourceDetector.java:66: error: cannot find symbol
        ResourceRepository repository = context.getProject().getResourceRepository();
        ^
  symbol:   class ResourceRepository
  location: class ManifestResourceDetector
/eval/src/generated/java/com/android/tools/lint/checks/ManifestResourceDetector.java:66: error: cannot find symbol
        ResourceRepository repository = context.getProject().getResourceRepository();
                                                            ^
  symbol:   method getResourceRepository()
  location: class Project
/eval/src/generated/java/com/android/tools/lint/checks/ManifestResourceDetector.java:71: error: cannot find symbol
        List<ResourceItem> items = repository.getResourceItem(url.type, url.name);
             ^
  symbol:   class ResourceItem
  location: class ManifestResourceDetector
/eval/src/generated/java/com/android/tools/lint/checks/ManifestResourceDetector.java:86: error: cannot find symbol
        for (ResourceItem item : items) {
             ^
  symbol:   class ResourceItem
  location: class ManifestResourceDetector
/eval/src/generated/java/com/android/tools/lint/checks/ManifestResourceDetector.java:87: error: cannot find symbol
            ResourceFile source = item.getSource();
            ^
  symbol:   class ResourceFile
  location: class ManifestResourceDetector
/eval/src/generated/java/com/android/tools/lint/checks/ManifestResourceDetector.java:91: error: cannot find symbol
            FolderConfiguration config = source.getFolderConfiguration();
            ^
  symbol:   class FolderConfiguration
  location: class ManifestResourceDetector
/eval/src/generated/java/com/android/tools/lint/checks/ManifestResourceDetector.java:95: error: cannot find symbol
            for (ResourceQualifier qualifier : config.getQualifiers()) {
                 ^
  symbol:   class ResourceQualifier
  location: class ManifestResourceDetector
/eval/src/generated/java/com/android/tools/lint/checks/ManifestResourceDetector.java:96: error: cannot find symbol
                if (!(qualifier instanceof VersionQualifier)) {
                                           ^
  symbol:   class VersionQualifier
  location: class ManifestResourceDetector
18 errors

FAILURE: Build failed with an exception.

* What went wrong:
Execution failed for task ':compileJava'.
> Compilation failed; see the compiler error output for details.

* Try:
> Run with --info option to get more log output.
> Run with --scan to get full insights.

BUILD FAILED in 4s
