/eval/src/generated/java/com/android/tools/lint/checks/BadHostnameVerifierDetector.java:61: error: cannot find symbol
    public void visitClass(JavaContext context, UClass declaration) {
                                                ^
  symbol:   class UClass
  location: class BadHostnameVerifierDetector
/eval/src/generated/java/com/android/tools/lint/checks/BadHostnameVerifierDetector.java:143: error: cannot find symbol
    private static boolean isTrueLiteral(UExpression expression) {
                                         ^
  symbol:   class UExpression
  location: class BadHostnameVerifierDetector
/eval/src/generated/java/com/android/tools/lint/checks/BadHostnameVerifierDetector.java:68: error: method does not override or implement a method from a supertype
    @Override
    ^
/eval/src/generated/java/com/android/tools/lint/checks/BadHostnameVerifierDetector.java:75: error: cannot find symbol
        UExpression returnValue = expression.getReturnExpression();
        ^
  symbol:   class UExpression
  location: class BadHostnameVerifierDetector
/eval/src/generated/java/com/android/tools/lint/checks/BadHostnameVerifierDetector.java:83: error: method does not override or implement a method from a supertype
    @Override
    ^
/eval/src/generated/java/com/android/tools/lint/checks/BadHostnameVerifierDetector.java:91: error: method does not override or implement a method from a supertype
    @Override
    ^
/eval/src/generated/java/com/android/tools/lint/checks/BadHostnameVerifierDetector.java:124: error: no suitable method found for getParentOfType(UMethod,Class<PsiClass>,boolean)
        PsiClass containingClass = UastUtils.getParentOfType(method, PsiClass.class, false);
                                            ^
    method UastUtils.<T#1>getParentOfType(UElement,Class<? extends T#1>,boolean) is not applicable
      (inference variable T#1 has incompatible bounds
        lower bounds: UElement
        lower bounds: PsiClass)
    method UastUtils.<T#2>getParentOfType(UElement,Class<? extends T#2>,boolean,Class<? extends UElement>...) is not applicable
      (inference variable T#2 has incompatible bounds
        lower bounds: UElement
        lower bounds: PsiClass)
    method UastUtils.<T#3>getParentOfType(UElement,boolean,Class<? extends T#3>,Class<? extends T#3>...) is not applicable
      (cannot infer type-variable(s) T#3
        (argument mismatch; Class<PsiClass> cannot be converted to boolean))
    method UastUtils.<T#4>getParentOfType(UElement,Class<? extends T#4>) is not applicable
      (cannot infer type-variable(s) T#4
        (actual and formal argument lists differ in length))
  where T#1,T#2,T#3,T#4 are type-variables:
    T#1 extends UElement declared in method <T#1>getParentOfType(UElement,Class<? extends T#1>,boolean)
    T#2 extends UElement declared in method <T#2>getParentOfType(UElement,Class<? extends T#2>,boolean,Class<? extends UElement>...)
    T#3 extends UElement declared in method <T#3>getParentOfType(UElement,boolean,Class<? extends T#3>,Class<? extends T#3>...)
    T#4 extends UElement declared in method <T#4>getParentOfType(UElement,Class<? extends T#4>)
7 errors

FAILURE: Build failed with an exception.

* What went wrong:
Execution failed for task ':compileJava'.
> Compilation failed; see the compiler error output for details.

* Try:
> Run with --info option to get more log output.
> Run with --scan to get full insights.

BUILD FAILED in 4s
