/eval/src/generated/java/com/android/tools/lint/checks/AndroidAutoDetector.java:27: error: cannot find symbol
public class AndroidAutoDetector extends Detector implements Detector.SourceCodeScanner, Detector.XmlScanner {
                                                                     ^
  symbol:   class SourceCodeScanner
  location: class Detector
/eval/src/generated/java/com/android/tools/lint/checks/AndroidAutoDetector.java:70: error: cannot find symbol
        return folderType == ResourceFolderType.MANIFEST;
                                               ^
  symbol:   variable MANIFEST
  location: class ResourceFolderType
/eval/src/generated/java/com/android/tools/lint/checks/AndroidAutoDetector.java:86: error: cannot find symbol
        if (!context.isManifestFile()) {
                    ^
  symbol:   method isManifestFile()
  location: variable context of type XmlContext
/eval/src/generated/java/com/android/tools/lint/checks/AndroidAutoDetector.java:93: error: cannot find symbol
        String pkg = context.getPackageName();
                            ^
  symbol:   method getPackageName()
  location: variable context of type XmlContext
Note: /eval/src/generated/java/com/android/tools/lint/checks/AndroidAutoDetector.java uses or overrides a deprecated API.
Note: Recompile with -Xlint:deprecation for details.
4 errors

FAILURE: Build failed with an exception.

* What went wrong:
Execution failed for task ':compileJava'.
> Compilation failed; see the compiler error output for details.

* Try:
> Run with --info option to get more log output.
> Run with --scan to get full insights.

BUILD FAILED in 5s
