/eval/src/generated/java/com/android/tools/lint/checks/IconDetector.java:12: error: cannot find symbol
import com.android.tools.lint.detector.api.ResourceFolder;
                                          ^
  symbol:   class ResourceFolder
  location: package com.android.tools.lint.detector.api
/eval/src/generated/java/com/android/tools/lint/checks/IconDetector.java:13: error: cannot find symbol
import com.android.tools.lint.detector.api.ResourceFolderType;
                                          ^
  symbol:   class ResourceFolderType
  location: package com.android.tools.lint.detector.api
/eval/src/generated/java/com/android/tools/lint/checks/IconDetector.java:23: error: cannot find symbol
import org.jetbrains.uast.UElementHandler;
                         ^
  symbol:   class UElementHandler
  location: package org.jetbrains.uast
/eval/src/generated/java/com/android/tools/lint/checks/IconDetector.java:96: error: cannot find symbol
    public boolean appliesTo(@NonNull ResourceFolderType folderType) {
                                      ^
  symbol:   class ResourceFolderType
  location: class IconDetector
/eval/src/generated/java/com/android/tools/lint/checks/IconDetector.java:113: error: cannot find symbol
    public UElementHandler createUastHandler() {
           ^
  symbol:   class UElementHandler
  location: class IconDetector
/eval/src/generated/java/com/android/tools/lint/checks/IconDetector.java:59: error: cannot find symbol
        for (ResourceFolder folder : context.getProject().getMainResources()) {
                                                         ^
  symbol:   method getMainResources()
  location: class Project
/eval/src/generated/java/com/android/tools/lint/checks/IconDetector.java:59: error: cannot find symbol
        for (ResourceFolder folder : context.getProject().getMainResources()) {
             ^
  symbol:   class ResourceFolder
  location: class IconDetector
/eval/src/generated/java/com/android/tools/lint/checks/IconDetector.java:60: error: cannot find symbol
            if (folder.getType() == ResourceFolderType.DRAWABLE) {
                                    ^
  symbol:   variable ResourceFolderType
  location: class IconDetector
/eval/src/generated/java/com/android/tools/lint/checks/IconDetector.java:83: error: method getLocation in class Context cannot be applied to given types;
                context.report(ISSUE, context.getLocation(pngFile),
                                             ^
  required: Object,LocationType
  found:    File
  reason: actual and formal argument lists differ in length
/eval/src/generated/java/com/android/tools/lint/checks/IconDetector.java:90: error: method does not override or implement a method from a supertype
    @Override
    ^
/eval/src/generated/java/com/android/tools/lint/checks/IconDetector.java:97: error: cannot find symbol
        return folderType == ResourceFolderType.DRAWABLE;
                             ^
  symbol:   variable ResourceFolderType
  location: class IconDetector
/eval/src/generated/java/com/android/tools/lint/checks/IconDetector.java:112: error: method does not override or implement a method from a supertype
    @Override
    ^
/eval/src/generated/java/com/android/tools/lint/checks/IconDetector.java:122: error: method does not override or implement a method from a supertype
    @Override
    ^
/eval/src/generated/java/com/android/tools/lint/checks/IconDetector.java:132: error: method does not override or implement a method from a supertype
    @Override
    ^
Note: /eval/src/generated/java/com/android/tools/lint/checks/IconDetector.java uses or overrides a deprecated API.
Note: Recompile with -Xlint:deprecation for details.
14 errors

FAILURE: Build failed with an exception.

* What went wrong:
Execution failed for task ':compileJava'.
> Compilation failed; see the compiler error output for details.

* Try:
> Run with --info option to get more log output.
> Run with --scan to get full insights.

BUILD FAILED in 4s
