/eval/src/generated/java/com/android/tools/lint/checks/VectorDetector.java:21: error: cannot find symbol
public class VectorDetector extends ResourceXmlDetector {
                                    ^
  symbol: class ResourceXmlDetector
/eval/src/generated/java/com/android/tools/lint/checks/VectorDetector.java:32: error: no suitable constructor found for Implementation(Class<VectorDetector>,EnumSet<Scope>)
            new Implementation(VectorDetector.class, Scope.RESOURCE_FILE_SCOPE);
            ^
    constructor Implementation.Implementation(Class<? extends Detector>,EnumSet<Scope>) is not applicable
      (argument mismatch; Class<VectorDetector> cannot be converted to Class<? extends Detector>)
    constructor Implementation.Implementation(Class<? extends Detector>,EnumSet<Scope>,EnumSet<Scope>...) is not applicable
      (argument mismatch; Class<VectorDetector> cannot be converted to Class<? extends Detector>)
/eval/src/generated/java/com/android/tools/lint/checks/VectorDetector.java:52: error: method does not override or implement a method from a supertype
    @Override
    ^
/eval/src/generated/java/com/android/tools/lint/checks/VectorDetector.java:57: error: method does not override or implement a method from a supertype
    @Override
    ^
/eval/src/generated/java/com/android/tools/lint/checks/VectorDetector.java:94: error: cannot find symbol
        LintMap map = LintMap.create();
                             ^
  symbol:   method create()
  location: class LintMap
/eval/src/generated/java/com/android/tools/lint/checks/VectorDetector.java:97: error: no suitable method found for report(Issue,Location,String,LintMap)
        context.report(ISSUE, location, message, map);
               ^
    method Context.report(Issue,Location,String,LintFix) is not applicable
      (argument mismatch; LintMap cannot be converted to LintFix)
    method XmlContext.report(Issue,Node,Location,String) is not applicable
      (argument mismatch; Location cannot be converted to Node)
/eval/src/generated/java/com/android/tools/lint/checks/VectorDetector.java:100: error: method does not override or implement a method from a supertype
    @Override
    ^
Note: Some messages have been simplified; recompile with -Xdiags:verbose to get full output
7 errors

FAILURE: Build failed with an exception.

* What went wrong:
Execution failed for task ':compileJava'.
> Compilation failed; see the compiler error output for details.

* Try:
> Run with --info option to get more log output.
> Run with --scan to get full insights.

BUILD FAILED in 5s
