/eval/src/generated/java/com/android/tools/lint/checks/RegistrationDetector.java:21: error: cannot find symbol
public class RegistrationDetector extends LayoutDetector {
                                          ^
  symbol: class LayoutDetector
/eval/src/generated/java/com/android/tools/lint/checks/RegistrationDetector.java:24: error: no suitable constructor found for Implementation(Class<RegistrationDetector>,EnumSet<Scope>)
            new Implementation(
            ^
    constructor Implementation.Implementation(Class<? extends Detector>,EnumSet<Scope>) is not applicable
      (argument mismatch; Class<RegistrationDetector> cannot be converted to Class<? extends Detector>)
    constructor Implementation.Implementation(Class<? extends Detector>,EnumSet<Scope>,EnumSet<Scope>...) is not applicable
      (argument mismatch; Class<RegistrationDetector> cannot be converted to Class<? extends Detector>)
/eval/src/generated/java/com/android/tools/lint/checks/RegistrationDetector.java:56: error: method does not override or implement a method from a supertype
    @Override
    ^
/eval/src/generated/java/com/android/tools/lint/checks/RegistrationDetector.java:64: error: method does not override or implement a method from a supertype
    @Override
    ^
/eval/src/generated/java/com/android/tools/lint/checks/RegistrationDetector.java:66: error: cannot find symbol
        if (declaration.isAbstract()) {
                       ^
  symbol:   method isAbstract()
  location: variable declaration of type UClass
/eval/src/generated/java/com/android/tools/lint/checks/RegistrationDetector.java:76: error: cannot find symbol
        context.getPartialResult(ISSUE)
               ^
  symbol:   method getPartialResult(Issue)
  location: variable context of type JavaContext
/eval/src/generated/java/com/android/tools/lint/checks/RegistrationDetector.java:93: error: cannot find symbol
            context.getPartialResult(ISSUE).addName(KEY_REGISTERED, fqcn);
                   ^
  symbol:   method getPartialResult(Issue)
  location: variable context of type XmlContext
/eval/src/generated/java/com/android/tools/lint/checks/RegistrationDetector.java:97: error: method does not override or implement a method from a supertype
    @Override
    ^
/eval/src/generated/java/com/android/tools/lint/checks/RegistrationDetector.java:120: error: cannot find symbol
        Object value = partialResult.getName(key);
                                    ^
  symbol:   method getName(String)
  location: variable partialResult of type PartialResult
9 errors

FAILURE: Build failed with an exception.

* What went wrong:
Execution failed for task ':compileJava'.
> Compilation failed; see the compiler error output for details.

* Try:
> Run with --info option to get more log output.
> Run with --scan to get full insights.

BUILD FAILED in 4s
