e: file:///eval/src/generated/kotlin/com/android/tools/lint/checks/ReturnThisDetector.kt:15:27 Unresolved reference: AbstractUastVisitor
e: file:///eval/src/generated/kotlin/com/android/tools/lint/checks/ReturnThisDetector.kt:53:37 Unresolved reference: METHOD_DECLARATION
e: file:///eval/src/generated/kotlin/com/android/tools/lint/checks/ReturnThisDetector.kt:56:5 'visitAnnotationUsage' overrides nothing
e: file:///eval/src/generated/kotlin/com/android/tools/lint/checks/ReturnThisDetector.kt:79:5 'visitReturnExpression' overrides nothing
e: file:///eval/src/generated/kotlin/com/android/tools/lint/checks/ReturnThisDetector.kt:91:21 Type mismatch: inferred type is `<no name provided>` but UastVisitor was expected
e: file:///eval/src/generated/kotlin/com/android/tools/lint/checks/ReturnThisDetector.kt:91:30 Unresolved reference: AbstractUastVisitor
e: file:///eval/src/generated/kotlin/com/android/tools/lint/checks/ReturnThisDetector.kt:92:13 'visitMethod' overrides nothing
e: file:///eval/src/generated/kotlin/com/android/tools/lint/checks/ReturnThisDetector.kt:96:13 'visitReturnExpression' overrides nothing
e: file:///eval/src/generated/kotlin/com/android/tools/lint/checks/ReturnThisDetector.kt:97:26 Unresolved reference: returnIdentifier
e: file:///eval/src/generated/kotlin/com/android/tools/lint/checks/ReturnThisDetector.kt:99:34 Unresolved reference: visitReturnExpression
e: file:///eval/src/generated/kotlin/com/android/tools/lint/checks/ReturnThisDetector.kt:105:30 Unresolved reference: visitReturnExpression

FAILURE: Build failed with an exception.

* What went wrong:
Execution failed for task ':compileKotlin'.
> A failure occurred while executing org.jetbrains.kotlin.compilerRunner.GradleCompilerRunnerWithWorkers$GradleKotlinCompilerWorkAction
   > Compilation error. See log for more details

* Try:
> Run with --stacktrace option to get the stack trace.
> Run with --info or --debug option to get more log output.
> Run with --scan to get full insights.
> Get more help at https://help.gradle.org.

BUILD FAILED in 6s
