e: file:///eval/src/generated/kotlin/com/android/tools/lint/checks/UseCompoundDrawableDetector.kt:5:44 Unresolved reference: DomUtils
e: file:///eval/src/generated/kotlin/com/android/tools/lint/checks/UseCompoundDrawableDetector.kt:43:85 Unresolved reference: TAG_LINEAR_LAYOUT
e: file:///eval/src/generated/kotlin/com/android/tools/lint/checks/UseCompoundDrawableDetector.kt:46:24 Unresolved reference: DomUtils
e: file:///eval/src/generated/kotlin/com/android/tools/lint/checks/UseCompoundDrawableDetector.kt:55:53 Unresolved reference: TAG_IMAGE_VIEW
e: file:///eval/src/generated/kotlin/com/android/tools/lint/checks/UseCompoundDrawableDetector.kt:55:97 Unresolved reference: TAG_IMAGE_VIEW
e: file:///eval/src/generated/kotlin/com/android/tools/lint/checks/UseCompoundDrawableDetector.kt:56:52 Unresolved reference: TAG_TEXT_VIEW
e: file:///eval/src/generated/kotlin/com/android/tools/lint/checks/UseCompoundDrawableDetector.kt:56:95 Unresolved reference: TAG_TEXT_VIEW
e: file:///eval/src/generated/kotlin/com/android/tools/lint/checks/UseCompoundDrawableDetector.kt:60:54 Unresolved reference: TAG_IMAGE_VIEW
e: file:///eval/src/generated/kotlin/com/android/tools/lint/checks/UseCompoundDrawableDetector.kt:61:53 Unresolved reference: TAG_TEXT_VIEW

FAILURE: Build failed with an exception.

* What went wrong:
Execution failed for task ':compileKotlin'.
> A failure occurred while executing org.jetbrains.kotlin.compilerRunner.GradleCompilerRunnerWithWorkers$GradleKotlinCompilerWorkAction
   > Compilation error. See log for more details

* Try:
> Run with --stacktrace option to get the stack trace.
> Run with --info or --debug option to get more log output.
> Run with --scan to get full insights.
> Get more help at https://help.gradle.org.

BUILD FAILED in 6s
