/eval/src/generated/java/com/android/tools/lint/checks/AlwaysShowActionDetector.java:21: error: cannot find symbol
import org.jetbrains.uast.UElementHandler;
                         ^
  symbol:   class UElementHandler
  location: package org.jetbrains.uast
/eval/src/generated/java/com/android/tools/lint/checks/AlwaysShowActionDetector.java:146: error: cannot find symbol
    public UElementHandler createUastHandler(@NonNull final JavaContext context) {
           ^
  symbol:   class UElementHandler
  location: class AlwaysShowActionDetector
/eval/src/generated/java/com/android/tools/lint/checks/AlwaysShowActionDetector.java:147: error: cannot find symbol
        return new UElementHandler() {
                   ^
  symbol:   class UElementHandler
  location: class AlwaysShowActionDetector
/eval/src/generated/java/com/android/tools/lint/checks/AlwaysShowActionDetector.java:148: error: method does not override or implement a method from a supertype
            @Override
            ^
4 errors

FAILURE: Build failed with an exception.

* What went wrong:
Execution failed for task ':compileJava'.
> Compilation failed; see the compiler error output for details.

* Try:
> Run with --info option to get more log output.
> Run with --scan to get full insights.

BUILD FAILED in 4s
