/eval/src/generated/java/com/android/tools/lint/checks/RegistrationDetector.java:46: error: cannot find symbol
                            Scope.MANIFEST_AND_JAVA_SCOPE
                                 ^
  symbol:   variable MANIFEST_AND_JAVA_SCOPE
  location: class Scope
/eval/src/generated/java/com/android/tools/lint/checks/RegistrationDetector.java:97: error: method map in class PartialResult cannot be applied to given types;
            LintMap map = partialResult.map(project);
                                       ^
  required: no arguments
  found:    Project
  reason: actual and formal argument lists differ in length
/eval/src/generated/java/com/android/tools/lint/checks/RegistrationDetector.java:98: error: for-each not applicable to expression type
            for (String qualifiedName : map.keys()) {
                                                ^
  required: array or java.lang.Iterable
  found:    Sequence<String>
/eval/src/generated/java/com/android/tools/lint/checks/RegistrationDetector.java:100: error: method getString in class LintMap cannot be applied to given types;
                    String filePath = map.getString(qualifiedName);
                                         ^
  required: String,String
  found:    String
  reason: actual and formal argument lists differ in length
4 errors

FAILURE: Build failed with an exception.

* What went wrong:
Execution failed for task ':compileJava'.
> Compilation failed; see the compiler error output for details.

* Try:
> Run with --info option to get more log output.
> Run with --scan to get full insights.

BUILD FAILED in 7s
