/eval/src/generated/java/com/android/tools/lint/checks/OverdrawDetector.java:16: error: cannot find symbol
import com.android.tools.lint.detector.api.UElementHandler;
                                          ^
  symbol:   class UElementHandler
  location: package com.android.tools.lint.detector.api
/eval/src/generated/java/com/android/tools/lint/checks/OverdrawDetector.java:156: error: cannot find symbol
    public UElementHandler createUastHandler(@NonNull JavaContext context) {
           ^
  symbol:   class UElementHandler
  location: class OverdrawDetector
/eval/src/generated/java/com/android/tools/lint/checks/OverdrawDetector.java:74: error: appliesTo(Context,File) in OverdrawDetector cannot override appliesTo(Context,File) in Detector
    public boolean appliesTo(@NonNull Context context, @NonNull File file) {
                   ^
  overridden method is final
/eval/src/generated/java/com/android/tools/lint/checks/OverdrawDetector.java:157: error: cannot find symbol
        return new UElementHandler() {
                   ^
  symbol:   class UElementHandler
  location: class OverdrawDetector
/eval/src/generated/java/com/android/tools/lint/checks/OverdrawDetector.java:158: error: method does not override or implement a method from a supertype
            @Override
            ^
/eval/src/generated/java/com/android/tools/lint/checks/OverdrawDetector.java:191: error: method does not override or implement a method from a supertype
            @Override
            ^
6 errors

FAILURE: Build failed with an exception.

* What went wrong:
Execution failed for task ':compileJava'.
> Compilation failed; see the compiler error output for details.

* Try:
> Run with --info option to get more log output.
> Run with --scan to get full insights.

BUILD FAILED in 4s
