/eval/src/generated/java/com/android/tools/lint/checks/ManifestResourceDetector.java:37: error: incompatible types: inference variable T has incompatible bounds
        return Collections.singleton(XmlScanner.ALL);
                                    ^
    equality constraints: String
    lower bounds: List<String>
  where T is a type-variable:
    T extends Object declared in method <T>singleton(T)
/eval/src/generated/java/com/android/tools/lint/checks/ManifestResourceDetector.java:64: error: cannot find symbol
        com.android.resources.ResourceRepository resources = client.getProjectResources(project, true);
                             ^
  symbol:   class ResourceRepository
  location: package com.android.resources
/eval/src/generated/java/com/android/tools/lint/checks/ManifestResourceDetector.java:64: error: cannot find symbol
        com.android.resources.ResourceRepository resources = client.getProjectResources(project, true);
                                                                   ^
  symbol:   method getProjectResources(Project,boolean)
  location: variable client of type LintClient
/eval/src/generated/java/com/android/tools/lint/checks/ManifestResourceDetector.java:70: error: cannot find symbol
                resources.getResources(com.android.resources.ResourceNamespace.RES_AUTO, url.type, url.name);
                                                            ^
  symbol:   class ResourceNamespace
  location: package com.android.resources
4 errors

FAILURE: Build failed with an exception.

* What went wrong:
Execution failed for task ':compileJava'.
> Compilation failed; see the compiler error output for details.

* Try:
> Run with --info option to get more log output.
> Run with --scan to get full insights.

BUILD FAILED in 7s
