/eval/src/generated/java/com/android/tools/lint/checks/IconDetector.java:27: error: cannot find symbol
public class IconDetector extends Detector implements Detector.SourceCodeScanner, Detector.XmlScanner, Detector.ResourceFolderScanner {
                                                              ^
  symbol:   class SourceCodeScanner
  location: class Detector
/eval/src/generated/java/com/android/tools/lint/checks/IconDetector.java:81: error: method getLocation in class Context cannot be applied to given types;
                    Incident incident = new Incident(ISSUE, "Clashing PNG and 9-PNG files; both map to `@drawable/" + resName + "`", context.getLocation(np));
                                                                                                                                            ^
  required: Object,LocationType
  found:    File
  reason: actual and formal argument lists differ in length
/eval/src/generated/java/com/android/tools/lint/checks/IconDetector.java:85: error: method getLocation in class Context cannot be applied to given types;
                    Incident incident = new Incident(ISSUE, "Clashing PNG and 9-PNG files; both map to `@drawable/" + resName + "`", context.getLocation(png));
                                                                                                                                            ^
  required: Object,LocationType
  found:    File
  reason: actual and formal argument lists differ in length
3 errors

FAILURE: Build failed with an exception.

* What went wrong:
Execution failed for task ':compileJava'.
> Compilation failed; see the compiler error output for details.

* Try:
> Run with --info option to get more log output.
> Run with --scan to get full insights.

BUILD FAILED in 5s
