/eval/src/generated/java/com/android/tools/lint/checks/AlwaysShowActionDetector.java:26: error: cannot find symbol
public class AlwaysShowActionDetector extends ResourceXmlDetector implements Detector.SourceCodeScanner {
                                              ^
  symbol: class ResourceXmlDetector
/eval/src/generated/java/com/android/tools/lint/checks/AlwaysShowActionDetector.java:26: error: cannot find symbol
public class AlwaysShowActionDetector extends ResourceXmlDetector implements Detector.SourceCodeScanner {
                                                                                     ^
  symbol:   class SourceCodeScanner
  location: class Detector
/eval/src/generated/java/com/android/tools/lint/checks/AlwaysShowActionDetector.java:29: error: no suitable constructor found for Implementation(Class<AlwaysShowActionDetector>,EnumSet<Scope>)
            new Implementation(AlwaysShowActionDetector.class, EnumSet.of(Scope.JAVA_FILE, Scope.RESOURCE_FILE));
            ^
    constructor Implementation.Implementation(Class<? extends Detector>,EnumSet<Scope>) is not applicable
      (argument mismatch; Class<AlwaysShowActionDetector> cannot be converted to Class<? extends Detector>)
    constructor Implementation.Implementation(Class<? extends Detector>,EnumSet<Scope>,EnumSet<Scope>...) is not applicable
      (argument mismatch; Class<AlwaysShowActionDetector> cannot be converted to Class<? extends Detector>)
/eval/src/generated/java/com/android/tools/lint/checks/AlwaysShowActionDetector.java:66: error: method does not override or implement a method from a supertype
    @Override
    ^
/eval/src/generated/java/com/android/tools/lint/checks/AlwaysShowActionDetector.java:71: error: method does not override or implement a method from a supertype
    @Override
    ^
/eval/src/generated/java/com/android/tools/lint/checks/AlwaysShowActionDetector.java:76: error: method does not override or implement a method from a supertype
    @Override
    ^
/eval/src/generated/java/com/android/tools/lint/checks/AlwaysShowActionDetector.java:84: error: method does not override or implement a method from a supertype
    @Override
    ^
/eval/src/generated/java/com/android/tools/lint/checks/AlwaysShowActionDetector.java:88: error: cannot find symbol
            if (xmlContext.getFolderType() == ResourceFolderType.MENU) {
                          ^
  symbol:   method getFolderType()
  location: variable xmlContext of type XmlContext
/eval/src/generated/java/com/android/tools/lint/checks/AlwaysShowActionDetector.java:103: error: method does not override or implement a method from a supertype
    @Override
    ^
/eval/src/generated/java/com/android/tools/lint/checks/AlwaysShowActionDetector.java:116: error: method does not override or implement a method from a supertype
    @Override
    ^
/eval/src/generated/java/com/android/tools/lint/checks/AlwaysShowActionDetector.java:129: error: method does not override or implement a method from a supertype
    @Override
    ^
/eval/src/generated/java/com/android/tools/lint/checks/AlwaysShowActionDetector.java:134: error: method does not override or implement a method from a supertype
    @Override
    ^
12 errors

FAILURE: Build failed with an exception.

* What went wrong:
Execution failed for task ':compileJava'.
> Compilation failed; see the compiler error output for details.

* Try:
> Run with --info option to get more log output.
> Run with --scan to get full insights.

BUILD FAILED in 5s
