/eval/src/generated/java/com/android/tools/lint/checks/IconDetector.java:42: error: cannot infer type arguments for EnumMap<>
        Map<Density, Integer> map = new EnumMap<>(Density.class);
                                    ^
/eval/src/generated/java/com/android/tools/lint/checks/IconDetector.java:59: error: method does not override or implement a method from a supertype
    @Override
    ^
/eval/src/generated/java/com/android/tools/lint/checks/IconDetector.java:61: error: cannot find symbol
        String fileName = context.getFile().getName();
                                 ^
  symbol:   method getFile()
  location: variable context of type ResourceContext
/eval/src/generated/java/com/android/tools/lint/checks/IconDetector.java:90: error: cannot find symbol
        BufferedImage image = context.getImage();
                                     ^
  symbol:   method getImage()
  location: variable context of type ResourceContext
/eval/src/generated/java/com/android/tools/lint/checks/IconDetector.java:102: error: cannot find symbol
                    width, height, expectedSize, density.getDisplayValue());
                                                        ^
  symbol:   method getDisplayValue()
  location: variable density of type Density
/eval/src/generated/java/com/android/tools/lint/checks/IconDetector.java:103: error: cannot find symbol
            context.report(ICON_EXPECTED_SIZE, Location.create(context.getFile()), message);
                                                                      ^
  symbol:   method getFile()
  location: variable context of type ResourceContext
6 errors

FAILURE: Build failed with an exception.

* What went wrong:
Execution failed for task ':compileJava'.
> Compilation failed; see the compiler error output for details.

* Try:
> Run with --info option to get more log output.
> Run with --scan to get full insights.

BUILD FAILED in 6s
