/eval/src/generated/java/com/android/tools/lint/checks/ResourcePrefixDetector.java:61: error: cannot find symbol
        mPrefix = project.getResourcePrefix();
                         ^
  symbol:   method getResourcePrefix()
  location: variable project of type Project
/eval/src/generated/java/com/android/tools/lint/checks/ResourcePrefixDetector.java:83: error: cannot find symbol
                ResourceFolderType.getFolderType(xmlContext.getFolderName());
                                                           ^
  symbol:   method getFolderName()
  location: variable xmlContext of type XmlContext
/eval/src/generated/java/com/android/tools/lint/checks/ResourcePrefixDetector.java:134: error: cannot find symbol
        ResourceType type = context.getResourceType();
                                   ^
  symbol:   method getResourceType()
  location: variable context of type ResourceContext
/eval/src/generated/java/com/android/tools/lint/checks/ResourcePrefixDetector.java:139: error: cannot find symbol
        String name = context.getName();
                             ^
  symbol:   method getName()
  location: variable context of type ResourceContext
4 errors

FAILURE: Build failed with an exception.

* What went wrong:
Execution failed for task ':compileJava'.
> Compilation failed; see the compiler error output for details.

* Try:
> Run with --info option to get more log output.
> Run with --scan to get full insights.

BUILD FAILED in 5s
