/eval/src/generated/java/com/android/tools/lint/checks/IconDetector.java:9: error: cannot find symbol
import com.android.tools.lint.detector.api.ResourceFolderType;
                                          ^
  symbol:   class ResourceFolderType
  location: package com.android.tools.lint.detector.api
/eval/src/generated/java/com/android/tools/lint/checks/IconDetector.java:34: error: getApplicableFiles() in IconDetector cannot override getApplicableFiles() in Detector
    public Collection<String> getApplicableFiles() {
                              ^
  return type Collection<String> is not compatible with EnumSet<Scope>
/eval/src/generated/java/com/android/tools/lint/checks/IconDetector.java:33: error: method does not override or implement a method from a supertype
    @Override
    ^
/eval/src/generated/java/com/android/tools/lint/checks/IconDetector.java:38: error: method does not override or implement a method from a supertype
    @Override
    ^
/eval/src/generated/java/com/android/tools/lint/checks/IconDetector.java:45: error: cannot find symbol
        ResourceFolderType folderType = context.getResourceFolderType(file);
        ^
  symbol:   class ResourceFolderType
  location: class IconDetector
/eval/src/generated/java/com/android/tools/lint/checks/IconDetector.java:45: error: cannot find symbol
        ResourceFolderType folderType = context.getResourceFolderType(file);
                                               ^
  symbol:   method getResourceFolderType(File)
  location: variable context of type Context
/eval/src/generated/java/com/android/tools/lint/checks/IconDetector.java:46: error: cannot find symbol
        if (folderType == ResourceFolderType.DRAWABLE || folderType == ResourceFolderType.MIPMAP) {
                          ^
  symbol:   variable ResourceFolderType
  location: class IconDetector
/eval/src/generated/java/com/android/tools/lint/checks/IconDetector.java:46: error: cannot find symbol
        if (folderType == ResourceFolderType.DRAWABLE || folderType == ResourceFolderType.MIPMAP) {
                                                                       ^
  symbol:   variable ResourceFolderType
  location: class IconDetector
8 errors

FAILURE: Build failed with an exception.

* What went wrong:
Execution failed for task ':compileJava'.
> Compilation failed; see the compiler error output for details.

* Try:
> Run with --info option to get more log output.
> Run with --scan to get full insights.

BUILD FAILED in 3s
