/eval/src/generated/java/com/android/tools/lint/checks/IconDetector.java:257: error: no suitable constructor found for Incident(Issue,Location,String,LintMap)
                    Incident incident = new Incident(ISSUE, icon.location, message, map);
                                        ^
    constructor Incident.Incident(Issue,String,Location,LintFix) is not applicable
      (argument mismatch; Location cannot be converted to String)
    constructor Incident.Incident(Issue,Location,String,LintFix) is not applicable
      (argument mismatch; LintMap cannot be converted to LintFix)
    constructor Incident.Incident(Issue,Object,Location,String) is not applicable
      (argument mismatch; String cannot be converted to Location)
/eval/src/generated/java/com/android/tools/lint/checks/IconDetector.java:268: error: cannot find symbol
                return Density.LDPI;
                              ^
  symbol:   variable LDPI
  location: class Density
/eval/src/generated/java/com/android/tools/lint/checks/IconDetector.java:271: error: cannot find symbol
                return Density.MDPI;
                              ^
  symbol:   variable MDPI
  location: class Density
/eval/src/generated/java/com/android/tools/lint/checks/IconDetector.java:274: error: cannot find symbol
                return Density.HDPI;
                              ^
  symbol:   variable HDPI
  location: class Density
/eval/src/generated/java/com/android/tools/lint/checks/IconDetector.java:277: error: cannot find symbol
                return Density.XHDPI;
                              ^
  symbol:   variable XHDPI
  location: class Density
/eval/src/generated/java/com/android/tools/lint/checks/IconDetector.java:280: error: cannot find symbol
                return Density.XXHDPI;
                              ^
  symbol:   variable XXHDPI
  location: class Density
/eval/src/generated/java/com/android/tools/lint/checks/IconDetector.java:283: error: cannot find symbol
                return Density.XXXHDPI;
                              ^
  symbol:   variable XXXHDPI
  location: class Density
/eval/src/generated/java/com/android/tools/lint/checks/IconDetector.java:286: error: cannot find symbol
                return Density.TVDPI;
                              ^
  symbol:   variable TVDPI
  location: class Density
/eval/src/generated/java/com/android/tools/lint/checks/IconDetector.java:295: error: cannot find symbol
        return Density.MDPI;
                      ^
  symbol:   variable MDPI
  location: class Density
/eval/src/generated/java/com/android/tools/lint/checks/IconDetector.java:302: error: cannot find symbol
        return density.getDpi() / 160.0;
                      ^
  symbol:   method getDpi()
  location: variable density of type Density
/eval/src/generated/java/com/android/tools/lint/checks/IconDetector.java:323: error: cannot find symbol
                return number * density.getDpi() / 72.0;
                                       ^
  symbol:   method getDpi()
  location: variable density of type Density
/eval/src/generated/java/com/android/tools/lint/checks/IconDetector.java:325: error: cannot find symbol
                return number * density.getDpi();
                                       ^
  symbol:   method getDpi()
  location: variable density of type Density
/eval/src/generated/java/com/android/tools/lint/checks/IconDetector.java:327: error: cannot find symbol
                return number * density.getDpi() / 25.4;
                                       ^
  symbol:   method getDpi()
  location: variable density of type Density
/eval/src/generated/java/com/android/tools/lint/checks/IconDetector.java:441: error: cannot find symbol
        return density.name().toLowerCase(Locale.US);
                      ^
  symbol:   method name()
  location: variable density of type Density
/eval/src/generated/java/com/android/tools/lint/checks/IconDetector.java:445: error: cannot find symbol
        LintMap.Builder builder = new LintMap.Builder();
               ^
  symbol:   class Builder
  location: class LintMap
/eval/src/generated/java/com/android/tools/lint/checks/IconDetector.java:445: error: cannot find symbol
        LintMap.Builder builder = new LintMap.Builder();
                                             ^
  symbol:   class Builder
  location: class LintMap
/eval/src/generated/java/com/android/tools/lint/checks/IconDetector.java:447: error: cannot find symbol
        builder.putString("density", icon.density.name());
                                                 ^
  symbol:   method name()
  location: variable density of type Density
Note: Some messages have been simplified; recompile with -Xdiags:verbose to get full output
17 errors

FAILURE: Build failed with an exception.

* What went wrong:
Execution failed for task ':compileJava'.
> Compilation failed; see the compiler error output for details.

* Try:
> Run with --info option to get more log output.
> Run with --scan to get full insights.

BUILD FAILED in 3s
