/eval/src/generated/java/com/android/tools/lint/checks/TooManyViewsDetector.java:9: error: cannot find symbol
import com.android.tools.lint.detector.api.ResourceXmlScanner;
                                          ^
  symbol:   class ResourceXmlScanner
  location: package com.android.tools.lint.detector.api
/eval/src/generated/java/com/android/tools/lint/checks/TooManyViewsDetector.java:17: error: cannot find symbol
public class TooManyViewsDetector extends ResourceXmlScanner {
                                          ^
  symbol: class ResourceXmlScanner
/eval/src/generated/java/com/android/tools/lint/checks/TooManyViewsDetector.java:33: error: no suitable constructor found for Implementation(Class<TooManyViewsDetector>,EnumSet<Scope>)
            new Implementation(TooManyViewsDetector.class, Scope.RESOURCE_FILE_SCOPE)
            ^
    constructor Implementation.Implementation(Class<? extends Detector>,EnumSet<Scope>) is not applicable
      (argument mismatch; Class<TooManyViewsDetector> cannot be converted to Class<? extends Detector>)
    constructor Implementation.Implementation(Class<? extends Detector>,EnumSet<Scope>,EnumSet<Scope>...) is not applicable
      (argument mismatch; Class<TooManyViewsDetector> cannot be converted to Class<? extends Detector>)
/eval/src/generated/java/com/android/tools/lint/checks/TooManyViewsDetector.java:39: error: method does not override or implement a method from a supertype
    @Override
    ^
/eval/src/generated/java/com/android/tools/lint/checks/TooManyViewsDetector.java:44: error: method does not override or implement a method from a supertype
    @Override
    ^
/eval/src/generated/java/com/android/tools/lint/checks/TooManyViewsDetector.java:49: error: method does not override or implement a method from a supertype
    @Override
    ^
/eval/src/generated/java/com/android/tools/lint/checks/TooManyViewsDetector.java:58: error: method does not override or implement a method from a supertype
    @Override
    ^
7 errors

FAILURE: Build failed with an exception.

* What went wrong:
Execution failed for task ':compileJava'.
> Compilation failed; see the compiler error output for details.

* Try:
> Run with --info option to get more log output.
> Run with --scan to get full insights.

BUILD FAILED in 5s
