e: file:///eval/src/generated/kotlin/com/android/tools/lint/checks/ScrollViewChildDetector.kt:9:44 Unresolved reference: SdkConstants
e: file:///eval/src/generated/kotlin/com/android/tools/lint/checks/ScrollViewChildDetector.kt:10:44 Unresolved reference: SdkConstants
e: file:///eval/src/generated/kotlin/com/android/tools/lint/checks/ScrollViewChildDetector.kt:11:44 Unresolved reference: SdkConstants
e: file:///eval/src/generated/kotlin/com/android/tools/lint/checks/ScrollViewChildDetector.kt:12:44 Unresolved reference: SdkConstants
e: file:///eval/src/generated/kotlin/com/android/tools/lint/checks/ScrollViewChildDetector.kt:13:44 Unresolved reference: SdkConstants
e: file:///eval/src/generated/kotlin/com/android/tools/lint/checks/ScrollViewChildDetector.kt:14:44 Unresolved reference: SdkConstants
e: file:///eval/src/generated/kotlin/com/android/tools/lint/checks/ScrollViewChildDetector.kt:26:43 Unresolved reference: ATTR_LAYOUT_WIDTH
e: file:///eval/src/generated/kotlin/com/android/tools/lint/checks/ScrollViewChildDetector.kt:26:66 Unresolved reference: ATTR_LAYOUT_HEIGHT
e: file:///eval/src/generated/kotlin/com/android/tools/lint/checks/ScrollViewChildDetector.kt:30:42 Unresolved reference: ANDROID_URI
e: file:///eval/src/generated/kotlin/com/android/tools/lint/checks/ScrollViewChildDetector.kt:35:22 Unresolved reference: VALUE_FILL_PARENT
e: file:///eval/src/generated/kotlin/com/android/tools/lint/checks/ScrollViewChildDetector.kt:35:52 Unresolved reference: VALUE_MATCH_PARENT
e: file:///eval/src/generated/kotlin/com/android/tools/lint/checks/ScrollViewChildDetector.kt:36:53 Unresolved reference: ANDROID_URI
e: file:///eval/src/generated/kotlin/com/android/tools/lint/checks/ScrollViewChildDetector.kt:41:54 Unresolved reference: VALUE_WRAP_CONTENT

FAILURE: Build failed with an exception.

* What went wrong:
Execution failed for task ':compileKotlin'.
> A failure occurred while executing org.jetbrains.kotlin.compilerRunner.GradleCompilerRunnerWithWorkers$GradleKotlinCompilerWorkAction
   > Compilation error. See log for more details

* Try:
> Run with --stacktrace option to get the stack trace.
> Run with --info or --debug option to get more log output.
> Run with --scan to get full insights.
> Get more help at https://help.gradle.org.

BUILD FAILED in 4s
