/eval/src/generated/java/com/android/tools/lint/checks/IconDetector.java:10: error: cannot find symbol
import com.android.tools.lint.detector.api.FilterableDetector;
                                          ^
  symbol:   class FilterableDetector
  location: package com.android.tools.lint.detector.api
/eval/src/generated/java/com/android/tools/lint/checks/IconDetector.java:17: error: cannot find symbol
import com.android.tools.lint.detector.api.ResourceFile;
                                          ^
  symbol:   class ResourceFile
  location: package com.android.tools.lint.detector.api
/eval/src/generated/java/com/android/tools/lint/checks/IconDetector.java:38: error: cannot find symbol
import org.jetbrains.uast.UElementHandler;
                         ^
  symbol:   class UElementHandler
  location: package org.jetbrains.uast
/eval/src/generated/java/com/android/tools/lint/checks/IconDetector.java:46: error: cannot find symbol
        implements SourceCodeScanner, XmlScanner, FilterableDetector {
                                                  ^
  symbol: class FilterableDetector
/eval/src/generated/java/com/android/tools/lint/checks/IconDetector.java:88: error: cannot find symbol
    public boolean appliesTo(@NonNull ResourceFolderType folderType, @NonNull ResourceFile file) {
                                                                              ^
  symbol:   class ResourceFile
  location: class IconDetector
/eval/src/generated/java/com/android/tools/lint/checks/IconDetector.java:127: error: cannot find symbol
    public UElementHandler createUastHandler(@NonNull JavaContext context) {
           ^
  symbol:   class UElementHandler
  location: class IconDetector
/eval/src/generated/java/com/android/tools/lint/checks/IconDetector.java:66: error: no suitable method found for of(EnumSet<Scope>,EnumSet<Scope>)
                            EnumSet.of(Scope.RESOURCE_FILE_SCOPE, Scope.JAVA_FILE_SCOPE)));
                                   ^
    method EnumSet.<E#1>of(E#1) is not applicable
      (cannot infer type-variable(s) E#1
        (actual and formal argument lists differ in length))
    method EnumSet.<E#2>of(E#2,E#2) is not applicable
      (inference variable E#2 has incompatible bounds
        lower bounds: Enum<E#2>
        lower bounds: EnumSet<Scope>)
    method EnumSet.<E#3>of(E#3,E#3,E#3) is not applicable
      (cannot infer type-variable(s) E#3
        (actual and formal argument lists differ in length))
    method EnumSet.<E#4>of(E#4,E#4,E#4,E#4) is not applicable
      (cannot infer type-variable(s) E#4
        (actual and formal argument lists differ in length))
    method EnumSet.<E#5>of(E#5,E#5,E#5,E#5,E#5) is not applicable
      (cannot infer type-variable(s) E#5
        (actual and formal argument lists differ in length))
    method EnumSet.<E#6>of(E#6,E#6...) is not applicable
      (inference variable E#6 has incompatible bounds
        lower bounds: Enum<E#6>
        lower bounds: EnumSet<Scope>)
  where E#1,E#2,E#3,E#4,E#5,E#6 are type-variables:
    E#1 extends Enum<E#1> declared in method <E#1>of(E#1)
    E#2 extends Enum<E#2> declared in method <E#2>of(E#2,E#2)
    E#3 extends Enum<E#3> declared in method <E#3>of(E#3,E#3,E#3)
    E#4 extends Enum<E#4> declared in method <E#4>of(E#4,E#4,E#4,E#4)
    E#5 extends Enum<E#5> declared in method <E#5>of(E#5,E#5,E#5,E#5,E#5)
    E#6 extends Enum<E#6> declared in method <E#6>of(E#6,E#6...)
/eval/src/generated/java/com/android/tools/lint/checks/IconDetector.java:69: error: no suitable method found for of(Density,Density,Density,Density,Density)
            EnumSet.of(
                   ^
    method EnumSet.<E#1>of(E#1) is not applicable
      (cannot infer type-variable(s) E#1
        (actual and formal argument lists differ in length))
    method EnumSet.<E#2>of(E#2,E#2) is not applicable
      (cannot infer type-variable(s) E#2
        (actual and formal argument lists differ in length))
    method EnumSet.<E#3>of(E#3,E#3,E#3) is not applicable
      (cannot infer type-variable(s) E#3
        (actual and formal argument lists differ in length))
    method EnumSet.<E#4>of(E#4,E#4,E#4,E#4) is not applicable
      (cannot infer type-variable(s) E#4
        (actual and formal argument lists differ in length))
    method EnumSet.<E#5>of(E#5,E#5,E#5,E#5,E#5) is not applicable
      (inference variable E#5 has incompatible bounds
        lower bounds: Enum<E#5>
        lower bounds: Density)
    method EnumSet.<E#6>of(E#6,E#6...) is not applicable
      (inference variable E#6 has incompatible bounds
        lower bounds: Enum<E#6>
        lower bounds: Density)
  where E#1,E#2,E#3,E#4,E#5,E#6 are type-variables:
    E#1 extends Enum<E#1> declared in method <E#1>of(E#1)
    E#2 extends Enum<E#2> declared in method <E#2>of(E#2,E#2)
    E#3 extends Enum<E#3> declared in method <E#3>of(E#3,E#3,E#3)
    E#4 extends Enum<E#4> declared in method <E#4>of(E#4,E#4,E#4,E#4)
    E#5 extends Enum<E#5> declared in method <E#5>of(E#5,E#5,E#5,E#5,E#5)
    E#6 extends Enum<E#6> declared in method <E#6>of(E#6,E#6...)
/eval/src/generated/java/com/android/tools/lint/checks/IconDetector.java:87: error: method does not override or implement a method from a supertype
    @Override
    ^
/eval/src/generated/java/com/android/tools/lint/checks/IconDetector.java:128: error: cannot find symbol
        return new UElementHandler() {
                   ^
  symbol:   class UElementHandler
  location: class IconDetector
/eval/src/generated/java/com/android/tools/lint/checks/IconDetector.java:129: error: method does not override or implement a method from a supertype
            @Override
            ^
/eval/src/generated/java/com/android/tools/lint/checks/IconDetector.java:134: error: method does not override or implement a method from a supertype
            @Override
            ^
/eval/src/generated/java/com/android/tools/lint/checks/IconDetector.java:139: error: method does not override or implement a method from a supertype
            @Override
            ^
/eval/src/generated/java/com/android/tools/lint/checks/IconDetector.java:144: error: method does not override or implement a method from a supertype
            @Override
            ^
/eval/src/generated/java/com/android/tools/lint/checks/IconDetector.java:164: error: cannot find symbol
        File[] resourceDirs = project.getResourceDirectories();
                                     ^
  symbol:   method getResourceDirectories()
  location: variable project of type Project
/eval/src/generated/java/com/android/tools/lint/checks/IconDetector.java:211: error: no suitable method found for copyOf(Set<Density>)
        Set<Density> required = EnumSet.copyOf(REQUIRED_DENSITIES);
                                       ^
    method EnumSet.<E#1>copyOf(EnumSet<E#1>) is not applicable
      (cannot infer type-variable(s) E#1
        (argument mismatch; Set<Density> cannot be converted to EnumSet<E#1>))
    method EnumSet.<E#2>copyOf(Collection<E#2>) is not applicable
      (inference variable E#2 has incompatible bounds
        equality constraints: Density
        lower bounds: Enum<E#2>)
  where E#1,E#2 are type-variables:
    E#1 extends Enum<E#1> declared in method <E#1>copyOf(EnumSet<E#1>)
    E#2 extends Enum<E#2> declared in method <E#2>copyOf(Collection<E#2>)
/eval/src/generated/java/com/android/tools/lint/checks/IconDetector.java:223: error: type argument Density is not within bounds of type-variable E
            EnumSet<Density> missing = EnumSet.copyOf(required);
                    ^
  where E is a type-variable:
    E extends Enum<E> declared in class EnumSet
/eval/src/generated/java/com/android/tools/lint/checks/IconDetector.java:223: error: no suitable method found for copyOf(Set<Density>)
            EnumSet<Density> missing = EnumSet.copyOf(required);
                                              ^
    method EnumSet.<E#1>copyOf(EnumSet<E#1>) is not applicable
      (cannot infer type-variable(s) E#1
        (argument mismatch; Set<Density> cannot be converted to EnumSet<E#1>))
    method EnumSet.<E#2>copyOf(Collection<E#2>) is not applicable
      (inference variable E#2 has incompatible bounds
        equality constraints: Density
        lower bounds: Enum<E#2>)
  where E#1,E#2 are type-variables:
    E#1 extends Enum<E#1> declared in method <E#1>copyOf(EnumSet<E#1>)
    E#2 extends Enum<E#2> declared in method <E#2>copyOf(Collection<E#2>)
/eval/src/generated/java/com/android/tools/lint/checks/IconDetector.java:249: error: method does not override or implement a method from a supertype
    @Override
    ^
/eval/src/generated/java/com/android/tools/lint/checks/IconDetector.java:298: error: patterns in switch statements are a preview feature and are disabled by default.
        switch (density) {
               ^
  (use --enable-preview to enable patterns in switch statements)
/eval/src/generated/java/com/android/tools/lint/checks/IconDetector.java:299: error: cannot find symbol
            case LOW:
                 ^
  symbol:   variable LOW
  location: class IconDetector
/eval/src/generated/java/com/android/tools/lint/checks/IconDetector.java:301: error: cannot find symbol
            case MEDIUM:
                 ^
  symbol:   variable MEDIUM
  location: class IconDetector
/eval/src/generated/java/com/android/tools/lint/checks/IconDetector.java:303: error: cannot find symbol
            case HIGH:
                 ^
  symbol:   variable HIGH
  location: class IconDetector
/eval/src/generated/java/com/android/tools/lint/checks/IconDetector.java:305: error: cannot find symbol
            case XHIGH:
                 ^
  symbol:   variable XHIGH
  location: class IconDetector
/eval/src/generated/java/com/android/tools/lint/checks/IconDetector.java:307: error: cannot find symbol
            case XXHIGH:
                 ^
  symbol:   variable XXHIGH
  location: class IconDetector
/eval/src/generated/java/com/android/tools/lint/checks/IconDetector.java:309: error: cannot find symbol
            case XXXHIGH:
                 ^
  symbol:   variable XXXHIGH
  location: class IconDetector
/eval/src/generated/java/com/android/tools/lint/checks/IconDetector.java:311: error: cannot find symbol
            case TV:
                 ^
  symbol:   variable TV
  location: class IconDetector
/eval/src/generated/java/com/android/tools/lint/checks/IconDetector.java:313: error: cannot find symbol
            case NODPI:
                 ^
  symbol:   variable NODPI
  location: class IconDetector
/eval/src/generated/java/com/android/tools/lint/checks/IconDetector.java:315: error: cannot find symbol
            case ANYDPI:
                 ^
  symbol:   variable ANYDPI
  location: class IconDetector
/eval/src/generated/java/com/android/tools/lint/checks/IconDetector.java:318: error: cannot find symbol
                return density.name().toLowerCase();
                              ^
  symbol:   method name()
  location: variable density of type Density
30 errors

FAILURE: Build failed with an exception.

* What went wrong:
Execution failed for task ':compileJava'.
> Compilation failed; see the compiler error output for details.

* Try:
> Run with --info option to get more log output.
> Run with --scan to get full insights.

BUILD FAILED in 5s
