/eval/src/generated/java/com/android/tools/lint/checks/IconDetector.java:56: error: cannot find symbol
        File resourceDir = context.getProject().getResourceDir();
                                               ^
  symbol:   method getResourceDir()
  location: class Project
/eval/src/generated/java/com/android/tools/lint/checks/IconDetector.java:77: error: method getLocation in class Context cannot be applied to given types;
                Incident incident = new Incident(ISSUE, context.getLocation(file), message);
                                                               ^
  required: Object,LocationType
  found:    File
  reason: actual and formal argument lists differ in length
2 errors

FAILURE: Build failed with an exception.

* What went wrong:
Execution failed for task ':compileJava'.
> Compilation failed; see the compiler error output for details.

* Try:
> Run with --info option to get more log output.
> Run with --scan to get full insights.

BUILD FAILED in 4s
