/eval/src/generated/java/com/android/tools/lint/checks/VectorDetector.java:51: error: cannot find symbol
        Boolean useSupportLibrary = context.getProject().getSupportLibVectorDrawables();
                                                        ^
  symbol:   method getSupportLibVectorDrawables()
  location: class Project
/eval/src/generated/java/com/android/tools/lint/checks/VectorDetector.java:63: error: no suitable constructor found for Incident(Issue)
            Incident incident = new Incident(ISSUE);
                                ^
    constructor Incident.Incident(Issue,String,Location,Object,LintFix) is not applicable
      (actual and formal argument lists differ in length)
    constructor Incident.Incident(Issue,String,Location) is not applicable
      (actual and formal argument lists differ in length)
    constructor Incident.Incident(Issue,String,Location,LintFix) is not applicable
      (actual and formal argument lists differ in length)
    constructor Incident.Incident(Issue,Location,String) is not applicable
      (actual and formal argument lists differ in length)
    constructor Incident.Incident(Issue,Location,String,LintFix) is not applicable
      (actual and formal argument lists differ in length)
    constructor Incident.Incident(Issue,Object,Location,String) is not applicable
      (actual and formal argument lists differ in length)
    constructor Incident.Incident(Issue,Object,Location,String,LintFix) is not applicable
      (actual and formal argument lists differ in length)
    constructor Incident.Incident() is not applicable
      (actual and formal argument lists differ in length)
/eval/src/generated/java/com/android/tools/lint/checks/VectorDetector.java:64: error: cannot find symbol
            incident.setNode(element);
                    ^
  symbol:   method setNode(Element)
  location: variable incident of type Incident
/eval/src/generated/java/com/android/tools/lint/checks/VectorDetector.java:69: error: no suitable constructor found for Incident(Issue)
            Incident incident = new Incident(ISSUE);
                                ^
    constructor Incident.Incident(Issue,String,Location,Object,LintFix) is not applicable
      (actual and formal argument lists differ in length)
    constructor Incident.Incident(Issue,String,Location) is not applicable
      (actual and formal argument lists differ in length)
    constructor Incident.Incident(Issue,String,Location,LintFix) is not applicable
      (actual and formal argument lists differ in length)
    constructor Incident.Incident(Issue,Location,String) is not applicable
      (actual and formal argument lists differ in length)
    constructor Incident.Incident(Issue,Location,String,LintFix) is not applicable
      (actual and formal argument lists differ in length)
    constructor Incident.Incident(Issue,Object,Location,String) is not applicable
      (actual and formal argument lists differ in length)
    constructor Incident.Incident(Issue,Object,Location,String,LintFix) is not applicable
      (actual and formal argument lists differ in length)
    constructor Incident.Incident() is not applicable
      (actual and formal argument lists differ in length)
/eval/src/generated/java/com/android/tools/lint/checks/VectorDetector.java:70: error: cannot find symbol
            incident.setNode(element);
                    ^
  symbol:   method setNode(Element)
  location: variable incident of type Incident
/eval/src/generated/java/com/android/tools/lint/checks/VectorDetector.java:91: error: no suitable constructor found for Incident(Issue)
                        Incident incident = new Incident(ISSUE);
                                            ^
    constructor Incident.Incident(Issue,String,Location,Object,LintFix) is not applicable
      (actual and formal argument lists differ in length)
    constructor Incident.Incident(Issue,String,Location) is not applicable
      (actual and formal argument lists differ in length)
    constructor Incident.Incident(Issue,String,Location,LintFix) is not applicable
      (actual and formal argument lists differ in length)
    constructor Incident.Incident(Issue,Location,String) is not applicable
      (actual and formal argument lists differ in length)
    constructor Incident.Incident(Issue,Location,String,LintFix) is not applicable
      (actual and formal argument lists differ in length)
    constructor Incident.Incident(Issue,Object,Location,String) is not applicable
      (actual and formal argument lists differ in length)
    constructor Incident.Incident(Issue,Object,Location,String,LintFix) is not applicable
      (actual and formal argument lists differ in length)
    constructor Incident.Incident() is not applicable
      (actual and formal argument lists differ in length)
/eval/src/generated/java/com/android/tools/lint/checks/VectorDetector.java:92: error: cannot find symbol
                        incident.setNode(attr);
                                ^
  symbol:   method setNode(Attr)
  location: variable incident of type Incident
/eval/src/generated/java/com/android/tools/lint/checks/VectorDetector.java:97: error: no suitable constructor found for Incident(Issue)
                        Incident incident = new Incident(ISSUE);
                                            ^
    constructor Incident.Incident(Issue,String,Location,Object,LintFix) is not applicable
      (actual and formal argument lists differ in length)
    constructor Incident.Incident(Issue,String,Location) is not applicable
      (actual and formal argument lists differ in length)
    constructor Incident.Incident(Issue,String,Location,LintFix) is not applicable
      (actual and formal argument lists differ in length)
    constructor Incident.Incident(Issue,Location,String) is not applicable
      (actual and formal argument lists differ in length)
    constructor Incident.Incident(Issue,Location,String,LintFix) is not applicable
      (actual and formal argument lists differ in length)
    constructor Incident.Incident(Issue,Object,Location,String) is not applicable
      (actual and formal argument lists differ in length)
    constructor Incident.Incident(Issue,Object,Location,String,LintFix) is not applicable
      (actual and formal argument lists differ in length)
    constructor Incident.Incident() is not applicable
      (actual and formal argument lists differ in length)
/eval/src/generated/java/com/android/tools/lint/checks/VectorDetector.java:98: error: cannot find symbol
                        incident.setNode(attr);
                                ^
  symbol:   method setNode(Attr)
  location: variable incident of type Incident
/eval/src/generated/java/com/android/tools/lint/checks/VectorDetector.java:106: error: no suitable constructor found for Incident(Issue)
                    Incident incident = new Incident(ISSUE);
                                        ^
    constructor Incident.Incident(Issue,String,Location,Object,LintFix) is not applicable
      (actual and formal argument lists differ in length)
    constructor Incident.Incident(Issue,String,Location) is not applicable
      (actual and formal argument lists differ in length)
    constructor Incident.Incident(Issue,String,Location,LintFix) is not applicable
      (actual and formal argument lists differ in length)
    constructor Incident.Incident(Issue,Location,String) is not applicable
      (actual and formal argument lists differ in length)
    constructor Incident.Incident(Issue,Location,String,LintFix) is not applicable
      (actual and formal argument lists differ in length)
    constructor Incident.Incident(Issue,Object,Location,String) is not applicable
      (actual and formal argument lists differ in length)
    constructor Incident.Incident(Issue,Object,Location,String,LintFix) is not applicable
      (actual and formal argument lists differ in length)
    constructor Incident.Incident() is not applicable
      (actual and formal argument lists differ in length)
/eval/src/generated/java/com/android/tools/lint/checks/VectorDetector.java:107: error: cannot find symbol
                    incident.setNode(attr);
                            ^
  symbol:   method setNode(Attr)
  location: variable incident of type Incident
11 errors

FAILURE: Build failed with an exception.

* What went wrong:
Execution failed for task ':compileJava'.
> Compilation failed; see the compiler error output for details.

* Try:
> Run with --info option to get more log output.
> Run with --scan to get full insights.

BUILD FAILED in 6s
