/eval/src/generated/java/com/android/tools/lint/checks/AndroidAutoDetector.java:109: error: cannot find symbol
    public Collection<String> getApplicableElements() {
           ^
  symbol:   class Collection
  location: class AndroidAutoDetector
/eval/src/generated/java/com/android/tools/lint/checks/AndroidAutoDetector.java:55: error: no suitable method found for of(EnumSet<Scope>,EnumSet<Scope>)
                    EnumSet.of(Scope.MANIFEST_SCOPE, Scope.JAVA_FILE_SCOPE)
                           ^
    method EnumSet.<E#1>of(E#1) is not applicable
      (cannot infer type-variable(s) E#1
        (actual and formal argument lists differ in length))
    method EnumSet.<E#2>of(E#2,E#2) is not applicable
      (inference variable E#2 has incompatible bounds
        lower bounds: Enum<E#2>
        lower bounds: EnumSet<Scope>)
    method EnumSet.<E#3>of(E#3,E#3,E#3) is not applicable
      (cannot infer type-variable(s) E#3
        (actual and formal argument lists differ in length))
    method EnumSet.<E#4>of(E#4,E#4,E#4,E#4) is not applicable
      (cannot infer type-variable(s) E#4
        (actual and formal argument lists differ in length))
    method EnumSet.<E#5>of(E#5,E#5,E#5,E#5,E#5) is not applicable
      (cannot infer type-variable(s) E#5
        (actual and formal argument lists differ in length))
    method EnumSet.<E#6>of(E#6,E#6...) is not applicable
      (inference variable E#6 has incompatible bounds
        lower bounds: Enum<E#6>
        lower bounds: EnumSet<Scope>)
  where E#1,E#2,E#3,E#4,E#5,E#6 are type-variables:
    E#1 extends Enum<E#1> declared in method <E#1>of(E#1)
    E#2 extends Enum<E#2> declared in method <E#2>of(E#2,E#2)
    E#3 extends Enum<E#3> declared in method <E#3>of(E#3,E#3,E#3)
    E#4 extends Enum<E#4> declared in method <E#4>of(E#4,E#4,E#4,E#4)
    E#5 extends Enum<E#5> declared in method <E#5>of(E#5,E#5,E#5,E#5,E#5)
    E#6 extends Enum<E#6> declared in method <E#6>of(E#6,E#6...)
/eval/src/generated/java/com/android/tools/lint/checks/AndroidAutoDetector.java:116: error: cannot find symbol
        if (context.getDocument() != null
                   ^
  symbol:   method getDocument()
  location: variable context of type XmlContext
/eval/src/generated/java/com/android/tools/lint/checks/AndroidAutoDetector.java:117: error: cannot find symbol
                && context.getDocument().getDocumentElement() != null) {
                          ^
  symbol:   method getDocument()
  location: variable context of type XmlContext
/eval/src/generated/java/com/android/tools/lint/checks/AndroidAutoDetector.java:118: error: cannot find symbol
            packageName = context.getDocument().getDocumentElement().getAttribute("package");
                                 ^
  symbol:   method getDocument()
  location: variable context of type XmlContext
5 errors

FAILURE: Build failed with an exception.

* What went wrong:
Execution failed for task ':compileJava'.
> Compilation failed; see the compiler error output for details.

* Try:
> Run with --info option to get more log output.
> Run with --scan to get full insights.

BUILD FAILED in 4s
