/eval/src/generated/java/com/android/tools/lint/checks/ExifInterfaceDetector.java:53: error: cannot find symbol
                String qualifiedName = node.getQualifiedName();
                                           ^
  symbol:   method getQualifiedName()
  location: variable node of type UImportStatement
/eval/src/generated/java/com/android/tools/lint/checks/ExifInterfaceDetector.java:70: error: method does not override or implement a method from a supertype
            @Override
            ^
/eval/src/generated/java/com/android/tools/lint/checks/ExifInterfaceDetector.java:88: error: reference to report is ambiguous
                    context.report(ISSUE, node, context.getLocation(node), MESSAGE);
                           ^
  both method report(Issue,PsiElement,Location,String) in JavaContext and method report(Issue,UElement,Location,String) in JavaContext match
/eval/src/generated/java/com/android/tools/lint/checks/ExifInterfaceDetector.java:88: error: reference to getLocation is ambiguous
                    context.report(ISSUE, node, context.getLocation(node), MESSAGE);
                                                       ^
  both method getLocation(PsiElement) in JavaContext and method getLocation(UElement) in JavaContext match
4 errors

FAILURE: Build failed with an exception.

* What went wrong:
Execution failed for task ':compileJava'.
> Compilation failed; see the compiler error output for details.

* Try:
> Run with --info option to get more log output.
> Run with --scan to get full insights.

BUILD FAILED in 5s
