/eval/src/generated/java/com/android/tools/lint/checks/RegistrationDetector.java:88: error: cannot find symbol
        LintMap map = partialResults.getMap(context.getProject());
                                    ^
  symbol:   method getMap(Project)
  location: variable partialResults of type PartialResult
/eval/src/generated/java/com/android/tools/lint/checks/RegistrationDetector.java:98: error: cannot find symbol
        for (Project project : partialResults.getProjects()) {
                                             ^
  symbol:   method getProjects()
  location: variable partialResults of type PartialResult
/eval/src/generated/java/com/android/tools/lint/checks/RegistrationDetector.java:115: error: cannot find symbol
        for (Project project : partialResults.getProjects()) {
                                             ^
  symbol:   method getProjects()
  location: variable partialResults of type PartialResult
/eval/src/generated/java/com/android/tools/lint/checks/RegistrationDetector.java:116: error: cannot find symbol
            LintMap map = partialResults.getMap(project);
                                        ^
  symbol:   method getMap(Project)
  location: variable partialResults of type PartialResult
/eval/src/generated/java/com/android/tools/lint/checks/RegistrationDetector.java:117: error: for-each not applicable to expression type
            for (String fqName : map.keys()) {
                                         ^
  required: array or java.lang.Iterable
  found:    Sequence<String>
5 errors

FAILURE: Build failed with an exception.

* What went wrong:
Execution failed for task ':compileJava'.
> Compilation failed; see the compiler error output for details.

* Try:
> Run with --info option to get more log output.
> Run with --scan to get full insights.

BUILD FAILED in 7s
