e: file:///eval/src/generated/kotlin/com/android/tools/lint/checks/LeanbackWifiUsageDetector.kt:77:57 None of the following functions can be called with the arguments supplied: 
public final fun getLocation(client: LintClient, item: ResourceItem): Location? defined in com.android.tools.lint.client.api.XmlParser
public open fun getLocation(client: LintClient, item: ResourceItem, nameOnly: Boolean = ..., valueOnly: Boolean = ...): Location? defined in com.android.tools.lint.client.api.XmlParser
public abstract fun getLocation(client: LintClient, file: File, node: Node): Location defined in com.android.tools.lint.client.api.XmlParser
public abstract fun getLocation(context: XmlContext, node: Node): Location defined in com.android.tools.lint.client.api.XmlParser
public abstract fun getLocation(context: XmlContext, node: Node, start: Int, end: Int): Location defined in com.android.tools.lint.client.api.XmlParser
public abstract fun getLocation(file: File, node: Node): Location defined in com.android.tools.lint.client.api.XmlParser
e: file:///eval/src/generated/kotlin/com/android/tools/lint/checks/LeanbackWifiUsageDetector.kt:86:53 None of the following functions can be called with the arguments supplied: 
public final fun getLocation(client: LintClient, item: ResourceItem): Location? defined in com.android.tools.lint.client.api.XmlParser
public open fun getLocation(client: LintClient, item: ResourceItem, nameOnly: Boolean = ..., valueOnly: Boolean = ...): Location? defined in com.android.tools.lint.client.api.XmlParser
public abstract fun getLocation(client: LintClient, file: File, node: Node): Location defined in com.android.tools.lint.client.api.XmlParser
public abstract fun getLocation(context: XmlContext, node: Node): Location defined in com.android.tools.lint.client.api.XmlParser
public abstract fun getLocation(context: XmlContext, node: Node, start: Int, end: Int): Location defined in com.android.tools.lint.client.api.XmlParser
public abstract fun getLocation(file: File, node: Node): Location defined in com.android.tools.lint.client.api.XmlParser

FAILURE: Build failed with an exception.

* What went wrong:
Execution failed for task ':compileKotlin'.
> A failure occurred while executing org.jetbrains.kotlin.compilerRunner.GradleCompilerRunnerWithWorkers$GradleKotlinCompilerWorkAction
   > Compilation error. See log for more details

* Try:
> Run with --stacktrace option to get the stack trace.
> Run with --info or --debug option to get more log output.
> Run with --scan to get full insights.
> Get more help at https://help.gradle.org.

BUILD FAILED in 37s
