/eval/src/generated/java/com/android/tools/lint/checks/ManifestResourceDetector.java:12: error: cannot find symbol
import com.android.tools.lint.client.api.ResourceRepository;
                                        ^
  symbol:   class ResourceRepository
  location: package com.android.tools.lint.client.api
/eval/src/generated/java/com/android/tools/lint/checks/ManifestResourceDetector.java:42: error: cannot find symbol
        if (!context.isManifestFile()) {
                    ^
  symbol:   method isManifestFile()
  location: variable context of type XmlContext
/eval/src/generated/java/com/android/tools/lint/checks/ManifestResourceDetector.java:77: error: cannot find symbol
        com.android.resources.ResourceType type = com.android.resources.ResourceType.getEnum(typeStr);
                                                                                    ^
  symbol:   method getEnum(String)
  location: class ResourceType
/eval/src/generated/java/com/android/tools/lint/checks/ManifestResourceDetector.java:82: error: cannot find symbol
        ResourceRepository repository = context.getClient().getResourceRepository(context.getProject(), isFramework);
        ^
  symbol:   class ResourceRepository
  location: class ManifestResourceDetector
/eval/src/generated/java/com/android/tools/lint/checks/ManifestResourceDetector.java:82: error: method getResourceRepository in class LintClient cannot be applied to given types;
        ResourceRepository repository = context.getClient().getResourceRepository(context.getProject(), isFramework);
                                                           ^
  required: Project,boolean,boolean
  found:    Project,boolean
  reason: actual and formal argument lists differ in length
/eval/src/generated/java/com/android/tools/lint/checks/ManifestResourceDetector.java:87: error: cannot find symbol
        com.android.resources.ResourceNamespace namespace = isFramework
                             ^
  symbol:   class ResourceNamespace
  location: package com.android.resources
/eval/src/generated/java/com/android/tools/lint/checks/ManifestResourceDetector.java:88: error: cannot find symbol
                ? com.android.resources.ResourceNamespace.ANDROID
                                       ^
  symbol:   class ResourceNamespace
  location: package com.android.resources
/eval/src/generated/java/com/android/tools/lint/checks/ManifestResourceDetector.java:89: error: cannot find symbol
                : com.android.resources.ResourceNamespace.RES_AUTO;
                                       ^
  symbol:   class ResourceNamespace
  location: package com.android.resources
/eval/src/generated/java/com/android/tools/lint/checks/ManifestResourceDetector.java:91: error: cannot find symbol
        List<com.android.resources.ResourceItem> items = repository.getResources(namespace, type, name);
                                  ^
  symbol:   class ResourceItem
  location: package com.android.resources
/eval/src/generated/java/com/android/tools/lint/checks/ManifestResourceDetector.java:96: error: cannot find symbol
        for (com.android.resources.ResourceItem item : items) {
                                  ^
  symbol:   class ResourceItem
  location: package com.android.resources
/eval/src/generated/java/com/android/tools/lint/checks/ManifestResourceDetector.java:108: error: method getFolderName in class FolderConfiguration cannot be applied to given types;
        String folderName = config.getFolderName();
                                  ^
  required: ResourceFolderType
  found:    no arguments
  reason: actual and formal argument lists differ in length
11 errors

FAILURE: Build failed with an exception.

* What went wrong:
Execution failed for task ':compileJava'.
> Compilation failed; see the compiler error output for details.

* Try:
> Run with --info option to get more log output.
> Run with --scan to get full insights.

BUILD FAILED in 4s
