/eval/src/generated/java/com/android/tools/lint/checks/AlwaysShowActionDetector.java:10: error: cannot find symbol
import com.android.tools.lint.detector.api.JavaReference;
                                          ^
  symbol:   class JavaReference
  location: package com.android.tools.lint.detector.api
/eval/src/generated/java/com/android/tools/lint/checks/AlwaysShowActionDetector.java:30: error: cannot find symbol
public class AlwaysShowActionDetector extends Detector implements Detector.XmlScanner, Detector.JavaScanner {
                                                                                               ^
  symbol:   class JavaScanner
  location: class Detector
/eval/src/generated/java/com/android/tools/lint/checks/AlwaysShowActionDetector.java:143: error: cannot find symbol
    public void visitReference(@NotNull JavaContext context, @NotNull JavaReference reference) {
                                                                      ^
  symbol:   class JavaReference
  location: class AlwaysShowActionDetector
/eval/src/generated/java/com/android/tools/lint/checks/AlwaysShowActionDetector.java:154: error: cannot find symbol
    private static boolean isMenuItemField(@NotNull JavaReference reference) {
                                                    ^
  symbol:   class JavaReference
  location: class AlwaysShowActionDetector
/eval/src/generated/java/com/android/tools/lint/checks/AlwaysShowActionDetector.java:142: error: method does not override or implement a method from a supertype
    @Override
    ^
Note: /eval/src/generated/java/com/android/tools/lint/checks/AlwaysShowActionDetector.java uses or overrides a deprecated API.
Note: Recompile with -Xlint:deprecation for details.
5 errors

FAILURE: Build failed with an exception.

* What went wrong:
Execution failed for task ':compileJava'.
> Compilation failed; see the compiler error output for details.

* Try:
> Run with --info option to get more log output.
> Run with --scan to get full insights.

BUILD FAILED in 5s
