/eval/src/generated/java/com/android/tools/lint/checks/BadHostnameVerifierDetector.java:10: error: cannot find symbol
import com.android.tools.lint.detector.api.UastScanner;
                                          ^
  symbol:   class UastScanner
  location: package com.android.tools.lint.detector.api
/eval/src/generated/java/com/android/tools/lint/checks/BadHostnameVerifierDetector.java:14: error: cannot find symbol
import org.jetbrains.uast.UElementHandler;
                         ^
  symbol:   class UElementHandler
  location: package org.jetbrains.uast
/eval/src/generated/java/com/android/tools/lint/checks/BadHostnameVerifierDetector.java:24: error: cannot find symbol
public class BadHostnameVerifierDetector extends Detector implements UastScanner {
                                                                     ^
  symbol: class UastScanner
/eval/src/generated/java/com/android/tools/lint/checks/BadHostnameVerifierDetector.java:45: error: cannot find symbol
    public UElementHandler createUastHandler(final JavaContext context) {
           ^
  symbol:   class UElementHandler
  location: class BadHostnameVerifierDetector
/eval/src/generated/java/com/android/tools/lint/checks/BadHostnameVerifierDetector.java:46: error: cannot find symbol
        return new UElementHandler() {
                   ^
  symbol:   class UElementHandler
  location: class BadHostnameVerifierDetector
/eval/src/generated/java/com/android/tools/lint/checks/BadHostnameVerifierDetector.java:47: error: method does not override or implement a method from a supertype
            @Override
            ^
6 errors

FAILURE: Build failed with an exception.

* What went wrong:
Execution failed for task ':compileJava'.
> Compilation failed; see the compiler error output for details.

* Try:
> Run with --info option to get more log output.
> Run with --scan to get full insights.

BUILD FAILED in 5s
