/eval/src/generated/java/com/android/tools/lint/checks/VectorDetector.java:3: error: cannot find symbol
import com.android.resources.FolderConfiguration;
                            ^
  symbol:   class FolderConfiguration
  location: package com.android.resources
/eval/src/generated/java/com/android/tools/lint/checks/VectorDetector.java:72: error: cannot find symbol
        FolderConfiguration configuration = context.getFolderConfiguration();
        ^
  symbol:   class FolderConfiguration
  location: class VectorDetector
/eval/src/generated/java/com/android/tools/lint/checks/VectorDetector.java:89: error: cannot find symbol
        com.android.ide.common.repository.GradleVersion version = project.getGradlePluginVersion();
                                                                         ^
  symbol:   method getGradlePluginVersion()
  location: variable project of type Project
/eval/src/generated/java/com/android/tools/lint/checks/VectorDetector.java:157: error: cannot find symbol
        LintMap map = LintMap.create();
                             ^
  symbol:   method create()
  location: class LintMap
/eval/src/generated/java/com/android/tools/lint/checks/VectorDetector.java:162: error: cannot find symbol
        incident.setMap(map);
                ^
  symbol:   method setMap(LintMap)
  location: variable incident of type Incident
Note: /eval/src/generated/java/com/android/tools/lint/checks/VectorDetector.java uses or overrides a deprecated API.
Note: Recompile with -Xlint:deprecation for details.
5 errors

FAILURE: Build failed with an exception.

* What went wrong:
Execution failed for task ':compileJava'.
> Compilation failed; see the compiler error output for details.

* Try:
> Run with --info option to get more log output.
> Run with --scan to get full insights.

BUILD FAILED in 5s
