/eval/src/generated/java/com/android/tools/lint/checks/ManifestResourceDetector.java:9: error: cannot find symbol
import com.android.resources.ResourceNamespace;
                            ^
  symbol:   class ResourceNamespace
  location: package com.android.resources
/eval/src/generated/java/com/android/tools/lint/checks/ManifestResourceDetector.java:84: error: cannot find symbol
        ResourceRepository repository = context.getProject().getResourceRepository();
                                                            ^
  symbol:   method getResourceRepository()
  location: class Project
/eval/src/generated/java/com/android/tools/lint/checks/ManifestResourceDetector.java:89: error: cannot find symbol
        List<ResourceItem> items = repository.getResources(ResourceNamespace.RES_AUTO, url.type, url.name);
                                                           ^
  symbol:   variable ResourceNamespace
  location: class ManifestResourceDetector
/eval/src/generated/java/com/android/tools/lint/checks/ManifestResourceDetector.java:112: error: cannot find symbol
                                  "found variation in %s for %s", config.toUniqueString(), url.toString())
                                                                        ^
  symbol:   method toUniqueString()
  location: variable config of type FolderConfiguration
4 errors

FAILURE: Build failed with an exception.

* What went wrong:
Execution failed for task ':compileJava'.
> Compilation failed; see the compiler error output for details.

* Try:
> Run with --info option to get more log output.
> Run with --scan to get full insights.

BUILD FAILED in 6s
