/eval/src/generated/java/com/android/tools/lint/checks/AndroidAutoDetector.java:144: error: cannot find symbol
            org.jetbrains.uast.visitor.JavaElementVisitor visitor,
                                      ^
  symbol:   class JavaElementVisitor
  location: package org.jetbrains.uast.visitor
/eval/src/generated/java/com/android/tools/lint/checks/AndroidAutoDetector.java:141: error: method does not override or implement a method from a supertype
    @Override
    ^
/eval/src/generated/java/com/android/tools/lint/checks/AndroidAutoDetector.java:168: error: cannot find symbol
            String packageName = context.getMainProject().getPackageName();
                                                         ^
  symbol:   method getPackageName()
  location: class Project
/eval/src/generated/java/com/android/tools/lint/checks/AndroidAutoDetector.java:174: error: cannot find symbol
        String packageName = context.getMainProject().getPackageName();
                                                     ^
  symbol:   method getPackageName()
  location: class Project
4 errors

FAILURE: Build failed with an exception.

* What went wrong:
Execution failed for task ':compileJava'.
> Compilation failed; see the compiler error output for details.

* Try:
> Run with --info option to get more log output.
> Run with --scan to get full insights.

BUILD FAILED in 4s
