/eval/src/generated/java/com/android/tools/lint/checks/ResourcePrefixDetector.java:58: error: cannot find symbol
        String prefix = context.getProject().getResourcePrefix();
                                            ^
  symbol:   method getResourcePrefix()
  location: class Project
/eval/src/generated/java/com/android/tools/lint/checks/ResourcePrefixDetector.java:63: error: cannot find symbol
            ResourceFolderType folderType = context.getResourceFolderType();
                                                   ^
  symbol:   method getResourceFolderType()
  location: variable context of type Context
/eval/src/generated/java/com/android/tools/lint/checks/ResourcePrefixDetector.java:80: error: cannot find symbol
        String prefix = context.getProject().getResourcePrefix();
                                            ^
  symbol:   method getResourcePrefix()
  location: class Project
/eval/src/generated/java/com/android/tools/lint/checks/ResourcePrefixDetector.java:103: error: cannot find symbol
        String prefix = context.getProject().getResourcePrefix();
                                            ^
  symbol:   method getResourcePrefix()
  location: class Project
4 errors

FAILURE: Build failed with an exception.

* What went wrong:
Execution failed for task ':compileJava'.
> Compilation failed; see the compiler error output for details.

* Try:
> Run with --info option to get more log output.
> Run with --scan to get full insights.

BUILD FAILED in 5s
