/eval/src/generated/java/com/android/tools/lint/checks/VectorDetector.java:89: error: cannot find symbol
        incident.localTo(node);
                ^
  symbol:   method localTo(Node)
  location: variable incident of type Incident
/eval/src/generated/java/com/android/tools/lint/checks/VectorDetector.java:98: error: filterIncident(Context,Incident,LintMap) in VectorDetector cannot override filterIncident(Context,Incident,LintMap) in Detector
    public void filterIncident(
                ^
  return type void is not compatible with boolean
/eval/src/generated/java/com/android/tools/lint/checks/VectorDetector.java:97: error: method does not override or implement a method from a supertype
    @Override
    ^
3 errors

FAILURE: Build failed with an exception.

* What went wrong:
Execution failed for task ':compileJava'.
> Compilation failed; see the compiler error output for details.

* Try:
> Run with --info option to get more log output.
> Run with --scan to get full insights.

BUILD FAILED in 7s
