/eval/src/generated/java/com/android/tools/lint/checks/OverdrawDetector.java:94: error: cannot find symbol
        if (context.getResourceName() == null
                   ^
  symbol:   method getResourceName()
  location: variable context of type XmlContext
/eval/src/generated/java/com/android/tools/lint/checks/OverdrawDetector.java:118: error: cannot find symbol
        String layout = context.getResourceName();
                               ^
  symbol:   method getResourceName()
  location: variable context of type XmlContext
/eval/src/generated/java/com/android/tools/lint/checks/OverdrawDetector.java:172: error: method does not override or implement a method from a supertype
    @Override
    ^
/eval/src/generated/java/com/android/tools/lint/checks/OverdrawDetector.java:182: error: method does not override or implement a method from a supertype
    @Override
    ^
4 errors

FAILURE: Build failed with an exception.

* What went wrong:
Execution failed for task ':compileJava'.
> Compilation failed; see the compiler error output for details.

* Try:
> Run with --info option to get more log output.
> Run with --scan to get full insights.

BUILD FAILED in 4s
