/eval/src/generated/java/com/android/tools/lint/checks/IconDetector.java:69: error: createUastHandler(JavaContext) in IconDetector cannot implement createUastHandler(JavaContext) in SourceCodeScanner
    public UastVisitor createUastHandler(JavaContext context) {
                       ^
  return type UastVisitor is not compatible with UElementHandler
/eval/src/generated/java/com/android/tools/lint/checks/IconDetector.java:49: error: method does not override or implement a method from a supertype
    @Override
    ^
/eval/src/generated/java/com/android/tools/lint/checks/IconDetector.java:51: error: incompatible types: Map<String,Object> cannot be converted to LintMap
        return super.filterIncident(context, incident, map);
                                                       ^
/eval/src/generated/java/com/android/tools/lint/checks/IconDetector.java:55: error: appliesTo(Context,File) in IconDetector cannot override appliesTo(Context,File) in Detector
    public boolean appliesTo(Context context, java.io.File file) {
                   ^
  overridden method is final
/eval/src/generated/java/com/android/tools/lint/checks/IconDetector.java:68: error: method does not override or implement a method from a supertype
    @Override
    ^
/eval/src/generated/java/com/android/tools/lint/checks/IconDetector.java:77: error: method does not override or implement a method from a supertype
    @Override
    ^
/eval/src/generated/java/com/android/tools/lint/checks/IconDetector.java:85: error: method does not override or implement a method from a supertype
    @Override
    ^
Note: /eval/src/generated/java/com/android/tools/lint/checks/IconDetector.java uses or overrides a deprecated API.
Note: Recompile with -Xlint:deprecation for details.
Note: Some messages have been simplified; recompile with -Xdiags:verbose to get full output
7 errors

FAILURE: Build failed with an exception.

* What went wrong:
Execution failed for task ':compileJava'.
> Compilation failed; see the compiler error output for details.

* Try:
> Run with --info option to get more log output.
> Run with --scan to get full insights.

BUILD FAILED in 6s
