/eval/src/generated/java/com/android/tools/lint/checks/AndroidAutoDetector.java:6: error: cannot find symbol
import com.android.tools.lint.detector.api.FileType;
                                          ^
  symbol:   class FileType
  location: package com.android.tools.lint.detector.api
/eval/src/generated/java/com/android/tools/lint/checks/AndroidAutoDetector.java:59: error: cannot find symbol
    public boolean appliesTo(FileType fileType) {
                             ^
  symbol:   class FileType
  location: class AndroidAutoDetector
/eval/src/generated/java/com/android/tools/lint/checks/AndroidAutoDetector.java:56: error: cannot find symbol
                            Scope.JAVA_FILE_SCOPE.and(Scope.MANIFEST_SCOPE)));
                                                 ^
  symbol:   method and(EnumSet<Scope>)
  location: variable JAVA_FILE_SCOPE of type EnumSet<Scope>
/eval/src/generated/java/com/android/tools/lint/checks/AndroidAutoDetector.java:60: error: cannot find symbol
        return fileType == FileType.RESOURCE_FILE || fileType == FileType.JAVA_FILE;
                           ^
  symbol:   variable FileType
  location: class AndroidAutoDetector
/eval/src/generated/java/com/android/tools/lint/checks/AndroidAutoDetector.java:60: error: cannot find symbol
        return fileType == FileType.RESOURCE_FILE || fileType == FileType.JAVA_FILE;
                                                                 ^
  symbol:   variable FileType
  location: class AndroidAutoDetector
Note: /eval/src/generated/java/com/android/tools/lint/checks/AndroidAutoDetector.java uses or overrides a deprecated API.
Note: Recompile with -Xlint:deprecation for details.
5 errors

FAILURE: Build failed with an exception.

* What went wrong:
Execution failed for task ':compileJava'.
> Compilation failed; see the compiler error output for details.

* Try:
> Run with --info option to get more log output.
> Run with --scan to get full insights.

BUILD FAILED in 3s
