/eval/src/generated/java/com/android/tools/lint/checks/ExifInterfaceDetector.java:14: error: cannot find symbol
import org.jetbrains.annotations.NonNull;
                                ^
  symbol:   class NonNull
  location: package org.jetbrains.annotations
/eval/src/generated/java/com/android/tools/lint/checks/ExifInterfaceDetector.java:39: error: cannot find symbol
    public void visitReferenceExpression(@NonNull JavaContext context, @NonNull UReferenceExpression node) {
                                          ^
  symbol:   class NonNull
  location: class ExifInterfaceDetector
/eval/src/generated/java/com/android/tools/lint/checks/ExifInterfaceDetector.java:39: error: cannot find symbol
    public void visitReferenceExpression(@NonNull JavaContext context, @NonNull UReferenceExpression node) {
                                                                        ^
  symbol:   class NonNull
  location: class ExifInterfaceDetector
/eval/src/generated/java/com/android/tools/lint/checks/ExifInterfaceDetector.java:38: error: method does not override or implement a method from a supertype
    @Override
    ^
4 errors

FAILURE: Build failed with an exception.

* What went wrong:
Execution failed for task ':compileJava'.
> Compilation failed; see the compiler error output for details.

* Try:
> Run with --info option to get more log output.
> Run with --scan to get full insights.

BUILD FAILED in 4s
