/eval/src/generated/java/com/android/tools/lint/checks/ViewConstructorDetector.java:49: error: cannot find symbol
        if (declaration.isInterface() || declaration.isAbstract()) {
                                                    ^
  symbol:   method isAbstract()
  location: variable declaration of type UClass
/eval/src/generated/java/com/android/tools/lint/checks/ViewConstructorDetector.java:54: error: incompatible types: PsiMethod cannot be converted to UMethod
        for (UMethod constructor : declaration.getConstructors()) {
                                                              ^
/eval/src/generated/java/com/android/tools/lint/checks/ViewConstructorDetector.java:55: error: incompatible types: JvmParameter[] cannot be converted to List<UParameter>
            List<UParameter> parameters = constructor.getParameters();
                                                                   ^
Note: /eval/src/generated/java/com/android/tools/lint/checks/ViewConstructorDetector.java uses or overrides a deprecated API.
Note: Recompile with -Xlint:deprecation for details.
3 errors

FAILURE: Build failed with an exception.

* What went wrong:
Execution failed for task ':compileJava'.
> Compilation failed; see the compiler error output for details.

* Try:
> Run with --info option to get more log output.
> Run with --scan to get full insights.

BUILD FAILED in 4s
