/eval/src/generated/java/com/android/tools/lint/checks/HandlerDetector.java:10: error: cannot find symbol
import com.android.tools.lint.detector.api.UElementHandler;
                                          ^
  symbol:   class UElementHandler
  location: package com.android.tools.lint.detector.api
/eval/src/generated/java/com/android/tools/lint/checks/HandlerDetector.java:12: error: cannot find symbol
import org.jetbrains.uast.JvmModifier;
                         ^
  symbol:   class JvmModifier
  location: package org.jetbrains.uast
/eval/src/generated/java/com/android/tools/lint/checks/HandlerDetector.java:47: error: cannot find symbol
    public UElementHandler createUastHandler(@Nullable JavaContext context) {
           ^
  symbol:   class UElementHandler
  location: class HandlerDetector
/eval/src/generated/java/com/android/tools/lint/checks/HandlerDetector.java:48: error: cannot find symbol
        return new UElementHandler() {
                   ^
  symbol:   class UElementHandler
  location: class HandlerDetector
/eval/src/generated/java/com/android/tools/lint/checks/HandlerDetector.java:49: error: method does not override or implement a method from a supertype
            @Override
            ^
/eval/src/generated/java/com/android/tools/lint/checks/HandlerDetector.java:59: error: incompatible types: PsiClass cannot be converted to UClass
                UClass containingClass = node.getContainingClass();
                                                                ^
/eval/src/generated/java/com/android/tools/lint/checks/HandlerDetector.java:64: error: cannot find symbol
                if (node.hasModifier(JvmModifier.STATIC)) {
                                     ^
  symbol: variable JvmModifier
7 errors

FAILURE: Build failed with an exception.

* What went wrong:
Execution failed for task ':compileJava'.
> Compilation failed; see the compiler error output for details.

* Try:
> Run with --info option to get more log output.
> Run with --scan to get full insights.

BUILD FAILED in 4s
