/eval/src/generated/java/com/android/tools/lint/checks/IconDetector.java:5: error: cannot find symbol
import com.android.resources.ResourceFileType;
                            ^
  symbol:   class ResourceFileType
  location: package com.android.resources
/eval/src/generated/java/com/android/tools/lint/checks/IconDetector.java:19: error: cannot find symbol
import com.android.tools.lint.detector.api.UElementHandler;
                                          ^
  symbol:   class UElementHandler
  location: package com.android.tools.lint.detector.api
/eval/src/generated/java/com/android/tools/lint/checks/IconDetector.java:126: error: cannot find symbol
            @NonNull ResourceFolderType folderType, @NonNull ResourceFileType fileType) {
                                                             ^
  symbol:   class ResourceFileType
  location: class IconDetector
/eval/src/generated/java/com/android/tools/lint/checks/IconDetector.java:149: error: cannot find symbol
    public UElementHandler createUastHandler(@NonNull final JavaContext context) {
           ^
  symbol:   class UElementHandler
  location: class IconDetector
/eval/src/generated/java/com/android/tools/lint/checks/IconDetector.java:59: error: no suitable method found for of(EnumSet<Scope>,EnumSet<Scope>)
                            EnumSet.of(Scope.RESOURCE_FILE_SCOPE, Scope.JAVA_FILE_SCOPE)));
                                   ^
    method EnumSet.<E#1>of(E#1) is not applicable
      (cannot infer type-variable(s) E#1
        (actual and formal argument lists differ in length))
    method EnumSet.<E#2>of(E#2,E#2) is not applicable
      (inference variable E#2 has incompatible bounds
        lower bounds: Enum<E#2>
        lower bounds: EnumSet<Scope>)
    method EnumSet.<E#3>of(E#3,E#3,E#3) is not applicable
      (cannot infer type-variable(s) E#3
        (actual and formal argument lists differ in length))
    method EnumSet.<E#4>of(E#4,E#4,E#4,E#4) is not applicable
      (cannot infer type-variable(s) E#4
        (actual and formal argument lists differ in length))
    method EnumSet.<E#5>of(E#5,E#5,E#5,E#5,E#5) is not applicable
      (cannot infer type-variable(s) E#5
        (actual and formal argument lists differ in length))
    method EnumSet.<E#6>of(E#6,E#6...) is not applicable
      (inference variable E#6 has incompatible bounds
        lower bounds: Enum<E#6>
        lower bounds: EnumSet<Scope>)
  where E#1,E#2,E#3,E#4,E#5,E#6 are type-variables:
    E#1 extends Enum<E#1> declared in method <E#1>of(E#1)
    E#2 extends Enum<E#2> declared in method <E#2>of(E#2,E#2)
    E#3 extends Enum<E#3> declared in method <E#3>of(E#3,E#3,E#3)
    E#4 extends Enum<E#4> declared in method <E#4>of(E#4,E#4,E#4,E#4)
    E#5 extends Enum<E#5> declared in method <E#5>of(E#5,E#5,E#5,E#5,E#5)
    E#6 extends Enum<E#6> declared in method <E#6>of(E#6,E#6...)
/eval/src/generated/java/com/android/tools/lint/checks/IconDetector.java:73: error: cannot find symbol
        List<File> resourceDirs = project.getResourceDirectories();
                                         ^
  symbol:   method getResourceDirectories()
  location: variable project of type Project
/eval/src/generated/java/com/android/tools/lint/checks/IconDetector.java:118: error: method does not override or implement a method from a supertype
    @Override
    ^
/eval/src/generated/java/com/android/tools/lint/checks/IconDetector.java:124: error: method does not override or implement a method from a supertype
    @Override
    ^
/eval/src/generated/java/com/android/tools/lint/checks/IconDetector.java:127: error: cannot find symbol
        return folderType == ResourceFolderType.DRAWABLE && fileType == ResourceFileType.XML;
                                                                        ^
  symbol:   variable ResourceFileType
  location: class IconDetector
/eval/src/generated/java/com/android/tools/lint/checks/IconDetector.java:150: error: cannot find symbol
        return new UElementHandler() {
                   ^
  symbol:   class UElementHandler
  location: class IconDetector
/eval/src/generated/java/com/android/tools/lint/checks/IconDetector.java:151: error: method does not override or implement a method from a supertype
            @Override
            ^
/eval/src/generated/java/com/android/tools/lint/checks/IconDetector.java:156: error: method does not override or implement a method from a supertype
            @Override
            ^
/eval/src/generated/java/com/android/tools/lint/checks/IconDetector.java:174: error: method does not override or implement a method from a supertype
            @Override
            ^
/eval/src/generated/java/com/android/tools/lint/checks/IconDetector.java:180: error: method does not override or implement a method from a supertype
            @Override
            ^
14 errors

FAILURE: Build failed with an exception.

* What went wrong:
Execution failed for task ':compileJava'.
> Compilation failed; see the compiler error output for details.

* Try:
> Run with --info option to get more log output.
> Run with --scan to get full insights.

BUILD FAILED in 5s
