e: file:///eval/src/generated/kotlin/com/android/tools/lint/checks/ViewTypeDetector.kt:8:38 Unresolved reference: UastScanner
e: file:///eval/src/generated/kotlin/com/android/tools/lint/checks/ViewTypeDetector.kt:15:39 Unresolved reference: isSubclassOf
e: file:///eval/src/generated/kotlin/com/android/tools/lint/checks/ViewTypeDetector.kt:16:27 Unresolved reference: isSubclassOf
e: file:///eval/src/generated/kotlin/com/android/tools/lint/checks/ViewTypeDetector.kt:17:27 Unresolved reference: isSubclassOf
e: file:///eval/src/generated/kotlin/com/android/tools/lint/checks/ViewTypeDetector.kt:18:27 Unresolved reference: isSubclassOf
e: file:///eval/src/generated/kotlin/com/android/tools/lint/checks/ViewTypeDetector.kt:33:23 Unresolved reference: UCastExpression
e: file:///eval/src/generated/kotlin/com/android/tools/lint/checks/ViewTypeDetector.kt:33:52 Unresolved reference: UastBinaryExpressionWithType
e: file:///eval/src/generated/kotlin/com/android/tools/lint/checks/ViewTypeDetector.kt:44:63 Unresolved reference: isSubclassOf
e: file:///eval/src/generated/kotlin/com/android/tools/lint/checks/ViewTypeDetector.kt:56:16 Unresolved reference: UAssignmentExpression
e: file:///eval/src/generated/kotlin/com/android/tools/lint/checks/ViewTypeDetector.kt:57:38 Unresolved reference: left
e: file:///eval/src/generated/kotlin/com/android/tools/lint/checks/ViewTypeDetector.kt:89:43 Unresolved reference: JavaEvaluator

FAILURE: Build failed with an exception.

* What went wrong:
Execution failed for task ':compileKotlin'.
> A failure occurred while executing org.jetbrains.kotlin.compilerRunner.GradleCompilerRunnerWithWorkers$GradleKotlinCompilerWorkAction
   > Compilation error. See log for more details

* Try:
> Run with --stacktrace option to get the stack trace.
> Run with --info or --debug option to get more log output.
> Run with --scan to get full insights.
> Get more help at https://help.gradle.org.

BUILD FAILED in 9s
