/eval/src/generated/java/com/android/tools/lint/checks/BadHostnameVerifierDetector.java:25: error: cannot find symbol
import org.jetbrains.uast.java.JavaUastLanguageKt;
                              ^
  symbol:   class JavaUastLanguageKt
  location: package org.jetbrains.uast.java
/eval/src/generated/java/com/android/tools/lint/checks/BadHostnameVerifierDetector.java:64: error: method does not override or implement a method from a supertype
    @Override
    ^
/eval/src/generated/java/com/android/tools/lint/checks/BadHostnameVerifierDetector.java:66: error: cannot find symbol
        UExpression value = node.getValue();
                                ^
  symbol:   method getValue()
  location: variable node of type UReturnExpression
/eval/src/generated/java/com/android/tools/lint/checks/BadHostnameVerifierDetector.java:92: error: method does not override or implement a method from a supertype
    @Override
    ^
/eval/src/generated/java/com/android/tools/lint/checks/BadHostnameVerifierDetector.java:97: error: method does not override or implement a method from a supertype
    @Override
    ^
/eval/src/generated/java/com/android/tools/lint/checks/BadHostnameVerifierDetector.java:110: error: cannot find symbol
            String qualifiedName = ref.getQualifiedName();
                                      ^
  symbol:   method getQualifiedName()
  location: variable ref of type UReferenceExpression
Note: /eval/src/generated/java/com/android/tools/lint/checks/BadHostnameVerifierDetector.java uses or overrides a deprecated API.
Note: Recompile with -Xlint:deprecation for details.
6 errors

FAILURE: Build failed with an exception.

* What went wrong:
Execution failed for task ':compileJava'.
> Compilation failed; see the compiler error output for details.

* Try:
> Run with --info option to get more log output.
> Run with --scan to get full insights.

BUILD FAILED in 4s
