e: file:///eval/src/generated/kotlin/com/android/tools/lint/checks/TranslucentViewDetector.kt:3:26 Unresolved reference: SdkConstants
e: file:///eval/src/generated/kotlin/com/android/tools/lint/checks/TranslucentViewDetector.kt:4:26 Unresolved reference: SdkConstants
e: file:///eval/src/generated/kotlin/com/android/tools/lint/checks/TranslucentViewDetector.kt:5:26 Unresolved reference: SdkConstants
e: file:///eval/src/generated/kotlin/com/android/tools/lint/checks/TranslucentViewDetector.kt:19:23 Unresolved reference: TAG_ACTIVITY
e: file:///eval/src/generated/kotlin/com/android/tools/lint/checks/TranslucentViewDetector.kt:28:58 Unresolved reference: ANDROID_URI
e: file:///eval/src/generated/kotlin/com/android/tools/lint/checks/TranslucentViewDetector.kt:58:36 Unresolved reference: ANDROID_URI
e: file:///eval/src/generated/kotlin/com/android/tools/lint/checks/TranslucentViewDetector.kt:59:43 Unresolved reference: ANDROID_URI
e: file:///eval/src/generated/kotlin/com/android/tools/lint/checks/TranslucentViewDetector.kt:62:49 Unresolved reference: TAG_APPLICATION
e: file:///eval/src/generated/kotlin/com/android/tools/lint/checks/TranslucentViewDetector.kt:63:39 Unresolved reference: ANDROID_URI
e: file:///eval/src/generated/kotlin/com/android/tools/lint/checks/TranslucentViewDetector.kt:64:46 Unresolved reference: ANDROID_URI

FAILURE: Build failed with an exception.

* What went wrong:
Execution failed for task ':compileKotlin'.
> A failure occurred while executing org.jetbrains.kotlin.compilerRunner.GradleCompilerRunnerWithWorkers$GradleKotlinCompilerWorkAction
   > Compilation error. See log for more details

* Try:
> Run with --stacktrace option to get the stack trace.
> Run with --info or --debug option to get more log output.
> Run with --scan to get full insights.
> Get more help at https://help.gradle.org.

BUILD FAILED in 6s
