/eval/src/generated/java/com/android/tools/lint/checks/OverdrawDetector.java:48: error: method does not override or implement a method from a supertype
    @Override
    ^
/eval/src/generated/java/com/android/tools/lint/checks/OverdrawDetector.java:61: error: cannot find symbol
        String resource = context.getEvaluator().getResourceName(arg);
                                                ^
  symbol:   method getResourceName(UExpression)
  location: class JavaEvaluator
/eval/src/generated/java/com/android/tools/lint/checks/OverdrawDetector.java:88: error: cannot find symbol
        if (SdkConstants.TAG_MERGE.equals(element.getTagName())) {
                        ^
  symbol:   variable TAG_MERGE
  location: class SdkConstants
3 errors

FAILURE: Build failed with an exception.

* What went wrong:
Execution failed for task ':compileJava'.
> Compilation failed; see the compiler error output for details.

* Try:
> Run with --info option to get more log output.
> Run with --scan to get full insights.

BUILD FAILED in 8s
