/eval/src/generated/java/com/android/tools/lint/checks/StateListDetector.java:9: error: cannot find symbol
import com.android.tools.lint.detector.api.SdkConstants;
                                          ^
  symbol:   class SdkConstants
  location: package com.android.tools.lint.detector.api
/eval/src/generated/java/com/android/tools/lint/checks/StateListDetector.java:46: error: cannot find symbol
        NodeList children = element.getChildNodes();
        ^
  symbol:   class NodeList
  location: class StateListDetector
/eval/src/generated/java/com/android/tools/lint/checks/StateListDetector.java:81: error: package SdkConstants does not exist
            if (SdkConstants.ANDROID_URI.equals(attribute.getNamespaceURI())) {
                            ^
3 errors

FAILURE: Build failed with an exception.

* What went wrong:
Execution failed for task ':compileJava'.
> Compilation failed; see the compiler error output for details.

* Try:
> Run with --info option to get more log output.
> Run with --scan to get full insights.

BUILD FAILED in 4s
