/eval/src/generated/java/com/android/tools/lint/checks/JobSchedulerDetector.java:11: error: cannot find symbol
import com.android.tools.lint.detector.api.PositionXmlParser;
                                          ^
  symbol:   class PositionXmlParser
  location: package com.android.tools.lint.detector.api
/eval/src/generated/java/com/android/tools/lint/checks/JobSchedulerDetector.java:22: error: cannot find symbol
public class JobSchedulerDetector extends Detector implements Detector.SourceCodeScanner {
                                                                      ^
  symbol:   class SourceCodeScanner
  location: class Detector
/eval/src/generated/java/com/android/tools/lint/checks/JobSchedulerDetector.java:79: error: cannot find symbol
            context.getPartialResult(ISSUE)
                   ^
  symbol:   method getPartialResult(Issue)
  location: variable context of type JavaContext
/eval/src/generated/java/com/android/tools/lint/checks/JobSchedulerDetector.java:88: error: cannot find symbol
        java.util.Map<String, java.util.List<Object>> map = partialResults.getMap();
                                                                          ^
  symbol:   method getMap()
  location: variable partialResults of type PartialResult
/eval/src/generated/java/com/android/tools/lint/checks/JobSchedulerDetector.java:96: error: cannot find symbol
            org.w3c.dom.Document document = PositionXmlParser.parseFileToDocument(file);
                                            ^
  symbol:   variable PositionXmlParser
  location: class JobSchedulerDetector
/eval/src/generated/java/com/android/tools/lint/checks/JobSchedulerDetector.java:146: error: cannot find symbol
            PsiType type = ((UClassLiteralExpression) expression).getType();
            ^
  symbol:   class PsiType
  location: class JobSchedulerDetector
6 errors

FAILURE: Build failed with an exception.

* What went wrong:
Execution failed for task ':compileJava'.
> Compilation failed; see the compiler error output for details.

* Try:
> Run with --info option to get more log output.
> Run with --scan to get full insights.

BUILD FAILED in 4s
